{"level":"INFO","time":"2024-06-11T11:01:50.909Z","logger":"hcloud-api","file":"client/client.go:102","message":"hcloud API called","controller":"hetznercluster","controllerGroup":"infrastructure.cluster.x-k8s.io","controllerKind":"HetznerCluster","HetznerCluster":{"name":"testing","namespace":"default"},"namespace":"default","name":"testing","reconcileID":"2ca97f1a-efc3-49a1-9d30-31cc08950c29","HetznerCluster":{"name":"testing","namespace":"default"},"Cluster":{"name":"testing","namespace":"default"},"statusCode":200,"method":"GET","url":"https://api.hetzner.cloud/v1/load_balancers?label_selector=caph-cluster-testing%3D%3Downed&page=1","hcloud_token":"xu9pK...","stack":"goroutine 460 [running]:\nruntime/debug.Stack()\n\t/usr/lib/golang/src/runtime/debug/stack.go:24 +0xX\ngithub.com/syself/cluster-api-provider-hetzner/pkg/services/hcloud/client.(*LoggingTransport).RoundTrip(0xX, 0xX)\n\t/home/janiskemper/Documents/syself/cluster-api-provider-hetzner/pkg/services/hcloud/client/client.go:93 +0xX\nnet/http.send(0xX, {0xX, 0xX}, {0xX?, 0xX?, 0xX?})\n\t/usr/lib/golang/src/net/http/client.go:260 +0xX\nnet/http.(*Client).send(0xX, 0xX, {0xX?, 0xX?, 0xX?})\n\t/usr/lib/golang/src/net/http/client.go:181 +0xX\nnet/http.(*Client).do(0xX, 0xX)\n\t/usr/lib/golang/src/net/http/client.go:724 +0xX\nnet/http.(*Client).Do(...)\n\t/usr/lib/golang/src/net/http/client.go:590\ngithub.com/hetznercloud/hcloud-go/v2/hcloud.(*Client).Do(0xX, 0xX, {0xX, 0xX})\n\t/home/janiskemper/Documents/syself/cluster-api-provider-hetzner/vendor/github.com/hetznercloud/hcloud-go/v2/hcloud/client.go:266 +0xX\ngithub.com/hetznercloud/hcloud-go/v2/hcloud.(*LoadBalancerClient).List(0xX, {0xX, 0xX}, {{0xX, 0xX, {0xX, 0xX}}, {0xX, 0xX}, {0xX, ...}})\n\t/home/janiskemper/Documents/syself/cluster-api-provider-hetzner/vendor/github.com/hetznercloud/hcloud-go/v2/hcloud/load_balancer.go:313 +0xX\ngithub.com/hetznercloud/hcloud-go/v2/hcloud.(*LoadBalancerClient).AllWithOpts.func1(0xX?)\n\t/home/janiskemper/Documents/syself/cluster-api-provider-hetzner/vendor/github.com/hetznercloud/hcloud-go/v2/hcloud/load_balancer.go:335 +0xX\ngithub.com/hetznercloud/hcloud-go/v2/hcloud.(*Client).all(0xX?, 0xX)\n\t/home/janiskemper/Documents/syself/cluster-api-provider-hetzner/vendor/github.com/hetznercloud/hcloud-go/v2/hcloud/client.go:323 +0xX\ngithub.com/hetznercloud/hcloud-go/v2/hcloud.(*LoadBalancerClient).AllWithOpts(0xX?, {0xX?, 0xX?}, {{0xX, 0xX, {0xX, 0xX}}, {0xX, 0xX}, {0xX, ...}})\n\t/home/janiskemper/Documents/syself/cluster-api-provider-hetzner/vendor/github.com/hetznercloud/hcloud-go/v2/hcloud/load_balancer.go:333 +0xX\ngithub.com/syself/cluster-api-provider-hetzner/pkg/services/hcloud/client.(*realClient).ListLoadBalancers(0xX?, {0xX?, 0xX?}, {{0xX, 0xX, {0xX, 0xX}}, {0xX, 0xX}, {0xX, ...}})\n\t/home/janiskemper/Documents/syself/cluster-api-provider-hetzner/pkg/services/hcloud/client/client.go:157 +0xX\ngithub.com/syself/cluster-api-provider-hetzner/pkg/services/hcloud/loadbalancer.(*Service).findLoadBalancer(0xX, {0xX, 0xX})\n\t/home/janiskemper/Documents/syself/cluster-api-provider-hetzner/pkg/services/hcloud/loadbalancer/loadbalancer.go:427 +0xX\ngithub.com/syself/cluster-api-provider-hetzner/pkg/services/hcloud/loadbalancer.(*Service).Reconcile(0xX, {0xX, 0xX})\n\t/home/janiskemper/Documents/syself/cluster-api-provider-hetzner/pkg/services/hcloud/loadbalancer/loadbalancer.go:65 +0xX\ngithub.com/syself/cluster-api-provider-hetzner/controllers.(*HetznerClusterReconciler).reconcileNormal(0xX?, {0xX, 0xX}, 0xX)\n\t/home/janiskemper/Documents/syself/cluster-api-provider-hetzner/controllers/hetznercluster_controller.go:219 +0xX\ngithub.com/syself/cluster-api-provider-hetzner/controllers.(*HetznerClusterReconciler).Reconcile(0xX, {0xX, 0xX}, {{{0xX?, 0xX?}, {0xX?, 0xX?}}})\n\t/home/janiskemper/Documents/syself/cluster-api-provider-hetzner/controllers/hetznercluster_controller.go:172 +0xX\nsigs.k8s.io/controller-runtime/pkg/internal/controller.(*Controller).Reconcile(0xX?, {0xX?, 0xX?}, {{{0xX?, 0xX?}, {0xX?, 0xX?}}})\n\t/home/janiskemper/Documents/syself/cluster-api-provider-hetzner/vendor/sigs.k8s.io/controller-runtime/pkg/internal/controller/controller.go:119 +0xX\nsigs.k8s.io/controller-runtime/pkg/internal/controller.(*Controller).reconcileHandler(0xX, {0xX, 0xX}, {0xX?, 0xX?})\n\t/home/janiskemper/Documents/syself/cluster-api-provider-hetzner/vendor/sigs.k8s.io/controller-runtime/pkg/internal/controller/controller.go:316 +0xX\nsigs.k8s.io/controller-runtime/pkg/internal/controller.(*Controller).processNextWorkItem(0xX, {0xX, 0xX})\n\t/home/janiskemper/Documents/syself/cluster-api-provider-hetzner/vendor/sigs.k8s.io/controller-runtime/pkg/internal/controller/controller.go:266 +0xX\nsigs.k8s.io/controller-runtime/pkg/internal/controller.(*Controller).Start.func2.2()\n\t/home/janiskemper/Documents/syself/cluster-api-provider-hetzner/vendor/sigs.k8s.io/controller-runtime/pkg/internal/controller/controller.go:227 +0xX\ncreated by sigs.k8s.io/controller-runtime/pkg/internal/controller.(*Controller).Start.func2 in goroutine 152\n\t/home/janiskemper/Documents/syself/cluster-api-provider-hetzner/vendor/sigs.k8s.io/controller-runtime/pkg/internal/controller/controller.go:223 +0xX\n"}
{"level":"INFO","time":"2024-06-11T11:01:51.229Z","logger":"hcloud-api","file":"client/client.go:102","message":"hcloud API called","controller":"hetznercluster","controllerGroup":"infrastructure.cluster.x-k8s.io","controllerKind":"HetznerCluster","HetznerCluster":{"name":"testing","namespace":"default"},"namespace":"default","name":"testing","reconcileID":"2ca97f1a-efc3-49a1-9d30-31cc08950c29","HetznerCluster":{"name":"testing","namespace":"default"},"Cluster":{"name":"testing","namespace":"default"},"statusCode":200,"method":"GET","url":"https://api.hetzner.cloud/v1/placement_groups?label_selector=caph-cluster-testing%3D%3Downed&page=1","hcloud_token":"xu9pK...","stack":"goroutine 460 [running]:\nruntime/debug.Stack()\n\t/usr/lib/golang/src/runtime/debug/stack.go:24 +0xX\ngithub.com/syself/cluster-api-provider-hetzner/pkg/services/hcloud/client.(*LoggingTransport).RoundTrip(0xX, 0xX)\n\t/home/janiskemper/Documents/syself/cluster-api-provider-hetzner/pkg/services/hcloud/client/client.go:93 +0xX\nnet/http.send(0xX, {0xX, 0xX}, {0xX?, 0xX?, 0xX?})\n\t/usr/lib/golang/src/net/http/client.go:260 +0xX\nnet/http.(*Client).send(0xX, 0xX, {0xX?, 0xX?, 0xX?})\n\t/usr/lib/golang/src/net/http/client.go:181 +0xX\nnet/http.(*Client).do(0xX, 0xX)\n\t/usr/lib/golang/src/net/http/client.go:724 +0xX\nnet/http.(*Client).Do(...)\n\t/usr/lib/golang/src/net/http/client.go:590\ngithub.com/hetznercloud/hcloud-go/v2/hcloud.(*Client).Do(0xX, 0xX, {0xX, 0xX})\n\t/home/janiskemper/Documents/syself/cluster-api-provider-hetzner/vendor/github.com/hetznercloud/hcloud-go/v2/hcloud/client.go:266 +0xX\ngithub.com/hetznercloud/hcloud-go/v2/hcloud.(*PlacementGroupClient).List(0xX, {0xX, 0xX}, {{0xX, 0xX, {0xX, 0xX}}, {0xX, 0xX}, {0xX, ...}, ...})\n\t/home/janiskemper/Documents/syself/cluster-api-provider-hetzner/vendor/github.com/hetznercloud/hcloud-go/v2/hcloud/placement_group.go:112 +0xX\ngithub.com/hetznercloud/hcloud-go/v2/hcloud.(*PlacementGroupClient).AllWithOpts.func1(0xX?)\n\t/home/janiskemper/Documents/syself/cluster-api-provider-hetzner/vendor/github.com/hetznercloud/hcloud-go/v2/hcloud/placement_group.go:140 +0xX\ngithub.com/hetznercloud/hcloud-go/v2/hcloud.(*Client).all(0xX?, 0xX)\n\t/home/janiskemper/Documents/syself/cluster-api-provider-hetzner/vendor/github.com/hetznercloud/hcloud-go/v2/hcloud/client.go:323 +0xX\ngithub.com/hetznercloud/hcloud-go/v2/hcloud.(*PlacementGroupClient).AllWithOpts(0xX?, {0xX?, 0xX?}, {{0xX, 0xX, {0xX, 0xX}}, {0xX, 0xX}, {0xX, ...}, ...})\n\t/home/janiskemper/Documents/syself/cluster-api-provider-hetzner/vendor/github.com/hetznercloud/hcloud-go/v2/hcloud/placement_group.go:138 +0xX\ngithub.com/syself/cluster-api-provider-hetzner/pkg/services/hcloud/client.(*realClient).ListPlacementGroups(0xX?, {0xX?, 0xX?}, {{0xX, 0xX, {0xX, 0xX}}, {0xX, 0xX}, {0xX, ...}, ...})\n\t/home/janiskemper/Documents/syself/cluster-api-provider-hetzner/pkg/services/hcloud/client/client.go:320 +0xX\ngithub.com/syself/cluster-api-provider-hetzner/pkg/services/hcloud/placementgroup.(*Service).findPlacementGroups(0xX, {0xX, 0xX})\n\t/home/janiskemper/Documents/syself/cluster-api-provider-hetzner/pkg/services/hcloud/placementgroup/placementgroup.go:165 +0xX\ngithub.com/syself/cluster-api-provider-hetzner/pkg/services/hcloud/placementgroup.(*Service).Reconcile(0xX, {0xX, 0xX})\n\t/home/janiskemper/Documents/syself/cluster-api-provider-hetzner/pkg/services/hcloud/placementgroup/placementgroup.go:64 +0xX\ngithub.com/syself/cluster-api-provider-hetzner/controllers.(*HetznerClusterReconciler).reconcileNormal(0xX?, {0xX, 0xX}, 0xX)\n\t/home/janiskemper/Documents/syself/cluster-api-provider-hetzner/controllers/hetznercluster_controller.go:228 +0xX\ngithub.com/syself/cluster-api-provider-hetzner/controllers.(*HetznerClusterReconciler).Reconcile(0xX, {0xX, 0xX}, {{{0xX?, 0xX?}, {0xX?, 0xX?}}})\n\t/home/janiskemper/Documents/syself/cluster-api-provider-hetzner/controllers/hetznercluster_controller.go:172 +0xX\nsigs.k8s.io/controller-runtime/pkg/internal/controller.(*Controller).Reconcile(0xX?, {0xX?, 0xX?}, {{{0xX?, 0xX?}, {0xX?, 0xX?}}})\n\t/home/janiskemper/Documents/syself/cluster-api-provider-hetzner/vendor/sigs.k8s.io/controller-runtime/pkg/internal/controller/controller.go:119 +0xX\nsigs.k8s.io/controller-runtime/pkg/internal/controller.(*Controller).reconcileHandler(0xX, {0xX, 0xX}, {0xX?, 0xX?})\n\t/home/janiskemper/Documents/syself/cluster-api-provider-hetzner/vendor/sigs.k8s.io/controller-runtime/pkg/internal/controller/controller.go:316 +0xX\nsigs.k8s.io/controller-runtime/pkg/internal/controller.(*Controller).processNextWorkItem(0xX, {0xX, 0xX})\n\t/home/janiskemper/Documents/syself/cluster-api-provider-hetzner/vendor/sigs.k8s.io/controller-runtime/pkg/internal/controller/controller.go:266 +0xX\nsigs.k8s.io/controller-runtime/pkg/internal/controller.(*Controller).Start.func2.2()\n\t/home/janiskemper/Documents/syself/cluster-api-provider-hetzner/vendor/sigs.k8s.io/controller-runtime/pkg/internal/controller/controller.go:227 +0xX\ncreated by sigs.k8s.io/controller-runtime/pkg/internal/controller.(*Controller).Start.func2 in goroutine 152\n\t/home/janiskemper/Documents/syself/cluster-api-provider-hetzner/vendor/sigs.k8s.io/controller-runtime/pkg/internal/controller/controller.go:223 +0xX\n"}
{"level":"INFO","time":"2024-06-11T11:01:55.594Z","logger":"hcloud-api","file":"client/client.go:102","message":"hcloud API called","controller":"hcloudmachine","controllerGroup":"infrastructure.cluster.x-k8s.io","controllerKind":"HCloudMachine","HCloudMachine":{"name":"testing-control-plane-svc5p","namespace":"default"},"namespace":"default","name":"testing-control-plane-svc5p","reconcileID":"3f0723bf-fc80-45b6-bdee-95de35dc1e4f","HCloudMachine":{"name":"testing-control-plane-svc5p","namespace":"default"},"Machine":{"name":"testing-control-plane-svc5p","namespace":"default"},"Cluster":{"name":"testing","namespace":"default"},"HetznerCluster":{"name":"testing","namespace":"default"},"statusCode":200,"method":"GET","url":"https://api.hetzner.cloud/v1/servers/48678441","hcloud_token":"xu9pK...","stack":"goroutine 463 [running]:\nruntime/debug.Stack()\n\t/usr/lib/golang/src/runtime/debug/stack.go:24 +0xX\ngithub.com/syself/cluster-api-provider-hetzner/pkg/services/hcloud/client.(*LoggingTransport).RoundTrip(0xX, 0xX)\n\t/home/janiskemper/Documents/syself/cluster-api-provider-hetzner/pkg/services/hcloud/client/client.go:93 +0xX\nnet/http.send(0xX, {0xX, 0xX}, {0xX?, 0xX?, 0xX?})\n\t/usr/lib/golang/src/net/http/client.go:260 +0xX\nnet/http.(*Client).send(0xX, 0xX, {0xX?, 0xX?, 0xX?})\n\t/usr/lib/golang/src/net/http/client.go:181 +0xX\nnet/http.(*Client).do(0xX, 0xX)\n\t/usr/lib/golang/src/net/http/client.go:724 +0xX\nnet/http.(*Client).Do(...)\n\t/usr/lib/golang/src/net/http/client.go:590\ngithub.com/hetznercloud/hcloud-go/v2/hcloud.(*Client).Do(0xX, 0xX, {0xX, 0xX})\n\t/home/janiskemper/Documents/syself/cluster-api-provider-hetzner/vendor/github.com/hetznercloud/hcloud-go/v2/hcloud/client.go:266 +0xX\ngithub.com/hetznercloud/hcloud-go/v2/hcloud.(*ServerClient).GetByID(0xX, {0xX, 0xX}, 0xX?)\n\t/home/janiskemper/Documents/syself/cluster-api-provider-hetzner/vendor/github.com/hetznercloud/hcloud-go/v2/hcloud/server.go:207 +0xX\ngithub.com/syself/cluster-api-provider-hetzner/pkg/services/hcloud/client.(*realClient).GetServer(0xX?, {0xX?, 0xX?}, 0xX?)\n\t/home/janiskemper/Documents/syself/cluster-api-provider-hetzner/pkg/services/hcloud/client/client.go:246 +0xX\ngithub.com/syself/cluster-api-provider-hetzner/pkg/services/hcloud/server.(*Service).findServer(0xX, {0xX, 0xX})\n\t/home/janiskemper/Documents/syself/cluster-api-provider-hetzner/pkg/services/hcloud/server/server.go:678 +0xX\ngithub.com/syself/cluster-api-provider-hetzner/pkg/services/hcloud/server.(*Service).Reconcile(0xX, {0xX, 0xX})\n\t/home/janiskemper/Documents/syself/cluster-api-provider-hetzner/pkg/services/hcloud/server/server.go:95 +0xX\ngithub.com/syself/cluster-api-provider-hetzner/controllers.(*HCloudMachineReconciler).reconcileNormal(0xX?, {0xX, 0xX}, 0xX)\n\t/home/janiskemper/Documents/syself/cluster-api-provider-hetzner/controllers/hcloudmachine_controller.go:208 +0xX\ngithub.com/syself/cluster-api-provider-hetzner/controllers.(*HCloudMachineReconciler).Reconcile(0xX, {0xX, 0xX}, {{{0xX?, 0xX?}, {0xX?, 0xX?}}})\n\t/home/janiskemper/Documents/syself/cluster-api-provider-hetzner/controllers/hcloudmachine_controller.go:175 +0xX\nsigs.k8s.io/controller-runtime/pkg/internal/controller.(*Controller).Reconcile(0xX?, {0xX?, 0xX?}, {{{0xX?, 0xX?}, {0xX?, 0xX?}}})\n\t/home/janiskemper/Documents/syself/cluster-api-provider-hetzner/vendor/sigs.k8s.io/controller-runtime/pkg/internal/controller/controller.go:119 +0xX\nsigs.k8s.io/controller-runtime/pkg/internal/controller.(*Controller).reconcileHandler(0xX, {0xX, 0xX}, {0xX?, 0xX?})\n\t/home/janiskemper/Documents/syself/cluster-api-provider-hetzner/vendor/sigs.k8s.io/controller-runtime/pkg/internal/controller/controller.go:316 +0xX\nsigs.k8s.io/controller-runtime/pkg/internal/controller.(*Controller).processNextWorkItem(0xX, {0xX, 0xX})\n\t/home/janiskemper/Documents/syself/cluster-api-provider-hetzner/vendor/sigs.k8s.io/controller-runtime/pkg/internal/controller/controller.go:266 +0xX\nsigs.k8s.io/controller-runtime/pkg/internal/controller.(*Controller).Start.func2.2()\n\t/home/janiskemper/Documents/syself/cluster-api-provider-hetzner/vendor/sigs.k8s.io/controller-runtime/pkg/internal/controller/controller.go:227 +0xX\ncreated by sigs.k8s.io/controller-runtime/pkg/internal/controller.(*Controller).Start.func2 in goroutine 46\n\t/home/janiskemper/Documents/syself/cluster-api-provider-hetzner/vendor/sigs.k8s.io/controller-runtime/pkg/internal/controller/controller.go:223 +0xX\n"}
{"level":"INFO","time":"2024-06-11T11:01:55.790Z","logger":"hcloud-api","file":"client/client.go:102","message":"hcloud API called","controller":"hcloudmachine","controllerGroup":"infrastructure.cluster.x-k8s.io","controllerKind":"HCloudMachine","HCloudMachine":{"name":"testing-control-plane-cfvjj","namespace":"default"},"namespace":"default","name":"testing-control-plane-cfvjj","reconcileID":"4beeb2d3-7b0e-430a-9f11-ffcb2cede142","HCloudMachine":{"name":"testing-control-plane-cfvjj","namespace":"default"},"Machine":{"name":"testing-control-plane-cfvjj","namespace":"default"},"Cluster":{"name":"testing","namespace":"default"},"HetznerCluster":{"name":"testing","namespace":"default"},"statusCode":200,"method":"GET","url":"https://api.hetzner.cloud/v1/servers/48678576","hcloud_token":"xu9pK...","stack":"goroutine 463 [running]:\nruntime/debug.Stack()\n\t/usr/lib/golang/src/runtime/debug/stack.go:24 +0xX\ngithub.com/syself/cluster-api-provider-hetzner/pkg/services/hcloud/client.(*LoggingTransport).RoundTrip(0xX, 0xX)\n\t/home/janiskemper/Documents/syself/cluster-api-provider-hetzner/pkg/services/hcloud/client/client.go:93 +0xX\nnet/http.send(0xX, {0xX, 0xX}, {0xX?, 0xX?, 0xX?})\n\t/usr/lib/golang/src/net/http/client.go:260 +0xX\nnet/http.(*Client).send(0xX, 0xX, {0xX?, 0xX?, 0xX?})\n\t/usr/lib/golang/src/net/http/client.go:181 +0xX\nnet/http.(*Client).do(0xX, 0xX)\n\t/usr/lib/golang/src/net/http/client.go:724 +0xX\nnet/http.(*Client).Do(...)\n\t/usr/lib/golang/src/net/http/client.go:590\ngithub.com/hetznercloud/hcloud-go/v2/hcloud.(*Client).Do(0xX, 0xX, {0xX, 0xX})\n\t/home/janiskemper/Documents/syself/cluster-api-provider-hetzner/vendor/github.com/hetznercloud/hcloud-go/v2/hcloud/client.go:266 +0xX\ngithub.com/hetznercloud/hcloud-go/v2/hcloud.(*ServerClient).GetByID(0xX, {0xX, 0xX}, 0xX?)\n\t/home/janiskemper/Documents/syself/cluster-api-provider-hetzner/vendor/github.com/hetznercloud/hcloud-go/v2/hcloud/server.go:207 +0xX\ngithub.com/syself/cluster-api-provider-hetzner/pkg/services/hcloud/client.(*realClient).GetServer(0xX?, {0xX?, 0xX?}, 0xX?)\n\t/home/janiskemper/Documents/syself/cluster-api-provider-hetzner/pkg/services/hcloud/client/client.go:246 +0xX\ngithub.com/syself/cluster-api-provider-hetzner/pkg/services/hcloud/server.(*Service).findServer(0xX, {0xX, 0xX})\n\t/home/janiskemper/Documents/syself/cluster-api-provider-hetzner/pkg/services/hcloud/server/server.go:678 +0xX\ngithub.com/syself/cluster-api-provider-hetzner/pkg/services/hcloud/server.(*Service).Reconcile(0xX, {0xX, 0xX})\n\t/home/janiskemper/Documents/syself/cluster-api-provider-hetzner/pkg/services/hcloud/server/server.go:95 +0xX\ngithub.com/syself/cluster-api-provider-hetzner/controllers.(*HCloudMachineReconciler).reconcileNormal(0xX?, {0xX, 0xX}, 0xX)\n\t/home/janiskemper/Documents/syself/cluster-api-provider-hetzner/controllers/hcloudmachine_controller.go:208 +0xX\ngithub.com/syself/cluster-api-provider-hetzner/controllers.(*HCloudMachineReconciler).Reconcile(0xX, {0xX, 0xX}, {{{0xX?, 0xX?}, {0xX?, 0xX?}}})\n\t/home/janiskemper/Documents/syself/cluster-api-provider-hetzner/controllers/hcloudmachine_controller.go:175 +0xX\nsigs.k8s.io/controller-runtime/pkg/internal/controller.(*Controller).Reconcile(0xX?, {0xX?, 0xX?}, {{{0xX?, 0xX?}, {0xX?, 0xX?}}})\n\t/home/janiskemper/Documents/syself/cluster-api-provider-hetzner/vendor/sigs.k8s.io/controller-runtime/pkg/internal/controller/controller.go:119 +0xX\nsigs.k8s.io/controller-runtime/pkg/internal/controller.(*Controller).reconcileHandler(0xX, {0xX, 0xX}, {0xX?, 0xX?})\n\t/home/janiskemper/Documents/syself/cluster-api-provider-hetzner/vendor/sigs.k8s.io/controller-runtime/pkg/internal/controller/controller.go:316 +0xX\nsigs.k8s.io/controller-runtime/pkg/internal/controller.(*Controller).processNextWorkItem(0xX, {0xX, 0xX})\n\t/home/janiskemper/Documents/syself/cluster-api-provider-hetzner/vendor/sigs.k8s.io/controller-runtime/pkg/internal/controller/controller.go:266 +0xX\nsigs.k8s.io/controller-runtime/pkg/internal/controller.(*Controller).Start.func2.2()\n\t/home/janiskemper/Documents/syself/cluster-api-provider-hetzner/vendor/sigs.k8s.io/controller-runtime/pkg/internal/controller/controller.go:227 +0xX\ncreated by sigs.k8s.io/controller-runtime/pkg/internal/controller.(*Controller).Start.func2 in goroutine 46\n\t/home/janiskemper/Documents/syself/cluster-api-provider-hetzner/vendor/sigs.k8s.io/controller-runtime/pkg/internal/controller/controller.go:223 +0xX\n"}
{"level":"INFO","time":"2024-06-11T11:01:55.990Z","logger":"hcloud-api","file":"client/client.go:102","message":"hcloud API called","controller":"hcloudmachine","controllerGroup":"infrastructure.cluster.x-k8s.io","controllerKind":"HCloudMachine","HCloudMachine":{"name":"testing-control-plane-lqtn6","namespace":"default"},"namespace":"default","name":"testing-control-plane-lqtn6","reconcileID":"e241db0a-3f8b-453b-a962-71e0d0177fee","HCloudMachine":{"name":"testing-control-plane-lqtn6","namespace":"default"},"Machine":{"name":"testing-control-plane-lqtn6","namespace":"default"},"Cluster":{"name":"testing","namespace":"default"},"HetznerCluster":{"name":"testing","namespace":"default"},"statusCode":200,"method":"GET","url":"https://api.hetzner.cloud/v1/servers/48678781","hcloud_token":"xu9pK...","stack":"goroutine 463 [running]:\nruntime/debug.Stack()\n\t/usr/lib/golang/src/runtime/debug/stack.go:24 +0xX\ngithub.com/syself/cluster-api-provider-hetzner/pkg/services/hcloud/client.(*LoggingTransport).RoundTrip(0xX, 0xX)\n\t/home/janiskemper/Documents/syself/cluster-api-provider-hetzner/pkg/services/hcloud/client/client.go:93 +0xX\nnet/http.send(0xX, {0xX, 0xX}, {0xX?, 0xX?, 0xX?})\n\t/usr/lib/golang/src/net/http/client.go:260 +0xX\nnet/http.(*Client).send(0xX, 0xX, {0xX?, 0xX?, 0xX?})\n\t/usr/lib/golang/src/net/http/client.go:181 +0xX\nnet/http.(*Client).do(0xX, 0xX)\n\t/usr/lib/golang/src/net/http/client.go:724 +0xX\nnet/http.(*Client).Do(...)\n\t/usr/lib/golang/src/net/http/client.go:590\ngithub.com/hetznercloud/hcloud-go/v2/hcloud.(*Client).Do(0xX, 0xX, {0xX, 0xX})\n\t/home/janiskemper/Documents/syself/cluster-api-provider-hetzner/vendor/github.com/hetznercloud/hcloud-go/v2/hcloud/client.go:266 +0xX\ngithub.com/hetznercloud/hcloud-go/v2/hcloud.(*ServerClient).GetByID(0xX, {0xX, 0xX}, 0xX?)\n\t/home/janiskemper/Documents/syself/cluster-api-provider-hetzner/vendor/github.com/hetznercloud/hcloud-go/v2/hcloud/server.go:207 +0xX\ngithub.com/syself/cluster-api-provider-hetzner/pkg/services/hcloud/client.(*realClient).GetServer(0xX?, {0xX?, 0xX?}, 0xX?)\n\t/home/janiskemper/Documents/syself/cluster-api-provider-hetzner/pkg/services/hcloud/client/client.go:246 +0xX\ngithub.com/syself/cluster-api-provider-hetzner/pkg/services/hcloud/server.(*Service).findServer(0xX, {0xX, 0xX})\n\t/home/janiskemper/Documents/syself/cluster-api-provider-hetzner/pkg/services/hcloud/server/server.go:678 +0xX\ngithub.com/syself/cluster-api-provider-hetzner/pkg/services/hcloud/server.(*Service).Reconcile(0xX, {0xX, 0xX})\n\t/home/janiskemper/Documents/syself/cluster-api-provider-hetzner/pkg/services/hcloud/server/server.go:95 +0xX\ngithub.com/syself/cluster-api-provider-hetzner/controllers.(*HCloudMachineReconciler).reconcileNormal(0xX?, {0xX, 0xX}, 0xX)\n\t/home/janiskemper/Documents/syself/cluster-api-provider-hetzner/controllers/hcloudmachine_controller.go:208 +0xX\ngithub.com/syself/cluster-api-provider-hetzner/controllers.(*HCloudMachineReconciler).Reconcile(0xX, {0xX, 0xX}, {{{0xX?, 0xX?}, {0xX?, 0xX?}}})\n\t/home/janiskemper/Documents/syself/cluster-api-provider-hetzner/controllers/hcloudmachine_controller.go:175 +0xX\nsigs.k8s.io/controller-runtime/pkg/internal/controller.(*Controller).Reconcile(0xX?, {0xX?, 0xX?}, {{{0xX?, 0xX?}, {0xX?, 0xX?}}})\n\t/home/janiskemper/Documents/syself/cluster-api-provider-hetzner/vendor/sigs.k8s.io/controller-runtime/pkg/internal/controller/controller.go:119 +0xX\nsigs.k8s.io/controller-runtime/pkg/internal/controller.(*Controller).reconcileHandler(0xX, {0xX, 0xX}, {0xX?, 0xX?})\n\t/home/janiskemper/Documents/syself/cluster-api-provider-hetzner/vendor/sigs.k8s.io/controller-runtime/pkg/internal/controller/controller.go:316 +0xX\nsigs.k8s.io/controller-runtime/pkg/internal/controller.(*Controller).processNextWorkItem(0xX, {0xX, 0xX})\n\t/home/janiskemper/Documents/syself/cluster-api-provider-hetzner/vendor/sigs.k8s.io/controller-runtime/pkg/internal/controller/controller.go:266 +0xX\nsigs.k8s.io/controller-runtime/pkg/internal/controller.(*Controller).Start.func2.2()\n\t/home/janiskemper/Documents/syself/cluster-api-provider-hetzner/vendor/sigs.k8s.io/controller-runtime/pkg/internal/controller/controller.go:227 +0xX\ncreated by sigs.k8s.io/controller-runtime/pkg/internal/controller.(*Controller).Start.func2 in goroutine 46\n\t/home/janiskemper/Documents/syself/cluster-api-provider-hetzner/vendor/sigs.k8s.io/controller-runtime/pkg/internal/controller/controller.go:223 +0xX\n"}
{"level":"INFO","time":"2024-06-11T11:01:56.250Z","logger":"hcloud-api","file":"client/client.go:102","message":"hcloud API called","controller":"hcloudmachine","controllerGroup":"infrastructure.cluster.x-k8s.io","controllerKind":"HCloudMachine","HCloudMachine":{"name":"testing-md-0-gsd7r-d5fd8","namespace":"default"},"namespace":"default","name":"testing-md-0-gsd7r-d5fd8","reconcileID":"b6ffd925-1a2f-43b4-a636-c3f4e4996802","HCloudMachine":{"name":"testing-md-0-gsd7r-d5fd8","namespace":"default"},"Machine":{"name":"testing-md-0-gsd7r-d5fd8","namespace":"default"},"Cluster":{"name":"testing","namespace":"default"},"HetznerCluster":{"name":"testing","namespace":"default"},"statusCode":200,"method":"GET","url":"https://api.hetzner.cloud/v1/servers/48678575","hcloud_token":"xu9pK...","stack":"goroutine 463 [running]:\nruntime/debug.Stack()\n\t/usr/lib/golang/src/runtime/debug/stack.go:24 +0xX\ngithub.com/syself/cluster-api-provider-hetzner/pkg/services/hcloud/client.(*LoggingTransport).RoundTrip(0xX, 0xX)\n\t/home/janiskemper/Documents/syself/cluster-api-provider-hetzner/pkg/services/hcloud/client/client.go:93 +0xX\nnet/http.send(0xX, {0xX, 0xX}, {0xX?, 0xX?, 0xX?})\n\t/usr/lib/golang/src/net/http/client.go:260 +0xX\nnet/http.(*Client).send(0xX, 0xX, {0xX?, 0xX?, 0xX?})\n\t/usr/lib/golang/src/net/http/client.go:181 +0xX\nnet/http.(*Client).do(0xX, 0xX)\n\t/usr/lib/golang/src/net/http/client.go:724 +0xX\nnet/http.(*Client).Do(...)\n\t/usr/lib/golang/src/net/http/client.go:590\ngithub.com/hetznercloud/hcloud-go/v2/hcloud.(*Client).Do(0xX, 0xX, {0xX, 0xX})\n\t/home/janiskemper/Documents/syself/cluster-api-provider-hetzner/vendor/github.com/hetznercloud/hcloud-go/v2/hcloud/client.go:266 +0xX\ngithub.com/hetznercloud/hcloud-go/v2/hcloud.(*ServerClient).GetByID(0xX, {0xX, 0xX}, 0xX?)\n\t/home/janiskemper/Documents/syself/cluster-api-provider-hetzner/vendor/github.com/hetznercloud/hcloud-go/v2/hcloud/server.go:207 +0xX\ngithub.com/syself/cluster-api-provider-hetzner/pkg/services/hcloud/client.(*realClient).GetServer(0xX?, {0xX?, 0xX?}, 0xX?)\n\t/home/janiskemper/Documents/syself/cluster-api-provider-hetzner/pkg/services/hcloud/client/client.go:246 +0xX\ngithub.com/syself/cluster-api-provider-hetzner/pkg/services/hcloud/server.(*Service).findServer(0xX, {0xX, 0xX})\n\t/home/janiskemper/Documents/syself/cluster-api-provider-hetzner/pkg/services/hcloud/server/server.go:678 +0xX\ngithub.com/syself/cluster-api-provider-hetzner/pkg/services/hcloud/server.(*Service).Reconcile(0xX, {0xX, 0xX})\n\t/home/janiskemper/Documents/syself/cluster-api-provider-hetzner/pkg/services/hcloud/server/server.go:95 +0xX\ngithub.com/syself/cluster-api-provider-hetzner/controllers.(*HCloudMachineReconciler).reconcileNormal(0xX?, {0xX, 0xX}, 0xX)\n\t/home/janiskemper/Documents/syself/cluster-api-provider-hetzner/controllers/hcloudmachine_controller.go:208 +0xX\ngithub.com/syself/cluster-api-provider-hetzner/controllers.(*HCloudMachineReconciler).Reconcile(0xX, {0xX, 0xX}, {{{0xX?, 0xX?}, {0xX?, 0xX?}}})\n\t/home/janiskemper/Documents/syself/cluster-api-provider-hetzner/controllers/hcloudmachine_controller.go:175 +0xX\nsigs.k8s.io/controller-runtime/pkg/internal/controller.(*Controller).Reconcile(0xX?, {0xX?, 0xX?}, {{{0xX?, 0xX?}, {0xX?, 0xX?}}})\n\t/home/janiskemper/Documents/syself/cluster-api-provider-hetzner/vendor/sigs.k8s.io/controller-runtime/pkg/internal/controller/controller.go:119 +0xX\nsigs.k8s.io/controller-runtime/pkg/internal/controller.(*Controller).reconcileHandler(0xX, {0xX, 0xX}, {0xX?, 0xX?})\n\t/home/janiskemper/Documents/syself/cluster-api-provider-hetzner/vendor/sigs.k8s.io/controller-runtime/pkg/internal/controller/controller.go:316 +0xX\nsigs.k8s.io/controller-runtime/pkg/internal/controller.(*Controller).processNextWorkItem(0xX, {0xX, 0xX})\n\t/home/janiskemper/Documents/syself/cluster-api-provider-hetzner/vendor/sigs.k8s.io/controller-runtime/pkg/internal/controller/controller.go:266 +0xX\nsigs.k8s.io/controller-runtime/pkg/internal/controller.(*Controller).Start.func2.2()\n\t/home/janiskemper/Documents/syself/cluster-api-provider-hetzner/vendor/sigs.k8s.io/controller-runtime/pkg/internal/controller/controller.go:227 +0xX\ncreated by sigs.k8s.io/controller-runtime/pkg/internal/controller.(*Controller).Start.func2 in goroutine 46\n\t/home/janiskemper/Documents/syself/cluster-api-provider-hetzner/vendor/sigs.k8s.io/controller-runtime/pkg/internal/controller/controller.go:223 +0xX\n"}
{"level":"INFO","time":"2024-06-11T11:01:56.473Z","logger":"hcloud-api","file":"client/client.go:102","message":"hcloud API called","controller":"hcloudmachine","controllerGroup":"infrastructure.cluster.x-k8s.io","controllerKind":"HCloudMachine","HCloudMachine":{"name":"testing-md-0-gsd7r-rr28f","namespace":"default"},"namespace":"default","name":"testing-md-0-gsd7r-rr28f","reconcileID":"0aad2b39-d1db-43f3-972c-4d532f03cfdf","HCloudMachine":{"name":"testing-md-0-gsd7r-rr28f","namespace":"default"},"Machine":{"name":"testing-md-0-gsd7r-rr28f","namespace":"default"},"Cluster":{"name":"testing","namespace":"default"},"HetznerCluster":{"name":"testing","namespace":"default"},"statusCode":200,"method":"GET","url":"https://api.hetzner.cloud/v1/servers/48678623","hcloud_token":"xu9pK...","stack":"goroutine 463 [running]:\nruntime/debug.Stack()\n\t/usr/lib/golang/src/runtime/debug/stack.go:24 +0xX\ngithub.com/syself/cluster-api-provider-hetzner/pkg/services/hcloud/client.(*LoggingTransport).RoundTrip(0xX, 0xX)\n\t/home/janiskemper/Documents/syself/cluster-api-provider-hetzner/pkg/services/hcloud/client/client.go:93 +0xX\nnet/http.send(0xX, {0xX, 0xX}, {0xX?, 0xX?, 0xX?})\n\t/usr/lib/golang/src/net/http/client.go:260 +0xX\nnet/http.(*Client).send(0xX, 0xX, {0xX?, 0xX?, 0xX?})\n\t/usr/lib/golang/src/net/http/client.go:181 +0xX\nnet/http.(*Client).do(0xX, 0xX)\n\t/usr/lib/golang/src/net/http/client.go:724 +0xX\nnet/http.(*Client).Do(...)\n\t/usr/lib/golang/src/net/http/client.go:590\ngithub.com/hetznercloud/hcloud-go/v2/hcloud.(*Client).Do(0xX, 0xX, {0xX, 0xX})\n\t/home/janiskemper/Documents/syself/cluster-api-provider-hetzner/vendor/github.com/hetznercloud/hcloud-go/v2/hcloud/client.go:266 +0xX\ngithub.com/hetznercloud/hcloud-go/v2/hcloud.(*ServerClient).GetByID(0xX, {0xX, 0xX}, 0xX?)\n\t/home/janiskemper/Documents/syself/cluster-api-provider-hetzner/vendor/github.com/hetznercloud/hcloud-go/v2/hcloud/server.go:207 +0xX\ngithub.com/syself/cluster-api-provider-hetzner/pkg/services/hcloud/client.(*realClient).GetServer(0xX?, {0xX?, 0xX?}, 0xX?)\n\t/home/janiskemper/Documents/syself/cluster-api-provider-hetzner/pkg/services/hcloud/client/client.go:246 +0xX\ngithub.com/syself/cluster-api-provider-hetzner/pkg/services/hcloud/server.(*Service).findServer(0xX, {0xX, 0xX})\n\t/home/janiskemper/Documents/syself/cluster-api-provider-hetzner/pkg/services/hcloud/server/server.go:678 +0xX\ngithub.com/syself/cluster-api-provider-hetzner/pkg/services/hcloud/server.(*Service).Reconcile(0xX, {0xX, 0xX})\n\t/home/janiskemper/Documents/syself/cluster-api-provider-hetzner/pkg/services/hcloud/server/server.go:95 +0xX\ngithub.com/syself/cluster-api-provider-hetzner/controllers.(*HCloudMachineReconciler).reconcileNormal(0xX?, {0xX, 0xX}, 0xX)\n\t/home/janiskemper/Documents/syself/cluster-api-provider-hetzner/controllers/hcloudmachine_controller.go:208 +0xX\ngithub.com/syself/cluster-api-provider-hetzner/controllers.(*HCloudMachineReconciler).Reconcile(0xX, {0xX, 0xX}, {{{0xX?, 0xX?}, {0xX?, 0xX?}}})\n\t/home/janiskemper/Documents/syself/cluster-api-provider-hetzner/controllers/hcloudmachine_controller.go:175 +0xX\nsigs.k8s.io/controller-runtime/pkg/internal/controller.(*Controller).Reconcile(0xX?, {0xX?, 0xX?}, {{{0xX?, 0xX?}, {0xX?, 0xX?}}})\n\t/home/janiskemper/Documents/syself/cluster-api-provider-hetzner/vendor/sigs.k8s.io/controller-runtime/pkg/internal/controller/controller.go:119 +0xX\nsigs.k8s.io/controller-runtime/pkg/internal/controller.(*Controller).reconcileHandler(0xX, {0xX, 0xX}, {0xX?, 0xX?})\n\t/home/janiskemper/Documents/syself/cluster-api-provider-hetzner/vendor/sigs.k8s.io/controller-runtime/pkg/internal/controller/controller.go:316 +0xX\nsigs.k8s.io/controller-runtime/pkg/internal/controller.(*Controller).processNextWorkItem(0xX, {0xX, 0xX})\n\t/home/janiskemper/Documents/syself/cluster-api-provider-hetzner/vendor/sigs.k8s.io/controller-runtime/pkg/internal/controller/controller.go:266 +0xX\nsigs.k8s.io/controller-runtime/pkg/internal/controller.(*Controller).Start.func2.2()\n\t/home/janiskemper/Documents/syself/cluster-api-provider-hetzner/vendor/sigs.k8s.io/controller-runtime/pkg/internal/controller/controller.go:227 +0xX\ncreated by sigs.k8s.io/controller-runtime/pkg/internal/controller.(*Controller).Start.func2 in goroutine 46\n\t/home/janiskemper/Documents/syself/cluster-api-provider-hetzner/vendor/sigs.k8s.io/controller-runtime/pkg/internal/controller/controller.go:223 +0xX\n"}
{"level":"INFO","time":"2024-06-11T11:01:56.689Z","logger":"hcloud-api","file":"client/client.go:102","message":"hcloud API called","controller":"hcloudmachine","controllerGroup":"infrastructure.cluster.x-k8s.io","controllerKind":"HCloudMachine","HCloudMachine":{"name":"testing-md-0-gsd7r-s4p9d","namespace":"default"},"namespace":"default","name":"testing-md-0-gsd7r-s4p9d","reconcileID":"06590437-7d68-4c61-8f16-eb78ef94971e","HCloudMachine":{"name":"testing-md-0-gsd7r-s4p9d","namespace":"default"},"Machine":{"name":"testing-md-0-gsd7r-s4p9d","namespace":"default"},"Cluster":{"name":"testing","namespace":"default"},"HetznerCluster":{"name":"testing","namespace":"default"},"statusCode":200,"method":"GET","url":"https://api.hetzner.cloud/v1/servers/48678624","hcloud_token":"xu9pK...","stack":"goroutine 463 [running]:\nruntime/debug.Stack()\n\t/usr/lib/golang/src/runtime/debug/stack.go:24 +0xX\ngithub.com/syself/cluster-api-provider-hetzner/pkg/services/hcloud/client.(*LoggingTransport).RoundTrip(0xX, 0xX)\n\t/home/janiskemper/Documents/syself/cluster-api-provider-hetzner/pkg/services/hcloud/client/client.go:93 +0xX\nnet/http.send(0xX, {0xX, 0xX}, {0xX?, 0xX?, 0xX?})\n\t/usr/lib/golang/src/net/http/client.go:260 +0xX\nnet/http.(*Client).send(0xX, 0xX, {0xX?, 0xX?, 0xX?})\n\t/usr/lib/golang/src/net/http/client.go:181 +0xX\nnet/http.(*Client).do(0xX, 0xX)\n\t/usr/lib/golang/src/net/http/client.go:724 +0xX\nnet/http.(*Client).Do(...)\n\t/usr/lib/golang/src/net/http/client.go:590\ngithub.com/hetznercloud/hcloud-go/v2/hcloud.(*Client).Do(0xX, 0xX, {0xX, 0xX})\n\t/home/janiskemper/Documents/syself/cluster-api-provider-hetzner/vendor/github.com/hetznercloud/hcloud-go/v2/hcloud/client.go:266 +0xX\ngithub.com/hetznercloud/hcloud-go/v2/hcloud.(*ServerClient).GetByID(0xX, {0xX, 0xX}, 0xX?)\n\t/home/janiskemper/Documents/syself/cluster-api-provider-hetzner/vendor/github.com/hetznercloud/hcloud-go/v2/hcloud/server.go:207 +0xX\ngithub.com/syself/cluster-api-provider-hetzner/pkg/services/hcloud/client.(*realClient).GetServer(0xX?, {0xX?, 0xX?}, 0xX?)\n\t/home/janiskemper/Documents/syself/cluster-api-provider-hetzner/pkg/services/hcloud/client/client.go:246 +0xX\ngithub.com/syself/cluster-api-provider-hetzner/pkg/services/hcloud/server.(*Service).findServer(0xX, {0xX, 0xX})\n\t/home/janiskemper/Documents/syself/cluster-api-provider-hetzner/pkg/services/hcloud/server/server.go:678 +0xX\ngithub.com/syself/cluster-api-provider-hetzner/pkg/services/hcloud/server.(*Service).Reconcile(0xX, {0xX, 0xX})\n\t/home/janiskemper/Documents/syself/cluster-api-provider-hetzner/pkg/services/hcloud/server/server.go:95 +0xX\ngithub.com/syself/cluster-api-provider-hetzner/controllers.(*HCloudMachineReconciler).reconcileNormal(0xX?, {0xX, 0xX}, 0xX)\n\t/home/janiskemper/Documents/syself/cluster-api-provider-hetzner/controllers/hcloudmachine_controller.go:208 +0xX\ngithub.com/syself/cluster-api-provider-hetzner/controllers.(*HCloudMachineReconciler).Reconcile(0xX, {0xX, 0xX}, {{{0xX?, 0xX?}, {0xX?, 0xX?}}})\n\t/home/janiskemper/Documents/syself/cluster-api-provider-hetzner/controllers/hcloudmachine_controller.go:175 +0xX\nsigs.k8s.io/controller-runtime/pkg/internal/controller.(*Controller).Reconcile(0xX?, {0xX?, 0xX?}, {{{0xX?, 0xX?}, {0xX?, 0xX?}}})\n\t/home/janiskemper/Documents/syself/cluster-api-provider-hetzner/vendor/sigs.k8s.io/controller-runtime/pkg/internal/controller/controller.go:119 +0xX\nsigs.k8s.io/controller-runtime/pkg/internal/controller.(*Controller).reconcileHandler(0xX, {0xX, 0xX}, {0xX?, 0xX?})\n\t/home/janiskemper/Documents/syself/cluster-api-provider-hetzner/vendor/sigs.k8s.io/controller-runtime/pkg/internal/controller/controller.go:316 +0xX\nsigs.k8s.io/controller-runtime/pkg/internal/controller.(*Controller).processNextWorkItem(0xX, {0xX, 0xX})\n\t/home/janiskemper/Documents/syself/cluster-api-provider-hetzner/vendor/sigs.k8s.io/controller-runtime/pkg/internal/controller/controller.go:266 +0xX\nsigs.k8s.io/controller-runtime/pkg/internal/controller.(*Controller).Start.func2.2()\n\t/home/janiskemper/Documents/syself/cluster-api-provider-hetzner/vendor/sigs.k8s.io/controller-runtime/pkg/internal/controller/controller.go:227 +0xX\ncreated by sigs.k8s.io/controller-runtime/pkg/internal/controller.(*Controller).Start.func2 in goroutine 46\n\t/home/janiskemper/Documents/syself/cluster-api-provider-hetzner/vendor/sigs.k8s.io/controller-runtime/pkg/internal/controller/controller.go:223 +0xX\n"}
{"level":"INFO","time":"2024-06-11T11:02:38.559Z","logger":"hcloud-api","file":"client/client.go:102","message":"hcloud API called","controller":"hcloudmachine","controllerGroup":"infrastructure.cluster.x-k8s.io","controllerKind":"HCloudMachine","HCloudMachine":{"name":"testing-md-0-gsd7r-d5fd8","namespace":"default"},"namespace":"default","name":"testing-md-0-gsd7r-d5fd8","reconcileID":"e6e1cbf1-5071-48d4-bec2-0a82e54004d5","HCloudMachine":{"name":"testing-md-0-gsd7r-d5fd8","namespace":"default"},"Machine":{"name":"testing-md-0-gsd7r-d5fd8","namespace":"default"},"Cluster":{"name":"testing","namespace":"default"},"HetznerCluster":{"name":"testing","namespace":"default"},"statusCode":200,"method":"GET","url":"https://api.hetzner.cloud/v1/servers/48678575","hcloud_token":"xu9pK...","stack":"goroutine 463 [running]:\nruntime/debug.Stack()\n\t/usr/lib/golang/src/runtime/debug/stack.go:24 +0xX\ngithub.com/syself/cluster-api-provider-hetzner/pkg/services/hcloud/client.(*LoggingTransport).RoundTrip(0xX, 0xX)\n\t/home/janiskemper/Documents/syself/cluster-api-provider-hetzner/pkg/services/hcloud/client/client.go:93 +0xX\nnet/http.send(0xX, {0xX, 0xX}, {0xX?, 0xX?, 0xX?})\n\t/usr/lib/golang/src/net/http/client.go:260 +0xX\nnet/http.(*Client).send(0xX, 0xX, {0xX?, 0xX?, 0xX?})\n\t/usr/lib/golang/src/net/http/client.go:181 +0xX\nnet/http.(*Client).do(0xX, 0xX)\n\t/usr/lib/golang/src/net/http/client.go:724 +0xX\nnet/http.(*Client).Do(...)\n\t/usr/lib/golang/src/net/http/client.go:590\ngithub.com/hetznercloud/hcloud-go/v2/hcloud.(*Client).Do(0xX, 0xX, {0xX, 0xX})\n\t/home/janiskemper/Documents/syself/cluster-api-provider-hetzner/vendor/github.com/hetznercloud/hcloud-go/v2/hcloud/client.go:266 +0xX\ngithub.com/hetznercloud/hcloud-go/v2/hcloud.(*ServerClient).GetByID(0xX, {0xX, 0xX}, 0xX?)\n\t/home/janiskemper/Documents/syself/cluster-api-provider-hetzner/vendor/github.com/hetznercloud/hcloud-go/v2/hcloud/server.go:207 +0xX\ngithub.com/syself/cluster-api-provider-hetzner/pkg/services/hcloud/client.(*realClient).GetServer(0xX?, {0xX?, 0xX?}, 0xX?)\n\t/home/janiskemper/Documents/syself/cluster-api-provider-hetzner/pkg/services/hcloud/client/client.go:246 +0xX\ngithub.com/syself/cluster-api-provider-hetzner/pkg/services/hcloud/server.(*Service).findServer(0xX, {0xX, 0xX})\n\t/home/janiskemper/Documents/syself/cluster-api-provider-hetzner/pkg/services/hcloud/server/server.go:678 +0xX\ngithub.com/syself/cluster-api-provider-hetzner/pkg/services/hcloud/server.(*Service).Reconcile(0xX, {0xX, 0xX})\n\t/home/janiskemper/Documents/syself/cluster-api-provider-hetzner/pkg/services/hcloud/server/server.go:95 +0xX\ngithub.com/syself/cluster-api-provider-hetzner/controllers.(*HCloudMachineReconciler).reconcileNormal(0xX?, {0xX, 0xX}, 0xX)\n\t/home/janiskemper/Documents/syself/cluster-api-provider-hetzner/controllers/hcloudmachine_controller.go:208 +0xX\ngithub.com/syself/cluster-api-provider-hetzner/controllers.(*HCloudMachineReconciler).Reconcile(0xX, {0xX, 0xX}, {{{0xX?, 0xX?}, {0xX?, 0xX?}}})\n\t/home/janiskemper/Documents/syself/cluster-api-provider-hetzner/controllers/hcloudmachine_controller.go:175 +0xX\nsigs.k8s.io/controller-runtime/pkg/internal/controller.(*Controller).Reconcile(0xX?, {0xX?, 0xX?}, {{{0xX?, 0xX?}, {0xX?, 0xX?}}})\n\t/home/janiskemper/Documents/syself/cluster-api-provider-hetzner/vendor/sigs.k8s.io/controller-runtime/pkg/internal/controller/controller.go:119 +0xX\nsigs.k8s.io/controller-runtime/pkg/internal/controller.(*Controller).reconcileHandler(0xX, {0xX, 0xX}, {0xX?, 0xX?})\n\t/home/janiskemper/Documents/syself/cluster-api-provider-hetzner/vendor/sigs.k8s.io/controller-runtime/pkg/internal/controller/controller.go:316 +0xX\nsigs.k8s.io/controller-runtime/pkg/internal/controller.(*Controller).processNextWorkItem(0xX, {0xX, 0xX})\n\t/home/janiskemper/Documents/syself/cluster-api-provider-hetzner/vendor/sigs.k8s.io/controller-runtime/pkg/internal/controller/controller.go:266 +0xX\nsigs.k8s.io/controller-runtime/pkg/internal/controller.(*Controller).Start.func2.2()\n\t/home/janiskemper/Documents/syself/cluster-api-provider-hetzner/vendor/sigs.k8s.io/controller-runtime/pkg/internal/controller/controller.go:227 +0xX\ncreated by sigs.k8s.io/controller-runtime/pkg/internal/controller.(*Controller).Start.func2 in goroutine 46\n\t/home/janiskemper/Documents/syself/cluster-api-provider-hetzner/vendor/sigs.k8s.io/controller-runtime/pkg/internal/controller/controller.go:223 +0xX\n"}
{"level":"INFO","time":"2024-06-11T11:02:38.762Z","logger":"hcloud-api","file":"client/client.go:102","message":"hcloud API called","controller":"hcloudmachine","controllerGroup":"infrastructure.cluster.x-k8s.io","controllerKind":"HCloudMachine","HCloudMachine":{"name":"testing-md-0-gsd7r-rr28f","namespace":"default"},"namespace":"default","name":"testing-md-0-gsd7r-rr28f","reconcileID":"66f23cc7-df7d-40ed-aa45-aa148ae59e4b","HCloudMachine":{"name":"testing-md-0-gsd7r-rr28f","namespace":"default"},"Machine":{"name":"testing-md-0-gsd7r-rr28f","namespace":"default"},"Cluster":{"name":"testing","namespace":"default"},"HetznerCluster":{"name":"testing","namespace":"default"},"statusCode":200,"method":"GET","url":"https://api.hetzner.cloud/v1/servers/48678623","hcloud_token":"xu9pK...","stack":"goroutine 463 [running]:\nruntime/debug.Stack()\n\t/usr/lib/golang/src/runtime/debug/stack.go:24 +0xX\ngithub.com/syself/cluster-api-provider-hetzner/pkg/services/hcloud/client.(*LoggingTransport).RoundTrip(0xX, 0xX)\n\t/home/janiskemper/Documents/syself/cluster-api-provider-hetzner/pkg/services/hcloud/client/client.go:93 +0xX\nnet/http.send(0xX, {0xX, 0xX}, {0xX?, 0xX?, 0xX?})\n\t/usr/lib/golang/src/net/http/client.go:260 +0xX\nnet/http.(*Client).send(0xX, 0xX, {0xX?, 0xX?, 0xX?})\n\t/usr/lib/golang/src/net/http/client.go:181 +0xX\nnet/http.(*Client).do(0xX, 0xX)\n\t/usr/lib/golang/src/net/http/client.go:724 +0xX\nnet/http.(*Client).Do(...)\n\t/usr/lib/golang/src/net/http/client.go:590\ngithub.com/hetznercloud/hcloud-go/v2/hcloud.(*Client).Do(0xX, 0xX, {0xX, 0xX})\n\t/home/janiskemper/Documents/syself/cluster-api-provider-hetzner/vendor/github.com/hetznercloud/hcloud-go/v2/hcloud/client.go:266 +0xX\ngithub.com/hetznercloud/hcloud-go/v2/hcloud.(*ServerClient).GetByID(0xX, {0xX, 0xX}, 0xX?)\n\t/home/janiskemper/Documents/syself/cluster-api-provider-hetzner/vendor/github.com/hetznercloud/hcloud-go/v2/hcloud/server.go:207 +0xX\ngithub.com/syself/cluster-api-provider-hetzner/pkg/services/hcloud/client.(*realClient).GetServer(0xX?, {0xX?, 0xX?}, 0xX?)\n\t/home/janiskemper/Documents/syself/cluster-api-provider-hetzner/pkg/services/hcloud/client/client.go:246 +0xX\ngithub.com/syself/cluster-api-provider-hetzner/pkg/services/hcloud/server.(*Service).findServer(0xX, {0xX, 0xX})\n\t/home/janiskemper/Documents/syself/cluster-api-provider-hetzner/pkg/services/hcloud/server/server.go:678 +0xX\ngithub.com/syself/cluster-api-provider-hetzner/pkg/services/hcloud/server.(*Service).Reconcile(0xX, {0xX, 0xX})\n\t/home/janiskemper/Documents/syself/cluster-api-provider-hetzner/pkg/services/hcloud/server/server.go:95 +0xX\ngithub.com/syself/cluster-api-provider-hetzner/controllers.(*HCloudMachineReconciler).reconcileNormal(0xX?, {0xX, 0xX}, 0xX)\n\t/home/janiskemper/Documents/syself/cluster-api-provider-hetzner/controllers/hcloudmachine_controller.go:208 +0xX\ngithub.com/syself/cluster-api-provider-hetzner/controllers.(*HCloudMachineReconciler).Reconcile(0xX, {0xX, 0xX}, {{{0xX?, 0xX?}, {0xX?, 0xX?}}})\n\t/home/janiskemper/Documents/syself/cluster-api-provider-hetzner/controllers/hcloudmachine_controller.go:175 +0xX\nsigs.k8s.io/controller-runtime/pkg/internal/controller.(*Controller).Reconcile(0xX?, {0xX?, 0xX?}, {{{0xX?, 0xX?}, {0xX?, 0xX?}}})\n\t/home/janiskemper/Documents/syself/cluster-api-provider-hetzner/vendor/sigs.k8s.io/controller-runtime/pkg/internal/controller/controller.go:119 +0xX\nsigs.k8s.io/controller-runtime/pkg/internal/controller.(*Controller).reconcileHandler(0xX, {0xX, 0xX}, {0xX?, 0xX?})\n\t/home/janiskemper/Documents/syself/cluster-api-provider-hetzner/vendor/sigs.k8s.io/controller-runtime/pkg/internal/controller/controller.go:316 +0xX\nsigs.k8s.io/controller-runtime/pkg/internal/controller.(*Controller).processNextWorkItem(0xX, {0xX, 0xX})\n\t/home/janiskemper/Documents/syself/cluster-api-provider-hetzner/vendor/sigs.k8s.io/controller-runtime/pkg/internal/controller/controller.go:266 +0xX\nsigs.k8s.io/controller-runtime/pkg/internal/controller.(*Controller).Start.func2.2()\n\t/home/janiskemper/Documents/syself/cluster-api-provider-hetzner/vendor/sigs.k8s.io/controller-runtime/pkg/internal/controller/controller.go:227 +0xX\ncreated by sigs.k8s.io/controller-runtime/pkg/internal/controller.(*Controller).Start.func2 in goroutine 46\n\t/home/janiskemper/Documents/syself/cluster-api-provider-hetzner/vendor/sigs.k8s.io/controller-runtime/pkg/internal/controller/controller.go:223 +0xX\n"}
{"level":"INFO","time":"2024-06-11T11:02:38.979Z","logger":"hcloud-api","file":"client/client.go:102","message":"hcloud API called","controller":"hcloudmachine","controllerGroup":"infrastructure.cluster.x-k8s.io","controllerKind":"HCloudMachine","HCloudMachine":{"name":"testing-md-0-gsd7r-s4p9d","namespace":"default"},"namespace":"default","name":"testing-md-0-gsd7r-s4p9d","reconcileID":"5b1a9b87-b8a9-473a-873f-445227b31c58","HCloudMachine":{"name":"testing-md-0-gsd7r-s4p9d","namespace":"default"},"Machine":{"name":"testing-md-0-gsd7r-s4p9d","namespace":"default"},"Cluster":{"name":"testing","namespace":"default"},"HetznerCluster":{"name":"testing","namespace":"default"},"statusCode":200,"method":"GET","url":"https://api.hetzner.cloud/v1/servers/48678624","hcloud_token":"xu9pK...","stack":"goroutine 463 [running]:\nruntime/debug.Stack()\n\t/usr/lib/golang/src/runtime/debug/stack.go:24 +0xX\ngithub.com/syself/cluster-api-provider-hetzner/pkg/services/hcloud/client.(*LoggingTransport).RoundTrip(0xX, 0xX)\n\t/home/janiskemper/Documents/syself/cluster-api-provider-hetzner/pkg/services/hcloud/client/client.go:93 +0xX\nnet/http.send(0xX, {0xX, 0xX}, {0xX?, 0xX?, 0xX?})\n\t/usr/lib/golang/src/net/http/client.go:260 +0xX\nnet/http.(*Client).send(0xX, 0xX, {0xX?, 0xX?, 0xX?})\n\t/usr/lib/golang/src/net/http/client.go:181 +0xX\nnet/http.(*Client).do(0xX, 0xX)\n\t/usr/lib/golang/src/net/http/client.go:724 +0xX\nnet/http.(*Client).Do(...)\n\t/usr/lib/golang/src/net/http/client.go:590\ngithub.com/hetznercloud/hcloud-go/v2/hcloud.(*Client).Do(0xX, 0xX, {0xX, 0xX})\n\t/home/janiskemper/Documents/syself/cluster-api-provider-hetzner/vendor/github.com/hetznercloud/hcloud-go/v2/hcloud/client.go:266 +0xX\ngithub.com/hetznercloud/hcloud-go/v2/hcloud.(*ServerClient).GetByID(0xX, {0xX, 0xX}, 0xX?)\n\t/home/janiskemper/Documents/syself/cluster-api-provider-hetzner/vendor/github.com/hetznercloud/hcloud-go/v2/hcloud/server.go:207 +0xX\ngithub.com/syself/cluster-api-provider-hetzner/pkg/services/hcloud/client.(*realClient).GetServer(0xX?, {0xX?, 0xX?}, 0xX?)\n\t/home/janiskemper/Documents/syself/cluster-api-provider-hetzner/pkg/services/hcloud/client/client.go:246 +0xX\ngithub.com/syself/cluster-api-provider-hetzner/pkg/services/hcloud/server.(*Service).findServer(0xX, {0xX, 0xX})\n\t/home/janiskemper/Documents/syself/cluster-api-provider-hetzner/pkg/services/hcloud/server/server.go:678 +0xX\ngithub.com/syself/cluster-api-provider-hetzner/pkg/services/hcloud/server.(*Service).Reconcile(0xX, {0xX, 0xX})\n\t/home/janiskemper/Documents/syself/cluster-api-provider-hetzner/pkg/services/hcloud/server/server.go:95 +0xX\ngithub.com/syself/cluster-api-provider-hetzner/controllers.(*HCloudMachineReconciler).reconcileNormal(0xX?, {0xX, 0xX}, 0xX)\n\t/home/janiskemper/Documents/syself/cluster-api-provider-hetzner/controllers/hcloudmachine_controller.go:208 +0xX\ngithub.com/syself/cluster-api-provider-hetzner/controllers.(*HCloudMachineReconciler).Reconcile(0xX, {0xX, 0xX}, {{{0xX?, 0xX?}, {0xX?, 0xX?}}})\n\t/home/janiskemper/Documents/syself/cluster-api-provider-hetzner/controllers/hcloudmachine_controller.go:175 +0xX\nsigs.k8s.io/controller-runtime/pkg/internal/controller.(*Controller).Reconcile(0xX?, {0xX?, 0xX?}, {{{0xX?, 0xX?}, {0xX?, 0xX?}}})\n\t/home/janiskemper/Documents/syself/cluster-api-provider-hetzner/vendor/sigs.k8s.io/controller-runtime/pkg/internal/controller/controller.go:119 +0xX\nsigs.k8s.io/controller-runtime/pkg/internal/controller.(*Controller).reconcileHandler(0xX, {0xX, 0xX}, {0xX?, 0xX?})\n\t/home/janiskemper/Documents/syself/cluster-api-provider-hetzner/vendor/sigs.k8s.io/controller-runtime/pkg/internal/controller/controller.go:316 +0xX\nsigs.k8s.io/controller-runtime/pkg/internal/controller.(*Controller).processNextWorkItem(0xX, {0xX, 0xX})\n\t/home/janiskemper/Documents/syself/cluster-api-provider-hetzner/vendor/sigs.k8s.io/controller-runtime/pkg/internal/controller/controller.go:266 +0xX\nsigs.k8s.io/controller-runtime/pkg/internal/controller.(*Controller).Start.func2.2()\n\t/home/janiskemper/Documents/syself/cluster-api-provider-hetzner/vendor/sigs.k8s.io/controller-runtime/pkg/internal/controller/controller.go:227 +0xX\ncreated by sigs.k8s.io/controller-runtime/pkg/internal/controller.(*Controller).Start.func2 in goroutine 46\n\t/home/janiskemper/Documents/syself/cluster-api-provider-hetzner/vendor/sigs.k8s.io/controller-runtime/pkg/internal/controller/controller.go:223 +0xX\n"}
{"level":"INFO","time":"2024-06-11T11:02:39.200Z","logger":"hcloud-api","file":"client/client.go:102","message":"hcloud API called","controller":"hcloudmachine","controllerGroup":"infrastructure.cluster.x-k8s.io","controllerKind":"HCloudMachine","HCloudMachine":{"name":"testing-control-plane-svc5p","namespace":"default"},"namespace":"default","name":"testing-control-plane-svc5p","reconcileID":"02e71449-0b1b-407e-8818-39a61b1f2e01","HCloudMachine":{"name":"testing-control-plane-svc5p","namespace":"default"},"Machine":{"name":"testing-control-plane-svc5p","namespace":"default"},"Cluster":{"name":"testing","namespace":"default"},"HetznerCluster":{"name":"testing","namespace":"default"},"statusCode":200,"method":"GET","url":"https://api.hetzner.cloud/v1/servers/48678441","hcloud_token":"xu9pK...","stack":"goroutine 463 [running]:\nruntime/debug.Stack()\n\t/usr/lib/golang/src/runtime/debug/stack.go:24 +0xX\ngithub.com/syself/cluster-api-provider-hetzner/pkg/services/hcloud/client.(*LoggingTransport).RoundTrip(0xX, 0xX)\n\t/home/janiskemper/Documents/syself/cluster-api-provider-hetzner/pkg/services/hcloud/client/client.go:93 +0xX\nnet/http.send(0xX, {0xX, 0xX}, {0xX?, 0xX?, 0xX?})\n\t/usr/lib/golang/src/net/http/client.go:260 +0xX\nnet/http.(*Client).send(0xX, 0xX, {0xX?, 0xX?, 0xX?})\n\t/usr/lib/golang/src/net/http/client.go:181 +0xX\nnet/http.(*Client).do(0xX, 0xX)\n\t/usr/lib/golang/src/net/http/client.go:724 +0xX\nnet/http.(*Client).Do(...)\n\t/usr/lib/golang/src/net/http/client.go:590\ngithub.com/hetznercloud/hcloud-go/v2/hcloud.(*Client).Do(0xX, 0xX, {0xX, 0xX})\n\t/home/janiskemper/Documents/syself/cluster-api-provider-hetzner/vendor/github.com/hetznercloud/hcloud-go/v2/hcloud/client.go:266 +0xX\ngithub.com/hetznercloud/hcloud-go/v2/hcloud.(*ServerClient).GetByID(0xX, {0xX, 0xX}, 0xX?)\n\t/home/janiskemper/Documents/syself/cluster-api-provider-hetzner/vendor/github.com/hetznercloud/hcloud-go/v2/hcloud/server.go:207 +0xX\ngithub.com/syself/cluster-api-provider-hetzner/pkg/services/hcloud/client.(*realClient).GetServer(0xX?, {0xX?, 0xX?}, 0xX?)\n\t/home/janiskemper/Documents/syself/cluster-api-provider-hetzner/pkg/services/hcloud/client/client.go:246 +0xX\ngithub.com/syself/cluster-api-provider-hetzner/pkg/services/hcloud/server.(*Service).findServer(0xX, {0xX, 0xX})\n\t/home/janiskemper/Documents/syself/cluster-api-provider-hetzner/pkg/services/hcloud/server/server.go:678 +0xX\ngithub.com/syself/cluster-api-provider-hetzner/pkg/services/hcloud/server.(*Service).Reconcile(0xX, {0xX, 0xX})\n\t/home/janiskemper/Documents/syself/cluster-api-provider-hetzner/pkg/services/hcloud/server/server.go:95 +0xX\ngithub.com/syself/cluster-api-provider-hetzner/controllers.(*HCloudMachineReconciler).reconcileNormal(0xX?, {0xX, 0xX}, 0xX)\n\t/home/janiskemper/Documents/syself/cluster-api-provider-hetzner/controllers/hcloudmachine_controller.go:208 +0xX\ngithub.com/syself/cluster-api-provider-hetzner/controllers.(*HCloudMachineReconciler).Reconcile(0xX, {0xX, 0xX}, {{{0xX?, 0xX?}, {0xX?, 0xX?}}})\n\t/home/janiskemper/Documents/syself/cluster-api-provider-hetzner/controllers/hcloudmachine_controller.go:175 +0xX\nsigs.k8s.io/controller-runtime/pkg/internal/controller.(*Controller).Reconcile(0xX?, {0xX?, 0xX?}, {{{0xX?, 0xX?}, {0xX?, 0xX?}}})\n\t/home/janiskemper/Documents/syself/cluster-api-provider-hetzner/vendor/sigs.k8s.io/controller-runtime/pkg/internal/controller/controller.go:119 +0xX\nsigs.k8s.io/controller-runtime/pkg/internal/controller.(*Controller).reconcileHandler(0xX, {0xX, 0xX}, {0xX?, 0xX?})\n\t/home/janiskemper/Documents/syself/cluster-api-provider-hetzner/vendor/sigs.k8s.io/controller-runtime/pkg/internal/controller/controller.go:316 +0xX\nsigs.k8s.io/controller-runtime/pkg/internal/controller.(*Controller).processNextWorkItem(0xX, {0xX, 0xX})\n\t/home/janiskemper/Documents/syself/cluster-api-provider-hetzner/vendor/sigs.k8s.io/controller-runtime/pkg/internal/controller/controller.go:266 +0xX\nsigs.k8s.io/controller-runtime/pkg/internal/controller.(*Controller).Start.func2.2()\n\t/home/janiskemper/Documents/syself/cluster-api-provider-hetzner/vendor/sigs.k8s.io/controller-runtime/pkg/internal/controller/controller.go:227 +0xX\ncreated by sigs.k8s.io/controller-runtime/pkg/internal/controller.(*Controller).Start.func2 in goroutine 46\n\t/home/janiskemper/Documents/syself/cluster-api-provider-hetzner/vendor/sigs.k8s.io/controller-runtime/pkg/internal/controller/controller.go:223 +0xX\n"}
{"level":"INFO","time":"2024-06-11T11:02:39.532Z","logger":"hcloud-api","file":"client/client.go:102","message":"hcloud API called","controller":"hcloudmachine","controllerGroup":"infrastructure.cluster.x-k8s.io","controllerKind":"HCloudMachine","HCloudMachine":{"name":"testing-control-plane-cfvjj","namespace":"default"},"namespace":"default","name":"testing-control-plane-cfvjj","reconcileID":"cf1da8d2-725e-43e0-9aa6-a9135b619204","HCloudMachine":{"name":"testing-control-plane-cfvjj","namespace":"default"},"Machine":{"name":"testing-control-plane-cfvjj","namespace":"default"},"Cluster":{"name":"testing","namespace":"default"},"HetznerCluster":{"name":"testing","namespace":"default"},"statusCode":200,"method":"GET","url":"https://api.hetzner.cloud/v1/servers/48678576","hcloud_token":"xu9pK...","stack":"goroutine 463 [running]:\nruntime/debug.Stack()\n\t/usr/lib/golang/src/runtime/debug/stack.go:24 +0xX\ngithub.com/syself/cluster-api-provider-hetzner/pkg/services/hcloud/client.(*LoggingTransport).RoundTrip(0xX, 0xX)\n\t/home/janiskemper/Documents/syself/cluster-api-provider-hetzner/pkg/services/hcloud/client/client.go:93 +0xX\nnet/http.send(0xX, {0xX, 0xX}, {0xX?, 0xX?, 0xX?})\n\t/usr/lib/golang/src/net/http/client.go:260 +0xX\nnet/http.(*Client).send(0xX, 0xX, {0xX?, 0xX?, 0xX?})\n\t/usr/lib/golang/src/net/http/client.go:181 +0xX\nnet/http.(*Client).do(0xX, 0xX)\n\t/usr/lib/golang/src/net/http/client.go:724 +0xX\nnet/http.(*Client).Do(...)\n\t/usr/lib/golang/src/net/http/client.go:590\ngithub.com/hetznercloud/hcloud-go/v2/hcloud.(*Client).Do(0xX, 0xX, {0xX, 0xX})\n\t/home/janiskemper/Documents/syself/cluster-api-provider-hetzner/vendor/github.com/hetznercloud/hcloud-go/v2/hcloud/client.go:266 +0xX\ngithub.com/hetznercloud/hcloud-go/v2/hcloud.(*ServerClient).GetByID(0xX, {0xX, 0xX}, 0xX?)\n\t/home/janiskemper/Documents/syself/cluster-api-provider-hetzner/vendor/github.com/hetznercloud/hcloud-go/v2/hcloud/server.go:207 +0xX\ngithub.com/syself/cluster-api-provider-hetzner/pkg/services/hcloud/client.(*realClient).GetServer(0xX?, {0xX?, 0xX?}, 0xX?)\n\t/home/janiskemper/Documents/syself/cluster-api-provider-hetzner/pkg/services/hcloud/client/client.go:246 +0xX\ngithub.com/syself/cluster-api-provider-hetzner/pkg/services/hcloud/server.(*Service).findServer(0xX, {0xX, 0xX})\n\t/home/janiskemper/Documents/syself/cluster-api-provider-hetzner/pkg/services/hcloud/server/server.go:678 +0xX\ngithub.com/syself/cluster-api-provider-hetzner/pkg/services/hcloud/server.(*Service).Reconcile(0xX, {0xX, 0xX})\n\t/home/janiskemper/Documents/syself/cluster-api-provider-hetzner/pkg/services/hcloud/server/server.go:95 +0xX\ngithub.com/syself/cluster-api-provider-hetzner/controllers.(*HCloudMachineReconciler).reconcileNormal(0xX?, {0xX, 0xX}, 0xX)\n\t/home/janiskemper/Documents/syself/cluster-api-provider-hetzner/controllers/hcloudmachine_controller.go:208 +0xX\ngithub.com/syself/cluster-api-provider-hetzner/controllers.(*HCloudMachineReconciler).Reconcile(0xX, {0xX, 0xX}, {{{0xX?, 0xX?}, {0xX?, 0xX?}}})\n\t/home/janiskemper/Documents/syself/cluster-api-provider-hetzner/controllers/hcloudmachine_controller.go:175 +0xX\nsigs.k8s.io/controller-runtime/pkg/internal/controller.(*Controller).Reconcile(0xX?, {0xX?, 0xX?}, {{{0xX?, 0xX?}, {0xX?, 0xX?}}})\n\t/home/janiskemper/Documents/syself/cluster-api-provider-hetzner/vendor/sigs.k8s.io/controller-runtime/pkg/internal/controller/controller.go:119 +0xX\nsigs.k8s.io/controller-runtime/pkg/internal/controller.(*Controller).reconcileHandler(0xX, {0xX, 0xX}, {0xX?, 0xX?})\n\t/home/janiskemper/Documents/syself/cluster-api-provider-hetzner/vendor/sigs.k8s.io/controller-runtime/pkg/internal/controller/controller.go:316 +0xX\nsigs.k8s.io/controller-runtime/pkg/internal/controller.(*Controller).processNextWorkItem(0xX, {0xX, 0xX})\n\t/home/janiskemper/Documents/syself/cluster-api-provider-hetzner/vendor/sigs.k8s.io/controller-runtime/pkg/internal/controller/controller.go:266 +0xX\nsigs.k8s.io/controller-runtime/pkg/internal/controller.(*Controller).Start.func2.2()\n\t/home/janiskemper/Documents/syself/cluster-api-provider-hetzner/vendor/sigs.k8s.io/controller-runtime/pkg/internal/controller/controller.go:227 +0xX\ncreated by sigs.k8s.io/controller-runtime/pkg/internal/controller.(*Controller).Start.func2 in goroutine 46\n\t/home/janiskemper/Documents/syself/cluster-api-provider-hetzner/vendor/sigs.k8s.io/controller-runtime/pkg/internal/controller/controller.go:223 +0xX\n"}
{"level":"INFO","time":"2024-06-11T11:02:39.884Z","logger":"hcloud-api","file":"client/client.go:102","message":"hcloud API called","controller":"hcloudmachine","controllerGroup":"infrastructure.cluster.x-k8s.io","controllerKind":"HCloudMachine","HCloudMachine":{"name":"testing-control-plane-lqtn6","namespace":"default"},"namespace":"default","name":"testing-control-plane-lqtn6","reconcileID":"3bb8515a-20dd-481d-9bdb-240eefd254f1","HCloudMachine":{"name":"testing-control-plane-lqtn6","namespace":"default"},"Machine":{"name":"testing-control-plane-lqtn6","namespace":"default"},"Cluster":{"name":"testing","namespace":"default"},"HetznerCluster":{"name":"testing","namespace":"default"},"statusCode":200,"method":"GET","url":"https://api.hetzner.cloud/v1/servers/48678781","hcloud_token":"xu9pK...","stack":"goroutine 463 [running]:\nruntime/debug.Stack()\n\t/usr/lib/golang/src/runtime/debug/stack.go:24 +0xX\ngithub.com/syself/cluster-api-provider-hetzner/pkg/services/hcloud/client.(*LoggingTransport).RoundTrip(0xX, 0xX)\n\t/home/janiskemper/Documents/syself/cluster-api-provider-hetzner/pkg/services/hcloud/client/client.go:93 +0xX\nnet/http.send(0xX, {0xX, 0xX}, {0xX?, 0xX?, 0xX?})\n\t/usr/lib/golang/src/net/http/client.go:260 +0xX\nnet/http.(*Client).send(0xX, 0xX, {0xX?, 0xX?, 0xX?})\n\t/usr/lib/golang/src/net/http/client.go:181 +0xX\nnet/http.(*Client).do(0xX, 0xX)\n\t/usr/lib/golang/src/net/http/client.go:724 +0xX\nnet/http.(*Client).Do(...)\n\t/usr/lib/golang/src/net/http/client.go:590\ngithub.com/hetznercloud/hcloud-go/v2/hcloud.(*Client).Do(0xX, 0xX, {0xX, 0xX})\n\t/home/janiskemper/Documents/syself/cluster-api-provider-hetzner/vendor/github.com/hetznercloud/hcloud-go/v2/hcloud/client.go:266 +0xX\ngithub.com/hetznercloud/hcloud-go/v2/hcloud.(*ServerClient).GetByID(0xX, {0xX, 0xX}, 0xX?)\n\t/home/janiskemper/Documents/syself/cluster-api-provider-hetzner/vendor/github.com/hetznercloud/hcloud-go/v2/hcloud/server.go:207 +0xX\ngithub.com/syself/cluster-api-provider-hetzner/pkg/services/hcloud/client.(*realClient).GetServer(0xX?, {0xX?, 0xX?}, 0xX?)\n\t/home/janiskemper/Documents/syself/cluster-api-provider-hetzner/pkg/services/hcloud/client/client.go:246 +0xX\ngithub.com/syself/cluster-api-provider-hetzner/pkg/services/hcloud/server.(*Service).findServer(0xX, {0xX, 0xX})\n\t/home/janiskemper/Documents/syself/cluster-api-provider-hetzner/pkg/services/hcloud/server/server.go:678 +0xX\ngithub.com/syself/cluster-api-provider-hetzner/pkg/services/hcloud/server.(*Service).Reconcile(0xX, {0xX, 0xX})\n\t/home/janiskemper/Documents/syself/cluster-api-provider-hetzner/pkg/services/hcloud/server/server.go:95 +0xX\ngithub.com/syself/cluster-api-provider-hetzner/controllers.(*HCloudMachineReconciler).reconcileNormal(0xX?, {0xX, 0xX}, 0xX)\n\t/home/janiskemper/Documents/syself/cluster-api-provider-hetzner/controllers/hcloudmachine_controller.go:208 +0xX\ngithub.com/syself/cluster-api-provider-hetzner/controllers.(*HCloudMachineReconciler).Reconcile(0xX, {0xX, 0xX}, {{{0xX?, 0xX?}, {0xX?, 0xX?}}})\n\t/home/janiskemper/Documents/syself/cluster-api-provider-hetzner/controllers/hcloudmachine_controller.go:175 +0xX\nsigs.k8s.io/controller-runtime/pkg/internal/controller.(*Controller).Reconcile(0xX?, {0xX?, 0xX?}, {{{0xX?, 0xX?}, {0xX?, 0xX?}}})\n\t/home/janiskemper/Documents/syself/cluster-api-provider-hetzner/vendor/sigs.k8s.io/controller-runtime/pkg/internal/controller/controller.go:119 +0xX\nsigs.k8s.io/controller-runtime/pkg/internal/controller.(*Controller).reconcileHandler(0xX, {0xX, 0xX}, {0xX?, 0xX?})\n\t/home/janiskemper/Documents/syself/cluster-api-provider-hetzner/vendor/sigs.k8s.io/controller-runtime/pkg/internal/controller/controller.go:316 +0xX\nsigs.k8s.io/controller-runtime/pkg/internal/controller.(*Controller).processNextWorkItem(0xX, {0xX, 0xX})\n\t/home/janiskemper/Documents/syself/cluster-api-provider-hetzner/vendor/sigs.k8s.io/controller-runtime/pkg/internal/controller/controller.go:266 +0xX\nsigs.k8s.io/controller-runtime/pkg/internal/controller.(*Controller).Start.func2.2()\n\t/home/janiskemper/Documents/syself/cluster-api-provider-hetzner/vendor/sigs.k8s.io/controller-runtime/pkg/internal/controller/controller.go:227 +0xX\ncreated by sigs.k8s.io/controller-runtime/pkg/internal/controller.(*Controller).Start.func2 in goroutine 46\n\t/home/janiskemper/Documents/syself/cluster-api-provider-hetzner/vendor/sigs.k8s.io/controller-runtime/pkg/internal/controller/controller.go:223 +0xX\n"}
{"level":"INFO","time":"2024-06-11T11:03:37.432Z","logger":"hcloud-api","file":"client/client.go:102","message":"hcloud API called","controller":"hcloudmachinetemplate","controllerGroup":"infrastructure.cluster.x-k8s.io","controllerKind":"HCloudMachineTemplate","HCloudMachineTemplate":{"name":"testing-control-plane","namespace":"default"},"namespace":"default","name":"testing-control-plane","reconcileID":"9b9e0611-91d2-4859-a880-6e44a1b70311","HCloudMachineTemplate":{"name":"testing-control-plane","namespace":"default"},"Cluster":{"name":"testing","namespace":"default"},"HetznerCluster":{"name":"testing","namespace":"default"},"statusCode":200,"method":"GET","url":"https://api.hetzner.cloud/v1/server_types?page=1&per_page=50","hcloud_token":"xu9pK...","stack":"goroutine 456 [running]:\nruntime/debug.Stack()\n\t/usr/lib/golang/src/runtime/debug/stack.go:24 +0xX\ngithub.com/syself/cluster-api-provider-hetzner/pkg/services/hcloud/client.(*LoggingTransport).RoundTrip(0xX, 0xX)\n\t/home/janiskemper/Documents/syself/cluster-api-provider-hetzner/pkg/services/hcloud/client/client.go:93 +0xX\nnet/http.send(0xX, {0xX, 0xX}, {0xX?, 0xX?, 0xX?})\n\t/usr/lib/golang/src/net/http/client.go:260 +0xX\nnet/http.(*Client).send(0xX, 0xX, {0xX?, 0xX?, 0xX?})\n\t/usr/lib/golang/src/net/http/client.go:181 +0xX\nnet/http.(*Client).do(0xX, 0xX)\n\t/usr/lib/golang/src/net/http/client.go:724 +0xX\nnet/http.(*Client).Do(...)\n\t/usr/lib/golang/src/net/http/client.go:590\ngithub.com/hetznercloud/hcloud-go/v2/hcloud.(*Client).Do(0xX, 0xX, {0xX, 0xX})\n\t/home/janiskemper/Documents/syself/cluster-api-provider-hetzner/vendor/github.com/hetznercloud/hcloud-go/v2/hcloud/client.go:266 +0xX\ngithub.com/hetznercloud/hcloud-go/v2/hcloud.(*ServerTypeClient).List(0xX, {0xX, 0xX}, {{0xX, 0xX, {0xX, 0xX}}, {0xX, 0xX}, {0xX, ...}})\n\t/home/janiskemper/Documents/syself/cluster-api-provider-hetzner/vendor/github.com/hetznercloud/hcloud-go/v2/hcloud/server_type.go:125 +0xX\ngithub.com/hetznercloud/hcloud-go/v2/hcloud.(*ServerTypeClient).AllWithOpts.func1(0xX?)\n\t/home/janiskemper/Documents/syself/cluster-api-provider-hetzner/vendor/github.com/hetznercloud/hcloud-go/v2/hcloud/server_type.go:147 +0xX\ngithub.com/hetznercloud/hcloud-go/v2/hcloud.(*Client).all(0xX?, 0xX)\n\t/home/janiskemper/Documents/syself/cluster-api-provider-hetzner/vendor/github.com/hetznercloud/hcloud-go/v2/hcloud/client.go:323 +0xX\ngithub.com/hetznercloud/hcloud-go/v2/hcloud.(*ServerTypeClient).AllWithOpts(0xX?, {0xX?, 0xX?}, {{0xX, 0xX, {0xX, 0xX}}, {0xX, 0xX}, {0xX, ...}})\n\t/home/janiskemper/Documents/syself/cluster-api-provider-hetzner/vendor/github.com/hetznercloud/hcloud-go/v2/hcloud/server_type.go:145 +0xX\ngithub.com/hetznercloud/hcloud-go/v2/hcloud.(*ServerTypeClient).All(...)\n\t/home/janiskemper/Documents/syself/cluster-api-provider-hetzner/vendor/github.com/hetznercloud/hcloud-go/v2/hcloud/server_type.go:138\ngithub.com/syself/cluster-api-provider-hetzner/pkg/services/hcloud/client.(*realClient).ListServerTypes(0xX?, {0xX?, 0xX?})\n\t/home/janiskemper/Documents/syself/cluster-api-provider-hetzner/pkg/services/hcloud/client/client.go:254 +0xX\ngithub.com/syself/cluster-api-provider-hetzner/pkg/services/hcloud/machinetemplate.(*Service).getCapacity(0xX, {0xX, 0xX})\n\t/home/janiskemper/Documents/syself/cluster-api-provider-hetzner/pkg/services/hcloud/machinetemplate/machinetemplate.go:61 +0xX\ngithub.com/syself/cluster-api-provider-hetzner/pkg/services/hcloud/machinetemplate.(*Service).Reconcile(0xX, {0xX, 0xX})\n\t/home/janiskemper/Documents/syself/cluster-api-provider-hetzner/pkg/services/hcloud/machinetemplate/machinetemplate.go:49 +0xX\ngithub.com/syself/cluster-api-provider-hetzner/controllers.(*HCloudMachineTemplateReconciler).reconcile(0xX?, {0xX?, 0xX?}, 0xX?)\n\t/home/janiskemper/Documents/syself/cluster-api-provider-hetzner/controllers/hcloudmachinetemplate_controller.go:159 +0xX\ngithub.com/syself/cluster-api-provider-hetzner/controllers.(*HCloudMachineTemplateReconciler).Reconcile(0xX, {0xX, 0xX}, {{{0xX?, 0xX?}, {0xX?, 0xX?}}})\n\t/home/janiskemper/Documents/syself/cluster-api-provider-hetzner/controllers/hcloudmachinetemplate_controller.go:152 +0xX\nsigs.k8s.io/controller-runtime/pkg/internal/controller.(*Controller).Reconcile(0xX?, {0xX?, 0xX?}, {{{0xX?, 0xX?}, {0xX?, 0xX?}}})\n\t/home/janiskemper/Documents/syself/cluster-api-provider-hetzner/vendor/sigs.k8s.io/controller-runtime/pkg/internal/controller/controller.go:119 +0xX\nsigs.k8s.io/controller-runtime/pkg/internal/controller.(*Controller).reconcileHandler(0xX, {0xX, 0xX}, {0xX?, 0xX?})\n\t/home/janiskemper/Documents/syself/cluster-api-provider-hetzner/vendor/sigs.k8s.io/controller-runtime/pkg/internal/controller/controller.go:316 +0xX\nsigs.k8s.io/controller-runtime/pkg/internal/controller.(*Controller).processNextWorkItem(0xX, {0xX, 0xX})\n\t/home/janiskemper/Documents/syself/cluster-api-provider-hetzner/vendor/sigs.k8s.io/controller-runtime/pkg/internal/controller/controller.go:266 +0xX\nsigs.k8s.io/controller-runtime/pkg/internal/controller.(*Controller).Start.func2.2()\n\t/home/janiskemper/Documents/syself/cluster-api-provider-hetzner/vendor/sigs.k8s.io/controller-runtime/pkg/internal/controller/controller.go:227 +0xX\ncreated by sigs.k8s.io/controller-runtime/pkg/internal/controller.(*Controller).Start.func2 in goroutine 47\n\t/home/janiskemper/Documents/syself/cluster-api-provider-hetzner/vendor/sigs.k8s.io/controller-runtime/pkg/internal/controller/controller.go:223 +0xX\n"}
{"level":"INFO","time":"2024-06-11T11:03:37.582Z","logger":"hcloud-api","file":"client/client.go:102","message":"hcloud API called","controller":"hcloudmachinetemplate","controllerGroup":"infrastructure.cluster.x-k8s.io","controllerKind":"HCloudMachineTemplate","HCloudMachineTemplate":{"name":"testing-md-0","namespace":"default"},"namespace":"default","name":"testing-md-0","reconcileID":"9275351a-8d74-484f-a506-ee726d874778","HCloudMachineTemplate":{"name":"testing-md-0","namespace":"default"},"Cluster":{"name":"testing","namespace":"default"},"HetznerCluster":{"name":"testing","namespace":"default"},"statusCode":200,"method":"GET","url":"https://api.hetzner.cloud/v1/server_types?page=1&per_page=50","hcloud_token":"xu9pK...","stack":"goroutine 456 [running]:\nruntime/debug.Stack()\n\t/usr/lib/golang/src/runtime/debug/stack.go:24 +0xX\ngithub.com/syself/cluster-api-provider-hetzner/pkg/services/hcloud/client.(*LoggingTransport).RoundTrip(0xX, 0xX)\n\t/home/janiskemper/Documents/syself/cluster-api-provider-hetzner/pkg/services/hcloud/client/client.go:93 +0xX\nnet/http.send(0xX, {0xX, 0xX}, {0xX?, 0xX?, 0xX?})\n\t/usr/lib/golang/src/net/http/client.go:260 +0xX\nnet/http.(*Client).send(0xX, 0xX, {0xX?, 0xX?, 0xX?})\n\t/usr/lib/golang/src/net/http/client.go:181 +0xX\nnet/http.(*Client).do(0xX, 0xX)\n\t/usr/lib/golang/src/net/http/client.go:724 +0xX\nnet/http.(*Client).Do(...)\n\t/usr/lib/golang/src/net/http/client.go:590\ngithub.com/hetznercloud/hcloud-go/v2/hcloud.(*Client).Do(0xX, 0xX, {0xX, 0xX})\n\t/home/janiskemper/Documents/syself/cluster-api-provider-hetzner/vendor/github.com/hetznercloud/hcloud-go/v2/hcloud/client.go:266 +0xX\ngithub.com/hetznercloud/hcloud-go/v2/hcloud.(*ServerTypeClient).List(0xX, {0xX, 0xX}, {{0xX, 0xX, {0xX, 0xX}}, {0xX, 0xX}, {0xX, ...}})\n\t/home/janiskemper/Documents/syself/cluster-api-provider-hetzner/vendor/github.com/hetznercloud/hcloud-go/v2/hcloud/server_type.go:125 +0xX\ngithub.com/hetznercloud/hcloud-go/v2/hcloud.(*ServerTypeClient).AllWithOpts.func1(0xX?)\n\t/home/janiskemper/Documents/syself/cluster-api-provider-hetzner/vendor/github.com/hetznercloud/hcloud-go/v2/hcloud/server_type.go:147 +0xX\ngithub.com/hetznercloud/hcloud-go/v2/hcloud.(*Client).all(0xX?, 0xX)\n\t/home/janiskemper/Documents/syself/cluster-api-provider-hetzner/vendor/github.com/hetznercloud/hcloud-go/v2/hcloud/client.go:323 +0xX\ngithub.com/hetznercloud/hcloud-go/v2/hcloud.(*ServerTypeClient).AllWithOpts(0xX?, {0xX?, 0xX?}, {{0xX, 0xX, {0xX, 0xX}}, {0xX, 0xX}, {0xX, ...}})\n\t/home/janiskemper/Documents/syself/cluster-api-provider-hetzner/vendor/github.com/hetznercloud/hcloud-go/v2/hcloud/server_type.go:145 +0xX\ngithub.com/hetznercloud/hcloud-go/v2/hcloud.(*ServerTypeClient).All(...)\n\t/home/janiskemper/Documents/syself/cluster-api-provider-hetzner/vendor/github.com/hetznercloud/hcloud-go/v2/hcloud/server_type.go:138\ngithub.com/syself/cluster-api-provider-hetzner/pkg/services/hcloud/client.(*realClient).ListServerTypes(0xX?, {0xX?, 0xX?})\n\t/home/janiskemper/Documents/syself/cluster-api-provider-hetzner/pkg/services/hcloud/client/client.go:254 +0xX\ngithub.com/syself/cluster-api-provider-hetzner/pkg/services/hcloud/machinetemplate.(*Service).getCapacity(0xX, {0xX, 0xX})\n\t/home/janiskemper/Documents/syself/cluster-api-provider-hetzner/pkg/services/hcloud/machinetemplate/machinetemplate.go:61 +0xX\ngithub.com/syself/cluster-api-provider-hetzner/pkg/services/hcloud/machinetemplate.(*Service).Reconcile(0xX, {0xX, 0xX})\n\t/home/janiskemper/Documents/syself/cluster-api-provider-hetzner/pkg/services/hcloud/machinetemplate/machinetemplate.go:49 +0xX\ngithub.com/syself/cluster-api-provider-hetzner/controllers.(*HCloudMachineTemplateReconciler).reconcile(0xX?, {0xX?, 0xX?}, 0xX?)\n\t/home/janiskemper/Documents/syself/cluster-api-provider-hetzner/controllers/hcloudmachinetemplate_controller.go:159 +0xX\ngithub.com/syself/cluster-api-provider-hetzner/controllers.(*HCloudMachineTemplateReconciler).Reconcile(0xX, {0xX, 0xX}, {{{0xX?, 0xX?}, {0xX?, 0xX?}}})\n\t/home/janiskemper/Documents/syself/cluster-api-provider-hetzner/controllers/hcloudmachinetemplate_controller.go:152 +0xX\nsigs.k8s.io/controller-runtime/pkg/internal/controller.(*Controller).Reconcile(0xX?, {0xX?, 0xX?}, {{{0xX?, 0xX?}, {0xX?, 0xX?}}})\n\t/home/janiskemper/Documents/syself/cluster-api-provider-hetzner/vendor/sigs.k8s.io/controller-runtime/pkg/internal/controller/controller.go:119 +0xX\nsigs.k8s.io/controller-runtime/pkg/internal/controller.(*Controller).reconcileHandler(0xX, {0xX, 0xX}, {0xX?, 0xX?})\n\t/home/janiskemper/Documents/syself/cluster-api-provider-hetzner/vendor/sigs.k8s.io/controller-runtime/pkg/internal/controller/controller.go:316 +0xX\nsigs.k8s.io/controller-runtime/pkg/internal/controller.(*Controller).processNextWorkItem(0xX, {0xX, 0xX})\n\t/home/janiskemper/Documents/syself/cluster-api-provider-hetzner/vendor/sigs.k8s.io/controller-runtime/pkg/internal/controller/controller.go:266 +0xX\nsigs.k8s.io/controller-runtime/pkg/internal/controller.(*Controller).Start.func2.2()\n\t/home/janiskemper/Documents/syself/cluster-api-provider-hetzner/vendor/sigs.k8s.io/controller-runtime/pkg/internal/controller/controller.go:227 +0xX\ncreated by sigs.k8s.io/controller-runtime/pkg/internal/controller.(*Controller).Start.func2 in goroutine 47\n\t/home/janiskemper/Documents/syself/cluster-api-provider-hetzner/vendor/sigs.k8s.io/controller-runtime/pkg/internal/controller/controller.go:223 +0xX\n"}
{"level":"INFO","time":"2024-06-11T11:03:48.384Z","file":"controllers/hetznercluster_controller.go:816","message":"Cluster event - reconciling HetznerCluster"}
{"level":"INFO","time":"2024-06-11T11:03:48.384Z","file":"controllers/hetznercluster_controller.go:816","message":"Cluster event - reconciling HetznerCluster"}
{"level":"INFO","time":"2024-06-11T11:03:48.661Z","logger":"hcloud-api","file":"client/client.go:102","message":"hcloud API called","controller":"hetznercluster","controllerGroup":"infrastructure.cluster.x-k8s.io","controllerKind":"HetznerCluster","HetznerCluster":{"name":"testing","namespace":"default"},"namespace":"default","name":"testing","reconcileID":"98dae02a-c788-43f1-a787-6860d89f2d7b","HetznerCluster":{"name":"testing","namespace":"default"},"Cluster":{"name":"testing","namespace":"default"},"statusCode":200,"method":"GET","url":"https://api.hetzner.cloud/v1/load_balancers?label_selector=caph-cluster-testing%3D%3Downed&page=1","hcloud_token":"xu9pK...","stack":"goroutine 460 [running]:\nruntime/debug.Stack()\n\t/usr/lib/golang/src/runtime/debug/stack.go:24 +0xX\ngithub.com/syself/cluster-api-provider-hetzner/pkg/services/hcloud/client.(*LoggingTransport).RoundTrip(0xX, 0xX)\n\t/home/janiskemper/Documents/syself/cluster-api-provider-hetzner/pkg/services/hcloud/client/client.go:93 +0xX\nnet/http.send(0xX, {0xX, 0xX}, {0xX?, 0xX?, 0xX?})\n\t/usr/lib/golang/src/net/http/client.go:260 +0xX\nnet/http.(*Client).send(0xX, 0xX, {0xX?, 0xX?, 0xX?})\n\t/usr/lib/golang/src/net/http/client.go:181 +0xX\nnet/http.(*Client).do(0xX, 0xX)\n\t/usr/lib/golang/src/net/http/client.go:724 +0xX\nnet/http.(*Client).Do(...)\n\t/usr/lib/golang/src/net/http/client.go:590\ngithub.com/hetznercloud/hcloud-go/v2/hcloud.(*Client).Do(0xX, 0xX, {0xX, 0xX})\n\t/home/janiskemper/Documents/syself/cluster-api-provider-hetzner/vendor/github.com/hetznercloud/hcloud-go/v2/hcloud/client.go:266 +0xX\ngithub.com/hetznercloud/hcloud-go/v2/hcloud.(*LoadBalancerClient).List(0xX, {0xX, 0xX}, {{0xX, 0xX, {0xX, 0xX}}, {0xX, 0xX}, {0xX, ...}})\n\t/home/janiskemper/Documents/syself/cluster-api-provider-hetzner/vendor/github.com/hetznercloud/hcloud-go/v2/hcloud/load_balancer.go:313 +0xX\ngithub.com/hetznercloud/hcloud-go/v2/hcloud.(*LoadBalancerClient).AllWithOpts.func1(0xX?)\n\t/home/janiskemper/Documents/syself/cluster-api-provider-hetzner/vendor/github.com/hetznercloud/hcloud-go/v2/hcloud/load_balancer.go:335 +0xX\ngithub.com/hetznercloud/hcloud-go/v2/hcloud.(*Client).all(0xX?, 0xX)\n\t/home/janiskemper/Documents/syself/cluster-api-provider-hetzner/vendor/github.com/hetznercloud/hcloud-go/v2/hcloud/client.go:323 +0xX\ngithub.com/hetznercloud/hcloud-go/v2/hcloud.(*LoadBalancerClient).AllWithOpts(0xX?, {0xX?, 0xX?}, {{0xX, 0xX, {0xX, 0xX}}, {0xX, 0xX}, {0xX, ...}})\n\t/home/janiskemper/Documents/syself/cluster-api-provider-hetzner/vendor/github.com/hetznercloud/hcloud-go/v2/hcloud/load_balancer.go:333 +0xX\ngithub.com/syself/cluster-api-provider-hetzner/pkg/services/hcloud/client.(*realClient).ListLoadBalancers(0xX?, {0xX?, 0xX?}, {{0xX, 0xX, {0xX, 0xX}}, {0xX, 0xX}, {0xX, ...}})\n\t/home/janiskemper/Documents/syself/cluster-api-provider-hetzner/pkg/services/hcloud/client/client.go:157 +0xX\ngithub.com/syself/cluster-api-provider-hetzner/pkg/services/hcloud/loadbalancer.(*Service).findLoadBalancer(0xX, {0xX, 0xX})\n\t/home/janiskemper/Documents/syself/cluster-api-provider-hetzner/pkg/services/hcloud/loadbalancer/loadbalancer.go:427 +0xX\ngithub.com/syself/cluster-api-provider-hetzner/pkg/services/hcloud/loadbalancer.(*Service).Reconcile(0xX, {0xX, 0xX})\n\t/home/janiskemper/Documents/syself/cluster-api-provider-hetzner/pkg/services/hcloud/loadbalancer/loadbalancer.go:65 +0xX\ngithub.com/syself/cluster-api-provider-hetzner/controllers.(*HetznerClusterReconciler).reconcileNormal(0xX?, {0xX, 0xX}, 0xX)\n\t/home/janiskemper/Documents/syself/cluster-api-provider-hetzner/controllers/hetznercluster_controller.go:219 +0xX\ngithub.com/syself/cluster-api-provider-hetzner/controllers.(*HetznerClusterReconciler).Reconcile(0xX, {0xX, 0xX}, {{{0xX?, 0xX?}, {0xX?, 0xX?}}})\n\t/home/janiskemper/Documents/syself/cluster-api-provider-hetzner/controllers/hetznercluster_controller.go:172 +0xX\nsigs.k8s.io/controller-runtime/pkg/internal/controller.(*Controller).Reconcile(0xX?, {0xX?, 0xX?}, {{{0xX?, 0xX?}, {0xX?, 0xX?}}})\n\t/home/janiskemper/Documents/syself/cluster-api-provider-hetzner/vendor/sigs.k8s.io/controller-runtime/pkg/internal/controller/controller.go:119 +0xX\nsigs.k8s.io/controller-runtime/pkg/internal/controller.(*Controller).reconcileHandler(0xX, {0xX, 0xX}, {0xX?, 0xX?})\n\t/home/janiskemper/Documents/syself/cluster-api-provider-hetzner/vendor/sigs.k8s.io/controller-runtime/pkg/internal/controller/controller.go:316 +0xX\nsigs.k8s.io/controller-runtime/pkg/internal/controller.(*Controller).processNextWorkItem(0xX, {0xX, 0xX})\n\t/home/janiskemper/Documents/syself/cluster-api-provider-hetzner/vendor/sigs.k8s.io/controller-runtime/pkg/internal/controller/controller.go:266 +0xX\nsigs.k8s.io/controller-runtime/pkg/internal/controller.(*Controller).Start.func2.2()\n\t/home/janiskemper/Documents/syself/cluster-api-provider-hetzner/vendor/sigs.k8s.io/controller-runtime/pkg/internal/controller/controller.go:227 +0xX\ncreated by sigs.k8s.io/controller-runtime/pkg/internal/controller.(*Controller).Start.func2 in goroutine 152\n\t/home/janiskemper/Documents/syself/cluster-api-provider-hetzner/vendor/sigs.k8s.io/controller-runtime/pkg/internal/controller/controller.go:223 +0xX\n"}
{"level":"INFO","time":"2024-06-11T11:03:48.724Z","logger":"hcloud-api","file":"client/client.go:102","message":"hcloud API called","controller":"hetznercluster","controllerGroup":"infrastructure.cluster.x-k8s.io","controllerKind":"HetznerCluster","HetznerCluster":{"name":"testing","namespace":"default"},"namespace":"default","name":"testing","reconcileID":"98dae02a-c788-43f1-a787-6860d89f2d7b","HetznerCluster":{"name":"testing","namespace":"default"},"Cluster":{"name":"testing","namespace":"default"},"statusCode":200,"method":"GET","url":"https://api.hetzner.cloud/v1/placement_groups?label_selector=caph-cluster-testing%3D%3Downed&page=1","hcloud_token":"xu9pK...","stack":"goroutine 460 [running]:\nruntime/debug.Stack()\n\t/usr/lib/golang/src/runtime/debug/stack.go:24 +0xX\ngithub.com/syself/cluster-api-provider-hetzner/pkg/services/hcloud/client.(*LoggingTransport).RoundTrip(0xX, 0xX)\n\t/home/janiskemper/Documents/syself/cluster-api-provider-hetzner/pkg/services/hcloud/client/client.go:93 +0xX\nnet/http.send(0xX, {0xX, 0xX}, {0xX?, 0xX?, 0xX?})\n\t/usr/lib/golang/src/net/http/client.go:260 +0xX\nnet/http.(*Client).send(0xX, 0xX, {0xX?, 0xX?, 0xX?})\n\t/usr/lib/golang/src/net/http/client.go:181 +0xX\nnet/http.(*Client).do(0xX, 0xX)\n\t/usr/lib/golang/src/net/http/client.go:724 +0xX\nnet/http.(*Client).Do(...)\n\t/usr/lib/golang/src/net/http/client.go:590\ngithub.com/hetznercloud/hcloud-go/v2/hcloud.(*Client).Do(0xX, 0xX, {0xX, 0xX})\n\t/home/janiskemper/Documents/syself/cluster-api-provider-hetzner/vendor/github.com/hetznercloud/hcloud-go/v2/hcloud/client.go:266 +0xX\ngithub.com/hetznercloud/hcloud-go/v2/hcloud.(*PlacementGroupClient).List(0xX, {0xX, 0xX}, {{0xX, 0xX, {0xX, 0xX}}, {0xX, 0xX}, {0xX, ...}, ...})\n\t/home/janiskemper/Documents/syself/cluster-api-provider-hetzner/vendor/github.com/hetznercloud/hcloud-go/v2/hcloud/placement_group.go:112 +0xX\ngithub.com/hetznercloud/hcloud-go/v2/hcloud.(*PlacementGroupClient).AllWithOpts.func1(0xX?)\n\t/home/janiskemper/Documents/syself/cluster-api-provider-hetzner/vendor/github.com/hetznercloud/hcloud-go/v2/hcloud/placement_group.go:140 +0xX\ngithub.com/hetznercloud/hcloud-go/v2/hcloud.(*Client).all(0xX?, 0xX)\n\t/home/janiskemper/Documents/syself/cluster-api-provider-hetzner/vendor/github.com/hetznercloud/hcloud-go/v2/hcloud/client.go:323 +0xX\ngithub.com/hetznercloud/hcloud-go/v2/hcloud.(*PlacementGroupClient).AllWithOpts(0xX?, {0xX?, 0xX?}, {{0xX, 0xX, {0xX, 0xX}}, {0xX, 0xX}, {0xX, ...}, ...})\n\t/home/janiskemper/Documents/syself/cluster-api-provider-hetzner/vendor/github.com/hetznercloud/hcloud-go/v2/hcloud/placement_group.go:138 +0xX\ngithub.com/syself/cluster-api-provider-hetzner/pkg/services/hcloud/client.(*realClient).ListPlacementGroups(0xX?, {0xX?, 0xX?}, {{0xX, 0xX, {0xX, 0xX}}, {0xX, 0xX}, {0xX, ...}, ...})\n\t/home/janiskemper/Documents/syself/cluster-api-provider-hetzner/pkg/services/hcloud/client/client.go:320 +0xX\ngithub.com/syself/cluster-api-provider-hetzner/pkg/services/hcloud/placementgroup.(*Service).findPlacementGroups(0xX, {0xX, 0xX})\n\t/home/janiskemper/Documents/syself/cluster-api-provider-hetzner/pkg/services/hcloud/placementgroup/placementgroup.go:165 +0xX\ngithub.com/syself/cluster-api-provider-hetzner/pkg/services/hcloud/placementgroup.(*Service).Reconcile(0xX, {0xX, 0xX})\n\t/home/janiskemper/Documents/syself/cluster-api-provider-hetzner/pkg/services/hcloud/placementgroup/placementgroup.go:64 +0xX\ngithub.com/syself/cluster-api-provider-hetzner/controllers.(*HetznerClusterReconciler).reconcileNormal(0xX?, {0xX, 0xX}, 0xX)\n\t/home/janiskemper/Documents/syself/cluster-api-provider-hetzner/controllers/hetznercluster_controller.go:228 +0xX\ngithub.com/syself/cluster-api-provider-hetzner/controllers.(*HetznerClusterReconciler).Reconcile(0xX, {0xX, 0xX}, {{{0xX?, 0xX?}, {0xX?, 0xX?}}})\n\t/home/janiskemper/Documents/syself/cluster-api-provider-hetzner/controllers/hetznercluster_controller.go:172 +0xX\nsigs.k8s.io/controller-runtime/pkg/internal/controller.(*Controller).Reconcile(0xX?, {0xX?, 0xX?}, {{{0xX?, 0xX?}, {0xX?, 0xX?}}})\n\t/home/janiskemper/Documents/syself/cluster-api-provider-hetzner/vendor/sigs.k8s.io/controller-runtime/pkg/internal/controller/controller.go:119 +0xX\nsigs.k8s.io/controller-runtime/pkg/internal/controller.(*Controller).reconcileHandler(0xX, {0xX, 0xX}, {0xX?, 0xX?})\n\t/home/janiskemper/Documents/syself/cluster-api-provider-hetzner/vendor/sigs.k8s.io/controller-runtime/pkg/internal/controller/controller.go:316 +0xX\nsigs.k8s.io/controller-runtime/pkg/internal/controller.(*Controller).processNextWorkItem(0xX, {0xX, 0xX})\n\t/home/janiskemper/Documents/syself/cluster-api-provider-hetzner/vendor/sigs.k8s.io/controller-runtime/pkg/internal/controller/controller.go:266 +0xX\nsigs.k8s.io/controller-runtime/pkg/internal/controller.(*Controller).Start.func2.2()\n\t/home/janiskemper/Documents/syself/cluster-api-provider-hetzner/vendor/sigs.k8s.io/controller-runtime/pkg/internal/controller/controller.go:227 +0xX\ncreated by sigs.k8s.io/controller-runtime/pkg/internal/controller.(*Controller).Start.func2 in goroutine 152\n\t/home/janiskemper/Documents/syself/cluster-api-provider-hetzner/vendor/sigs.k8s.io/controller-runtime/pkg/internal/controller/controller.go:223 +0xX\n"}
{"level":"INFO","time":"2024-06-11T11:05:03.724Z","logger":"hcloud-api","file":"client/client.go:102","message":"hcloud API called","controller":"hetznercluster","controllerGroup":"infrastructure.cluster.x-k8s.io","controllerKind":"HetznerCluster","HetznerCluster":{"name":"testing","namespace":"default"},"namespace":"default","name":"testing","reconcileID":"9250e2b5-74f3-4c42-91e9-6b5bb32396d4","HetznerCluster":{"name":"testing","namespace":"default"},"Cluster":{"name":"testing","namespace":"default"},"statusCode":200,"method":"GET","url":"https://api.hetzner.cloud/v1/load_balancers?label_selector=caph-cluster-testing%3D%3Downed&page=1","hcloud_token":"xu9pK...","stack":"goroutine 460 [running]:\nruntime/debug.Stack()\n\t/usr/lib/golang/src/runtime/debug/stack.go:24 +0xX\ngithub.com/syself/cluster-api-provider-hetzner/pkg/services/hcloud/client.(*LoggingTransport).RoundTrip(0xX, 0xX)\n\t/home/janiskemper/Documents/syself/cluster-api-provider-hetzner/pkg/services/hcloud/client/client.go:93 +0xX\nnet/http.send(0xX, {0xX, 0xX}, {0xX?, 0xX?, 0xX?})\n\t/usr/lib/golang/src/net/http/client.go:260 +0xX\nnet/http.(*Client).send(0xX, 0xX, {0xX?, 0xX?, 0xX?})\n\t/usr/lib/golang/src/net/http/client.go:181 +0xX\nnet/http.(*Client).do(0xX, 0xX)\n\t/usr/lib/golang/src/net/http/client.go:724 +0xX\nnet/http.(*Client).Do(...)\n\t/usr/lib/golang/src/net/http/client.go:590\ngithub.com/hetznercloud/hcloud-go/v2/hcloud.(*Client).Do(0xX, 0xX, {0xX, 0xX})\n\t/home/janiskemper/Documents/syself/cluster-api-provider-hetzner/vendor/github.com/hetznercloud/hcloud-go/v2/hcloud/client.go:266 +0xX\ngithub.com/hetznercloud/hcloud-go/v2/hcloud.(*LoadBalancerClient).List(0xX, {0xX, 0xX}, {{0xX, 0xX, {0xX, 0xX}}, {0xX, 0xX}, {0xX, ...}})\n\t/home/janiskemper/Documents/syself/cluster-api-provider-hetzner/vendor/github.com/hetznercloud/hcloud-go/v2/hcloud/load_balancer.go:313 +0xX\ngithub.com/hetznercloud/hcloud-go/v2/hcloud.(*LoadBalancerClient).AllWithOpts.func1(0xX?)\n\t/home/janiskemper/Documents/syself/cluster-api-provider-hetzner/vendor/github.com/hetznercloud/hcloud-go/v2/hcloud/load_balancer.go:335 +0xX\ngithub.com/hetznercloud/hcloud-go/v2/hcloud.(*Client).all(0xX?, 0xX)\n\t/home/janiskemper/Documents/syself/cluster-api-provider-hetzner/vendor/github.com/hetznercloud/hcloud-go/v2/hcloud/client.go:323 +0xX\ngithub.com/hetznercloud/hcloud-go/v2/hcloud.(*LoadBalancerClient).AllWithOpts(0xX?, {0xX?, 0xX?}, {{0xX, 0xX, {0xX, 0xX}}, {0xX, 0xX}, {0xX, ...}})\n\t/home/janiskemper/Documents/syself/cluster-api-provider-hetzner/vendor/github.com/hetznercloud/hcloud-go/v2/hcloud/load_balancer.go:333 +0xX\ngithub.com/syself/cluster-api-provider-hetzner/pkg/services/hcloud/client.(*realClient).ListLoadBalancers(0xX?, {0xX?, 0xX?}, {{0xX, 0xX, {0xX, 0xX}}, {0xX, 0xX}, {0xX, ...}})\n\t/home/janiskemper/Documents/syself/cluster-api-provider-hetzner/pkg/services/hcloud/client/client.go:157 +0xX\ngithub.com/syself/cluster-api-provider-hetzner/pkg/services/hcloud/loadbalancer.(*Service).findLoadBalancer(0xX, {0xX, 0xX})\n\t/home/janiskemper/Documents/syself/cluster-api-provider-hetzner/pkg/services/hcloud/loadbalancer/loadbalancer.go:427 +0xX\ngithub.com/syself/cluster-api-provider-hetzner/pkg/services/hcloud/loadbalancer.(*Service).Reconcile(0xX, {0xX, 0xX})\n\t/home/janiskemper/Documents/syself/cluster-api-provider-hetzner/pkg/services/hcloud/loadbalancer/loadbalancer.go:65 +0xX\ngithub.com/syself/cluster-api-provider-hetzner/controllers.(*HetznerClusterReconciler).reconcileNormal(0xX?, {0xX, 0xX}, 0xX)\n\t/home/janiskemper/Documents/syself/cluster-api-provider-hetzner/controllers/hetznercluster_controller.go:219 +0xX\ngithub.com/syself/cluster-api-provider-hetzner/controllers.(*HetznerClusterReconciler).Reconcile(0xX, {0xX, 0xX}, {{{0xX?, 0xX?}, {0xX?, 0xX?}}})\n\t/home/janiskemper/Documents/syself/cluster-api-provider-hetzner/controllers/hetznercluster_controller.go:172 +0xX\nsigs.k8s.io/controller-runtime/pkg/internal/controller.(*Controller).Reconcile(0xX?, {0xX?, 0xX?}, {{{0xX?, 0xX?}, {0xX?, 0xX?}}})\n\t/home/janiskemper/Documents/syself/cluster-api-provider-hetzner/vendor/sigs.k8s.io/controller-runtime/pkg/internal/controller/controller.go:119 +0xX\nsigs.k8s.io/controller-runtime/pkg/internal/controller.(*Controller).reconcileHandler(0xX, {0xX, 0xX}, {0xX?, 0xX?})\n\t/home/janiskemper/Documents/syself/cluster-api-provider-hetzner/vendor/sigs.k8s.io/controller-runtime/pkg/internal/controller/controller.go:316 +0xX\nsigs.k8s.io/controller-runtime/pkg/internal/controller.(*Controller).processNextWorkItem(0xX, {0xX, 0xX})\n\t/home/janiskemper/Documents/syself/cluster-api-provider-hetzner/vendor/sigs.k8s.io/controller-runtime/pkg/internal/controller/controller.go:266 +0xX\nsigs.k8s.io/controller-runtime/pkg/internal/controller.(*Controller).Start.func2.2()\n\t/home/janiskemper/Documents/syself/cluster-api-provider-hetzner/vendor/sigs.k8s.io/controller-runtime/pkg/internal/controller/controller.go:227 +0xX\ncreated by sigs.k8s.io/controller-runtime/pkg/internal/controller.(*Controller).Start.func2 in goroutine 152\n\t/home/janiskemper/Documents/syself/cluster-api-provider-hetzner/vendor/sigs.k8s.io/controller-runtime/pkg/internal/controller/controller.go:223 +0xX\n"}
{"level":"INFO","time":"2024-06-11T11:05:04.407Z","logger":"hcloud-api","file":"client/client.go:102","message":"hcloud API called","controller":"hetznercluster","controllerGroup":"infrastructure.cluster.x-k8s.io","controllerKind":"HetznerCluster","HetznerCluster":{"name":"testing","namespace":"default"},"namespace":"default","name":"testing","reconcileID":"9250e2b5-74f3-4c42-91e9-6b5bb32396d4","HetznerCluster":{"name":"testing","namespace":"default"},"Cluster":{"name":"testing","namespace":"default"},"statusCode":200,"method":"GET","url":"https://api.hetzner.cloud/v1/placement_groups?label_selector=caph-cluster-testing%3D%3Downed&page=1","hcloud_token":"xu9pK...","stack":"goroutine 460 [running]:\nruntime/debug.Stack()\n\t/usr/lib/golang/src/runtime/debug/stack.go:24 +0xX\ngithub.com/syself/cluster-api-provider-hetzner/pkg/services/hcloud/client.(*LoggingTransport).RoundTrip(0xX, 0xX)\n\t/home/janiskemper/Documents/syself/cluster-api-provider-hetzner/pkg/services/hcloud/client/client.go:93 +0xX\nnet/http.send(0xX, {0xX, 0xX}, {0xX?, 0xX?, 0xX?})\n\t/usr/lib/golang/src/net/http/client.go:260 +0xX\nnet/http.(*Client).send(0xX, 0xX, {0xX?, 0xX?, 0xX?})\n\t/usr/lib/golang/src/net/http/client.go:181 +0xX\nnet/http.(*Client).do(0xX, 0xX)\n\t/usr/lib/golang/src/net/http/client.go:724 +0xX\nnet/http.(*Client).Do(...)\n\t/usr/lib/golang/src/net/http/client.go:590\ngithub.com/hetznercloud/hcloud-go/v2/hcloud.(*Client).Do(0xX, 0xX, {0xX, 0xX})\n\t/home/janiskemper/Documents/syself/cluster-api-provider-hetzner/vendor/github.com/hetznercloud/hcloud-go/v2/hcloud/client.go:266 +0xX\ngithub.com/hetznercloud/hcloud-go/v2/hcloud.(*PlacementGroupClient).List(0xX, {0xX, 0xX}, {{0xX, 0xX, {0xX, 0xX}}, {0xX, 0xX}, {0xX, ...}, ...})\n\t/home/janiskemper/Documents/syself/cluster-api-provider-hetzner/vendor/github.com/hetznercloud/hcloud-go/v2/hcloud/placement_group.go:112 +0xX\ngithub.com/hetznercloud/hcloud-go/v2/hcloud.(*PlacementGroupClient).AllWithOpts.func1(0xX?)\n\t/home/janiskemper/Documents/syself/cluster-api-provider-hetzner/vendor/github.com/hetznercloud/hcloud-go/v2/hcloud/placement_group.go:140 +0xX\ngithub.com/hetznercloud/hcloud-go/v2/hcloud.(*Client).all(0xX?, 0xX)\n\t/home/janiskemper/Documents/syself/cluster-api-provider-hetzner/vendor/github.com/hetznercloud/hcloud-go/v2/hcloud/client.go:323 +0xX\ngithub.com/hetznercloud/hcloud-go/v2/hcloud.(*PlacementGroupClient).AllWithOpts(0xX?, {0xX?, 0xX?}, {{0xX, 0xX, {0xX, 0xX}}, {0xX, 0xX}, {0xX, ...}, ...})\n\t/home/janiskemper/Documents/syself/cluster-api-provider-hetzner/vendor/github.com/hetznercloud/hcloud-go/v2/hcloud/placement_group.go:138 +0xX\ngithub.com/syself/cluster-api-provider-hetzner/pkg/services/hcloud/client.(*realClient).ListPlacementGroups(0xX?, {0xX?, 0xX?}, {{0xX, 0xX, {0xX, 0xX}}, {0xX, 0xX}, {0xX, ...}, ...})\n\t/home/janiskemper/Documents/syself/cluster-api-provider-hetzner/pkg/services/hcloud/client/client.go:320 +0xX\ngithub.com/syself/cluster-api-provider-hetzner/pkg/services/hcloud/placementgroup.(*Service).findPlacementGroups(0xX, {0xX, 0xX})\n\t/home/janiskemper/Documents/syself/cluster-api-provider-hetzner/pkg/services/hcloud/placementgroup/placementgroup.go:165 +0xX\ngithub.com/syself/cluster-api-provider-hetzner/pkg/services/hcloud/placementgroup.(*Service).Reconcile(0xX, {0xX, 0xX})\n\t/home/janiskemper/Documents/syself/cluster-api-provider-hetzner/pkg/services/hcloud/placementgroup/placementgroup.go:64 +0xX\ngithub.com/syself/cluster-api-provider-hetzner/controllers.(*HetznerClusterReconciler).reconcileNormal(0xX?, {0xX, 0xX}, 0xX)\n\t/home/janiskemper/Documents/syself/cluster-api-provider-hetzner/controllers/hetznercluster_controller.go:228 +0xX\ngithub.com/syself/cluster-api-provider-hetzner/controllers.(*HetznerClusterReconciler).Reconcile(0xX, {0xX, 0xX}, {{{0xX?, 0xX?}, {0xX?, 0xX?}}})\n\t/home/janiskemper/Documents/syself/cluster-api-provider-hetzner/controllers/hetznercluster_controller.go:172 +0xX\nsigs.k8s.io/controller-runtime/pkg/internal/controller.(*Controller).Reconcile(0xX?, {0xX?, 0xX?}, {{{0xX?, 0xX?}, {0xX?, 0xX?}}})\n\t/home/janiskemper/Documents/syself/cluster-api-provider-hetzner/vendor/sigs.k8s.io/controller-runtime/pkg/internal/controller/controller.go:119 +0xX\nsigs.k8s.io/controller-runtime/pkg/internal/controller.(*Controller).reconcileHandler(0xX, {0xX, 0xX}, {0xX?, 0xX?})\n\t/home/janiskemper/Documents/syself/cluster-api-provider-hetzner/vendor/sigs.k8s.io/controller-runtime/pkg/internal/controller/controller.go:316 +0xX\nsigs.k8s.io/controller-runtime/pkg/internal/controller.(*Controller).processNextWorkItem(0xX, {0xX, 0xX})\n\t/home/janiskemper/Documents/syself/cluster-api-provider-hetzner/vendor/sigs.k8s.io/controller-runtime/pkg/internal/controller/controller.go:266 +0xX\nsigs.k8s.io/controller-runtime/pkg/internal/controller.(*Controller).Start.func2.2()\n\t/home/janiskemper/Documents/syself/cluster-api-provider-hetzner/vendor/sigs.k8s.io/controller-runtime/pkg/internal/controller/controller.go:227 +0xX\ncreated by sigs.k8s.io/controller-runtime/pkg/internal/controller.(*Controller).Start.func2 in goroutine 152\n\t/home/janiskemper/Documents/syself/cluster-api-provider-hetzner/vendor/sigs.k8s.io/controller-runtime/pkg/internal/controller/controller.go:223 +0xX\n"}
{"level":"INFO","time":"2024-06-11T11:05:08.311Z","logger":"hcloud-api","file":"client/client.go:102","message":"hcloud API called","controller":"hcloudmachine","controllerGroup":"infrastructure.cluster.x-k8s.io","controllerKind":"HCloudMachine","HCloudMachine":{"name":"testing-control-plane-svc5p","namespace":"default"},"namespace":"default","name":"testing-control-plane-svc5p","reconcileID":"21308075-cc47-47a6-890c-a74466c01df8","HCloudMachine":{"name":"testing-control-plane-svc5p","namespace":"default"},"Machine":{"name":"testing-control-plane-svc5p","namespace":"default"},"Cluster":{"name":"testing","namespace":"default"},"HetznerCluster":{"name":"testing","namespace":"default"},"statusCode":200,"method":"GET","url":"https://api.hetzner.cloud/v1/servers/48678441","hcloud_token":"xu9pK...","stack":"goroutine 463 [running]:\nruntime/debug.Stack()\n\t/usr/lib/golang/src/runtime/debug/stack.go:24 +0xX\ngithub.com/syself/cluster-api-provider-hetzner/pkg/services/hcloud/client.(*LoggingTransport).RoundTrip(0xX, 0xX)\n\t/home/janiskemper/Documents/syself/cluster-api-provider-hetzner/pkg/services/hcloud/client/client.go:93 +0xX\nnet/http.send(0xX, {0xX, 0xX}, {0xX?, 0xX?, 0xX?})\n\t/usr/lib/golang/src/net/http/client.go:260 +0xX\nnet/http.(*Client).send(0xX, 0xX, {0xX?, 0xX?, 0xX?})\n\t/usr/lib/golang/src/net/http/client.go:181 +0xX\nnet/http.(*Client).do(0xX, 0xX)\n\t/usr/lib/golang/src/net/http/client.go:724 +0xX\nnet/http.(*Client).Do(...)\n\t/usr/lib/golang/src/net/http/client.go:590\ngithub.com/hetznercloud/hcloud-go/v2/hcloud.(*Client).Do(0xX, 0xX, {0xX, 0xX})\n\t/home/janiskemper/Documents/syself/cluster-api-provider-hetzner/vendor/github.com/hetznercloud/hcloud-go/v2/hcloud/client.go:266 +0xX\ngithub.com/hetznercloud/hcloud-go/v2/hcloud.(*ServerClient).GetByID(0xX, {0xX, 0xX}, 0xX?)\n\t/home/janiskemper/Documents/syself/cluster-api-provider-hetzner/vendor/github.com/hetznercloud/hcloud-go/v2/hcloud/server.go:207 +0xX\ngithub.com/syself/cluster-api-provider-hetzner/pkg/services/hcloud/client.(*realClient).GetServer(0xX?, {0xX?, 0xX?}, 0xX?)\n\t/home/janiskemper/Documents/syself/cluster-api-provider-hetzner/pkg/services/hcloud/client/client.go:246 +0xX\ngithub.com/syself/cluster-api-provider-hetzner/pkg/services/hcloud/server.(*Service).findServer(0xX, {0xX, 0xX})\n\t/home/janiskemper/Documents/syself/cluster-api-provider-hetzner/pkg/services/hcloud/server/server.go:678 +0xX\ngithub.com/syself/cluster-api-provider-hetzner/pkg/services/hcloud/server.(*Service).Reconcile(0xX, {0xX, 0xX})\n\t/home/janiskemper/Documents/syself/cluster-api-provider-hetzner/pkg/services/hcloud/server/server.go:95 +0xX\ngithub.com/syself/cluster-api-provider-hetzner/controllers.(*HCloudMachineReconciler).reconcileNormal(0xX?, {0xX, 0xX}, 0xX)\n\t/home/janiskemper/Documents/syself/cluster-api-provider-hetzner/controllers/hcloudmachine_controller.go:208 +0xX\ngithub.com/syself/cluster-api-provider-hetzner/controllers.(*HCloudMachineReconciler).Reconcile(0xX, {0xX, 0xX}, {{{0xX?, 0xX?}, {0xX?, 0xX?}}})\n\t/home/janiskemper/Documents/syself/cluster-api-provider-hetzner/controllers/hcloudmachine_controller.go:175 +0xX\nsigs.k8s.io/controller-runtime/pkg/internal/controller.(*Controller).Reconcile(0xX?, {0xX?, 0xX?}, {{{0xX?, 0xX?}, {0xX?, 0xX?}}})\n\t/home/janiskemper/Documents/syself/cluster-api-provider-hetzner/vendor/sigs.k8s.io/controller-runtime/pkg/internal/controller/controller.go:119 +0xX\nsigs.k8s.io/controller-runtime/pkg/internal/controller.(*Controller).reconcileHandler(0xX, {0xX, 0xX}, {0xX?, 0xX?})\n\t/home/janiskemper/Documents/syself/cluster-api-provider-hetzner/vendor/sigs.k8s.io/controller-runtime/pkg/internal/controller/controller.go:316 +0xX\nsigs.k8s.io/controller-runtime/pkg/internal/controller.(*Controller).processNextWorkItem(0xX, {0xX, 0xX})\n\t/home/janiskemper/Documents/syself/cluster-api-provider-hetzner/vendor/sigs.k8s.io/controller-runtime/pkg/internal/controller/controller.go:266 +0xX\nsigs.k8s.io/controller-runtime/pkg/internal/controller.(*Controller).Start.func2.2()\n\t/home/janiskemper/Documents/syself/cluster-api-provider-hetzner/vendor/sigs.k8s.io/controller-runtime/pkg/internal/controller/controller.go:227 +0xX\ncreated by sigs.k8s.io/controller-runtime/pkg/internal/controller.(*Controller).Start.func2 in goroutine 46\n\t/home/janiskemper/Documents/syself/cluster-api-provider-hetzner/vendor/sigs.k8s.io/controller-runtime/pkg/internal/controller/controller.go:223 +0xX\n"}
{"level":"INFO","time":"2024-06-11T11:05:08.507Z","logger":"hcloud-api","file":"client/client.go:102","message":"hcloud API called","controller":"hcloudmachine","controllerGroup":"infrastructure.cluster.x-k8s.io","controllerKind":"HCloudMachine","HCloudMachine":{"name":"testing-control-plane-cfvjj","namespace":"default"},"namespace":"default","name":"testing-control-plane-cfvjj","reconcileID":"c44ad794-2802-40fc-a16b-81b7d87a6cde","HCloudMachine":{"name":"testing-control-plane-cfvjj","namespace":"default"},"Machine":{"name":"testing-control-plane-cfvjj","namespace":"default"},"Cluster":{"name":"testing","namespace":"default"},"HetznerCluster":{"name":"testing","namespace":"default"},"statusCode":200,"method":"GET","url":"https://api.hetzner.cloud/v1/servers/48678576","hcloud_token":"xu9pK...","stack":"goroutine 463 [running]:\nruntime/debug.Stack()\n\t/usr/lib/golang/src/runtime/debug/stack.go:24 +0xX\ngithub.com/syself/cluster-api-provider-hetzner/pkg/services/hcloud/client.(*LoggingTransport).RoundTrip(0xX, 0xX)\n\t/home/janiskemper/Documents/syself/cluster-api-provider-hetzner/pkg/services/hcloud/client/client.go:93 +0xX\nnet/http.send(0xX, {0xX, 0xX}, {0xX?, 0xX?, 0xX?})\n\t/usr/lib/golang/src/net/http/client.go:260 +0xX\nnet/http.(*Client).send(0xX, 0xX, {0xX?, 0xX?, 0xX?})\n\t/usr/lib/golang/src/net/http/client.go:181 +0xX\nnet/http.(*Client).do(0xX, 0xX)\n\t/usr/lib/golang/src/net/http/client.go:724 +0xX\nnet/http.(*Client).Do(...)\n\t/usr/lib/golang/src/net/http/client.go:590\ngithub.com/hetznercloud/hcloud-go/v2/hcloud.(*Client).Do(0xX, 0xX, {0xX, 0xX})\n\t/home/janiskemper/Documents/syself/cluster-api-provider-hetzner/vendor/github.com/hetznercloud/hcloud-go/v2/hcloud/client.go:266 +0xX\ngithub.com/hetznercloud/hcloud-go/v2/hcloud.(*ServerClient).GetByID(0xX, {0xX, 0xX}, 0xX?)\n\t/home/janiskemper/Documents/syself/cluster-api-provider-hetzner/vendor/github.com/hetznercloud/hcloud-go/v2/hcloud/server.go:207 +0xX\ngithub.com/syself/cluster-api-provider-hetzner/pkg/services/hcloud/client.(*realClient).GetServer(0xX?, {0xX?, 0xX?}, 0xX?)\n\t/home/janiskemper/Documents/syself/cluster-api-provider-hetzner/pkg/services/hcloud/client/client.go:246 +0xX\ngithub.com/syself/cluster-api-provider-hetzner/pkg/services/hcloud/server.(*Service).findServer(0xX, {0xX, 0xX})\n\t/home/janiskemper/Documents/syself/cluster-api-provider-hetzner/pkg/services/hcloud/server/server.go:678 +0xX\ngithub.com/syself/cluster-api-provider-hetzner/pkg/services/hcloud/server.(*Service).Reconcile(0xX, {0xX, 0xX})\n\t/home/janiskemper/Documents/syself/cluster-api-provider-hetzner/pkg/services/hcloud/server/server.go:95 +0xX\ngithub.com/syself/cluster-api-provider-hetzner/controllers.(*HCloudMachineReconciler).reconcileNormal(0xX?, {0xX, 0xX}, 0xX)\n\t/home/janiskemper/Documents/syself/cluster-api-provider-hetzner/controllers/hcloudmachine_controller.go:208 +0xX\ngithub.com/syself/cluster-api-provider-hetzner/controllers.(*HCloudMachineReconciler).Reconcile(0xX, {0xX, 0xX}, {{{0xX?, 0xX?}, {0xX?, 0xX?}}})\n\t/home/janiskemper/Documents/syself/cluster-api-provider-hetzner/controllers/hcloudmachine_controller.go:175 +0xX\nsigs.k8s.io/controller-runtime/pkg/internal/controller.(*Controller).Reconcile(0xX?, {0xX?, 0xX?}, {{{0xX?, 0xX?}, {0xX?, 0xX?}}})\n\t/home/janiskemper/Documents/syself/cluster-api-provider-hetzner/vendor/sigs.k8s.io/controller-runtime/pkg/internal/controller/controller.go:119 +0xX\nsigs.k8s.io/controller-runtime/pkg/internal/controller.(*Controller).reconcileHandler(0xX, {0xX, 0xX}, {0xX?, 0xX?})\n\t/home/janiskemper/Documents/syself/cluster-api-provider-hetzner/vendor/sigs.k8s.io/controller-runtime/pkg/internal/controller/controller.go:316 +0xX\nsigs.k8s.io/controller-runtime/pkg/internal/controller.(*Controller).processNextWorkItem(0xX, {0xX, 0xX})\n\t/home/janiskemper/Documents/syself/cluster-api-provider-hetzner/vendor/sigs.k8s.io/controller-runtime/pkg/internal/controller/controller.go:266 +0xX\nsigs.k8s.io/controller-runtime/pkg/internal/controller.(*Controller).Start.func2.2()\n\t/home/janiskemper/Documents/syself/cluster-api-provider-hetzner/vendor/sigs.k8s.io/controller-runtime/pkg/internal/controller/controller.go:227 +0xX\ncreated by sigs.k8s.io/controller-runtime/pkg/internal/controller.(*Controller).Start.func2 in goroutine 46\n\t/home/janiskemper/Documents/syself/cluster-api-provider-hetzner/vendor/sigs.k8s.io/controller-runtime/pkg/internal/controller/controller.go:223 +0xX\n"}
{"level":"INFO","time":"2024-06-11T11:05:08.725Z","logger":"hcloud-api","file":"client/client.go:102","message":"hcloud API called","controller":"hcloudmachine","controllerGroup":"infrastructure.cluster.x-k8s.io","controllerKind":"HCloudMachine","HCloudMachine":{"name":"testing-control-plane-lqtn6","namespace":"default"},"namespace":"default","name":"testing-control-plane-lqtn6","reconcileID":"b978d156-9a76-4616-9ebd-e71d7095f20f","HCloudMachine":{"name":"testing-control-plane-lqtn6","namespace":"default"},"Machine":{"name":"testing-control-plane-lqtn6","namespace":"default"},"Cluster":{"name":"testing","namespace":"default"},"HetznerCluster":{"name":"testing","namespace":"default"},"statusCode":200,"method":"GET","url":"https://api.hetzner.cloud/v1/servers/48678781","hcloud_token":"xu9pK...","stack":"goroutine 463 [running]:\nruntime/debug.Stack()\n\t/usr/lib/golang/src/runtime/debug/stack.go:24 +0xX\ngithub.com/syself/cluster-api-provider-hetzner/pkg/services/hcloud/client.(*LoggingTransport).RoundTrip(0xX, 0xX)\n\t/home/janiskemper/Documents/syself/cluster-api-provider-hetzner/pkg/services/hcloud/client/client.go:93 +0xX\nnet/http.send(0xX, {0xX, 0xX}, {0xX?, 0xX?, 0xX?})\n\t/usr/lib/golang/src/net/http/client.go:260 +0xX\nnet/http.(*Client).send(0xX, 0xX, {0xX?, 0xX?, 0xX?})\n\t/usr/lib/golang/src/net/http/client.go:181 +0xX\nnet/http.(*Client).do(0xX, 0xX)\n\t/usr/lib/golang/src/net/http/client.go:724 +0xX\nnet/http.(*Client).Do(...)\n\t/usr/lib/golang/src/net/http/client.go:590\ngithub.com/hetznercloud/hcloud-go/v2/hcloud.(*Client).Do(0xX, 0xX, {0xX, 0xX})\n\t/home/janiskemper/Documents/syself/cluster-api-provider-hetzner/vendor/github.com/hetznercloud/hcloud-go/v2/hcloud/client.go:266 +0xX\ngithub.com/hetznercloud/hcloud-go/v2/hcloud.(*ServerClient).GetByID(0xX, {0xX, 0xX}, 0xX?)\n\t/home/janiskemper/Documents/syself/cluster-api-provider-hetzner/vendor/github.com/hetznercloud/hcloud-go/v2/hcloud/server.go:207 +0xX\ngithub.com/syself/cluster-api-provider-hetzner/pkg/services/hcloud/client.(*realClient).GetServer(0xX?, {0xX?, 0xX?}, 0xX?)\n\t/home/janiskemper/Documents/syself/cluster-api-provider-hetzner/pkg/services/hcloud/client/client.go:246 +0xX\ngithub.com/syself/cluster-api-provider-hetzner/pkg/services/hcloud/server.(*Service).findServer(0xX, {0xX, 0xX})\n\t/home/janiskemper/Documents/syself/cluster-api-provider-hetzner/pkg/services/hcloud/server/server.go:678 +0xX\ngithub.com/syself/cluster-api-provider-hetzner/pkg/services/hcloud/server.(*Service).Reconcile(0xX, {0xX, 0xX})\n\t/home/janiskemper/Documents/syself/cluster-api-provider-hetzner/pkg/services/hcloud/server/server.go:95 +0xX\ngithub.com/syself/cluster-api-provider-hetzner/controllers.(*HCloudMachineReconciler).reconcileNormal(0xX?, {0xX, 0xX}, 0xX)\n\t/home/janiskemper/Documents/syself/cluster-api-provider-hetzner/controllers/hcloudmachine_controller.go:208 +0xX\ngithub.com/syself/cluster-api-provider-hetzner/controllers.(*HCloudMachineReconciler).Reconcile(0xX, {0xX, 0xX}, {{{0xX?, 0xX?}, {0xX?, 0xX?}}})\n\t/home/janiskemper/Documents/syself/cluster-api-provider-hetzner/controllers/hcloudmachine_controller.go:175 +0xX\nsigs.k8s.io/controller-runtime/pkg/internal/controller.(*Controller).Reconcile(0xX?, {0xX?, 0xX?}, {{{0xX?, 0xX?}, {0xX?, 0xX?}}})\n\t/home/janiskemper/Documents/syself/cluster-api-provider-hetzner/vendor/sigs.k8s.io/controller-runtime/pkg/internal/controller/controller.go:119 +0xX\nsigs.k8s.io/controller-runtime/pkg/internal/controller.(*Controller).reconcileHandler(0xX, {0xX, 0xX}, {0xX?, 0xX?})\n\t/home/janiskemper/Documents/syself/cluster-api-provider-hetzner/vendor/sigs.k8s.io/controller-runtime/pkg/internal/controller/controller.go:316 +0xX\nsigs.k8s.io/controller-runtime/pkg/internal/controller.(*Controller).processNextWorkItem(0xX, {0xX, 0xX})\n\t/home/janiskemper/Documents/syself/cluster-api-provider-hetzner/vendor/sigs.k8s.io/controller-runtime/pkg/internal/controller/controller.go:266 +0xX\nsigs.k8s.io/controller-runtime/pkg/internal/controller.(*Controller).Start.func2.2()\n\t/home/janiskemper/Documents/syself/cluster-api-provider-hetzner/vendor/sigs.k8s.io/controller-runtime/pkg/internal/controller/controller.go:227 +0xX\ncreated by sigs.k8s.io/controller-runtime/pkg/internal/controller.(*Controller).Start.func2 in goroutine 46\n\t/home/janiskemper/Documents/syself/cluster-api-provider-hetzner/vendor/sigs.k8s.io/controller-runtime/pkg/internal/controller/controller.go:223 +0xX\n"}
{"level":"INFO","time":"2024-06-11T11:05:08.944Z","logger":"hcloud-api","file":"client/client.go:102","message":"hcloud API called","controller":"hcloudmachine","controllerGroup":"infrastructure.cluster.x-k8s.io","controllerKind":"HCloudMachine","HCloudMachine":{"name":"testing-md-0-gsd7r-d5fd8","namespace":"default"},"namespace":"default","name":"testing-md-0-gsd7r-d5fd8","reconcileID":"03583c0f-666d-4143-b914-6d94f197202d","HCloudMachine":{"name":"testing-md-0-gsd7r-d5fd8","namespace":"default"},"Machine":{"name":"testing-md-0-gsd7r-d5fd8","namespace":"default"},"Cluster":{"name":"testing","namespace":"default"},"HetznerCluster":{"name":"testing","namespace":"default"},"statusCode":200,"method":"GET","url":"https://api.hetzner.cloud/v1/servers/48678575","hcloud_token":"xu9pK...","stack":"goroutine 463 [running]:\nruntime/debug.Stack()\n\t/usr/lib/golang/src/runtime/debug/stack.go:24 +0xX\ngithub.com/syself/cluster-api-provider-hetzner/pkg/services/hcloud/client.(*LoggingTransport).RoundTrip(0xX, 0xX)\n\t/home/janiskemper/Documents/syself/cluster-api-provider-hetzner/pkg/services/hcloud/client/client.go:93 +0xX\nnet/http.send(0xX, {0xX, 0xX}, {0xX?, 0xX?, 0xX?})\n\t/usr/lib/golang/src/net/http/client.go:260 +0xX\nnet/http.(*Client).send(0xX, 0xX, {0xX?, 0xX?, 0xX?})\n\t/usr/lib/golang/src/net/http/client.go:181 +0xX\nnet/http.(*Client).do(0xX, 0xX)\n\t/usr/lib/golang/src/net/http/client.go:724 +0xX\nnet/http.(*Client).Do(...)\n\t/usr/lib/golang/src/net/http/client.go:590\ngithub.com/hetznercloud/hcloud-go/v2/hcloud.(*Client).Do(0xX, 0xX, {0xX, 0xX})\n\t/home/janiskemper/Documents/syself/cluster-api-provider-hetzner/vendor/github.com/hetznercloud/hcloud-go/v2/hcloud/client.go:266 +0xX\ngithub.com/hetznercloud/hcloud-go/v2/hcloud.(*ServerClient).GetByID(0xX, {0xX, 0xX}, 0xX?)\n\t/home/janiskemper/Documents/syself/cluster-api-provider-hetzner/vendor/github.com/hetznercloud/hcloud-go/v2/hcloud/server.go:207 +0xX\ngithub.com/syself/cluster-api-provider-hetzner/pkg/services/hcloud/client.(*realClient).GetServer(0xX?, {0xX?, 0xX?}, 0xX?)\n\t/home/janiskemper/Documents/syself/cluster-api-provider-hetzner/pkg/services/hcloud/client/client.go:246 +0xX\ngithub.com/syself/cluster-api-provider-hetzner/pkg/services/hcloud/server.(*Service).findServer(0xX, {0xX, 0xX})\n\t/home/janiskemper/Documents/syself/cluster-api-provider-hetzner/pkg/services/hcloud/server/server.go:678 +0xX\ngithub.com/syself/cluster-api-provider-hetzner/pkg/services/hcloud/server.(*Service).Reconcile(0xX, {0xX, 0xX})\n\t/home/janiskemper/Documents/syself/cluster-api-provider-hetzner/pkg/services/hcloud/server/server.go:95 +0xX\ngithub.com/syself/cluster-api-provider-hetzner/controllers.(*HCloudMachineReconciler).reconcileNormal(0xX?, {0xX, 0xX}, 0xX)\n\t/home/janiskemper/Documents/syself/cluster-api-provider-hetzner/controllers/hcloudmachine_controller.go:208 +0xX\ngithub.com/syself/cluster-api-provider-hetzner/controllers.(*HCloudMachineReconciler).Reconcile(0xX, {0xX, 0xX}, {{{0xX?, 0xX?}, {0xX?, 0xX?}}})\n\t/home/janiskemper/Documents/syself/cluster-api-provider-hetzner/controllers/hcloudmachine_controller.go:175 +0xX\nsigs.k8s.io/controller-runtime/pkg/internal/controller.(*Controller).Reconcile(0xX?, {0xX?, 0xX?}, {{{0xX?, 0xX?}, {0xX?, 0xX?}}})\n\t/home/janiskemper/Documents/syself/cluster-api-provider-hetzner/vendor/sigs.k8s.io/controller-runtime/pkg/internal/controller/controller.go:119 +0xX\nsigs.k8s.io/controller-runtime/pkg/internal/controller.(*Controller).reconcileHandler(0xX, {0xX, 0xX}, {0xX?, 0xX?})\n\t/home/janiskemper/Documents/syself/cluster-api-provider-hetzner/vendor/sigs.k8s.io/controller-runtime/pkg/internal/controller/controller.go:316 +0xX\nsigs.k8s.io/controller-runtime/pkg/internal/controller.(*Controller).processNextWorkItem(0xX, {0xX, 0xX})\n\t/home/janiskemper/Documents/syself/cluster-api-provider-hetzner/vendor/sigs.k8s.io/controller-runtime/pkg/internal/controller/controller.go:266 +0xX\nsigs.k8s.io/controller-runtime/pkg/internal/controller.(*Controller).Start.func2.2()\n\t/home/janiskemper/Documents/syself/cluster-api-provider-hetzner/vendor/sigs.k8s.io/controller-runtime/pkg/internal/controller/controller.go:227 +0xX\ncreated by sigs.k8s.io/controller-runtime/pkg/internal/controller.(*Controller).Start.func2 in goroutine 46\n\t/home/janiskemper/Documents/syself/cluster-api-provider-hetzner/vendor/sigs.k8s.io/controller-runtime/pkg/internal/controller/controller.go:223 +0xX\n"}
{"level":"INFO","time":"2024-06-11T11:05:09.212Z","logger":"hcloud-api","file":"client/client.go:102","message":"hcloud API called","controller":"hcloudmachine","controllerGroup":"infrastructure.cluster.x-k8s.io","controllerKind":"HCloudMachine","HCloudMachine":{"name":"testing-md-0-gsd7r-rr28f","namespace":"default"},"namespace":"default","name":"testing-md-0-gsd7r-rr28f","reconcileID":"5c41b73f-5673-491f-86ce-22c326168a1e","HCloudMachine":{"name":"testing-md-0-gsd7r-rr28f","namespace":"default"},"Machine":{"name":"testing-md-0-gsd7r-rr28f","namespace":"default"},"Cluster":{"name":"testing","namespace":"default"},"HetznerCluster":{"name":"testing","namespace":"default"},"statusCode":200,"method":"GET","url":"https://api.hetzner.cloud/v1/servers/48678623","hcloud_token":"xu9pK...","stack":"goroutine 463 [running]:\nruntime/debug.Stack()\n\t/usr/lib/golang/src/runtime/debug/stack.go:24 +0xX\ngithub.com/syself/cluster-api-provider-hetzner/pkg/services/hcloud/client.(*LoggingTransport).RoundTrip(0xX, 0xX)\n\t/home/janiskemper/Documents/syself/cluster-api-provider-hetzner/pkg/services/hcloud/client/client.go:93 +0xX\nnet/http.send(0xX, {0xX, 0xX}, {0xX?, 0xX?, 0xX?})\n\t/usr/lib/golang/src/net/http/client.go:260 +0xX\nnet/http.(*Client).send(0xX, 0xX, {0xX?, 0xX?, 0xX?})\n\t/usr/lib/golang/src/net/http/client.go:181 +0xX\nnet/http.(*Client).do(0xX, 0xX)\n\t/usr/lib/golang/src/net/http/client.go:724 +0xX\nnet/http.(*Client).Do(...)\n\t/usr/lib/golang/src/net/http/client.go:590\ngithub.com/hetznercloud/hcloud-go/v2/hcloud.(*Client).Do(0xX, 0xX, {0xX, 0xX})\n\t/home/janiskemper/Documents/syself/cluster-api-provider-hetzner/vendor/github.com/hetznercloud/hcloud-go/v2/hcloud/client.go:266 +0xX\ngithub.com/hetznercloud/hcloud-go/v2/hcloud.(*ServerClient).GetByID(0xX, {0xX, 0xX}, 0xX?)\n\t/home/janiskemper/Documents/syself/cluster-api-provider-hetzner/vendor/github.com/hetznercloud/hcloud-go/v2/hcloud/server.go:207 +0xX\ngithub.com/syself/cluster-api-provider-hetzner/pkg/services/hcloud/client.(*realClient).GetServer(0xX?, {0xX?, 0xX?}, 0xX?)\n\t/home/janiskemper/Documents/syself/cluster-api-provider-hetzner/pkg/services/hcloud/client/client.go:246 +0xX\ngithub.com/syself/cluster-api-provider-hetzner/pkg/services/hcloud/server.(*Service).findServer(0xX, {0xX, 0xX})\n\t/home/janiskemper/Documents/syself/cluster-api-provider-hetzner/pkg/services/hcloud/server/server.go:678 +0xX\ngithub.com/syself/cluster-api-provider-hetzner/pkg/services/hcloud/server.(*Service).Reconcile(0xX, {0xX, 0xX})\n\t/home/janiskemper/Documents/syself/cluster-api-provider-hetzner/pkg/services/hcloud/server/server.go:95 +0xX\ngithub.com/syself/cluster-api-provider-hetzner/controllers.(*HCloudMachineReconciler).reconcileNormal(0xX?, {0xX, 0xX}, 0xX)\n\t/home/janiskemper/Documents/syself/cluster-api-provider-hetzner/controllers/hcloudmachine_controller.go:208 +0xX\ngithub.com/syself/cluster-api-provider-hetzner/controllers.(*HCloudMachineReconciler).Reconcile(0xX, {0xX, 0xX}, {{{0xX?, 0xX?}, {0xX?, 0xX?}}})\n\t/home/janiskemper/Documents/syself/cluster-api-provider-hetzner/controllers/hcloudmachine_controller.go:175 +0xX\nsigs.k8s.io/controller-runtime/pkg/internal/controller.(*Controller).Reconcile(0xX?, {0xX?, 0xX?}, {{{0xX?, 0xX?}, {0xX?, 0xX?}}})\n\t/home/janiskemper/Documents/syself/cluster-api-provider-hetzner/vendor/sigs.k8s.io/controller-runtime/pkg/internal/controller/controller.go:119 +0xX\nsigs.k8s.io/controller-runtime/pkg/internal/controller.(*Controller).reconcileHandler(0xX, {0xX, 0xX}, {0xX?, 0xX?})\n\t/home/janiskemper/Documents/syself/cluster-api-provider-hetzner/vendor/sigs.k8s.io/controller-runtime/pkg/internal/controller/controller.go:316 +0xX\nsigs.k8s.io/controller-runtime/pkg/internal/controller.(*Controller).processNextWorkItem(0xX, {0xX, 0xX})\n\t/home/janiskemper/Documents/syself/cluster-api-provider-hetzner/vendor/sigs.k8s.io/controller-runtime/pkg/internal/controller/controller.go:266 +0xX\nsigs.k8s.io/controller-runtime/pkg/internal/controller.(*Controller).Start.func2.2()\n\t/home/janiskemper/Documents/syself/cluster-api-provider-hetzner/vendor/sigs.k8s.io/controller-runtime/pkg/internal/controller/controller.go:227 +0xX\ncreated by sigs.k8s.io/controller-runtime/pkg/internal/controller.(*Controller).Start.func2 in goroutine 46\n\t/home/janiskemper/Documents/syself/cluster-api-provider-hetzner/vendor/sigs.k8s.io/controller-runtime/pkg/internal/controller/controller.go:223 +0xX\n"}
{"level":"INFO","time":"2024-06-11T11:05:09.444Z","logger":"hcloud-api","file":"client/client.go:102","message":"hcloud API called","controller":"hcloudmachine","controllerGroup":"infrastructure.cluster.x-k8s.io","controllerKind":"HCloudMachine","HCloudMachine":{"name":"testing-md-0-gsd7r-s4p9d","namespace":"default"},"namespace":"default","name":"testing-md-0-gsd7r-s4p9d","reconcileID":"b10d920b-62cb-48d1-aa47-f8a2410de822","HCloudMachine":{"name":"testing-md-0-gsd7r-s4p9d","namespace":"default"},"Machine":{"name":"testing-md-0-gsd7r-s4p9d","namespace":"default"},"Cluster":{"name":"testing","namespace":"default"},"HetznerCluster":{"name":"testing","namespace":"default"},"statusCode":200,"method":"GET","url":"https://api.hetzner.cloud/v1/servers/48678624","hcloud_token":"xu9pK...","stack":"goroutine 463 [running]:\nruntime/debug.Stack()\n\t/usr/lib/golang/src/runtime/debug/stack.go:24 +0xX\ngithub.com/syself/cluster-api-provider-hetzner/pkg/services/hcloud/client.(*LoggingTransport).RoundTrip(0xX, 0xX)\n\t/home/janiskemper/Documents/syself/cluster-api-provider-hetzner/pkg/services/hcloud/client/client.go:93 +0xX\nnet/http.send(0xX, {0xX, 0xX}, {0xX?, 0xX?, 0xX?})\n\t/usr/lib/golang/src/net/http/client.go:260 +0xX\nnet/http.(*Client).send(0xX, 0xX, {0xX?, 0xX?, 0xX?})\n\t/usr/lib/golang/src/net/http/client.go:181 +0xX\nnet/http.(*Client).do(0xX, 0xX)\n\t/usr/lib/golang/src/net/http/client.go:724 +0xX\nnet/http.(*Client).Do(...)\n\t/usr/lib/golang/src/net/http/client.go:590\ngithub.com/hetznercloud/hcloud-go/v2/hcloud.(*Client).Do(0xX, 0xX, {0xX, 0xX})\n\t/home/janiskemper/Documents/syself/cluster-api-provider-hetzner/vendor/github.com/hetznercloud/hcloud-go/v2/hcloud/client.go:266 +0xX\ngithub.com/hetznercloud/hcloud-go/v2/hcloud.(*ServerClient).GetByID(0xX, {0xX, 0xX}, 0xX?)\n\t/home/janiskemper/Documents/syself/cluster-api-provider-hetzner/vendor/github.com/hetznercloud/hcloud-go/v2/hcloud/server.go:207 +0xX\ngithub.com/syself/cluster-api-provider-hetzner/pkg/services/hcloud/client.(*realClient).GetServer(0xX?, {0xX?, 0xX?}, 0xX?)\n\t/home/janiskemper/Documents/syself/cluster-api-provider-hetzner/pkg/services/hcloud/client/client.go:246 +0xX\ngithub.com/syself/cluster-api-provider-hetzner/pkg/services/hcloud/server.(*Service).findServer(0xX, {0xX, 0xX})\n\t/home/janiskemper/Documents/syself/cluster-api-provider-hetzner/pkg/services/hcloud/server/server.go:678 +0xX\ngithub.com/syself/cluster-api-provider-hetzner/pkg/services/hcloud/server.(*Service).Reconcile(0xX, {0xX, 0xX})\n\t/home/janiskemper/Documents/syself/cluster-api-provider-hetzner/pkg/services/hcloud/server/server.go:95 +0xX\ngithub.com/syself/cluster-api-provider-hetzner/controllers.(*HCloudMachineReconciler).reconcileNormal(0xX?, {0xX, 0xX}, 0xX)\n\t/home/janiskemper/Documents/syself/cluster-api-provider-hetzner/controllers/hcloudmachine_controller.go:208 +0xX\ngithub.com/syself/cluster-api-provider-hetzner/controllers.(*HCloudMachineReconciler).Reconcile(0xX, {0xX, 0xX}, {{{0xX?, 0xX?}, {0xX?, 0xX?}}})\n\t/home/janiskemper/Documents/syself/cluster-api-provider-hetzner/controllers/hcloudmachine_controller.go:175 +0xX\nsigs.k8s.io/controller-runtime/pkg/internal/controller.(*Controller).Reconcile(0xX?, {0xX?, 0xX?}, {{{0xX?, 0xX?}, {0xX?, 0xX?}}})\n\t/home/janiskemper/Documents/syself/cluster-api-provider-hetzner/vendor/sigs.k8s.io/controller-runtime/pkg/internal/controller/controller.go:119 +0xX\nsigs.k8s.io/controller-runtime/pkg/internal/controller.(*Controller).reconcileHandler(0xX, {0xX, 0xX}, {0xX?, 0xX?})\n\t/home/janiskemper/Documents/syself/cluster-api-provider-hetzner/vendor/sigs.k8s.io/controller-runtime/pkg/internal/controller/controller.go:316 +0xX\nsigs.k8s.io/controller-runtime/pkg/internal/controller.(*Controller).processNextWorkItem(0xX, {0xX, 0xX})\n\t/home/janiskemper/Documents/syself/cluster-api-provider-hetzner/vendor/sigs.k8s.io/controller-runtime/pkg/internal/controller/controller.go:266 +0xX\nsigs.k8s.io/controller-runtime/pkg/internal/controller.(*Controller).Start.func2.2()\n\t/home/janiskemper/Documents/syself/cluster-api-provider-hetzner/vendor/sigs.k8s.io/controller-runtime/pkg/internal/controller/controller.go:227 +0xX\ncreated by sigs.k8s.io/controller-runtime/pkg/internal/controller.(*Controller).Start.func2 in goroutine 46\n\t/home/janiskemper/Documents/syself/cluster-api-provider-hetzner/vendor/sigs.k8s.io/controller-runtime/pkg/internal/controller/controller.go:223 +0xX\n"}
{"level":"INFO","time":"2024-06-11T11:05:25.206Z","logger":"hcloud-api","file":"client/client.go:102","message":"hcloud API called","controller":"hcloudmachine","controllerGroup":"infrastructure.cluster.x-k8s.io","controllerKind":"HCloudMachine","HCloudMachine":{"name":"testing-control-plane-svc5p","namespace":"default"},"namespace":"default","name":"testing-control-plane-svc5p","reconcileID":"559e1a40-ce2f-4642-8687-7cf1d8e2d79d","HCloudMachine":{"name":"testing-control-plane-svc5p","namespace":"default"},"Machine":{"name":"testing-control-plane-svc5p","namespace":"default"},"Cluster":{"name":"testing","namespace":"default"},"HetznerCluster":{"name":"testing","namespace":"default"},"statusCode":200,"method":"GET","url":"https://api.hetzner.cloud/v1/servers/48678441","hcloud_token":"xu9pK...","stack":"goroutine 463 [running]:\nruntime/debug.Stack()\n\t/usr/lib/golang/src/runtime/debug/stack.go:24 +0xX\ngithub.com/syself/cluster-api-provider-hetzner/pkg/services/hcloud/client.(*LoggingTransport).RoundTrip(0xX, 0xX)\n\t/home/janiskemper/Documents/syself/cluster-api-provider-hetzner/pkg/services/hcloud/client/client.go:93 +0xX\nnet/http.send(0xX, {0xX, 0xX}, {0xX?, 0xX?, 0xX?})\n\t/usr/lib/golang/src/net/http/client.go:260 +0xX\nnet/http.(*Client).send(0xX, 0xX, {0xX?, 0xX?, 0xX?})\n\t/usr/lib/golang/src/net/http/client.go:181 +0xX\nnet/http.(*Client).do(0xX, 0xX)\n\t/usr/lib/golang/src/net/http/client.go:724 +0xX\nnet/http.(*Client).Do(...)\n\t/usr/lib/golang/src/net/http/client.go:590\ngithub.com/hetznercloud/hcloud-go/v2/hcloud.(*Client).Do(0xX, 0xX, {0xX, 0xX})\n\t/home/janiskemper/Documents/syself/cluster-api-provider-hetzner/vendor/github.com/hetznercloud/hcloud-go/v2/hcloud/client.go:266 +0xX\ngithub.com/hetznercloud/hcloud-go/v2/hcloud.(*ServerClient).GetByID(0xX, {0xX, 0xX}, 0xX?)\n\t/home/janiskemper/Documents/syself/cluster-api-provider-hetzner/vendor/github.com/hetznercloud/hcloud-go/v2/hcloud/server.go:207 +0xX\ngithub.com/syself/cluster-api-provider-hetzner/pkg/services/hcloud/client.(*realClient).GetServer(0xX?, {0xX?, 0xX?}, 0xX?)\n\t/home/janiskemper/Documents/syself/cluster-api-provider-hetzner/pkg/services/hcloud/client/client.go:246 +0xX\ngithub.com/syself/cluster-api-provider-hetzner/pkg/services/hcloud/server.(*Service).findServer(0xX, {0xX, 0xX})\n\t/home/janiskemper/Documents/syself/cluster-api-provider-hetzner/pkg/services/hcloud/server/server.go:678 +0xX\ngithub.com/syself/cluster-api-provider-hetzner/pkg/services/hcloud/server.(*Service).Reconcile(0xX, {0xX, 0xX})\n\t/home/janiskemper/Documents/syself/cluster-api-provider-hetzner/pkg/services/hcloud/server/server.go:95 +0xX\ngithub.com/syself/cluster-api-provider-hetzner/controllers.(*HCloudMachineReconciler).reconcileNormal(0xX?, {0xX, 0xX}, 0xX)\n\t/home/janiskemper/Documents/syself/cluster-api-provider-hetzner/controllers/hcloudmachine_controller.go:208 +0xX\ngithub.com/syself/cluster-api-provider-hetzner/controllers.(*HCloudMachineReconciler).Reconcile(0xX, {0xX, 0xX}, {{{0xX?, 0xX?}, {0xX?, 0xX?}}})\n\t/home/janiskemper/Documents/syself/cluster-api-provider-hetzner/controllers/hcloudmachine_controller.go:175 +0xX\nsigs.k8s.io/controller-runtime/pkg/internal/controller.(*Controller).Reconcile(0xX?, {0xX?, 0xX?}, {{{0xX?, 0xX?}, {0xX?, 0xX?}}})\n\t/home/janiskemper/Documents/syself/cluster-api-provider-hetzner/vendor/sigs.k8s.io/controller-runtime/pkg/internal/controller/controller.go:119 +0xX\nsigs.k8s.io/controller-runtime/pkg/internal/controller.(*Controller).reconcileHandler(0xX, {0xX, 0xX}, {0xX?, 0xX?})\n\t/home/janiskemper/Documents/syself/cluster-api-provider-hetzner/vendor/sigs.k8s.io/controller-runtime/pkg/internal/controller/controller.go:316 +0xX\nsigs.k8s.io/controller-runtime/pkg/internal/controller.(*Controller).processNextWorkItem(0xX, {0xX, 0xX})\n\t/home/janiskemper/Documents/syself/cluster-api-provider-hetzner/vendor/sigs.k8s.io/controller-runtime/pkg/internal/controller/controller.go:266 +0xX\nsigs.k8s.io/controller-runtime/pkg/internal/controller.(*Controller).Start.func2.2()\n\t/home/janiskemper/Documents/syself/cluster-api-provider-hetzner/vendor/sigs.k8s.io/controller-runtime/pkg/internal/controller/controller.go:227 +0xX\ncreated by sigs.k8s.io/controller-runtime/pkg/internal/controller.(*Controller).Start.func2 in goroutine 46\n\t/home/janiskemper/Documents/syself/cluster-api-provider-hetzner/vendor/sigs.k8s.io/controller-runtime/pkg/internal/controller/controller.go:223 +0xX\n"}
{"level":"INFO","time":"2024-06-11T11:05:25.534Z","logger":"hcloud-api","file":"client/client.go:102","message":"hcloud API called","controller":"hcloudmachine","controllerGroup":"infrastructure.cluster.x-k8s.io","controllerKind":"HCloudMachine","HCloudMachine":{"name":"testing-control-plane-cfvjj","namespace":"default"},"namespace":"default","name":"testing-control-plane-cfvjj","reconcileID":"58266c72-ede9-4ad2-9b65-91f98e8b1ef5","HCloudMachine":{"name":"testing-control-plane-cfvjj","namespace":"default"},"Machine":{"name":"testing-control-plane-cfvjj","namespace":"default"},"Cluster":{"name":"testing","namespace":"default"},"HetznerCluster":{"name":"testing","namespace":"default"},"statusCode":200,"method":"GET","url":"https://api.hetzner.cloud/v1/servers/48678576","hcloud_token":"xu9pK...","stack":"goroutine 463 [running]:\nruntime/debug.Stack()\n\t/usr/lib/golang/src/runtime/debug/stack.go:24 +0xX\ngithub.com/syself/cluster-api-provider-hetzner/pkg/services/hcloud/client.(*LoggingTransport).RoundTrip(0xX, 0xX)\n\t/home/janiskemper/Documents/syself/cluster-api-provider-hetzner/pkg/services/hcloud/client/client.go:93 +0xX\nnet/http.send(0xX, {0xX, 0xX}, {0xX?, 0xX?, 0xX?})\n\t/usr/lib/golang/src/net/http/client.go:260 +0xX\nnet/http.(*Client).send(0xX, 0xX, {0xX?, 0xX?, 0xX?})\n\t/usr/lib/golang/src/net/http/client.go:181 +0xX\nnet/http.(*Client).do(0xX, 0xX)\n\t/usr/lib/golang/src/net/http/client.go:724 +0xX\nnet/http.(*Client).Do(...)\n\t/usr/lib/golang/src/net/http/client.go:590\ngithub.com/hetznercloud/hcloud-go/v2/hcloud.(*Client).Do(0xX, 0xX, {0xX, 0xX})\n\t/home/janiskemper/Documents/syself/cluster-api-provider-hetzner/vendor/github.com/hetznercloud/hcloud-go/v2/hcloud/client.go:266 +0xX\ngithub.com/hetznercloud/hcloud-go/v2/hcloud.(*ServerClient).GetByID(0xX, {0xX, 0xX}, 0xX?)\n\t/home/janiskemper/Documents/syself/cluster-api-provider-hetzner/vendor/github.com/hetznercloud/hcloud-go/v2/hcloud/server.go:207 +0xX\ngithub.com/syself/cluster-api-provider-hetzner/pkg/services/hcloud/client.(*realClient).GetServer(0xX?, {0xX?, 0xX?}, 0xX?)\n\t/home/janiskemper/Documents/syself/cluster-api-provider-hetzner/pkg/services/hcloud/client/client.go:246 +0xX\ngithub.com/syself/cluster-api-provider-hetzner/pkg/services/hcloud/server.(*Service).findServer(0xX, {0xX, 0xX})\n\t/home/janiskemper/Documents/syself/cluster-api-provider-hetzner/pkg/services/hcloud/server/server.go:678 +0xX\ngithub.com/syself/cluster-api-provider-hetzner/pkg/services/hcloud/server.(*Service).Reconcile(0xX, {0xX, 0xX})\n\t/home/janiskemper/Documents/syself/cluster-api-provider-hetzner/pkg/services/hcloud/server/server.go:95 +0xX\ngithub.com/syself/cluster-api-provider-hetzner/controllers.(*HCloudMachineReconciler).reconcileNormal(0xX?, {0xX, 0xX}, 0xX)\n\t/home/janiskemper/Documents/syself/cluster-api-provider-hetzner/controllers/hcloudmachine_controller.go:208 +0xX\ngithub.com/syself/cluster-api-provider-hetzner/controllers.(*HCloudMachineReconciler).Reconcile(0xX, {0xX, 0xX}, {{{0xX?, 0xX?}, {0xX?, 0xX?}}})\n\t/home/janiskemper/Documents/syself/cluster-api-provider-hetzner/controllers/hcloudmachine_controller.go:175 +0xX\nsigs.k8s.io/controller-runtime/pkg/internal/controller.(*Controller).Reconcile(0xX?, {0xX?, 0xX?}, {{{0xX?, 0xX?}, {0xX?, 0xX?}}})\n\t/home/janiskemper/Documents/syself/cluster-api-provider-hetzner/vendor/sigs.k8s.io/controller-runtime/pkg/internal/controller/controller.go:119 +0xX\nsigs.k8s.io/controller-runtime/pkg/internal/controller.(*Controller).reconcileHandler(0xX, {0xX, 0xX}, {0xX?, 0xX?})\n\t/home/janiskemper/Documents/syself/cluster-api-provider-hetzner/vendor/sigs.k8s.io/controller-runtime/pkg/internal/controller/controller.go:316 +0xX\nsigs.k8s.io/controller-runtime/pkg/internal/controller.(*Controller).processNextWorkItem(0xX, {0xX, 0xX})\n\t/home/janiskemper/Documents/syself/cluster-api-provider-hetzner/vendor/sigs.k8s.io/controller-runtime/pkg/internal/controller/controller.go:266 +0xX\nsigs.k8s.io/controller-runtime/pkg/internal/controller.(*Controller).Start.func2.2()\n\t/home/janiskemper/Documents/syself/cluster-api-provider-hetzner/vendor/sigs.k8s.io/controller-runtime/pkg/internal/controller/controller.go:227 +0xX\ncreated by sigs.k8s.io/controller-runtime/pkg/internal/controller.(*Controller).Start.func2 in goroutine 46\n\t/home/janiskemper/Documents/syself/cluster-api-provider-hetzner/vendor/sigs.k8s.io/controller-runtime/pkg/internal/controller/controller.go:223 +0xX\n"}
{"level":"INFO","time":"2024-06-11T11:05:26.121Z","logger":"hcloud-api","file":"client/client.go:102","message":"hcloud API called","controller":"hcloudmachine","controllerGroup":"infrastructure.cluster.x-k8s.io","controllerKind":"HCloudMachine","HCloudMachine":{"name":"testing-control-plane-lqtn6","namespace":"default"},"namespace":"default","name":"testing-control-plane-lqtn6","reconcileID":"e516c530-5801-4298-8e64-398051b0c5b8","HCloudMachine":{"name":"testing-control-plane-lqtn6","namespace":"default"},"Machine":{"name":"testing-control-plane-lqtn6","namespace":"default"},"Cluster":{"name":"testing","namespace":"default"},"HetznerCluster":{"name":"testing","namespace":"default"},"statusCode":200,"method":"GET","url":"https://api.hetzner.cloud/v1/servers/48678781","hcloud_token":"xu9pK...","stack":"goroutine 463 [running]:\nruntime/debug.Stack()\n\t/usr/lib/golang/src/runtime/debug/stack.go:24 +0xX\ngithub.com/syself/cluster-api-provider-hetzner/pkg/services/hcloud/client.(*LoggingTransport).RoundTrip(0xX, 0xX)\n\t/home/janiskemper/Documents/syself/cluster-api-provider-hetzner/pkg/services/hcloud/client/client.go:93 +0xX\nnet/http.send(0xX, {0xX, 0xX}, {0xX?, 0xX?, 0xX?})\n\t/usr/lib/golang/src/net/http/client.go:260 +0xX\nnet/http.(*Client).send(0xX, 0xX, {0xX?, 0xX?, 0xX?})\n\t/usr/lib/golang/src/net/http/client.go:181 +0xX\nnet/http.(*Client).do(0xX, 0xX)\n\t/usr/lib/golang/src/net/http/client.go:724 +0xX\nnet/http.(*Client).Do(...)\n\t/usr/lib/golang/src/net/http/client.go:590\ngithub.com/hetznercloud/hcloud-go/v2/hcloud.(*Client).Do(0xX, 0xX, {0xX, 0xX})\n\t/home/janiskemper/Documents/syself/cluster-api-provider-hetzner/vendor/github.com/hetznercloud/hcloud-go/v2/hcloud/client.go:266 +0xX\ngithub.com/hetznercloud/hcloud-go/v2/hcloud.(*ServerClient).GetByID(0xX, {0xX, 0xX}, 0xX?)\n\t/home/janiskemper/Documents/syself/cluster-api-provider-hetzner/vendor/github.com/hetznercloud/hcloud-go/v2/hcloud/server.go:207 +0xX\ngithub.com/syself/cluster-api-provider-hetzner/pkg/services/hcloud/client.(*realClient).GetServer(0xX?, {0xX?, 0xX?}, 0xX?)\n\t/home/janiskemper/Documents/syself/cluster-api-provider-hetzner/pkg/services/hcloud/client/client.go:246 +0xX\ngithub.com/syself/cluster-api-provider-hetzner/pkg/services/hcloud/server.(*Service).findServer(0xX, {0xX, 0xX})\n\t/home/janiskemper/Documents/syself/cluster-api-provider-hetzner/pkg/services/hcloud/server/server.go:678 +0xX\ngithub.com/syself/cluster-api-provider-hetzner/pkg/services/hcloud/server.(*Service).Reconcile(0xX, {0xX, 0xX})\n\t/home/janiskemper/Documents/syself/cluster-api-provider-hetzner/pkg/services/hcloud/server/server.go:95 +0xX\ngithub.com/syself/cluster-api-provider-hetzner/controllers.(*HCloudMachineReconciler).reconcileNormal(0xX?, {0xX, 0xX}, 0xX)\n\t/home/janiskemper/Documents/syself/cluster-api-provider-hetzner/controllers/hcloudmachine_controller.go:208 +0xX\ngithub.com/syself/cluster-api-provider-hetzner/controllers.(*HCloudMachineReconciler).Reconcile(0xX, {0xX, 0xX}, {{{0xX?, 0xX?}, {0xX?, 0xX?}}})\n\t/home/janiskemper/Documents/syself/cluster-api-provider-hetzner/controllers/hcloudmachine_controller.go:175 +0xX\nsigs.k8s.io/controller-runtime/pkg/internal/controller.(*Controller).Reconcile(0xX?, {0xX?, 0xX?}, {{{0xX?, 0xX?}, {0xX?, 0xX?}}})\n\t/home/janiskemper/Documents/syself/cluster-api-provider-hetzner/vendor/sigs.k8s.io/controller-runtime/pkg/internal/controller/controller.go:119 +0xX\nsigs.k8s.io/controller-runtime/pkg/internal/controller.(*Controller).reconcileHandler(0xX, {0xX, 0xX}, {0xX?, 0xX?})\n\t/home/janiskemper/Documents/syself/cluster-api-provider-hetzner/vendor/sigs.k8s.io/controller-runtime/pkg/internal/controller/controller.go:316 +0xX\nsigs.k8s.io/controller-runtime/pkg/internal/controller.(*Controller).processNextWorkItem(0xX, {0xX, 0xX})\n\t/home/janiskemper/Documents/syself/cluster-api-provider-hetzner/vendor/sigs.k8s.io/controller-runtime/pkg/internal/controller/controller.go:266 +0xX\nsigs.k8s.io/controller-runtime/pkg/internal/controller.(*Controller).Start.func2.2()\n\t/home/janiskemper/Documents/syself/cluster-api-provider-hetzner/vendor/sigs.k8s.io/controller-runtime/pkg/internal/controller/controller.go:227 +0xX\ncreated by sigs.k8s.io/controller-runtime/pkg/internal/controller.(*Controller).Start.func2 in goroutine 46\n\t/home/janiskemper/Documents/syself/cluster-api-provider-hetzner/vendor/sigs.k8s.io/controller-runtime/pkg/internal/controller/controller.go:223 +0xX\n"}
{"level":"INFO","time":"2024-06-11T11:05:26.320Z","logger":"hcloud-api","file":"client/client.go:102","message":"hcloud API called","controller":"hcloudmachine","controllerGroup":"infrastructure.cluster.x-k8s.io","controllerKind":"HCloudMachine","HCloudMachine":{"name":"testing-md-0-gsd7r-d5fd8","namespace":"default"},"namespace":"default","name":"testing-md-0-gsd7r-d5fd8","reconcileID":"6e3df2a0-af85-45cd-beba-9875a4c6460f","HCloudMachine":{"name":"testing-md-0-gsd7r-d5fd8","namespace":"default"},"Machine":{"name":"testing-md-0-gsd7r-d5fd8","namespace":"default"},"Cluster":{"name":"testing","namespace":"default"},"HetznerCluster":{"name":"testing","namespace":"default"},"statusCode":200,"method":"GET","url":"https://api.hetzner.cloud/v1/servers/48678575","hcloud_token":"xu9pK...","stack":"goroutine 463 [running]:\nruntime/debug.Stack()\n\t/usr/lib/golang/src/runtime/debug/stack.go:24 +0xX\ngithub.com/syself/cluster-api-provider-hetzner/pkg/services/hcloud/client.(*LoggingTransport).RoundTrip(0xX, 0xX)\n\t/home/janiskemper/Documents/syself/cluster-api-provider-hetzner/pkg/services/hcloud/client/client.go:93 +0xX\nnet/http.send(0xX, {0xX, 0xX}, {0xX?, 0xX?, 0xX?})\n\t/usr/lib/golang/src/net/http/client.go:260 +0xX\nnet/http.(*Client).send(0xX, 0xX, {0xX?, 0xX?, 0xX?})\n\t/usr/lib/golang/src/net/http/client.go:181 +0xX\nnet/http.(*Client).do(0xX, 0xX)\n\t/usr/lib/golang/src/net/http/client.go:724 +0xX\nnet/http.(*Client).Do(...)\n\t/usr/lib/golang/src/net/http/client.go:590\ngithub.com/hetznercloud/hcloud-go/v2/hcloud.(*Client).Do(0xX, 0xX, {0xX, 0xX})\n\t/home/janiskemper/Documents/syself/cluster-api-provider-hetzner/vendor/github.com/hetznercloud/hcloud-go/v2/hcloud/client.go:266 +0xX\ngithub.com/hetznercloud/hcloud-go/v2/hcloud.(*ServerClient).GetByID(0xX, {0xX, 0xX}, 0xX?)\n\t/home/janiskemper/Documents/syself/cluster-api-provider-hetzner/vendor/github.com/hetznercloud/hcloud-go/v2/hcloud/server.go:207 +0xX\ngithub.com/syself/cluster-api-provider-hetzner/pkg/services/hcloud/client.(*realClient).GetServer(0xX?, {0xX?, 0xX?}, 0xX?)\n\t/home/janiskemper/Documents/syself/cluster-api-provider-hetzner/pkg/services/hcloud/client/client.go:246 +0xX\ngithub.com/syself/cluster-api-provider-hetzner/pkg/services/hcloud/server.(*Service).findServer(0xX, {0xX, 0xX})\n\t/home/janiskemper/Documents/syself/cluster-api-provider-hetzner/pkg/services/hcloud/server/server.go:678 +0xX\ngithub.com/syself/cluster-api-provider-hetzner/pkg/services/hcloud/server.(*Service).Reconcile(0xX, {0xX, 0xX})\n\t/home/janiskemper/Documents/syself/cluster-api-provider-hetzner/pkg/services/hcloud/server/server.go:95 +0xX\ngithub.com/syself/cluster-api-provider-hetzner/controllers.(*HCloudMachineReconciler).reconcileNormal(0xX?, {0xX, 0xX}, 0xX)\n\t/home/janiskemper/Documents/syself/cluster-api-provider-hetzner/controllers/hcloudmachine_controller.go:208 +0xX\ngithub.com/syself/cluster-api-provider-hetzner/controllers.(*HCloudMachineReconciler).Reconcile(0xX, {0xX, 0xX}, {{{0xX?, 0xX?}, {0xX?, 0xX?}}})\n\t/home/janiskemper/Documents/syself/cluster-api-provider-hetzner/controllers/hcloudmachine_controller.go:175 +0xX\nsigs.k8s.io/controller-runtime/pkg/internal/controller.(*Controller).Reconcile(0xX?, {0xX?, 0xX?}, {{{0xX?, 0xX?}, {0xX?, 0xX?}}})\n\t/home/janiskemper/Documents/syself/cluster-api-provider-hetzner/vendor/sigs.k8s.io/controller-runtime/pkg/internal/controller/controller.go:119 +0xX\nsigs.k8s.io/controller-runtime/pkg/internal/controller.(*Controller).reconcileHandler(0xX, {0xX, 0xX}, {0xX?, 0xX?})\n\t/home/janiskemper/Documents/syself/cluster-api-provider-hetzner/vendor/sigs.k8s.io/controller-runtime/pkg/internal/controller/controller.go:316 +0xX\nsigs.k8s.io/controller-runtime/pkg/internal/controller.(*Controller).processNextWorkItem(0xX, {0xX, 0xX})\n\t/home/janiskemper/Documents/syself/cluster-api-provider-hetzner/vendor/sigs.k8s.io/controller-runtime/pkg/internal/controller/controller.go:266 +0xX\nsigs.k8s.io/controller-runtime/pkg/internal/controller.(*Controller).Start.func2.2()\n\t/home/janiskemper/Documents/syself/cluster-api-provider-hetzner/vendor/sigs.k8s.io/controller-runtime/pkg/internal/controller/controller.go:227 +0xX\ncreated by sigs.k8s.io/controller-runtime/pkg/internal/controller.(*Controller).Start.func2 in goroutine 46\n\t/home/janiskemper/Documents/syself/cluster-api-provider-hetzner/vendor/sigs.k8s.io/controller-runtime/pkg/internal/controller/controller.go:223 +0xX\n"}
{"level":"INFO","time":"2024-06-11T11:05:26.546Z","logger":"hcloud-api","file":"client/client.go:102","message":"hcloud API called","controller":"hcloudmachine","controllerGroup":"infrastructure.cluster.x-k8s.io","controllerKind":"HCloudMachine","HCloudMachine":{"name":"testing-md-0-gsd7r-rr28f","namespace":"default"},"namespace":"default","name":"testing-md-0-gsd7r-rr28f","reconcileID":"823c2a89-ba19-401a-9a89-e5eb48dd313c","HCloudMachine":{"name":"testing-md-0-gsd7r-rr28f","namespace":"default"},"Machine":{"name":"testing-md-0-gsd7r-rr28f","namespace":"default"},"Cluster":{"name":"testing","namespace":"default"},"HetznerCluster":{"name":"testing","namespace":"default"},"statusCode":200,"method":"GET","url":"https://api.hetzner.cloud/v1/servers/48678623","hcloud_token":"xu9pK...","stack":"goroutine 463 [running]:\nruntime/debug.Stack()\n\t/usr/lib/golang/src/runtime/debug/stack.go:24 +0xX\ngithub.com/syself/cluster-api-provider-hetzner/pkg/services/hcloud/client.(*LoggingTransport).RoundTrip(0xX, 0xX)\n\t/home/janiskemper/Documents/syself/cluster-api-provider-hetzner/pkg/services/hcloud/client/client.go:93 +0xX\nnet/http.send(0xX, {0xX, 0xX}, {0xX?, 0xX?, 0xX?})\n\t/usr/lib/golang/src/net/http/client.go:260 +0xX\nnet/http.(*Client).send(0xX, 0xX, {0xX?, 0xX?, 0xX?})\n\t/usr/lib/golang/src/net/http/client.go:181 +0xX\nnet/http.(*Client).do(0xX, 0xX)\n\t/usr/lib/golang/src/net/http/client.go:724 +0xX\nnet/http.(*Client).Do(...)\n\t/usr/lib/golang/src/net/http/client.go:590\ngithub.com/hetznercloud/hcloud-go/v2/hcloud.(*Client).Do(0xX, 0xX, {0xX, 0xX})\n\t/home/janiskemper/Documents/syself/cluster-api-provider-hetzner/vendor/github.com/hetznercloud/hcloud-go/v2/hcloud/client.go:266 +0xX\ngithub.com/hetznercloud/hcloud-go/v2/hcloud.(*ServerClient).GetByID(0xX, {0xX, 0xX}, 0xX?)\n\t/home/janiskemper/Documents/syself/cluster-api-provider-hetzner/vendor/github.com/hetznercloud/hcloud-go/v2/hcloud/server.go:207 +0xX\ngithub.com/syself/cluster-api-provider-hetzner/pkg/services/hcloud/client.(*realClient).GetServer(0xX?, {0xX?, 0xX?}, 0xX?)\n\t/home/janiskemper/Documents/syself/cluster-api-provider-hetzner/pkg/services/hcloud/client/client.go:246 +0xX\ngithub.com/syself/cluster-api-provider-hetzner/pkg/services/hcloud/server.(*Service).findServer(0xX, {0xX, 0xX})\n\t/home/janiskemper/Documents/syself/cluster-api-provider-hetzner/pkg/services/hcloud/server/server.go:678 +0xX\ngithub.com/syself/cluster-api-provider-hetzner/pkg/services/hcloud/server.(*Service).Reconcile(0xX, {0xX, 0xX})\n\t/home/janiskemper/Documents/syself/cluster-api-provider-hetzner/pkg/services/hcloud/server/server.go:95 +0xX\ngithub.com/syself/cluster-api-provider-hetzner/controllers.(*HCloudMachineReconciler).reconcileNormal(0xX?, {0xX, 0xX}, 0xX)\n\t/home/janiskemper/Documents/syself/cluster-api-provider-hetzner/controllers/hcloudmachine_controller.go:208 +0xX\ngithub.com/syself/cluster-api-provider-hetzner/controllers.(*HCloudMachineReconciler).Reconcile(0xX, {0xX, 0xX}, {{{0xX?, 0xX?}, {0xX?, 0xX?}}})\n\t/home/janiskemper/Documents/syself/cluster-api-provider-hetzner/controllers/hcloudmachine_controller.go:175 +0xX\nsigs.k8s.io/controller-runtime/pkg/internal/controller.(*Controller).Reconcile(0xX?, {0xX?, 0xX?}, {{{0xX?, 0xX?}, {0xX?, 0xX?}}})\n\t/home/janiskemper/Documents/syself/cluster-api-provider-hetzner/vendor/sigs.k8s.io/controller-runtime/pkg/internal/controller/controller.go:119 +0xX\nsigs.k8s.io/controller-runtime/pkg/internal/controller.(*Controller).reconcileHandler(0xX, {0xX, 0xX}, {0xX?, 0xX?})\n\t/home/janiskemper/Documents/syself/cluster-api-provider-hetzner/vendor/sigs.k8s.io/controller-runtime/pkg/internal/controller/controller.go:316 +0xX\nsigs.k8s.io/controller-runtime/pkg/internal/controller.(*Controller).processNextWorkItem(0xX, {0xX, 0xX})\n\t/home/janiskemper/Documents/syself/cluster-api-provider-hetzner/vendor/sigs.k8s.io/controller-runtime/pkg/internal/controller/controller.go:266 +0xX\nsigs.k8s.io/controller-runtime/pkg/internal/controller.(*Controller).Start.func2.2()\n\t/home/janiskemper/Documents/syself/cluster-api-provider-hetzner/vendor/sigs.k8s.io/controller-runtime/pkg/internal/controller/controller.go:227 +0xX\ncreated by sigs.k8s.io/controller-runtime/pkg/internal/controller.(*Controller).Start.func2 in goroutine 46\n\t/home/janiskemper/Documents/syself/cluster-api-provider-hetzner/vendor/sigs.k8s.io/controller-runtime/pkg/internal/controller/controller.go:223 +0xX\n"}
{"level":"INFO","time":"2024-06-11T11:05:26.787Z","logger":"hcloud-api","file":"client/client.go:102","message":"hcloud API called","controller":"hcloudmachine","controllerGroup":"infrastructure.cluster.x-k8s.io","controllerKind":"HCloudMachine","HCloudMachine":{"name":"testing-md-0-gsd7r-s4p9d","namespace":"default"},"namespace":"default","name":"testing-md-0-gsd7r-s4p9d","reconcileID":"e5aac505-3b54-4ea8-b824-b94dc77ede34","HCloudMachine":{"name":"testing-md-0-gsd7r-s4p9d","namespace":"default"},"Machine":{"name":"testing-md-0-gsd7r-s4p9d","namespace":"default"},"Cluster":{"name":"testing","namespace":"default"},"HetznerCluster":{"name":"testing","namespace":"default"},"statusCode":200,"method":"GET","url":"https://api.hetzner.cloud/v1/servers/48678624","hcloud_token":"xu9pK...","stack":"goroutine 463 [running]:\nruntime/debug.Stack()\n\t/usr/lib/golang/src/runtime/debug/stack.go:24 +0xX\ngithub.com/syself/cluster-api-provider-hetzner/pkg/services/hcloud/client.(*LoggingTransport).RoundTrip(0xX, 0xX)\n\t/home/janiskemper/Documents/syself/cluster-api-provider-hetzner/pkg/services/hcloud/client/client.go:93 +0xX\nnet/http.send(0xX, {0xX, 0xX}, {0xX?, 0xX?, 0xX?})\n\t/usr/lib/golang/src/net/http/client.go:260 +0xX\nnet/http.(*Client).send(0xX, 0xX, {0xX?, 0xX?, 0xX?})\n\t/usr/lib/golang/src/net/http/client.go:181 +0xX\nnet/http.(*Client).do(0xX, 0xX)\n\t/usr/lib/golang/src/net/http/client.go:724 +0xX\nnet/http.(*Client).Do(...)\n\t/usr/lib/golang/src/net/http/client.go:590\ngithub.com/hetznercloud/hcloud-go/v2/hcloud.(*Client).Do(0xX, 0xX, {0xX, 0xX})\n\t/home/janiskemper/Documents/syself/cluster-api-provider-hetzner/vendor/github.com/hetznercloud/hcloud-go/v2/hcloud/client.go:266 +0xX\ngithub.com/hetznercloud/hcloud-go/v2/hcloud.(*ServerClient).GetByID(0xX, {0xX, 0xX}, 0xX?)\n\t/home/janiskemper/Documents/syself/cluster-api-provider-hetzner/vendor/github.com/hetznercloud/hcloud-go/v2/hcloud/server.go:207 +0xX\ngithub.com/syself/cluster-api-provider-hetzner/pkg/services/hcloud/client.(*realClient).GetServer(0xX?, {0xX?, 0xX?}, 0xX?)\n\t/home/janiskemper/Documents/syself/cluster-api-provider-hetzner/pkg/services/hcloud/client/client.go:246 +0xX\ngithub.com/syself/cluster-api-provider-hetzner/pkg/services/hcloud/server.(*Service).findServer(0xX, {0xX, 0xX})\n\t/home/janiskemper/Documents/syself/cluster-api-provider-hetzner/pkg/services/hcloud/server/server.go:678 +0xX\ngithub.com/syself/cluster-api-provider-hetzner/pkg/services/hcloud/server.(*Service).Reconcile(0xX, {0xX, 0xX})\n\t/home/janiskemper/Documents/syself/cluster-api-provider-hetzner/pkg/services/hcloud/server/server.go:95 +0xX\ngithub.com/syself/cluster-api-provider-hetzner/controllers.(*HCloudMachineReconciler).reconcileNormal(0xX?, {0xX, 0xX}, 0xX)\n\t/home/janiskemper/Documents/syself/cluster-api-provider-hetzner/controllers/hcloudmachine_controller.go:208 +0xX\ngithub.com/syself/cluster-api-provider-hetzner/controllers.(*HCloudMachineReconciler).Reconcile(0xX, {0xX, 0xX}, {{{0xX?, 0xX?}, {0xX?, 0xX?}}})\n\t/home/janiskemper/Documents/syself/cluster-api-provider-hetzner/controllers/hcloudmachine_controller.go:175 +0xX\nsigs.k8s.io/controller-runtime/pkg/internal/controller.(*Controller).Reconcile(0xX?, {0xX?, 0xX?}, {{{0xX?, 0xX?}, {0xX?, 0xX?}}})\n\t/home/janiskemper/Documents/syself/cluster-api-provider-hetzner/vendor/sigs.k8s.io/controller-runtime/pkg/internal/controller/controller.go:119 +0xX\nsigs.k8s.io/controller-runtime/pkg/internal/controller.(*Controller).reconcileHandler(0xX, {0xX, 0xX}, {0xX?, 0xX?})\n\t/home/janiskemper/Documents/syself/cluster-api-provider-hetzner/vendor/sigs.k8s.io/controller-runtime/pkg/internal/controller/controller.go:316 +0xX\nsigs.k8s.io/controller-runtime/pkg/internal/controller.(*Controller).processNextWorkItem(0xX, {0xX, 0xX})\n\t/home/janiskemper/Documents/syself/cluster-api-provider-hetzner/vendor/sigs.k8s.io/controller-runtime/pkg/internal/controller/controller.go:266 +0xX\nsigs.k8s.io/controller-runtime/pkg/internal/controller.(*Controller).Start.func2.2()\n\t/home/janiskemper/Documents/syself/cluster-api-provider-hetzner/vendor/sigs.k8s.io/controller-runtime/pkg/internal/controller/controller.go:227 +0xX\ncreated by sigs.k8s.io/controller-runtime/pkg/internal/controller.(*Controller).Start.func2 in goroutine 46\n\t/home/janiskemper/Documents/syself/cluster-api-provider-hetzner/vendor/sigs.k8s.io/controller-runtime/pkg/internal/controller/controller.go:223 +0xX\n"}
{"level":"INFO","time":"2024-06-11T11:06:28.835Z","logger":"hcloud-api","file":"client/client.go:102","message":"hcloud API called","controller":"hcloudmachinetemplate","controllerGroup":"infrastructure.cluster.x-k8s.io","controllerKind":"HCloudMachineTemplate","HCloudMachineTemplate":{"name":"testing-md-0","namespace":"default"},"namespace":"default","name":"testing-md-0","reconcileID":"7618b8ee-12bf-48c7-96a6-c3d603683291","HCloudMachineTemplate":{"name":"testing-md-0","namespace":"default"},"Cluster":{"name":"testing","namespace":"default"},"HetznerCluster":{"name":"testing","namespace":"default"},"statusCode":200,"method":"GET","url":"https://api.hetzner.cloud/v1/server_types?page=1&per_page=50","hcloud_token":"xu9pK...","stack":"goroutine 456 [running]:\nruntime/debug.Stack()\n\t/usr/lib/golang/src/runtime/debug/stack.go:24 +0xX\ngithub.com/syself/cluster-api-provider-hetzner/pkg/services/hcloud/client.(*LoggingTransport).RoundTrip(0xX, 0xX)\n\t/home/janiskemper/Documents/syself/cluster-api-provider-hetzner/pkg/services/hcloud/client/client.go:93 +0xX\nnet/http.send(0xX, {0xX, 0xX}, {0xX?, 0xX?, 0xX?})\n\t/usr/lib/golang/src/net/http/client.go:260 +0xX\nnet/http.(*Client).send(0xX, 0xX, {0xX?, 0xX?, 0xX?})\n\t/usr/lib/golang/src/net/http/client.go:181 +0xX\nnet/http.(*Client).do(0xX, 0xX)\n\t/usr/lib/golang/src/net/http/client.go:724 +0xX\nnet/http.(*Client).Do(...)\n\t/usr/lib/golang/src/net/http/client.go:590\ngithub.com/hetznercloud/hcloud-go/v2/hcloud.(*Client).Do(0xX, 0xX, {0xX, 0xX})\n\t/home/janiskemper/Documents/syself/cluster-api-provider-hetzner/vendor/github.com/hetznercloud/hcloud-go/v2/hcloud/client.go:266 +0xX\ngithub.com/hetznercloud/hcloud-go/v2/hcloud.(*ServerTypeClient).List(0xX, {0xX, 0xX}, {{0xX, 0xX, {0xX, 0xX}}, {0xX, 0xX}, {0xX, ...}})\n\t/home/janiskemper/Documents/syself/cluster-api-provider-hetzner/vendor/github.com/hetznercloud/hcloud-go/v2/hcloud/server_type.go:125 +0xX\ngithub.com/hetznercloud/hcloud-go/v2/hcloud.(*ServerTypeClient).AllWithOpts.func1(0xX?)\n\t/home/janiskemper/Documents/syself/cluster-api-provider-hetzner/vendor/github.com/hetznercloud/hcloud-go/v2/hcloud/server_type.go:147 +0xX\ngithub.com/hetznercloud/hcloud-go/v2/hcloud.(*Client).all(0xX?, 0xX)\n\t/home/janiskemper/Documents/syself/cluster-api-provider-hetzner/vendor/github.com/hetznercloud/hcloud-go/v2/hcloud/client.go:323 +0xX\ngithub.com/hetznercloud/hcloud-go/v2/hcloud.(*ServerTypeClient).AllWithOpts(0xX?, {0xX?, 0xX?}, {{0xX, 0xX, {0xX, 0xX}}, {0xX, 0xX}, {0xX, ...}})\n\t/home/janiskemper/Documents/syself/cluster-api-provider-hetzner/vendor/github.com/hetznercloud/hcloud-go/v2/hcloud/server_type.go:145 +0xX\ngithub.com/hetznercloud/hcloud-go/v2/hcloud.(*ServerTypeClient).All(...)\n\t/home/janiskemper/Documents/syself/cluster-api-provider-hetzner/vendor/github.com/hetznercloud/hcloud-go/v2/hcloud/server_type.go:138\ngithub.com/syself/cluster-api-provider-hetzner/pkg/services/hcloud/client.(*realClient).ListServerTypes(0xX?, {0xX?, 0xX?})\n\t/home/janiskemper/Documents/syself/cluster-api-provider-hetzner/pkg/services/hcloud/client/client.go:254 +0xX\ngithub.com/syself/cluster-api-provider-hetzner/pkg/services/hcloud/machinetemplate.(*Service).getCapacity(0xX, {0xX, 0xX})\n\t/home/janiskemper/Documents/syself/cluster-api-provider-hetzner/pkg/services/hcloud/machinetemplate/machinetemplate.go:61 +0xX\ngithub.com/syself/cluster-api-provider-hetzner/pkg/services/hcloud/machinetemplate.(*Service).Reconcile(0xX, {0xX, 0xX})\n\t/home/janiskemper/Documents/syself/cluster-api-provider-hetzner/pkg/services/hcloud/machinetemplate/machinetemplate.go:49 +0xX\ngithub.com/syself/cluster-api-provider-hetzner/controllers.(*HCloudMachineTemplateReconciler).reconcile(0xX?, {0xX?, 0xX?}, 0xX?)\n\t/home/janiskemper/Documents/syself/cluster-api-provider-hetzner/controllers/hcloudmachinetemplate_controller.go:159 +0xX\ngithub.com/syself/cluster-api-provider-hetzner/controllers.(*HCloudMachineTemplateReconciler).Reconcile(0xX, {0xX, 0xX}, {{{0xX?, 0xX?}, {0xX?, 0xX?}}})\n\t/home/janiskemper/Documents/syself/cluster-api-provider-hetzner/controllers/hcloudmachinetemplate_controller.go:152 +0xX\nsigs.k8s.io/controller-runtime/pkg/internal/controller.(*Controller).Reconcile(0xX?, {0xX?, 0xX?}, {{{0xX?, 0xX?}, {0xX?, 0xX?}}})\n\t/home/janiskemper/Documents/syself/cluster-api-provider-hetzner/vendor/sigs.k8s.io/controller-runtime/pkg/internal/controller/controller.go:119 +0xX\nsigs.k8s.io/controller-runtime/pkg/internal/controller.(*Controller).reconcileHandler(0xX, {0xX, 0xX}, {0xX?, 0xX?})\n\t/home/janiskemper/Documents/syself/cluster-api-provider-hetzner/vendor/sigs.k8s.io/controller-runtime/pkg/internal/controller/controller.go:316 +0xX\nsigs.k8s.io/controller-runtime/pkg/internal/controller.(*Controller).processNextWorkItem(0xX, {0xX, 0xX})\n\t/home/janiskemper/Documents/syself/cluster-api-provider-hetzner/vendor/sigs.k8s.io/controller-runtime/pkg/internal/controller/controller.go:266 +0xX\nsigs.k8s.io/controller-runtime/pkg/internal/controller.(*Controller).Start.func2.2()\n\t/home/janiskemper/Documents/syself/cluster-api-provider-hetzner/vendor/sigs.k8s.io/controller-runtime/pkg/internal/controller/controller.go:227 +0xX\ncreated by sigs.k8s.io/controller-runtime/pkg/internal/controller.(*Controller).Start.func2 in goroutine 47\n\t/home/janiskemper/Documents/syself/cluster-api-provider-hetzner/vendor/sigs.k8s.io/controller-runtime/pkg/internal/controller/controller.go:223 +0xX\n"}
{"level":"INFO","time":"2024-06-11T11:06:28.967Z","logger":"hcloud-api","file":"client/client.go:102","message":"hcloud API called","controller":"hcloudmachinetemplate","controllerGroup":"infrastructure.cluster.x-k8s.io","controllerKind":"HCloudMachineTemplate","HCloudMachineTemplate":{"name":"testing-control-plane","namespace":"default"},"namespace":"default","name":"testing-control-plane","reconcileID":"3fc3a885-fe17-49ec-8ec3-3d9580a14bec","HCloudMachineTemplate":{"name":"testing-control-plane","namespace":"default"},"Cluster":{"name":"testing","namespace":"default"},"HetznerCluster":{"name":"testing","namespace":"default"},"statusCode":200,"method":"GET","url":"https://api.hetzner.cloud/v1/server_types?page=1&per_page=50","hcloud_token":"xu9pK...","stack":"goroutine 456 [running]:\nruntime/debug.Stack()\n\t/usr/lib/golang/src/runtime/debug/stack.go:24 +0xX\ngithub.com/syself/cluster-api-provider-hetzner/pkg/services/hcloud/client.(*LoggingTransport).RoundTrip(0xX, 0xX)\n\t/home/janiskemper/Documents/syself/cluster-api-provider-hetzner/pkg/services/hcloud/client/client.go:93 +0xX\nnet/http.send(0xX, {0xX, 0xX}, {0xX?, 0xX?, 0xX?})\n\t/usr/lib/golang/src/net/http/client.go:260 +0xX\nnet/http.(*Client).send(0xX, 0xX, {0xX?, 0xX?, 0xX?})\n\t/usr/lib/golang/src/net/http/client.go:181 +0xX\nnet/http.(*Client).do(0xX, 0xX)\n\t/usr/lib/golang/src/net/http/client.go:724 +0xX\nnet/http.(*Client).Do(...)\n\t/usr/lib/golang/src/net/http/client.go:590\ngithub.com/hetznercloud/hcloud-go/v2/hcloud.(*Client).Do(0xX, 0xX, {0xX, 0xX})\n\t/home/janiskemper/Documents/syself/cluster-api-provider-hetzner/vendor/github.com/hetznercloud/hcloud-go/v2/hcloud/client.go:266 +0xX\ngithub.com/hetznercloud/hcloud-go/v2/hcloud.(*ServerTypeClient).List(0xX, {0xX, 0xX}, {{0xX, 0xX, {0xX, 0xX}}, {0xX, 0xX}, {0xX, ...}})\n\t/home/janiskemper/Documents/syself/cluster-api-provider-hetzner/vendor/github.com/hetznercloud/hcloud-go/v2/hcloud/server_type.go:125 +0xX\ngithub.com/hetznercloud/hcloud-go/v2/hcloud.(*ServerTypeClient).AllWithOpts.func1(0xX?)\n\t/home/janiskemper/Documents/syself/cluster-api-provider-hetzner/vendor/github.com/hetznercloud/hcloud-go/v2/hcloud/server_type.go:147 +0xX\ngithub.com/hetznercloud/hcloud-go/v2/hcloud.(*Client).all(0xX?, 0xX)\n\t/home/janiskemper/Documents/syself/cluster-api-provider-hetzner/vendor/github.com/hetznercloud/hcloud-go/v2/hcloud/client.go:323 +0xX\ngithub.com/hetznercloud/hcloud-go/v2/hcloud.(*ServerTypeClient).AllWithOpts(0xX?, {0xX?, 0xX?}, {{0xX, 0xX, {0xX, 0xX}}, {0xX, 0xX}, {0xX, ...}})\n\t/home/janiskemper/Documents/syself/cluster-api-provider-hetzner/vendor/github.com/hetznercloud/hcloud-go/v2/hcloud/server_type.go:145 +0xX\ngithub.com/hetznercloud/hcloud-go/v2/hcloud.(*ServerTypeClient).All(...)\n\t/home/janiskemper/Documents/syself/cluster-api-provider-hetzner/vendor/github.com/hetznercloud/hcloud-go/v2/hcloud/server_type.go:138\ngithub.com/syself/cluster-api-provider-hetzner/pkg/services/hcloud/client.(*realClient).ListServerTypes(0xX?, {0xX?, 0xX?})\n\t/home/janiskemper/Documents/syself/cluster-api-provider-hetzner/pkg/services/hcloud/client/client.go:254 +0xX\ngithub.com/syself/cluster-api-provider-hetzner/pkg/services/hcloud/machinetemplate.(*Service).getCapacity(0xX, {0xX, 0xX})\n\t/home/janiskemper/Documents/syself/cluster-api-provider-hetzner/pkg/services/hcloud/machinetemplate/machinetemplate.go:61 +0xX\ngithub.com/syself/cluster-api-provider-hetzner/pkg/services/hcloud/machinetemplate.(*Service).Reconcile(0xX, {0xX, 0xX})\n\t/home/janiskemper/Documents/syself/cluster-api-provider-hetzner/pkg/services/hcloud/machinetemplate/machinetemplate.go:49 +0xX\ngithub.com/syself/cluster-api-provider-hetzner/controllers.(*HCloudMachineTemplateReconciler).reconcile(0xX?, {0xX?, 0xX?}, 0xX?)\n\t/home/janiskemper/Documents/syself/cluster-api-provider-hetzner/controllers/hcloudmachinetemplate_controller.go:159 +0xX\ngithub.com/syself/cluster-api-provider-hetzner/controllers.(*HCloudMachineTemplateReconciler).Reconcile(0xX, {0xX, 0xX}, {{{0xX?, 0xX?}, {0xX?, 0xX?}}})\n\t/home/janiskemper/Documents/syself/cluster-api-provider-hetzner/controllers/hcloudmachinetemplate_controller.go:152 +0xX\nsigs.k8s.io/controller-runtime/pkg/internal/controller.(*Controller).Reconcile(0xX?, {0xX?, 0xX?}, {{{0xX?, 0xX?}, {0xX?, 0xX?}}})\n\t/home/janiskemper/Documents/syself/cluster-api-provider-hetzner/vendor/sigs.k8s.io/controller-runtime/pkg/internal/controller/controller.go:119 +0xX\nsigs.k8s.io/controller-runtime/pkg/internal/controller.(*Controller).reconcileHandler(0xX, {0xX, 0xX}, {0xX?, 0xX?})\n\t/home/janiskemper/Documents/syself/cluster-api-provider-hetzner/vendor/sigs.k8s.io/controller-runtime/pkg/internal/controller/controller.go:316 +0xX\nsigs.k8s.io/controller-runtime/pkg/internal/controller.(*Controller).processNextWorkItem(0xX, {0xX, 0xX})\n\t/home/janiskemper/Documents/syself/cluster-api-provider-hetzner/vendor/sigs.k8s.io/controller-runtime/pkg/internal/controller/controller.go:266 +0xX\nsigs.k8s.io/controller-runtime/pkg/internal/controller.(*Controller).Start.func2.2()\n\t/home/janiskemper/Documents/syself/cluster-api-provider-hetzner/vendor/sigs.k8s.io/controller-runtime/pkg/internal/controller/controller.go:227 +0xX\ncreated by sigs.k8s.io/controller-runtime/pkg/internal/controller.(*Controller).Start.func2 in goroutine 47\n\t/home/janiskemper/Documents/syself/cluster-api-provider-hetzner/vendor/sigs.k8s.io/controller-runtime/pkg/internal/controller/controller.go:223 +0xX\n"}
{"level":"INFO","time":"2024-06-11T11:06:54.768Z","file":"controllers/hetznercluster_controller.go:816","message":"Cluster event - reconciling HetznerCluster"}
{"level":"INFO","time":"2024-06-11T11:06:54.768Z","file":"controllers/hetznercluster_controller.go:816","message":"Cluster event - reconciling HetznerCluster"}
{"level":"INFO","time":"2024-06-11T11:06:55.060Z","logger":"hcloud-api","file":"client/client.go:102","message":"hcloud API called","controller":"hetznercluster","controllerGroup":"infrastructure.cluster.x-k8s.io","controllerKind":"HetznerCluster","HetznerCluster":{"name":"testing","namespace":"default"},"namespace":"default","name":"testing","reconcileID":"a70a8ab6-d8ba-4840-9d8a-522c2e2c5486","HetznerCluster":{"name":"testing","namespace":"default"},"Cluster":{"name":"testing","namespace":"default"},"statusCode":200,"method":"GET","url":"https://api.hetzner.cloud/v1/load_balancers?label_selector=caph-cluster-testing%3D%3Downed&page=1","hcloud_token":"xu9pK...","stack":"goroutine 460 [running]:\nruntime/debug.Stack()\n\t/usr/lib/golang/src/runtime/debug/stack.go:24 +0xX\ngithub.com/syself/cluster-api-provider-hetzner/pkg/services/hcloud/client.(*LoggingTransport).RoundTrip(0xX, 0xX)\n\t/home/janiskemper/Documents/syself/cluster-api-provider-hetzner/pkg/services/hcloud/client/client.go:93 +0xX\nnet/http.send(0xX, {0xX, 0xX}, {0xX?, 0xX?, 0xX?})\n\t/usr/lib/golang/src/net/http/client.go:260 +0xX\nnet/http.(*Client).send(0xX, 0xX, {0xX?, 0xX?, 0xX?})\n\t/usr/lib/golang/src/net/http/client.go:181 +0xX\nnet/http.(*Client).do(0xX, 0xX)\n\t/usr/lib/golang/src/net/http/client.go:724 +0xX\nnet/http.(*Client).Do(...)\n\t/usr/lib/golang/src/net/http/client.go:590\ngithub.com/hetznercloud/hcloud-go/v2/hcloud.(*Client).Do(0xX, 0xX, {0xX, 0xX})\n\t/home/janiskemper/Documents/syself/cluster-api-provider-hetzner/vendor/github.com/hetznercloud/hcloud-go/v2/hcloud/client.go:266 +0xX\ngithub.com/hetznercloud/hcloud-go/v2/hcloud.(*LoadBalancerClient).List(0xX, {0xX, 0xX}, {{0xX, 0xX, {0xX, 0xX}}, {0xX, 0xX}, {0xX, ...}})\n\t/home/janiskemper/Documents/syself/cluster-api-provider-hetzner/vendor/github.com/hetznercloud/hcloud-go/v2/hcloud/load_balancer.go:313 +0xX\ngithub.com/hetznercloud/hcloud-go/v2/hcloud.(*LoadBalancerClient).AllWithOpts.func1(0xX?)\n\t/home/janiskemper/Documents/syself/cluster-api-provider-hetzner/vendor/github.com/hetznercloud/hcloud-go/v2/hcloud/load_balancer.go:335 +0xX\ngithub.com/hetznercloud/hcloud-go/v2/hcloud.(*Client).all(0xX?, 0xX)\n\t/home/janiskemper/Documents/syself/cluster-api-provider-hetzner/vendor/github.com/hetznercloud/hcloud-go/v2/hcloud/client.go:323 +0xX\ngithub.com/hetznercloud/hcloud-go/v2/hcloud.(*LoadBalancerClient).AllWithOpts(0xX?, {0xX?, 0xX?}, {{0xX, 0xX, {0xX, 0xX}}, {0xX, 0xX}, {0xX, ...}})\n\t/home/janiskemper/Documents/syself/cluster-api-provider-hetzner/vendor/github.com/hetznercloud/hcloud-go/v2/hcloud/load_balancer.go:333 +0xX\ngithub.com/syself/cluster-api-provider-hetzner/pkg/services/hcloud/client.(*realClient).ListLoadBalancers(0xX?, {0xX?, 0xX?}, {{0xX, 0xX, {0xX, 0xX}}, {0xX, 0xX}, {0xX, ...}})\n\t/home/janiskemper/Documents/syself/cluster-api-provider-hetzner/pkg/services/hcloud/client/client.go:157 +0xX\ngithub.com/syself/cluster-api-provider-hetzner/pkg/services/hcloud/loadbalancer.(*Service).findLoadBalancer(0xX, {0xX, 0xX})\n\t/home/janiskemper/Documents/syself/cluster-api-provider-hetzner/pkg/services/hcloud/loadbalancer/loadbalancer.go:427 +0xX\ngithub.com/syself/cluster-api-provider-hetzner/pkg/services/hcloud/loadbalancer.(*Service).Reconcile(0xX, {0xX, 0xX})\n\t/home/janiskemper/Documents/syself/cluster-api-provider-hetzner/pkg/services/hcloud/loadbalancer/loadbalancer.go:65 +0xX\ngithub.com/syself/cluster-api-provider-hetzner/controllers.(*HetznerClusterReconciler).reconcileNormal(0xX?, {0xX, 0xX}, 0xX)\n\t/home/janiskemper/Documents/syself/cluster-api-provider-hetzner/controllers/hetznercluster_controller.go:219 +0xX\ngithub.com/syself/cluster-api-provider-hetzner/controllers.(*HetznerClusterReconciler).Reconcile(0xX, {0xX, 0xX}, {{{0xX?, 0xX?}, {0xX?, 0xX?}}})\n\t/home/janiskemper/Documents/syself/cluster-api-provider-hetzner/controllers/hetznercluster_controller.go:172 +0xX\nsigs.k8s.io/controller-runtime/pkg/internal/controller.(*Controller).Reconcile(0xX?, {0xX?, 0xX?}, {{{0xX?, 0xX?}, {0xX?, 0xX?}}})\n\t/home/janiskemper/Documents/syself/cluster-api-provider-hetzner/vendor/sigs.k8s.io/controller-runtime/pkg/internal/controller/controller.go:119 +0xX\nsigs.k8s.io/controller-runtime/pkg/internal/controller.(*Controller).reconcileHandler(0xX, {0xX, 0xX}, {0xX?, 0xX?})\n\t/home/janiskemper/Documents/syself/cluster-api-provider-hetzner/vendor/sigs.k8s.io/controller-runtime/pkg/internal/controller/controller.go:316 +0xX\nsigs.k8s.io/controller-runtime/pkg/internal/controller.(*Controller).processNextWorkItem(0xX, {0xX, 0xX})\n\t/home/janiskemper/Documents/syself/cluster-api-provider-hetzner/vendor/sigs.k8s.io/controller-runtime/pkg/internal/controller/controller.go:266 +0xX\nsigs.k8s.io/controller-runtime/pkg/internal/controller.(*Controller).Start.func2.2()\n\t/home/janiskemper/Documents/syself/cluster-api-provider-hetzner/vendor/sigs.k8s.io/controller-runtime/pkg/internal/controller/controller.go:227 +0xX\ncreated by sigs.k8s.io/controller-runtime/pkg/internal/controller.(*Controller).Start.func2 in goroutine 152\n\t/home/janiskemper/Documents/syself/cluster-api-provider-hetzner/vendor/sigs.k8s.io/controller-runtime/pkg/internal/controller/controller.go:223 +0xX\n"}
{"level":"INFO","time":"2024-06-11T11:06:55.133Z","logger":"hcloud-api","file":"client/client.go:102","message":"hcloud API called","controller":"hetznercluster","controllerGroup":"infrastructure.cluster.x-k8s.io","controllerKind":"HetznerCluster","HetznerCluster":{"name":"testing","namespace":"default"},"namespace":"default","name":"testing","reconcileID":"a70a8ab6-d8ba-4840-9d8a-522c2e2c5486","HetznerCluster":{"name":"testing","namespace":"default"},"Cluster":{"name":"testing","namespace":"default"},"statusCode":200,"method":"GET","url":"https://api.hetzner.cloud/v1/placement_groups?label_selector=caph-cluster-testing%3D%3Downed&page=1","hcloud_token":"xu9pK...","stack":"goroutine 460 [running]:\nruntime/debug.Stack()\n\t/usr/lib/golang/src/runtime/debug/stack.go:24 +0xX\ngithub.com/syself/cluster-api-provider-hetzner/pkg/services/hcloud/client.(*LoggingTransport).RoundTrip(0xX, 0xX)\n\t/home/janiskemper/Documents/syself/cluster-api-provider-hetzner/pkg/services/hcloud/client/client.go:93 +0xX\nnet/http.send(0xX, {0xX, 0xX}, {0xX?, 0xX?, 0xX?})\n\t/usr/lib/golang/src/net/http/client.go:260 +0xX\nnet/http.(*Client).send(0xX, 0xX, {0xX?, 0xX?, 0xX?})\n\t/usr/lib/golang/src/net/http/client.go:181 +0xX\nnet/http.(*Client).do(0xX, 0xX)\n\t/usr/lib/golang/src/net/http/client.go:724 +0xX\nnet/http.(*Client).Do(...)\n\t/usr/lib/golang/src/net/http/client.go:590\ngithub.com/hetznercloud/hcloud-go/v2/hcloud.(*Client).Do(0xX, 0xX, {0xX, 0xX})\n\t/home/janiskemper/Documents/syself/cluster-api-provider-hetzner/vendor/github.com/hetznercloud/hcloud-go/v2/hcloud/client.go:266 +0xX\ngithub.com/hetznercloud/hcloud-go/v2/hcloud.(*PlacementGroupClient).List(0xX, {0xX, 0xX}, {{0xX, 0xX, {0xX, 0xX}}, {0xX, 0xX}, {0xX, ...}, ...})\n\t/home/janiskemper/Documents/syself/cluster-api-provider-hetzner/vendor/github.com/hetznercloud/hcloud-go/v2/hcloud/placement_group.go:112 +0xX\ngithub.com/hetznercloud/hcloud-go/v2/hcloud.(*PlacementGroupClient).AllWithOpts.func1(0xX?)\n\t/home/janiskemper/Documents/syself/cluster-api-provider-hetzner/vendor/github.com/hetznercloud/hcloud-go/v2/hcloud/placement_group.go:140 +0xX\ngithub.com/hetznercloud/hcloud-go/v2/hcloud.(*Client).all(0xX?, 0xX)\n\t/home/janiskemper/Documents/syself/cluster-api-provider-hetzner/vendor/github.com/hetznercloud/hcloud-go/v2/hcloud/client.go:323 +0xX\ngithub.com/hetznercloud/hcloud-go/v2/hcloud.(*PlacementGroupClient).AllWithOpts(0xX?, {0xX?, 0xX?}, {{0xX, 0xX, {0xX, 0xX}}, {0xX, 0xX}, {0xX, ...}, ...})\n\t/home/janiskemper/Documents/syself/cluster-api-provider-hetzner/vendor/github.com/hetznercloud/hcloud-go/v2/hcloud/placement_group.go:138 +0xX\ngithub.com/syself/cluster-api-provider-hetzner/pkg/services/hcloud/client.(*realClient).ListPlacementGroups(0xX?, {0xX?, 0xX?}, {{0xX, 0xX, {0xX, 0xX}}, {0xX, 0xX}, {0xX, ...}, ...})\n\t/home/janiskemper/Documents/syself/cluster-api-provider-hetzner/pkg/services/hcloud/client/client.go:320 +0xX\ngithub.com/syself/cluster-api-provider-hetzner/pkg/services/hcloud/placementgroup.(*Service).findPlacementGroups(0xX, {0xX, 0xX})\n\t/home/janiskemper/Documents/syself/cluster-api-provider-hetzner/pkg/services/hcloud/placementgroup/placementgroup.go:165 +0xX\ngithub.com/syself/cluster-api-provider-hetzner/pkg/services/hcloud/placementgroup.(*Service).Reconcile(0xX, {0xX, 0xX})\n\t/home/janiskemper/Documents/syself/cluster-api-provider-hetzner/pkg/services/hcloud/placementgroup/placementgroup.go:64 +0xX\ngithub.com/syself/cluster-api-provider-hetzner/controllers.(*HetznerClusterReconciler).reconcileNormal(0xX?, {0xX, 0xX}, 0xX)\n\t/home/janiskemper/Documents/syself/cluster-api-provider-hetzner/controllers/hetznercluster_controller.go:228 +0xX\ngithub.com/syself/cluster-api-provider-hetzner/controllers.(*HetznerClusterReconciler).Reconcile(0xX, {0xX, 0xX}, {{{0xX?, 0xX?}, {0xX?, 0xX?}}})\n\t/home/janiskemper/Documents/syself/cluster-api-provider-hetzner/controllers/hetznercluster_controller.go:172 +0xX\nsigs.k8s.io/controller-runtime/pkg/internal/controller.(*Controller).Reconcile(0xX?, {0xX?, 0xX?}, {{{0xX?, 0xX?}, {0xX?, 0xX?}}})\n\t/home/janiskemper/Documents/syself/cluster-api-provider-hetzner/vendor/sigs.k8s.io/controller-runtime/pkg/internal/controller/controller.go:119 +0xX\nsigs.k8s.io/controller-runtime/pkg/internal/controller.(*Controller).reconcileHandler(0xX, {0xX, 0xX}, {0xX?, 0xX?})\n\t/home/janiskemper/Documents/syself/cluster-api-provider-hetzner/vendor/sigs.k8s.io/controller-runtime/pkg/internal/controller/controller.go:316 +0xX\nsigs.k8s.io/controller-runtime/pkg/internal/controller.(*Controller).processNextWorkItem(0xX, {0xX, 0xX})\n\t/home/janiskemper/Documents/syself/cluster-api-provider-hetzner/vendor/sigs.k8s.io/controller-runtime/pkg/internal/controller/controller.go:266 +0xX\nsigs.k8s.io/controller-runtime/pkg/internal/controller.(*Controller).Start.func2.2()\n\t/home/janiskemper/Documents/syself/cluster-api-provider-hetzner/vendor/sigs.k8s.io/controller-runtime/pkg/internal/controller/controller.go:227 +0xX\ncreated by sigs.k8s.io/controller-runtime/pkg/internal/controller.(*Controller).Start.func2 in goroutine 152\n\t/home/janiskemper/Documents/syself/cluster-api-provider-hetzner/vendor/sigs.k8s.io/controller-runtime/pkg/internal/controller/controller.go:223 +0xX\n"}
{"level":"INFO","time":"2024-06-11T11:08:12.465Z","logger":"hcloud-api","file":"client/client.go:102","message":"hcloud API called","controller":"hcloudmachine","controllerGroup":"infrastructure.cluster.x-k8s.io","controllerKind":"HCloudMachine","HCloudMachine":{"name":"testing-md-0-gsd7r-d5fd8","namespace":"default"},"namespace":"default","name":"testing-md-0-gsd7r-d5fd8","reconcileID":"0201ce97-7948-476c-a272-629e8cc12e01","HCloudMachine":{"name":"testing-md-0-gsd7r-d5fd8","namespace":"default"},"Machine":{"name":"testing-md-0-gsd7r-d5fd8","namespace":"default"},"Cluster":{"name":"testing","namespace":"default"},"HetznerCluster":{"name":"testing","namespace":"default"},"statusCode":200,"method":"GET","url":"https://api.hetzner.cloud/v1/servers/48678575","hcloud_token":"xu9pK...","stack":"goroutine 463 [running]:\nruntime/debug.Stack()\n\t/usr/lib/golang/src/runtime/debug/stack.go:24 +0xX\ngithub.com/syself/cluster-api-provider-hetzner/pkg/services/hcloud/client.(*LoggingTransport).RoundTrip(0xX, 0xX)\n\t/home/janiskemper/Documents/syself/cluster-api-provider-hetzner/pkg/services/hcloud/client/client.go:93 +0xX\nnet/http.send(0xX, {0xX, 0xX}, {0xX?, 0xX?, 0xX?})\n\t/usr/lib/golang/src/net/http/client.go:260 +0xX\nnet/http.(*Client).send(0xX, 0xX, {0xX?, 0xX?, 0xX?})\n\t/usr/lib/golang/src/net/http/client.go:181 +0xX\nnet/http.(*Client).do(0xX, 0xX)\n\t/usr/lib/golang/src/net/http/client.go:724 +0xX\nnet/http.(*Client).Do(...)\n\t/usr/lib/golang/src/net/http/client.go:590\ngithub.com/hetznercloud/hcloud-go/v2/hcloud.(*Client).Do(0xX, 0xX, {0xX, 0xX})\n\t/home/janiskemper/Documents/syself/cluster-api-provider-hetzner/vendor/github.com/hetznercloud/hcloud-go/v2/hcloud/client.go:266 +0xX\ngithub.com/hetznercloud/hcloud-go/v2/hcloud.(*ServerClient).GetByID(0xX, {0xX, 0xX}, 0xX?)\n\t/home/janiskemper/Documents/syself/cluster-api-provider-hetzner/vendor/github.com/hetznercloud/hcloud-go/v2/hcloud/server.go:207 +0xX\ngithub.com/syself/cluster-api-provider-hetzner/pkg/services/hcloud/client.(*realClient).GetServer(0xX?, {0xX?, 0xX?}, 0xX?)\n\t/home/janiskemper/Documents/syself/cluster-api-provider-hetzner/pkg/services/hcloud/client/client.go:246 +0xX\ngithub.com/syself/cluster-api-provider-hetzner/pkg/services/hcloud/server.(*Service).findServer(0xX, {0xX, 0xX})\n\t/home/janiskemper/Documents/syself/cluster-api-provider-hetzner/pkg/services/hcloud/server/server.go:678 +0xX\ngithub.com/syself/cluster-api-provider-hetzner/pkg/services/hcloud/server.(*Service).Reconcile(0xX, {0xX, 0xX})\n\t/home/janiskemper/Documents/syself/cluster-api-provider-hetzner/pkg/services/hcloud/server/server.go:95 +0xX\ngithub.com/syself/cluster-api-provider-hetzner/controllers.(*HCloudMachineReconciler).reconcileNormal(0xX?, {0xX, 0xX}, 0xX)\n\t/home/janiskemper/Documents/syself/cluster-api-provider-hetzner/controllers/hcloudmachine_controller.go:208 +0xX\ngithub.com/syself/cluster-api-provider-hetzner/controllers.(*HCloudMachineReconciler).Reconcile(0xX, {0xX, 0xX}, {{{0xX?, 0xX?}, {0xX?, 0xX?}}})\n\t/home/janiskemper/Documents/syself/cluster-api-provider-hetzner/controllers/hcloudmachine_controller.go:175 +0xX\nsigs.k8s.io/controller-runtime/pkg/internal/controller.(*Controller).Reconcile(0xX?, {0xX?, 0xX?}, {{{0xX?, 0xX?}, {0xX?, 0xX?}}})\n\t/home/janiskemper/Documents/syself/cluster-api-provider-hetzner/vendor/sigs.k8s.io/controller-runtime/pkg/internal/controller/controller.go:119 +0xX\nsigs.k8s.io/controller-runtime/pkg/internal/controller.(*Controller).reconcileHandler(0xX, {0xX, 0xX}, {0xX?, 0xX?})\n\t/home/janiskemper/Documents/syself/cluster-api-provider-hetzner/vendor/sigs.k8s.io/controller-runtime/pkg/internal/controller/controller.go:316 +0xX\nsigs.k8s.io/controller-runtime/pkg/internal/controller.(*Controller).processNextWorkItem(0xX, {0xX, 0xX})\n\t/home/janiskemper/Documents/syself/cluster-api-provider-hetzner/vendor/sigs.k8s.io/controller-runtime/pkg/internal/controller/controller.go:266 +0xX\nsigs.k8s.io/controller-runtime/pkg/internal/controller.(*Controller).Start.func2.2()\n\t/home/janiskemper/Documents/syself/cluster-api-provider-hetzner/vendor/sigs.k8s.io/controller-runtime/pkg/internal/controller/controller.go:227 +0xX\ncreated by sigs.k8s.io/controller-runtime/pkg/internal/controller.(*Controller).Start.func2 in goroutine 46\n\t/home/janiskemper/Documents/syself/cluster-api-provider-hetzner/vendor/sigs.k8s.io/controller-runtime/pkg/internal/controller/controller.go:223 +0xX\n"}
{"level":"INFO","time":"2024-06-11T11:08:14.053Z","logger":"hcloud-api","file":"client/client.go:102","message":"hcloud API called","controller":"hcloudmachine","controllerGroup":"infrastructure.cluster.x-k8s.io","controllerKind":"HCloudMachine","HCloudMachine":{"name":"testing-md-0-gsd7r-rr28f","namespace":"default"},"namespace":"default","name":"testing-md-0-gsd7r-rr28f","reconcileID":"7fc5c9ae-4c11-4fe5-8e71-cecea3199b27","HCloudMachine":{"name":"testing-md-0-gsd7r-rr28f","namespace":"default"},"Machine":{"name":"testing-md-0-gsd7r-rr28f","namespace":"default"},"Cluster":{"name":"testing","namespace":"default"},"HetznerCluster":{"name":"testing","namespace":"default"},"statusCode":200,"method":"GET","url":"https://api.hetzner.cloud/v1/servers/48678623","hcloud_token":"xu9pK...","stack":"goroutine 463 [running]:\nruntime/debug.Stack()\n\t/usr/lib/golang/src/runtime/debug/stack.go:24 +0xX\ngithub.com/syself/cluster-api-provider-hetzner/pkg/services/hcloud/client.(*LoggingTransport).RoundTrip(0xX, 0xX)\n\t/home/janiskemper/Documents/syself/cluster-api-provider-hetzner/pkg/services/hcloud/client/client.go:93 +0xX\nnet/http.send(0xX, {0xX, 0xX}, {0xX?, 0xX?, 0xX?})\n\t/usr/lib/golang/src/net/http/client.go:260 +0xX\nnet/http.(*Client).send(0xX, 0xX, {0xX?, 0xX?, 0xX?})\n\t/usr/lib/golang/src/net/http/client.go:181 +0xX\nnet/http.(*Client).do(0xX, 0xX)\n\t/usr/lib/golang/src/net/http/client.go:724 +0xX\nnet/http.(*Client).Do(...)\n\t/usr/lib/golang/src/net/http/client.go:590\ngithub.com/hetznercloud/hcloud-go/v2/hcloud.(*Client).Do(0xX, 0xX, {0xX, 0xX})\n\t/home/janiskemper/Documents/syself/cluster-api-provider-hetzner/vendor/github.com/hetznercloud/hcloud-go/v2/hcloud/client.go:266 +0xX\ngithub.com/hetznercloud/hcloud-go/v2/hcloud.(*ServerClient).GetByID(0xX, {0xX, 0xX}, 0xX?)\n\t/home/janiskemper/Documents/syself/cluster-api-provider-hetzner/vendor/github.com/hetznercloud/hcloud-go/v2/hcloud/server.go:207 +0xX\ngithub.com/syself/cluster-api-provider-hetzner/pkg/services/hcloud/client.(*realClient).GetServer(0xX?, {0xX?, 0xX?}, 0xX?)\n\t/home/janiskemper/Documents/syself/cluster-api-provider-hetzner/pkg/services/hcloud/client/client.go:246 +0xX\ngithub.com/syself/cluster-api-provider-hetzner/pkg/services/hcloud/server.(*Service).findServer(0xX, {0xX, 0xX})\n\t/home/janiskemper/Documents/syself/cluster-api-provider-hetzner/pkg/services/hcloud/server/server.go:678 +0xX\ngithub.com/syself/cluster-api-provider-hetzner/pkg/services/hcloud/server.(*Service).Reconcile(0xX, {0xX, 0xX})\n\t/home/janiskemper/Documents/syself/cluster-api-provider-hetzner/pkg/services/hcloud/server/server.go:95 +0xX\ngithub.com/syself/cluster-api-provider-hetzner/controllers.(*HCloudMachineReconciler).reconcileNormal(0xX?, {0xX, 0xX}, 0xX)\n\t/home/janiskemper/Documents/syself/cluster-api-provider-hetzner/controllers/hcloudmachine_controller.go:208 +0xX\ngithub.com/syself/cluster-api-provider-hetzner/controllers.(*HCloudMachineReconciler).Reconcile(0xX, {0xX, 0xX}, {{{0xX?, 0xX?}, {0xX?, 0xX?}}})\n\t/home/janiskemper/Documents/syself/cluster-api-provider-hetzner/controllers/hcloudmachine_controller.go:175 +0xX\nsigs.k8s.io/controller-runtime/pkg/internal/controller.(*Controller).Reconcile(0xX?, {0xX?, 0xX?}, {{{0xX?, 0xX?}, {0xX?, 0xX?}}})\n\t/home/janiskemper/Documents/syself/cluster-api-provider-hetzner/vendor/sigs.k8s.io/controller-runtime/pkg/internal/controller/controller.go:119 +0xX\nsigs.k8s.io/controller-runtime/pkg/internal/controller.(*Controller).reconcileHandler(0xX, {0xX, 0xX}, {0xX?, 0xX?})\n\t/home/janiskemper/Documents/syself/cluster-api-provider-hetzner/vendor/sigs.k8s.io/controller-runtime/pkg/internal/controller/controller.go:316 +0xX\nsigs.k8s.io/controller-runtime/pkg/internal/controller.(*Controller).processNextWorkItem(0xX, {0xX, 0xX})\n\t/home/janiskemper/Documents/syself/cluster-api-provider-hetzner/vendor/sigs.k8s.io/controller-runtime/pkg/internal/controller/controller.go:266 +0xX\nsigs.k8s.io/controller-runtime/pkg/internal/controller.(*Controller).Start.func2.2()\n\t/home/janiskemper/Documents/syself/cluster-api-provider-hetzner/vendor/sigs.k8s.io/controller-runtime/pkg/internal/controller/controller.go:227 +0xX\ncreated by sigs.k8s.io/controller-runtime/pkg/internal/controller.(*Controller).Start.func2 in goroutine 46\n\t/home/janiskemper/Documents/syself/cluster-api-provider-hetzner/vendor/sigs.k8s.io/controller-runtime/pkg/internal/controller/controller.go:223 +0xX\n"}
{"level":"INFO","time":"2024-06-11T11:08:14.321Z","logger":"hcloud-api","file":"client/client.go:102","message":"hcloud API called","controller":"hcloudmachine","controllerGroup":"infrastructure.cluster.x-k8s.io","controllerKind":"HCloudMachine","HCloudMachine":{"name":"testing-md-0-gsd7r-s4p9d","namespace":"default"},"namespace":"default","name":"testing-md-0-gsd7r-s4p9d","reconcileID":"82d85b1b-7204-4135-92dd-1f2192b28d99","HCloudMachine":{"name":"testing-md-0-gsd7r-s4p9d","namespace":"default"},"Machine":{"name":"testing-md-0-gsd7r-s4p9d","namespace":"default"},"Cluster":{"name":"testing","namespace":"default"},"HetznerCluster":{"name":"testing","namespace":"default"},"statusCode":200,"method":"GET","url":"https://api.hetzner.cloud/v1/servers/48678624","hcloud_token":"xu9pK...","stack":"goroutine 463 [running]:\nruntime/debug.Stack()\n\t/usr/lib/golang/src/runtime/debug/stack.go:24 +0xX\ngithub.com/syself/cluster-api-provider-hetzner/pkg/services/hcloud/client.(*LoggingTransport).RoundTrip(0xX, 0xX)\n\t/home/janiskemper/Documents/syself/cluster-api-provider-hetzner/pkg/services/hcloud/client/client.go:93 +0xX\nnet/http.send(0xX, {0xX, 0xX}, {0xX?, 0xX?, 0xX?})\n\t/usr/lib/golang/src/net/http/client.go:260 +0xX\nnet/http.(*Client).send(0xX, 0xX, {0xX?, 0xX?, 0xX?})\n\t/usr/lib/golang/src/net/http/client.go:181 +0xX\nnet/http.(*Client).do(0xX, 0xX)\n\t/usr/lib/golang/src/net/http/client.go:724 +0xX\nnet/http.(*Client).Do(...)\n\t/usr/lib/golang/src/net/http/client.go:590\ngithub.com/hetznercloud/hcloud-go/v2/hcloud.(*Client).Do(0xX, 0xX, {0xX, 0xX})\n\t/home/janiskemper/Documents/syself/cluster-api-provider-hetzner/vendor/github.com/hetznercloud/hcloud-go/v2/hcloud/client.go:266 +0xX\ngithub.com/hetznercloud/hcloud-go/v2/hcloud.(*ServerClient).GetByID(0xX, {0xX, 0xX}, 0xX?)\n\t/home/janiskemper/Documents/syself/cluster-api-provider-hetzner/vendor/github.com/hetznercloud/hcloud-go/v2/hcloud/server.go:207 +0xX\ngithub.com/syself/cluster-api-provider-hetzner/pkg/services/hcloud/client.(*realClient).GetServer(0xX?, {0xX?, 0xX?}, 0xX?)\n\t/home/janiskemper/Documents/syself/cluster-api-provider-hetzner/pkg/services/hcloud/client/client.go:246 +0xX\ngithub.com/syself/cluster-api-provider-hetzner/pkg/services/hcloud/server.(*Service).findServer(0xX, {0xX, 0xX})\n\t/home/janiskemper/Documents/syself/cluster-api-provider-hetzner/pkg/services/hcloud/server/server.go:678 +0xX\ngithub.com/syself/cluster-api-provider-hetzner/pkg/services/hcloud/server.(*Service).Reconcile(0xX, {0xX, 0xX})\n\t/home/janiskemper/Documents/syself/cluster-api-provider-hetzner/pkg/services/hcloud/server/server.go:95 +0xX\ngithub.com/syself/cluster-api-provider-hetzner/controllers.(*HCloudMachineReconciler).reconcileNormal(0xX?, {0xX, 0xX}, 0xX)\n\t/home/janiskemper/Documents/syself/cluster-api-provider-hetzner/controllers/hcloudmachine_controller.go:208 +0xX\ngithub.com/syself/cluster-api-provider-hetzner/controllers.(*HCloudMachineReconciler).Reconcile(0xX, {0xX, 0xX}, {{{0xX?, 0xX?}, {0xX?, 0xX?}}})\n\t/home/janiskemper/Documents/syself/cluster-api-provider-hetzner/controllers/hcloudmachine_controller.go:175 +0xX\nsigs.k8s.io/controller-runtime/pkg/internal/controller.(*Controller).Reconcile(0xX?, {0xX?, 0xX?}, {{{0xX?, 0xX?}, {0xX?, 0xX?}}})\n\t/home/janiskemper/Documents/syself/cluster-api-provider-hetzner/vendor/sigs.k8s.io/controller-runtime/pkg/internal/controller/controller.go:119 +0xX\nsigs.k8s.io/controller-runtime/pkg/internal/controller.(*Controller).reconcileHandler(0xX, {0xX, 0xX}, {0xX?, 0xX?})\n\t/home/janiskemper/Documents/syself/cluster-api-provider-hetzner/vendor/sigs.k8s.io/controller-runtime/pkg/internal/controller/controller.go:316 +0xX\nsigs.k8s.io/controller-runtime/pkg/internal/controller.(*Controller).processNextWorkItem(0xX, {0xX, 0xX})\n\t/home/janiskemper/Documents/syself/cluster-api-provider-hetzner/vendor/sigs.k8s.io/controller-runtime/pkg/internal/controller/controller.go:266 +0xX\nsigs.k8s.io/controller-runtime/pkg/internal/controller.(*Controller).Start.func2.2()\n\t/home/janiskemper/Documents/syself/cluster-api-provider-hetzner/vendor/sigs.k8s.io/controller-runtime/pkg/internal/controller/controller.go:227 +0xX\ncreated by sigs.k8s.io/controller-runtime/pkg/internal/controller.(*Controller).Start.func2 in goroutine 46\n\t/home/janiskemper/Documents/syself/cluster-api-provider-hetzner/vendor/sigs.k8s.io/controller-runtime/pkg/internal/controller/controller.go:223 +0xX\n"}
{"level":"INFO","time":"2024-06-11T11:08:14.683Z","logger":"hcloud-api","file":"client/client.go:102","message":"hcloud API called","controller":"hcloudmachine","controllerGroup":"infrastructure.cluster.x-k8s.io","controllerKind":"HCloudMachine","HCloudMachine":{"name":"testing-control-plane-svc5p","namespace":"default"},"namespace":"default","name":"testing-control-plane-svc5p","reconcileID":"086cc4e5-44d2-4e54-8a8c-db9f80f1fe7e","HCloudMachine":{"name":"testing-control-plane-svc5p","namespace":"default"},"Machine":{"name":"testing-control-plane-svc5p","namespace":"default"},"Cluster":{"name":"testing","namespace":"default"},"HetznerCluster":{"name":"testing","namespace":"default"},"statusCode":200,"method":"GET","url":"https://api.hetzner.cloud/v1/servers/48678441","hcloud_token":"xu9pK...","stack":"goroutine 463 [running]:\nruntime/debug.Stack()\n\t/usr/lib/golang/src/runtime/debug/stack.go:24 +0xX\ngithub.com/syself/cluster-api-provider-hetzner/pkg/services/hcloud/client.(*LoggingTransport).RoundTrip(0xX, 0xX)\n\t/home/janiskemper/Documents/syself/cluster-api-provider-hetzner/pkg/services/hcloud/client/client.go:93 +0xX\nnet/http.send(0xX, {0xX, 0xX}, {0xX?, 0xX?, 0xX?})\n\t/usr/lib/golang/src/net/http/client.go:260 +0xX\nnet/http.(*Client).send(0xX, 0xX, {0xX?, 0xX?, 0xX?})\n\t/usr/lib/golang/src/net/http/client.go:181 +0xX\nnet/http.(*Client).do(0xX, 0xX)\n\t/usr/lib/golang/src/net/http/client.go:724 +0xX\nnet/http.(*Client).Do(...)\n\t/usr/lib/golang/src/net/http/client.go:590\ngithub.com/hetznercloud/hcloud-go/v2/hcloud.(*Client).Do(0xX, 0xX, {0xX, 0xX})\n\t/home/janiskemper/Documents/syself/cluster-api-provider-hetzner/vendor/github.com/hetznercloud/hcloud-go/v2/hcloud/client.go:266 +0xX\ngithub.com/hetznercloud/hcloud-go/v2/hcloud.(*ServerClient).GetByID(0xX, {0xX, 0xX}, 0xX?)\n\t/home/janiskemper/Documents/syself/cluster-api-provider-hetzner/vendor/github.com/hetznercloud/hcloud-go/v2/hcloud/server.go:207 +0xX\ngithub.com/syself/cluster-api-provider-hetzner/pkg/services/hcloud/client.(*realClient).GetServer(0xX?, {0xX?, 0xX?}, 0xX?)\n\t/home/janiskemper/Documents/syself/cluster-api-provider-hetzner/pkg/services/hcloud/client/client.go:246 +0xX\ngithub.com/syself/cluster-api-provider-hetzner/pkg/services/hcloud/server.(*Service).findServer(0xX, {0xX, 0xX})\n\t/home/janiskemper/Documents/syself/cluster-api-provider-hetzner/pkg/services/hcloud/server/server.go:678 +0xX\ngithub.com/syself/cluster-api-provider-hetzner/pkg/services/hcloud/server.(*Service).Reconcile(0xX, {0xX, 0xX})\n\t/home/janiskemper/Documents/syself/cluster-api-provider-hetzner/pkg/services/hcloud/server/server.go:95 +0xX\ngithub.com/syself/cluster-api-provider-hetzner/controllers.(*HCloudMachineReconciler).reconcileNormal(0xX?, {0xX, 0xX}, 0xX)\n\t/home/janiskemper/Documents/syself/cluster-api-provider-hetzner/controllers/hcloudmachine_controller.go:208 +0xX\ngithub.com/syself/cluster-api-provider-hetzner/controllers.(*HCloudMachineReconciler).Reconcile(0xX, {0xX, 0xX}, {{{0xX?, 0xX?}, {0xX?, 0xX?}}})\n\t/home/janiskemper/Documents/syself/cluster-api-provider-hetzner/controllers/hcloudmachine_controller.go:175 +0xX\nsigs.k8s.io/controller-runtime/pkg/internal/controller.(*Controller).Reconcile(0xX?, {0xX?, 0xX?}, {{{0xX?, 0xX?}, {0xX?, 0xX?}}})\n\t/home/janiskemper/Documents/syself/cluster-api-provider-hetzner/vendor/sigs.k8s.io/controller-runtime/pkg/internal/controller/controller.go:119 +0xX\nsigs.k8s.io/controller-runtime/pkg/internal/controller.(*Controller).reconcileHandler(0xX, {0xX, 0xX}, {0xX?, 0xX?})\n\t/home/janiskemper/Documents/syself/cluster-api-provider-hetzner/vendor/sigs.k8s.io/controller-runtime/pkg/internal/controller/controller.go:316 +0xX\nsigs.k8s.io/controller-runtime/pkg/internal/controller.(*Controller).processNextWorkItem(0xX, {0xX, 0xX})\n\t/home/janiskemper/Documents/syself/cluster-api-provider-hetzner/vendor/sigs.k8s.io/controller-runtime/pkg/internal/controller/controller.go:266 +0xX\nsigs.k8s.io/controller-runtime/pkg/internal/controller.(*Controller).Start.func2.2()\n\t/home/janiskemper/Documents/syself/cluster-api-provider-hetzner/vendor/sigs.k8s.io/controller-runtime/pkg/internal/controller/controller.go:227 +0xX\ncreated by sigs.k8s.io/controller-runtime/pkg/internal/controller.(*Controller).Start.func2 in goroutine 46\n\t/home/janiskemper/Documents/syself/cluster-api-provider-hetzner/vendor/sigs.k8s.io/controller-runtime/pkg/internal/controller/controller.go:223 +0xX\n"}
{"level":"INFO","time":"2024-06-11T11:08:14.894Z","logger":"hcloud-api","file":"client/client.go:102","message":"hcloud API called","controller":"hcloudmachine","controllerGroup":"infrastructure.cluster.x-k8s.io","controllerKind":"HCloudMachine","HCloudMachine":{"name":"testing-control-plane-cfvjj","namespace":"default"},"namespace":"default","name":"testing-control-plane-cfvjj","reconcileID":"88188c79-7a1d-4b7b-a266-a85b5f0b301a","HCloudMachine":{"name":"testing-control-plane-cfvjj","namespace":"default"},"Machine":{"name":"testing-control-plane-cfvjj","namespace":"default"},"Cluster":{"name":"testing","namespace":"default"},"HetznerCluster":{"name":"testing","namespace":"default"},"statusCode":200,"method":"GET","url":"https://api.hetzner.cloud/v1/servers/48678576","hcloud_token":"xu9pK...","stack":"goroutine 463 [running]:\nruntime/debug.Stack()\n\t/usr/lib/golang/src/runtime/debug/stack.go:24 +0xX\ngithub.com/syself/cluster-api-provider-hetzner/pkg/services/hcloud/client.(*LoggingTransport).RoundTrip(0xX, 0xX)\n\t/home/janiskemper/Documents/syself/cluster-api-provider-hetzner/pkg/services/hcloud/client/client.go:93 +0xX\nnet/http.send(0xX, {0xX, 0xX}, {0xX?, 0xX?, 0xX?})\n\t/usr/lib/golang/src/net/http/client.go:260 +0xX\nnet/http.(*Client).send(0xX, 0xX, {0xX?, 0xX?, 0xX?})\n\t/usr/lib/golang/src/net/http/client.go:181 +0xX\nnet/http.(*Client).do(0xX, 0xX)\n\t/usr/lib/golang/src/net/http/client.go:724 +0xX\nnet/http.(*Client).Do(...)\n\t/usr/lib/golang/src/net/http/client.go:590\ngithub.com/hetznercloud/hcloud-go/v2/hcloud.(*Client).Do(0xX, 0xX, {0xX, 0xX})\n\t/home/janiskemper/Documents/syself/cluster-api-provider-hetzner/vendor/github.com/hetznercloud/hcloud-go/v2/hcloud/client.go:266 +0xX\ngithub.com/hetznercloud/hcloud-go/v2/hcloud.(*ServerClient).GetByID(0xX, {0xX, 0xX}, 0xX?)\n\t/home/janiskemper/Documents/syself/cluster-api-provider-hetzner/vendor/github.com/hetznercloud/hcloud-go/v2/hcloud/server.go:207 +0xX\ngithub.com/syself/cluster-api-provider-hetzner/pkg/services/hcloud/client.(*realClient).GetServer(0xX?, {0xX?, 0xX?}, 0xX?)\n\t/home/janiskemper/Documents/syself/cluster-api-provider-hetzner/pkg/services/hcloud/client/client.go:246 +0xX\ngithub.com/syself/cluster-api-provider-hetzner/pkg/services/hcloud/server.(*Service).findServer(0xX, {0xX, 0xX})\n\t/home/janiskemper/Documents/syself/cluster-api-provider-hetzner/pkg/services/hcloud/server/server.go:678 +0xX\ngithub.com/syself/cluster-api-provider-hetzner/pkg/services/hcloud/server.(*Service).Reconcile(0xX, {0xX, 0xX})\n\t/home/janiskemper/Documents/syself/cluster-api-provider-hetzner/pkg/services/hcloud/server/server.go:95 +0xX\ngithub.com/syself/cluster-api-provider-hetzner/controllers.(*HCloudMachineReconciler).reconcileNormal(0xX?, {0xX, 0xX}, 0xX)\n\t/home/janiskemper/Documents/syself/cluster-api-provider-hetzner/controllers/hcloudmachine_controller.go:208 +0xX\ngithub.com/syself/cluster-api-provider-hetzner/controllers.(*HCloudMachineReconciler).Reconcile(0xX, {0xX, 0xX}, {{{0xX?, 0xX?}, {0xX?, 0xX?}}})\n\t/home/janiskemper/Documents/syself/cluster-api-provider-hetzner/controllers/hcloudmachine_controller.go:175 +0xX\nsigs.k8s.io/controller-runtime/pkg/internal/controller.(*Controller).Reconcile(0xX?, {0xX?, 0xX?}, {{{0xX?, 0xX?}, {0xX?, 0xX?}}})\n\t/home/janiskemper/Documents/syself/cluster-api-provider-hetzner/vendor/sigs.k8s.io/controller-runtime/pkg/internal/controller/controller.go:119 +0xX\nsigs.k8s.io/controller-runtime/pkg/internal/controller.(*Controller).reconcileHandler(0xX, {0xX, 0xX}, {0xX?, 0xX?})\n\t/home/janiskemper/Documents/syself/cluster-api-provider-hetzner/vendor/sigs.k8s.io/controller-runtime/pkg/internal/controller/controller.go:316 +0xX\nsigs.k8s.io/controller-runtime/pkg/internal/controller.(*Controller).processNextWorkItem(0xX, {0xX, 0xX})\n\t/home/janiskemper/Documents/syself/cluster-api-provider-hetzner/vendor/sigs.k8s.io/controller-runtime/pkg/internal/controller/controller.go:266 +0xX\nsigs.k8s.io/controller-runtime/pkg/internal/controller.(*Controller).Start.func2.2()\n\t/home/janiskemper/Documents/syself/cluster-api-provider-hetzner/vendor/sigs.k8s.io/controller-runtime/pkg/internal/controller/controller.go:227 +0xX\ncreated by sigs.k8s.io/controller-runtime/pkg/internal/controller.(*Controller).Start.func2 in goroutine 46\n\t/home/janiskemper/Documents/syself/cluster-api-provider-hetzner/vendor/sigs.k8s.io/controller-runtime/pkg/internal/controller/controller.go:223 +0xX\n"}
{"level":"INFO","time":"2024-06-11T11:08:15.179Z","logger":"hcloud-api","file":"client/client.go:102","message":"hcloud API called","controller":"hcloudmachine","controllerGroup":"infrastructure.cluster.x-k8s.io","controllerKind":"HCloudMachine","HCloudMachine":{"name":"testing-control-plane-lqtn6","namespace":"default"},"namespace":"default","name":"testing-control-plane-lqtn6","reconcileID":"681dcaa0-0954-4999-ad18-bb78baa11fd2","HCloudMachine":{"name":"testing-control-plane-lqtn6","namespace":"default"},"Machine":{"name":"testing-control-plane-lqtn6","namespace":"default"},"Cluster":{"name":"testing","namespace":"default"},"HetznerCluster":{"name":"testing","namespace":"default"},"statusCode":200,"method":"GET","url":"https://api.hetzner.cloud/v1/servers/48678781","hcloud_token":"xu9pK...","stack":"goroutine 463 [running]:\nruntime/debug.Stack()\n\t/usr/lib/golang/src/runtime/debug/stack.go:24 +0xX\ngithub.com/syself/cluster-api-provider-hetzner/pkg/services/hcloud/client.(*LoggingTransport).RoundTrip(0xX, 0xX)\n\t/home/janiskemper/Documents/syself/cluster-api-provider-hetzner/pkg/services/hcloud/client/client.go:93 +0xX\nnet/http.send(0xX, {0xX, 0xX}, {0xX?, 0xX?, 0xX?})\n\t/usr/lib/golang/src/net/http/client.go:260 +0xX\nnet/http.(*Client).send(0xX, 0xX, {0xX?, 0xX?, 0xX?})\n\t/usr/lib/golang/src/net/http/client.go:181 +0xX\nnet/http.(*Client).do(0xX, 0xX)\n\t/usr/lib/golang/src/net/http/client.go:724 +0xX\nnet/http.(*Client).Do(...)\n\t/usr/lib/golang/src/net/http/client.go:590\ngithub.com/hetznercloud/hcloud-go/v2/hcloud.(*Client).Do(0xX, 0xX, {0xX, 0xX})\n\t/home/janiskemper/Documents/syself/cluster-api-provider-hetzner/vendor/github.com/hetznercloud/hcloud-go/v2/hcloud/client.go:266 +0xX\ngithub.com/hetznercloud/hcloud-go/v2/hcloud.(*ServerClient).GetByID(0xX, {0xX, 0xX}, 0xX?)\n\t/home/janiskemper/Documents/syself/cluster-api-provider-hetzner/vendor/github.com/hetznercloud/hcloud-go/v2/hcloud/server.go:207 +0xX\ngithub.com/syself/cluster-api-provider-hetzner/pkg/services/hcloud/client.(*realClient).GetServer(0xX?, {0xX?, 0xX?}, 0xX?)\n\t/home/janiskemper/Documents/syself/cluster-api-provider-hetzner/pkg/services/hcloud/client/client.go:246 +0xX\ngithub.com/syself/cluster-api-provider-hetzner/pkg/services/hcloud/server.(*Service).findServer(0xX, {0xX, 0xX})\n\t/home/janiskemper/Documents/syself/cluster-api-provider-hetzner/pkg/services/hcloud/server/server.go:678 +0xX\ngithub.com/syself/cluster-api-provider-hetzner/pkg/services/hcloud/server.(*Service).Reconcile(0xX, {0xX, 0xX})\n\t/home/janiskemper/Documents/syself/cluster-api-provider-hetzner/pkg/services/hcloud/server/server.go:95 +0xX\ngithub.com/syself/cluster-api-provider-hetzner/controllers.(*HCloudMachineReconciler).reconcileNormal(0xX?, {0xX, 0xX}, 0xX)\n\t/home/janiskemper/Documents/syself/cluster-api-provider-hetzner/controllers/hcloudmachine_controller.go:208 +0xX\ngithub.com/syself/cluster-api-provider-hetzner/controllers.(*HCloudMachineReconciler).Reconcile(0xX, {0xX, 0xX}, {{{0xX?, 0xX?}, {0xX?, 0xX?}}})\n\t/home/janiskemper/Documents/syself/cluster-api-provider-hetzner/controllers/hcloudmachine_controller.go:175 +0xX\nsigs.k8s.io/controller-runtime/pkg/internal/controller.(*Controller).Reconcile(0xX?, {0xX?, 0xX?}, {{{0xX?, 0xX?}, {0xX?, 0xX?}}})\n\t/home/janiskemper/Documents/syself/cluster-api-provider-hetzner/vendor/sigs.k8s.io/controller-runtime/pkg/internal/controller/controller.go:119 +0xX\nsigs.k8s.io/controller-runtime/pkg/internal/controller.(*Controller).reconcileHandler(0xX, {0xX, 0xX}, {0xX?, 0xX?})\n\t/home/janiskemper/Documents/syself/cluster-api-provider-hetzner/vendor/sigs.k8s.io/controller-runtime/pkg/internal/controller/controller.go:316 +0xX\nsigs.k8s.io/controller-runtime/pkg/internal/controller.(*Controller).processNextWorkItem(0xX, {0xX, 0xX})\n\t/home/janiskemper/Documents/syself/cluster-api-provider-hetzner/vendor/sigs.k8s.io/controller-runtime/pkg/internal/controller/controller.go:266 +0xX\nsigs.k8s.io/controller-runtime/pkg/internal/controller.(*Controller).Start.func2.2()\n\t/home/janiskemper/Documents/syself/cluster-api-provider-hetzner/vendor/sigs.k8s.io/controller-runtime/pkg/internal/controller/controller.go:227 +0xX\ncreated by sigs.k8s.io/controller-runtime/pkg/internal/controller.(*Controller).Start.func2 in goroutine 46\n\t/home/janiskemper/Documents/syself/cluster-api-provider-hetzner/vendor/sigs.k8s.io/controller-runtime/pkg/internal/controller/controller.go:223 +0xX\n"}
{"level":"INFO","time":"2024-06-11T11:08:16.897Z","logger":"hcloud-api","file":"client/client.go:102","message":"hcloud API called","controller":"hetznercluster","controllerGroup":"infrastructure.cluster.x-k8s.io","controllerKind":"HetznerCluster","HetznerCluster":{"name":"testing","namespace":"default"},"namespace":"default","name":"testing","reconcileID":"39cdd0ba-b184-4b68-b620-5cb42ef3177f","HetznerCluster":{"name":"testing","namespace":"default"},"Cluster":{"name":"testing","namespace":"default"},"statusCode":200,"method":"GET","url":"https://api.hetzner.cloud/v1/load_balancers?label_selector=caph-cluster-testing%3D%3Downed&page=1","hcloud_token":"xu9pK...","stack":"goroutine 460 [running]:\nruntime/debug.Stack()\n\t/usr/lib/golang/src/runtime/debug/stack.go:24 +0xX\ngithub.com/syself/cluster-api-provider-hetzner/pkg/services/hcloud/client.(*LoggingTransport).RoundTrip(0xX, 0xX)\n\t/home/janiskemper/Documents/syself/cluster-api-provider-hetzner/pkg/services/hcloud/client/client.go:93 +0xX\nnet/http.send(0xX, {0xX, 0xX}, {0xX?, 0xX?, 0xX?})\n\t/usr/lib/golang/src/net/http/client.go:260 +0xX\nnet/http.(*Client).send(0xX, 0xX, {0xX?, 0xX?, 0xX?})\n\t/usr/lib/golang/src/net/http/client.go:181 +0xX\nnet/http.(*Client).do(0xX, 0xX)\n\t/usr/lib/golang/src/net/http/client.go:724 +0xX\nnet/http.(*Client).Do(...)\n\t/usr/lib/golang/src/net/http/client.go:590\ngithub.com/hetznercloud/hcloud-go/v2/hcloud.(*Client).Do(0xX, 0xX, {0xX, 0xX})\n\t/home/janiskemper/Documents/syself/cluster-api-provider-hetzner/vendor/github.com/hetznercloud/hcloud-go/v2/hcloud/client.go:266 +0xX\ngithub.com/hetznercloud/hcloud-go/v2/hcloud.(*LoadBalancerClient).List(0xX, {0xX, 0xX}, {{0xX, 0xX, {0xX, 0xX}}, {0xX, 0xX}, {0xX, ...}})\n\t/home/janiskemper/Documents/syself/cluster-api-provider-hetzner/vendor/github.com/hetznercloud/hcloud-go/v2/hcloud/load_balancer.go:313 +0xX\ngithub.com/hetznercloud/hcloud-go/v2/hcloud.(*LoadBalancerClient).AllWithOpts.func1(0xX?)\n\t/home/janiskemper/Documents/syself/cluster-api-provider-hetzner/vendor/github.com/hetznercloud/hcloud-go/v2/hcloud/load_balancer.go:335 +0xX\ngithub.com/hetznercloud/hcloud-go/v2/hcloud.(*Client).all(0xX?, 0xX)\n\t/home/janiskemper/Documents/syself/cluster-api-provider-hetzner/vendor/github.com/hetznercloud/hcloud-go/v2/hcloud/client.go:323 +0xX\ngithub.com/hetznercloud/hcloud-go/v2/hcloud.(*LoadBalancerClient).AllWithOpts(0xX?, {0xX?, 0xX?}, {{0xX, 0xX, {0xX, 0xX}}, {0xX, 0xX}, {0xX, ...}})\n\t/home/janiskemper/Documents/syself/cluster-api-provider-hetzner/vendor/github.com/hetznercloud/hcloud-go/v2/hcloud/load_balancer.go:333 +0xX\ngithub.com/syself/cluster-api-provider-hetzner/pkg/services/hcloud/client.(*realClient).ListLoadBalancers(0xX?, {0xX?, 0xX?}, {{0xX, 0xX, {0xX, 0xX}}, {0xX, 0xX}, {0xX, ...}})\n\t/home/janiskemper/Documents/syself/cluster-api-provider-hetzner/pkg/services/hcloud/client/client.go:157 +0xX\ngithub.com/syself/cluster-api-provider-hetzner/pkg/services/hcloud/loadbalancer.(*Service).findLoadBalancer(0xX, {0xX, 0xX})\n\t/home/janiskemper/Documents/syself/cluster-api-provider-hetzner/pkg/services/hcloud/loadbalancer/loadbalancer.go:427 +0xX\ngithub.com/syself/cluster-api-provider-hetzner/pkg/services/hcloud/loadbalancer.(*Service).Reconcile(0xX, {0xX, 0xX})\n\t/home/janiskemper/Documents/syself/cluster-api-provider-hetzner/pkg/services/hcloud/loadbalancer/loadbalancer.go:65 +0xX\ngithub.com/syself/cluster-api-provider-hetzner/controllers.(*HetznerClusterReconciler).reconcileNormal(0xX?, {0xX, 0xX}, 0xX)\n\t/home/janiskemper/Documents/syself/cluster-api-provider-hetzner/controllers/hetznercluster_controller.go:219 +0xX\ngithub.com/syself/cluster-api-provider-hetzner/controllers.(*HetznerClusterReconciler).Reconcile(0xX, {0xX, 0xX}, {{{0xX?, 0xX?}, {0xX?, 0xX?}}})\n\t/home/janiskemper/Documents/syself/cluster-api-provider-hetzner/controllers/hetznercluster_controller.go:172 +0xX\nsigs.k8s.io/controller-runtime/pkg/internal/controller.(*Controller).Reconcile(0xX?, {0xX?, 0xX?}, {{{0xX?, 0xX?}, {0xX?, 0xX?}}})\n\t/home/janiskemper/Documents/syself/cluster-api-provider-hetzner/vendor/sigs.k8s.io/controller-runtime/pkg/internal/controller/controller.go:119 +0xX\nsigs.k8s.io/controller-runtime/pkg/internal/controller.(*Controller).reconcileHandler(0xX, {0xX, 0xX}, {0xX?, 0xX?})\n\t/home/janiskemper/Documents/syself/cluster-api-provider-hetzner/vendor/sigs.k8s.io/controller-runtime/pkg/internal/controller/controller.go:316 +0xX\nsigs.k8s.io/controller-runtime/pkg/internal/controller.(*Controller).processNextWorkItem(0xX, {0xX, 0xX})\n\t/home/janiskemper/Documents/syself/cluster-api-provider-hetzner/vendor/sigs.k8s.io/controller-runtime/pkg/internal/controller/controller.go:266 +0xX\nsigs.k8s.io/controller-runtime/pkg/internal/controller.(*Controller).Start.func2.2()\n\t/home/janiskemper/Documents/syself/cluster-api-provider-hetzner/vendor/sigs.k8s.io/controller-runtime/pkg/internal/controller/controller.go:227 +0xX\ncreated by sigs.k8s.io/controller-runtime/pkg/internal/controller.(*Controller).Start.func2 in goroutine 152\n\t/home/janiskemper/Documents/syself/cluster-api-provider-hetzner/vendor/sigs.k8s.io/controller-runtime/pkg/internal/controller/controller.go:223 +0xX\n"}
{"level":"INFO","time":"2024-06-11T11:08:16.969Z","logger":"hcloud-api","file":"client/client.go:102","message":"hcloud API called","controller":"hetznercluster","controllerGroup":"infrastructure.cluster.x-k8s.io","controllerKind":"HetznerCluster","HetznerCluster":{"name":"testing","namespace":"default"},"namespace":"default","name":"testing","reconcileID":"39cdd0ba-b184-4b68-b620-5cb42ef3177f","HetznerCluster":{"name":"testing","namespace":"default"},"Cluster":{"name":"testing","namespace":"default"},"statusCode":200,"method":"GET","url":"https://api.hetzner.cloud/v1/placement_groups?label_selector=caph-cluster-testing%3D%3Downed&page=1","hcloud_token":"xu9pK...","stack":"goroutine 460 [running]:\nruntime/debug.Stack()\n\t/usr/lib/golang/src/runtime/debug/stack.go:24 +0xX\ngithub.com/syself/cluster-api-provider-hetzner/pkg/services/hcloud/client.(*LoggingTransport).RoundTrip(0xX, 0xX)\n\t/home/janiskemper/Documents/syself/cluster-api-provider-hetzner/pkg/services/hcloud/client/client.go:93 +0xX\nnet/http.send(0xX, {0xX, 0xX}, {0xX?, 0xX?, 0xX?})\n\t/usr/lib/golang/src/net/http/client.go:260 +0xX\nnet/http.(*Client).send(0xX, 0xX, {0xX?, 0xX?, 0xX?})\n\t/usr/lib/golang/src/net/http/client.go:181 +0xX\nnet/http.(*Client).do(0xX, 0xX)\n\t/usr/lib/golang/src/net/http/client.go:724 +0xX\nnet/http.(*Client).Do(...)\n\t/usr/lib/golang/src/net/http/client.go:590\ngithub.com/hetznercloud/hcloud-go/v2/hcloud.(*Client).Do(0xX, 0xX, {0xX, 0xX})\n\t/home/janiskemper/Documents/syself/cluster-api-provider-hetzner/vendor/github.com/hetznercloud/hcloud-go/v2/hcloud/client.go:266 +0xX\ngithub.com/hetznercloud/hcloud-go/v2/hcloud.(*PlacementGroupClient).List(0xX, {0xX, 0xX}, {{0xX, 0xX, {0xX, 0xX}}, {0xX, 0xX}, {0xX, ...}, ...})\n\t/home/janiskemper/Documents/syself/cluster-api-provider-hetzner/vendor/github.com/hetznercloud/hcloud-go/v2/hcloud/placement_group.go:112 +0xX\ngithub.com/hetznercloud/hcloud-go/v2/hcloud.(*PlacementGroupClient).AllWithOpts.func1(0xX?)\n\t/home/janiskemper/Documents/syself/cluster-api-provider-hetzner/vendor/github.com/hetznercloud/hcloud-go/v2/hcloud/placement_group.go:140 +0xX\ngithub.com/hetznercloud/hcloud-go/v2/hcloud.(*Client).all(0xX?, 0xX)\n\t/home/janiskemper/Documents/syself/cluster-api-provider-hetzner/vendor/github.com/hetznercloud/hcloud-go/v2/hcloud/client.go:323 +0xX\ngithub.com/hetznercloud/hcloud-go/v2/hcloud.(*PlacementGroupClient).AllWithOpts(0xX?, {0xX?, 0xX?}, {{0xX, 0xX, {0xX, 0xX}}, {0xX, 0xX}, {0xX, ...}, ...})\n\t/home/janiskemper/Documents/syself/cluster-api-provider-hetzner/vendor/github.com/hetznercloud/hcloud-go/v2/hcloud/placement_group.go:138 +0xX\ngithub.com/syself/cluster-api-provider-hetzner/pkg/services/hcloud/client.(*realClient).ListPlacementGroups(0xX?, {0xX?, 0xX?}, {{0xX, 0xX, {0xX, 0xX}}, {0xX, 0xX}, {0xX, ...}, ...})\n\t/home/janiskemper/Documents/syself/cluster-api-provider-hetzner/pkg/services/hcloud/client/client.go:320 +0xX\ngithub.com/syself/cluster-api-provider-hetzner/pkg/services/hcloud/placementgroup.(*Service).findPlacementGroups(0xX, {0xX, 0xX})\n\t/home/janiskemper/Documents/syself/cluster-api-provider-hetzner/pkg/services/hcloud/placementgroup/placementgroup.go:165 +0xX\ngithub.com/syself/cluster-api-provider-hetzner/pkg/services/hcloud/placementgroup.(*Service).Reconcile(0xX, {0xX, 0xX})\n\t/home/janiskemper/Documents/syself/cluster-api-provider-hetzner/pkg/services/hcloud/placementgroup/placementgroup.go:64 +0xX\ngithub.com/syself/cluster-api-provider-hetzner/controllers.(*HetznerClusterReconciler).reconcileNormal(0xX?, {0xX, 0xX}, 0xX)\n\t/home/janiskemper/Documents/syself/cluster-api-provider-hetzner/controllers/hetznercluster_controller.go:228 +0xX\ngithub.com/syself/cluster-api-provider-hetzner/controllers.(*HetznerClusterReconciler).Reconcile(0xX, {0xX, 0xX}, {{{0xX?, 0xX?}, {0xX?, 0xX?}}})\n\t/home/janiskemper/Documents/syself/cluster-api-provider-hetzner/controllers/hetznercluster_controller.go:172 +0xX\nsigs.k8s.io/controller-runtime/pkg/internal/controller.(*Controller).Reconcile(0xX?, {0xX?, 0xX?}, {{{0xX?, 0xX?}, {0xX?, 0xX?}}})\n\t/home/janiskemper/Documents/syself/cluster-api-provider-hetzner/vendor/sigs.k8s.io/controller-runtime/pkg/internal/controller/controller.go:119 +0xX\nsigs.k8s.io/controller-runtime/pkg/internal/controller.(*Controller).reconcileHandler(0xX, {0xX, 0xX}, {0xX?, 0xX?})\n\t/home/janiskemper/Documents/syself/cluster-api-provider-hetzner/vendor/sigs.k8s.io/controller-runtime/pkg/internal/controller/controller.go:316 +0xX\nsigs.k8s.io/controller-runtime/pkg/internal/controller.(*Controller).processNextWorkItem(0xX, {0xX, 0xX})\n\t/home/janiskemper/Documents/syself/cluster-api-provider-hetzner/vendor/sigs.k8s.io/controller-runtime/pkg/internal/controller/controller.go:266 +0xX\nsigs.k8s.io/controller-runtime/pkg/internal/controller.(*Controller).Start.func2.2()\n\t/home/janiskemper/Documents/syself/cluster-api-provider-hetzner/vendor/sigs.k8s.io/controller-runtime/pkg/internal/controller/controller.go:227 +0xX\ncreated by sigs.k8s.io/controller-runtime/pkg/internal/controller.(*Controller).Start.func2 in goroutine 152\n\t/home/janiskemper/Documents/syself/cluster-api-provider-hetzner/vendor/sigs.k8s.io/controller-runtime/pkg/internal/controller/controller.go:223 +0xX\n"}
{"level":"INFO","time":"2024-06-11T11:08:21.346Z","logger":"hcloud-api","file":"client/client.go:102","message":"hcloud API called","controller":"hcloudmachine","controllerGroup":"infrastructure.cluster.x-k8s.io","controllerKind":"HCloudMachine","HCloudMachine":{"name":"testing-md-0-gsd7r-d5fd8","namespace":"default"},"namespace":"default","name":"testing-md-0-gsd7r-d5fd8","reconcileID":"3cabdb05-9143-4e1f-a1f4-a129582e27e9","HCloudMachine":{"name":"testing-md-0-gsd7r-d5fd8","namespace":"default"},"Machine":{"name":"testing-md-0-gsd7r-d5fd8","namespace":"default"},"Cluster":{"name":"testing","namespace":"default"},"HetznerCluster":{"name":"testing","namespace":"default"},"statusCode":200,"method":"GET","url":"https://api.hetzner.cloud/v1/servers/48678575","hcloud_token":"xu9pK...","stack":"goroutine 463 [running]:\nruntime/debug.Stack()\n\t/usr/lib/golang/src/runtime/debug/stack.go:24 +0xX\ngithub.com/syself/cluster-api-provider-hetzner/pkg/services/hcloud/client.(*LoggingTransport).RoundTrip(0xX, 0xX)\n\t/home/janiskemper/Documents/syself/cluster-api-provider-hetzner/pkg/services/hcloud/client/client.go:93 +0xX\nnet/http.send(0xX, {0xX, 0xX}, {0xX?, 0xX?, 0xX?})\n\t/usr/lib/golang/src/net/http/client.go:260 +0xX\nnet/http.(*Client).send(0xX, 0xX, {0xX?, 0xX?, 0xX?})\n\t/usr/lib/golang/src/net/http/client.go:181 +0xX\nnet/http.(*Client).do(0xX, 0xX)\n\t/usr/lib/golang/src/net/http/client.go:724 +0xX\nnet/http.(*Client).Do(...)\n\t/usr/lib/golang/src/net/http/client.go:590\ngithub.com/hetznercloud/hcloud-go/v2/hcloud.(*Client).Do(0xX, 0xX, {0xX, 0xX})\n\t/home/janiskemper/Documents/syself/cluster-api-provider-hetzner/vendor/github.com/hetznercloud/hcloud-go/v2/hcloud/client.go:266 +0xX\ngithub.com/hetznercloud/hcloud-go/v2/hcloud.(*ServerClient).GetByID(0xX, {0xX, 0xX}, 0xX?)\n\t/home/janiskemper/Documents/syself/cluster-api-provider-hetzner/vendor/github.com/hetznercloud/hcloud-go/v2/hcloud/server.go:207 +0xX\ngithub.com/syself/cluster-api-provider-hetzner/pkg/services/hcloud/client.(*realClient).GetServer(0xX?, {0xX?, 0xX?}, 0xX?)\n\t/home/janiskemper/Documents/syself/cluster-api-provider-hetzner/pkg/services/hcloud/client/client.go:246 +0xX\ngithub.com/syself/cluster-api-provider-hetzner/pkg/services/hcloud/server.(*Service).findServer(0xX, {0xX, 0xX})\n\t/home/janiskemper/Documents/syself/cluster-api-provider-hetzner/pkg/services/hcloud/server/server.go:678 +0xX\ngithub.com/syself/cluster-api-provider-hetzner/pkg/services/hcloud/server.(*Service).Reconcile(0xX, {0xX, 0xX})\n\t/home/janiskemper/Documents/syself/cluster-api-provider-hetzner/pkg/services/hcloud/server/server.go:95 +0xX\ngithub.com/syself/cluster-api-provider-hetzner/controllers.(*HCloudMachineReconciler).reconcileNormal(0xX?, {0xX, 0xX}, 0xX)\n\t/home/janiskemper/Documents/syself/cluster-api-provider-hetzner/controllers/hcloudmachine_controller.go:208 +0xX\ngithub.com/syself/cluster-api-provider-hetzner/controllers.(*HCloudMachineReconciler).Reconcile(0xX, {0xX, 0xX}, {{{0xX?, 0xX?}, {0xX?, 0xX?}}})\n\t/home/janiskemper/Documents/syself/cluster-api-provider-hetzner/controllers/hcloudmachine_controller.go:175 +0xX\nsigs.k8s.io/controller-runtime/pkg/internal/controller.(*Controller).Reconcile(0xX?, {0xX?, 0xX?}, {{{0xX?, 0xX?}, {0xX?, 0xX?}}})\n\t/home/janiskemper/Documents/syself/cluster-api-provider-hetzner/vendor/sigs.k8s.io/controller-runtime/pkg/internal/controller/controller.go:119 +0xX\nsigs.k8s.io/controller-runtime/pkg/internal/controller.(*Controller).reconcileHandler(0xX, {0xX, 0xX}, {0xX?, 0xX?})\n\t/home/janiskemper/Documents/syself/cluster-api-provider-hetzner/vendor/sigs.k8s.io/controller-runtime/pkg/internal/controller/controller.go:316 +0xX\nsigs.k8s.io/controller-runtime/pkg/internal/controller.(*Controller).processNextWorkItem(0xX, {0xX, 0xX})\n\t/home/janiskemper/Documents/syself/cluster-api-provider-hetzner/vendor/sigs.k8s.io/controller-runtime/pkg/internal/controller/controller.go:266 +0xX\nsigs.k8s.io/controller-runtime/pkg/internal/controller.(*Controller).Start.func2.2()\n\t/home/janiskemper/Documents/syself/cluster-api-provider-hetzner/vendor/sigs.k8s.io/controller-runtime/pkg/internal/controller/controller.go:227 +0xX\ncreated by sigs.k8s.io/controller-runtime/pkg/internal/controller.(*Controller).Start.func2 in goroutine 46\n\t/home/janiskemper/Documents/syself/cluster-api-provider-hetzner/vendor/sigs.k8s.io/controller-runtime/pkg/internal/controller/controller.go:223 +0xX\n"}
{"level":"INFO","time":"2024-06-11T11:08:21.600Z","logger":"hcloud-api","file":"client/client.go:102","message":"hcloud API called","controller":"hcloudmachine","controllerGroup":"infrastructure.cluster.x-k8s.io","controllerKind":"HCloudMachine","HCloudMachine":{"name":"testing-md-0-gsd7r-rr28f","namespace":"default"},"namespace":"default","name":"testing-md-0-gsd7r-rr28f","reconcileID":"f067400a-c216-4c2d-86cd-a4bf0cd521a2","HCloudMachine":{"name":"testing-md-0-gsd7r-rr28f","namespace":"default"},"Machine":{"name":"testing-md-0-gsd7r-rr28f","namespace":"default"},"Cluster":{"name":"testing","namespace":"default"},"HetznerCluster":{"name":"testing","namespace":"default"},"statusCode":200,"method":"GET","url":"https://api.hetzner.cloud/v1/servers/48678623","hcloud_token":"xu9pK...","stack":"goroutine 463 [running]:\nruntime/debug.Stack()\n\t/usr/lib/golang/src/runtime/debug/stack.go:24 +0xX\ngithub.com/syself/cluster-api-provider-hetzner/pkg/services/hcloud/client.(*LoggingTransport).RoundTrip(0xX, 0xX)\n\t/home/janiskemper/Documents/syself/cluster-api-provider-hetzner/pkg/services/hcloud/client/client.go:93 +0xX\nnet/http.send(0xX, {0xX, 0xX}, {0xX?, 0xX?, 0xX?})\n\t/usr/lib/golang/src/net/http/client.go:260 +0xX\nnet/http.(*Client).send(0xX, 0xX, {0xX?, 0xX?, 0xX?})\n\t/usr/lib/golang/src/net/http/client.go:181 +0xX\nnet/http.(*Client).do(0xX, 0xX)\n\t/usr/lib/golang/src/net/http/client.go:724 +0xX\nnet/http.(*Client).Do(...)\n\t/usr/lib/golang/src/net/http/client.go:590\ngithub.com/hetznercloud/hcloud-go/v2/hcloud.(*Client).Do(0xX, 0xX, {0xX, 0xX})\n\t/home/janiskemper/Documents/syself/cluster-api-provider-hetzner/vendor/github.com/hetznercloud/hcloud-go/v2/hcloud/client.go:266 +0xX\ngithub.com/hetznercloud/hcloud-go/v2/hcloud.(*ServerClient).GetByID(0xX, {0xX, 0xX}, 0xX?)\n\t/home/janiskemper/Documents/syself/cluster-api-provider-hetzner/vendor/github.com/hetznercloud/hcloud-go/v2/hcloud/server.go:207 +0xX\ngithub.com/syself/cluster-api-provider-hetzner/pkg/services/hcloud/client.(*realClient).GetServer(0xX?, {0xX?, 0xX?}, 0xX?)\n\t/home/janiskemper/Documents/syself/cluster-api-provider-hetzner/pkg/services/hcloud/client/client.go:246 +0xX\ngithub.com/syself/cluster-api-provider-hetzner/pkg/services/hcloud/server.(*Service).findServer(0xX, {0xX, 0xX})\n\t/home/janiskemper/Documents/syself/cluster-api-provider-hetzner/pkg/services/hcloud/server/server.go:678 +0xX\ngithub.com/syself/cluster-api-provider-hetzner/pkg/services/hcloud/server.(*Service).Reconcile(0xX, {0xX, 0xX})\n\t/home/janiskemper/Documents/syself/cluster-api-provider-hetzner/pkg/services/hcloud/server/server.go:95 +0xX\ngithub.com/syself/cluster-api-provider-hetzner/controllers.(*HCloudMachineReconciler).reconcileNormal(0xX?, {0xX, 0xX}, 0xX)\n\t/home/janiskemper/Documents/syself/cluster-api-provider-hetzner/controllers/hcloudmachine_controller.go:208 +0xX\ngithub.com/syself/cluster-api-provider-hetzner/controllers.(*HCloudMachineReconciler).Reconcile(0xX, {0xX, 0xX}, {{{0xX?, 0xX?}, {0xX?, 0xX?}}})\n\t/home/janiskemper/Documents/syself/cluster-api-provider-hetzner/controllers/hcloudmachine_controller.go:175 +0xX\nsigs.k8s.io/controller-runtime/pkg/internal/controller.(*Controller).Reconcile(0xX?, {0xX?, 0xX?}, {{{0xX?, 0xX?}, {0xX?, 0xX?}}})\n\t/home/janiskemper/Documents/syself/cluster-api-provider-hetzner/vendor/sigs.k8s.io/controller-runtime/pkg/internal/controller/controller.go:119 +0xX\nsigs.k8s.io/controller-runtime/pkg/internal/controller.(*Controller).reconcileHandler(0xX, {0xX, 0xX}, {0xX?, 0xX?})\n\t/home/janiskemper/Documents/syself/cluster-api-provider-hetzner/vendor/sigs.k8s.io/controller-runtime/pkg/internal/controller/controller.go:316 +0xX\nsigs.k8s.io/controller-runtime/pkg/internal/controller.(*Controller).processNextWorkItem(0xX, {0xX, 0xX})\n\t/home/janiskemper/Documents/syself/cluster-api-provider-hetzner/vendor/sigs.k8s.io/controller-runtime/pkg/internal/controller/controller.go:266 +0xX\nsigs.k8s.io/controller-runtime/pkg/internal/controller.(*Controller).Start.func2.2()\n\t/home/janiskemper/Documents/syself/cluster-api-provider-hetzner/vendor/sigs.k8s.io/controller-runtime/pkg/internal/controller/controller.go:227 +0xX\ncreated by sigs.k8s.io/controller-runtime/pkg/internal/controller.(*Controller).Start.func2 in goroutine 46\n\t/home/janiskemper/Documents/syself/cluster-api-provider-hetzner/vendor/sigs.k8s.io/controller-runtime/pkg/internal/controller/controller.go:223 +0xX\n"}
{"level":"INFO","time":"2024-06-11T11:08:21.842Z","logger":"hcloud-api","file":"client/client.go:102","message":"hcloud API called","controller":"hcloudmachine","controllerGroup":"infrastructure.cluster.x-k8s.io","controllerKind":"HCloudMachine","HCloudMachine":{"name":"testing-md-0-gsd7r-s4p9d","namespace":"default"},"namespace":"default","name":"testing-md-0-gsd7r-s4p9d","reconcileID":"ca54cd59-be85-45d0-a4fd-32d850bf8fa5","HCloudMachine":{"name":"testing-md-0-gsd7r-s4p9d","namespace":"default"},"Machine":{"name":"testing-md-0-gsd7r-s4p9d","namespace":"default"},"Cluster":{"name":"testing","namespace":"default"},"HetznerCluster":{"name":"testing","namespace":"default"},"statusCode":200,"method":"GET","url":"https://api.hetzner.cloud/v1/servers/48678624","hcloud_token":"xu9pK...","stack":"goroutine 463 [running]:\nruntime/debug.Stack()\n\t/usr/lib/golang/src/runtime/debug/stack.go:24 +0xX\ngithub.com/syself/cluster-api-provider-hetzner/pkg/services/hcloud/client.(*LoggingTransport).RoundTrip(0xX, 0xX)\n\t/home/janiskemper/Documents/syself/cluster-api-provider-hetzner/pkg/services/hcloud/client/client.go:93 +0xX\nnet/http.send(0xX, {0xX, 0xX}, {0xX?, 0xX?, 0xX?})\n\t/usr/lib/golang/src/net/http/client.go:260 +0xX\nnet/http.(*Client).send(0xX, 0xX, {0xX?, 0xX?, 0xX?})\n\t/usr/lib/golang/src/net/http/client.go:181 +0xX\nnet/http.(*Client).do(0xX, 0xX)\n\t/usr/lib/golang/src/net/http/client.go:724 +0xX\nnet/http.(*Client).Do(...)\n\t/usr/lib/golang/src/net/http/client.go:590\ngithub.com/hetznercloud/hcloud-go/v2/hcloud.(*Client).Do(0xX, 0xX, {0xX, 0xX})\n\t/home/janiskemper/Documents/syself/cluster-api-provider-hetzner/vendor/github.com/hetznercloud/hcloud-go/v2/hcloud/client.go:266 +0xX\ngithub.com/hetznercloud/hcloud-go/v2/hcloud.(*ServerClient).GetByID(0xX, {0xX, 0xX}, 0xX?)\n\t/home/janiskemper/Documents/syself/cluster-api-provider-hetzner/vendor/github.com/hetznercloud/hcloud-go/v2/hcloud/server.go:207 +0xX\ngithub.com/syself/cluster-api-provider-hetzner/pkg/services/hcloud/client.(*realClient).GetServer(0xX?, {0xX?, 0xX?}, 0xX?)\n\t/home/janiskemper/Documents/syself/cluster-api-provider-hetzner/pkg/services/hcloud/client/client.go:246 +0xX\ngithub.com/syself/cluster-api-provider-hetzner/pkg/services/hcloud/server.(*Service).findServer(0xX, {0xX, 0xX})\n\t/home/janiskemper/Documents/syself/cluster-api-provider-hetzner/pkg/services/hcloud/server/server.go:678 +0xX\ngithub.com/syself/cluster-api-provider-hetzner/pkg/services/hcloud/server.(*Service).Reconcile(0xX, {0xX, 0xX})\n\t/home/janiskemper/Documents/syself/cluster-api-provider-hetzner/pkg/services/hcloud/server/server.go:95 +0xX\ngithub.com/syself/cluster-api-provider-hetzner/controllers.(*HCloudMachineReconciler).reconcileNormal(0xX?, {0xX, 0xX}, 0xX)\n\t/home/janiskemper/Documents/syself/cluster-api-provider-hetzner/controllers/hcloudmachine_controller.go:208 +0xX\ngithub.com/syself/cluster-api-provider-hetzner/controllers.(*HCloudMachineReconciler).Reconcile(0xX, {0xX, 0xX}, {{{0xX?, 0xX?}, {0xX?, 0xX?}}})\n\t/home/janiskemper/Documents/syself/cluster-api-provider-hetzner/controllers/hcloudmachine_controller.go:175 +0xX\nsigs.k8s.io/controller-runtime/pkg/internal/controller.(*Controller).Reconcile(0xX?, {0xX?, 0xX?}, {{{0xX?, 0xX?}, {0xX?, 0xX?}}})\n\t/home/janiskemper/Documents/syself/cluster-api-provider-hetzner/vendor/sigs.k8s.io/controller-runtime/pkg/internal/controller/controller.go:119 +0xX\nsigs.k8s.io/controller-runtime/pkg/internal/controller.(*Controller).reconcileHandler(0xX, {0xX, 0xX}, {0xX?, 0xX?})\n\t/home/janiskemper/Documents/syself/cluster-api-provider-hetzner/vendor/sigs.k8s.io/controller-runtime/pkg/internal/controller/controller.go:316 +0xX\nsigs.k8s.io/controller-runtime/pkg/internal/controller.(*Controller).processNextWorkItem(0xX, {0xX, 0xX})\n\t/home/janiskemper/Documents/syself/cluster-api-provider-hetzner/vendor/sigs.k8s.io/controller-runtime/pkg/internal/controller/controller.go:266 +0xX\nsigs.k8s.io/controller-runtime/pkg/internal/controller.(*Controller).Start.func2.2()\n\t/home/janiskemper/Documents/syself/cluster-api-provider-hetzner/vendor/sigs.k8s.io/controller-runtime/pkg/internal/controller/controller.go:227 +0xX\ncreated by sigs.k8s.io/controller-runtime/pkg/internal/controller.(*Controller).Start.func2 in goroutine 46\n\t/home/janiskemper/Documents/syself/cluster-api-provider-hetzner/vendor/sigs.k8s.io/controller-runtime/pkg/internal/controller/controller.go:223 +0xX\n"}
{"level":"INFO","time":"2024-06-11T11:08:22.115Z","logger":"hcloud-api","file":"client/client.go:102","message":"hcloud API called","controller":"hcloudmachine","controllerGroup":"infrastructure.cluster.x-k8s.io","controllerKind":"HCloudMachine","HCloudMachine":{"name":"testing-control-plane-svc5p","namespace":"default"},"namespace":"default","name":"testing-control-plane-svc5p","reconcileID":"7e3c85fc-d9ed-48d8-82d8-f8d1960f6efb","HCloudMachine":{"name":"testing-control-plane-svc5p","namespace":"default"},"Machine":{"name":"testing-control-plane-svc5p","namespace":"default"},"Cluster":{"name":"testing","namespace":"default"},"HetznerCluster":{"name":"testing","namespace":"default"},"statusCode":200,"method":"GET","url":"https://api.hetzner.cloud/v1/servers/48678441","hcloud_token":"xu9pK...","stack":"goroutine 463 [running]:\nruntime/debug.Stack()\n\t/usr/lib/golang/src/runtime/debug/stack.go:24 +0xX\ngithub.com/syself/cluster-api-provider-hetzner/pkg/services/hcloud/client.(*LoggingTransport).RoundTrip(0xX, 0xX)\n\t/home/janiskemper/Documents/syself/cluster-api-provider-hetzner/pkg/services/hcloud/client/client.go:93 +0xX\nnet/http.send(0xX, {0xX, 0xX}, {0xX?, 0xX?, 0xX?})\n\t/usr/lib/golang/src/net/http/client.go:260 +0xX\nnet/http.(*Client).send(0xX, 0xX, {0xX?, 0xX?, 0xX?})\n\t/usr/lib/golang/src/net/http/client.go:181 +0xX\nnet/http.(*Client).do(0xX, 0xX)\n\t/usr/lib/golang/src/net/http/client.go:724 +0xX\nnet/http.(*Client).Do(...)\n\t/usr/lib/golang/src/net/http/client.go:590\ngithub.com/hetznercloud/hcloud-go/v2/hcloud.(*Client).Do(0xX, 0xX, {0xX, 0xX})\n\t/home/janiskemper/Documents/syself/cluster-api-provider-hetzner/vendor/github.com/hetznercloud/hcloud-go/v2/hcloud/client.go:266 +0xX\ngithub.com/hetznercloud/hcloud-go/v2/hcloud.(*ServerClient).GetByID(0xX, {0xX, 0xX}, 0xX?)\n\t/home/janiskemper/Documents/syself/cluster-api-provider-hetzner/vendor/github.com/hetznercloud/hcloud-go/v2/hcloud/server.go:207 +0xX\ngithub.com/syself/cluster-api-provider-hetzner/pkg/services/hcloud/client.(*realClient).GetServer(0xX?, {0xX?, 0xX?}, 0xX?)\n\t/home/janiskemper/Documents/syself/cluster-api-provider-hetzner/pkg/services/hcloud/client/client.go:246 +0xX\ngithub.com/syself/cluster-api-provider-hetzner/pkg/services/hcloud/server.(*Service).findServer(0xX, {0xX, 0xX})\n\t/home/janiskemper/Documents/syself/cluster-api-provider-hetzner/pkg/services/hcloud/server/server.go:678 +0xX\ngithub.com/syself/cluster-api-provider-hetzner/pkg/services/hcloud/server.(*Service).Reconcile(0xX, {0xX, 0xX})\n\t/home/janiskemper/Documents/syself/cluster-api-provider-hetzner/pkg/services/hcloud/server/server.go:95 +0xX\ngithub.com/syself/cluster-api-provider-hetzner/controllers.(*HCloudMachineReconciler).reconcileNormal(0xX?, {0xX, 0xX}, 0xX)\n\t/home/janiskemper/Documents/syself/cluster-api-provider-hetzner/controllers/hcloudmachine_controller.go:208 +0xX\ngithub.com/syself/cluster-api-provider-hetzner/controllers.(*HCloudMachineReconciler).Reconcile(0xX, {0xX, 0xX}, {{{0xX?, 0xX?}, {0xX?, 0xX?}}})\n\t/home/janiskemper/Documents/syself/cluster-api-provider-hetzner/controllers/hcloudmachine_controller.go:175 +0xX\nsigs.k8s.io/controller-runtime/pkg/internal/controller.(*Controller).Reconcile(0xX?, {0xX?, 0xX?}, {{{0xX?, 0xX?}, {0xX?, 0xX?}}})\n\t/home/janiskemper/Documents/syself/cluster-api-provider-hetzner/vendor/sigs.k8s.io/controller-runtime/pkg/internal/controller/controller.go:119 +0xX\nsigs.k8s.io/controller-runtime/pkg/internal/controller.(*Controller).reconcileHandler(0xX, {0xX, 0xX}, {0xX?, 0xX?})\n\t/home/janiskemper/Documents/syself/cluster-api-provider-hetzner/vendor/sigs.k8s.io/controller-runtime/pkg/internal/controller/controller.go:316 +0xX\nsigs.k8s.io/controller-runtime/pkg/internal/controller.(*Controller).processNextWorkItem(0xX, {0xX, 0xX})\n\t/home/janiskemper/Documents/syself/cluster-api-provider-hetzner/vendor/sigs.k8s.io/controller-runtime/pkg/internal/controller/controller.go:266 +0xX\nsigs.k8s.io/controller-runtime/pkg/internal/controller.(*Controller).Start.func2.2()\n\t/home/janiskemper/Documents/syself/cluster-api-provider-hetzner/vendor/sigs.k8s.io/controller-runtime/pkg/internal/controller/controller.go:227 +0xX\ncreated by sigs.k8s.io/controller-runtime/pkg/internal/controller.(*Controller).Start.func2 in goroutine 46\n\t/home/janiskemper/Documents/syself/cluster-api-provider-hetzner/vendor/sigs.k8s.io/controller-runtime/pkg/internal/controller/controller.go:223 +0xX\n"}
{"level":"INFO","time":"2024-06-11T11:08:22.697Z","logger":"hcloud-api","file":"client/client.go:102","message":"hcloud API called","controller":"hcloudmachine","controllerGroup":"infrastructure.cluster.x-k8s.io","controllerKind":"HCloudMachine","HCloudMachine":{"name":"testing-control-plane-cfvjj","namespace":"default"},"namespace":"default","name":"testing-control-plane-cfvjj","reconcileID":"0fb82d36-aba5-4ee7-9198-eb7224685d6a","HCloudMachine":{"name":"testing-control-plane-cfvjj","namespace":"default"},"Machine":{"name":"testing-control-plane-cfvjj","namespace":"default"},"Cluster":{"name":"testing","namespace":"default"},"HetznerCluster":{"name":"testing","namespace":"default"},"statusCode":200,"method":"GET","url":"https://api.hetzner.cloud/v1/servers/48678576","hcloud_token":"xu9pK...","stack":"goroutine 463 [running]:\nruntime/debug.Stack()\n\t/usr/lib/golang/src/runtime/debug/stack.go:24 +0xX\ngithub.com/syself/cluster-api-provider-hetzner/pkg/services/hcloud/client.(*LoggingTransport).RoundTrip(0xX, 0xX)\n\t/home/janiskemper/Documents/syself/cluster-api-provider-hetzner/pkg/services/hcloud/client/client.go:93 +0xX\nnet/http.send(0xX, {0xX, 0xX}, {0xX?, 0xX?, 0xX?})\n\t/usr/lib/golang/src/net/http/client.go:260 +0xX\nnet/http.(*Client).send(0xX, 0xX, {0xX?, 0xX?, 0xX?})\n\t/usr/lib/golang/src/net/http/client.go:181 +0xX\nnet/http.(*Client).do(0xX, 0xX)\n\t/usr/lib/golang/src/net/http/client.go:724 +0xX\nnet/http.(*Client).Do(...)\n\t/usr/lib/golang/src/net/http/client.go:590\ngithub.com/hetznercloud/hcloud-go/v2/hcloud.(*Client).Do(0xX, 0xX, {0xX, 0xX})\n\t/home/janiskemper/Documents/syself/cluster-api-provider-hetzner/vendor/github.com/hetznercloud/hcloud-go/v2/hcloud/client.go:266 +0xX\ngithub.com/hetznercloud/hcloud-go/v2/hcloud.(*ServerClient).GetByID(0xX, {0xX, 0xX}, 0xX?)\n\t/home/janiskemper/Documents/syself/cluster-api-provider-hetzner/vendor/github.com/hetznercloud/hcloud-go/v2/hcloud/server.go:207 +0xX\ngithub.com/syself/cluster-api-provider-hetzner/pkg/services/hcloud/client.(*realClient).GetServer(0xX?, {0xX?, 0xX?}, 0xX?)\n\t/home/janiskemper/Documents/syself/cluster-api-provider-hetzner/pkg/services/hcloud/client/client.go:246 +0xX\ngithub.com/syself/cluster-api-provider-hetzner/pkg/services/hcloud/server.(*Service).findServer(0xX, {0xX, 0xX})\n\t/home/janiskemper/Documents/syself/cluster-api-provider-hetzner/pkg/services/hcloud/server/server.go:678 +0xX\ngithub.com/syself/cluster-api-provider-hetzner/pkg/services/hcloud/server.(*Service).Reconcile(0xX, {0xX, 0xX})\n\t/home/janiskemper/Documents/syself/cluster-api-provider-hetzner/pkg/services/hcloud/server/server.go:95 +0xX\ngithub.com/syself/cluster-api-provider-hetzner/controllers.(*HCloudMachineReconciler).reconcileNormal(0xX?, {0xX, 0xX}, 0xX)\n\t/home/janiskemper/Documents/syself/cluster-api-provider-hetzner/controllers/hcloudmachine_controller.go:208 +0xX\ngithub.com/syself/cluster-api-provider-hetzner/controllers.(*HCloudMachineReconciler).Reconcile(0xX, {0xX, 0xX}, {{{0xX?, 0xX?}, {0xX?, 0xX?}}})\n\t/home/janiskemper/Documents/syself/cluster-api-provider-hetzner/controllers/hcloudmachine_controller.go:175 +0xX\nsigs.k8s.io/controller-runtime/pkg/internal/controller.(*Controller).Reconcile(0xX?, {0xX?, 0xX?}, {{{0xX?, 0xX?}, {0xX?, 0xX?}}})\n\t/home/janiskemper/Documents/syself/cluster-api-provider-hetzner/vendor/sigs.k8s.io/controller-runtime/pkg/internal/controller/controller.go:119 +0xX\nsigs.k8s.io/controller-runtime/pkg/internal/controller.(*Controller).reconcileHandler(0xX, {0xX, 0xX}, {0xX?, 0xX?})\n\t/home/janiskemper/Documents/syself/cluster-api-provider-hetzner/vendor/sigs.k8s.io/controller-runtime/pkg/internal/controller/controller.go:316 +0xX\nsigs.k8s.io/controller-runtime/pkg/internal/controller.(*Controller).processNextWorkItem(0xX, {0xX, 0xX})\n\t/home/janiskemper/Documents/syself/cluster-api-provider-hetzner/vendor/sigs.k8s.io/controller-runtime/pkg/internal/controller/controller.go:266 +0xX\nsigs.k8s.io/controller-runtime/pkg/internal/controller.(*Controller).Start.func2.2()\n\t/home/janiskemper/Documents/syself/cluster-api-provider-hetzner/vendor/sigs.k8s.io/controller-runtime/pkg/internal/controller/controller.go:227 +0xX\ncreated by sigs.k8s.io/controller-runtime/pkg/internal/controller.(*Controller).Start.func2 in goroutine 46\n\t/home/janiskemper/Documents/syself/cluster-api-provider-hetzner/vendor/sigs.k8s.io/controller-runtime/pkg/internal/controller/controller.go:223 +0xX\n"}
{"level":"INFO","time":"2024-06-11T11:08:23.224Z","logger":"hcloud-api","file":"client/client.go:102","message":"hcloud API called","controller":"hcloudmachine","controllerGroup":"infrastructure.cluster.x-k8s.io","controllerKind":"HCloudMachine","HCloudMachine":{"name":"testing-control-plane-lqtn6","namespace":"default"},"namespace":"default","name":"testing-control-plane-lqtn6","reconcileID":"b85e0834-1f1a-457c-beb3-0b64af619f62","HCloudMachine":{"name":"testing-control-plane-lqtn6","namespace":"default"},"Machine":{"name":"testing-control-plane-lqtn6","namespace":"default"},"Cluster":{"name":"testing","namespace":"default"},"HetznerCluster":{"name":"testing","namespace":"default"},"statusCode":200,"method":"GET","url":"https://api.hetzner.cloud/v1/servers/48678781","hcloud_token":"xu9pK...","stack":"goroutine 463 [running]:\nruntime/debug.Stack()\n\t/usr/lib/golang/src/runtime/debug/stack.go:24 +0xX\ngithub.com/syself/cluster-api-provider-hetzner/pkg/services/hcloud/client.(*LoggingTransport).RoundTrip(0xX, 0xX)\n\t/home/janiskemper/Documents/syself/cluster-api-provider-hetzner/pkg/services/hcloud/client/client.go:93 +0xX\nnet/http.send(0xX, {0xX, 0xX}, {0xX?, 0xX?, 0xX?})\n\t/usr/lib/golang/src/net/http/client.go:260 +0xX\nnet/http.(*Client).send(0xX, 0xX, {0xX?, 0xX?, 0xX?})\n\t/usr/lib/golang/src/net/http/client.go:181 +0xX\nnet/http.(*Client).do(0xX, 0xX)\n\t/usr/lib/golang/src/net/http/client.go:724 +0xX\nnet/http.(*Client).Do(...)\n\t/usr/lib/golang/src/net/http/client.go:590\ngithub.com/hetznercloud/hcloud-go/v2/hcloud.(*Client).Do(0xX, 0xX, {0xX, 0xX})\n\t/home/janiskemper/Documents/syself/cluster-api-provider-hetzner/vendor/github.com/hetznercloud/hcloud-go/v2/hcloud/client.go:266 +0xX\ngithub.com/hetznercloud/hcloud-go/v2/hcloud.(*ServerClient).GetByID(0xX, {0xX, 0xX}, 0xX?)\n\t/home/janiskemper/Documents/syself/cluster-api-provider-hetzner/vendor/github.com/hetznercloud/hcloud-go/v2/hcloud/server.go:207 +0xX\ngithub.com/syself/cluster-api-provider-hetzner/pkg/services/hcloud/client.(*realClient).GetServer(0xX?, {0xX?, 0xX?}, 0xX?)\n\t/home/janiskemper/Documents/syself/cluster-api-provider-hetzner/pkg/services/hcloud/client/client.go:246 +0xX\ngithub.com/syself/cluster-api-provider-hetzner/pkg/services/hcloud/server.(*Service).findServer(0xX, {0xX, 0xX})\n\t/home/janiskemper/Documents/syself/cluster-api-provider-hetzner/pkg/services/hcloud/server/server.go:678 +0xX\ngithub.com/syself/cluster-api-provider-hetzner/pkg/services/hcloud/server.(*Service).Reconcile(0xX, {0xX, 0xX})\n\t/home/janiskemper/Documents/syself/cluster-api-provider-hetzner/pkg/services/hcloud/server/server.go:95 +0xX\ngithub.com/syself/cluster-api-provider-hetzner/controllers.(*HCloudMachineReconciler).reconcileNormal(0xX?, {0xX, 0xX}, 0xX)\n\t/home/janiskemper/Documents/syself/cluster-api-provider-hetzner/controllers/hcloudmachine_controller.go:208 +0xX\ngithub.com/syself/cluster-api-provider-hetzner/controllers.(*HCloudMachineReconciler).Reconcile(0xX, {0xX, 0xX}, {{{0xX?, 0xX?}, {0xX?, 0xX?}}})\n\t/home/janiskemper/Documents/syself/cluster-api-provider-hetzner/controllers/hcloudmachine_controller.go:175 +0xX\nsigs.k8s.io/controller-runtime/pkg/internal/controller.(*Controller).Reconcile(0xX?, {0xX?, 0xX?}, {{{0xX?, 0xX?}, {0xX?, 0xX?}}})\n\t/home/janiskemper/Documents/syself/cluster-api-provider-hetzner/vendor/sigs.k8s.io/controller-runtime/pkg/internal/controller/controller.go:119 +0xX\nsigs.k8s.io/controller-runtime/pkg/internal/controller.(*Controller).reconcileHandler(0xX, {0xX, 0xX}, {0xX?, 0xX?})\n\t/home/janiskemper/Documents/syself/cluster-api-provider-hetzner/vendor/sigs.k8s.io/controller-runtime/pkg/internal/controller/controller.go:316 +0xX\nsigs.k8s.io/controller-runtime/pkg/internal/controller.(*Controller).processNextWorkItem(0xX, {0xX, 0xX})\n\t/home/janiskemper/Documents/syself/cluster-api-provider-hetzner/vendor/sigs.k8s.io/controller-runtime/pkg/internal/controller/controller.go:266 +0xX\nsigs.k8s.io/controller-runtime/pkg/internal/controller.(*Controller).Start.func2.2()\n\t/home/janiskemper/Documents/syself/cluster-api-provider-hetzner/vendor/sigs.k8s.io/controller-runtime/pkg/internal/controller/controller.go:227 +0xX\ncreated by sigs.k8s.io/controller-runtime/pkg/internal/controller.(*Controller).Start.func2 in goroutine 46\n\t/home/janiskemper/Documents/syself/cluster-api-provider-hetzner/vendor/sigs.k8s.io/controller-runtime/pkg/internal/controller/controller.go:223 +0xX\n"}
{"level":"INFO","time":"2024-06-11T11:09:20.043Z","logger":"hcloud-api","file":"client/client.go:102","message":"hcloud API called","controller":"hcloudmachinetemplate","controllerGroup":"infrastructure.cluster.x-k8s.io","controllerKind":"HCloudMachineTemplate","HCloudMachineTemplate":{"name":"testing-control-plane","namespace":"default"},"namespace":"default","name":"testing-control-plane","reconcileID":"ede01587-2d6c-4dd1-ae47-9d98d81ecf54","HCloudMachineTemplate":{"name":"testing-control-plane","namespace":"default"},"Cluster":{"name":"testing","namespace":"default"},"HetznerCluster":{"name":"testing","namespace":"default"},"statusCode":200,"method":"GET","url":"https://api.hetzner.cloud/v1/server_types?page=1&per_page=50","hcloud_token":"xu9pK...","stack":"goroutine 456 [running]:\nruntime/debug.Stack()\n\t/usr/lib/golang/src/runtime/debug/stack.go:24 +0xX\ngithub.com/syself/cluster-api-provider-hetzner/pkg/services/hcloud/client.(*LoggingTransport).RoundTrip(0xX, 0xX)\n\t/home/janiskemper/Documents/syself/cluster-api-provider-hetzner/pkg/services/hcloud/client/client.go:93 +0xX\nnet/http.send(0xX, {0xX, 0xX}, {0xX?, 0xX?, 0xX?})\n\t/usr/lib/golang/src/net/http/client.go:260 +0xX\nnet/http.(*Client).send(0xX, 0xX, {0xX?, 0xX?, 0xX?})\n\t/usr/lib/golang/src/net/http/client.go:181 +0xX\nnet/http.(*Client).do(0xX, 0xX)\n\t/usr/lib/golang/src/net/http/client.go:724 +0xX\nnet/http.(*Client).Do(...)\n\t/usr/lib/golang/src/net/http/client.go:590\ngithub.com/hetznercloud/hcloud-go/v2/hcloud.(*Client).Do(0xX, 0xX, {0xX, 0xX})\n\t/home/janiskemper/Documents/syself/cluster-api-provider-hetzner/vendor/github.com/hetznercloud/hcloud-go/v2/hcloud/client.go:266 +0xX\ngithub.com/hetznercloud/hcloud-go/v2/hcloud.(*ServerTypeClient).List(0xX, {0xX, 0xX}, {{0xX, 0xX, {0xX, 0xX}}, {0xX, 0xX}, {0xX, ...}})\n\t/home/janiskemper/Documents/syself/cluster-api-provider-hetzner/vendor/github.com/hetznercloud/hcloud-go/v2/hcloud/server_type.go:125 +0xX\ngithub.com/hetznercloud/hcloud-go/v2/hcloud.(*ServerTypeClient).AllWithOpts.func1(0xX?)\n\t/home/janiskemper/Documents/syself/cluster-api-provider-hetzner/vendor/github.com/hetznercloud/hcloud-go/v2/hcloud/server_type.go:147 +0xX\ngithub.com/hetznercloud/hcloud-go/v2/hcloud.(*Client).all(0xX?, 0xX)\n\t/home/janiskemper/Documents/syself/cluster-api-provider-hetzner/vendor/github.com/hetznercloud/hcloud-go/v2/hcloud/client.go:323 +0xX\ngithub.com/hetznercloud/hcloud-go/v2/hcloud.(*ServerTypeClient).AllWithOpts(0xX?, {0xX?, 0xX?}, {{0xX, 0xX, {0xX, 0xX}}, {0xX, 0xX}, {0xX, ...}})\n\t/home/janiskemper/Documents/syself/cluster-api-provider-hetzner/vendor/github.com/hetznercloud/hcloud-go/v2/hcloud/server_type.go:145 +0xX\ngithub.com/hetznercloud/hcloud-go/v2/hcloud.(*ServerTypeClient).All(...)\n\t/home/janiskemper/Documents/syself/cluster-api-provider-hetzner/vendor/github.com/hetznercloud/hcloud-go/v2/hcloud/server_type.go:138\ngithub.com/syself/cluster-api-provider-hetzner/pkg/services/hcloud/client.(*realClient).ListServerTypes(0xX?, {0xX?, 0xX?})\n\t/home/janiskemper/Documents/syself/cluster-api-provider-hetzner/pkg/services/hcloud/client/client.go:254 +0xX\ngithub.com/syself/cluster-api-provider-hetzner/pkg/services/hcloud/machinetemplate.(*Service).getCapacity(0xX, {0xX, 0xX})\n\t/home/janiskemper/Documents/syself/cluster-api-provider-hetzner/pkg/services/hcloud/machinetemplate/machinetemplate.go:61 +0xX\ngithub.com/syself/cluster-api-provider-hetzner/pkg/services/hcloud/machinetemplate.(*Service).Reconcile(0xX, {0xX, 0xX})\n\t/home/janiskemper/Documents/syself/cluster-api-provider-hetzner/pkg/services/hcloud/machinetemplate/machinetemplate.go:49 +0xX\ngithub.com/syself/cluster-api-provider-hetzner/controllers.(*HCloudMachineTemplateReconciler).reconcile(0xX?, {0xX?, 0xX?}, 0xX?)\n\t/home/janiskemper/Documents/syself/cluster-api-provider-hetzner/controllers/hcloudmachinetemplate_controller.go:159 +0xX\ngithub.com/syself/cluster-api-provider-hetzner/controllers.(*HCloudMachineTemplateReconciler).Reconcile(0xX, {0xX, 0xX}, {{{0xX?, 0xX?}, {0xX?, 0xX?}}})\n\t/home/janiskemper/Documents/syself/cluster-api-provider-hetzner/controllers/hcloudmachinetemplate_controller.go:152 +0xX\nsigs.k8s.io/controller-runtime/pkg/internal/controller.(*Controller).Reconcile(0xX?, {0xX?, 0xX?}, {{{0xX?, 0xX?}, {0xX?, 0xX?}}})\n\t/home/janiskemper/Documents/syself/cluster-api-provider-hetzner/vendor/sigs.k8s.io/controller-runtime/pkg/internal/controller/controller.go:119 +0xX\nsigs.k8s.io/controller-runtime/pkg/internal/controller.(*Controller).reconcileHandler(0xX, {0xX, 0xX}, {0xX?, 0xX?})\n\t/home/janiskemper/Documents/syself/cluster-api-provider-hetzner/vendor/sigs.k8s.io/controller-runtime/pkg/internal/controller/controller.go:316 +0xX\nsigs.k8s.io/controller-runtime/pkg/internal/controller.(*Controller).processNextWorkItem(0xX, {0xX, 0xX})\n\t/home/janiskemper/Documents/syself/cluster-api-provider-hetzner/vendor/sigs.k8s.io/controller-runtime/pkg/internal/controller/controller.go:266 +0xX\nsigs.k8s.io/controller-runtime/pkg/internal/controller.(*Controller).Start.func2.2()\n\t/home/janiskemper/Documents/syself/cluster-api-provider-hetzner/vendor/sigs.k8s.io/controller-runtime/pkg/internal/controller/controller.go:227 +0xX\ncreated by sigs.k8s.io/controller-runtime/pkg/internal/controller.(*Controller).Start.func2 in goroutine 47\n\t/home/janiskemper/Documents/syself/cluster-api-provider-hetzner/vendor/sigs.k8s.io/controller-runtime/pkg/internal/controller/controller.go:223 +0xX\n"}
{"level":"INFO","time":"2024-06-11T11:09:20.679Z","logger":"hcloud-api","file":"client/client.go:102","message":"hcloud API called","controller":"hcloudmachinetemplate","controllerGroup":"infrastructure.cluster.x-k8s.io","controllerKind":"HCloudMachineTemplate","HCloudMachineTemplate":{"name":"testing-md-0","namespace":"default"},"namespace":"default","name":"testing-md-0","reconcileID":"09631f93-1c9f-48d5-8894-c3914515e3a3","HCloudMachineTemplate":{"name":"testing-md-0","namespace":"default"},"Cluster":{"name":"testing","namespace":"default"},"HetznerCluster":{"name":"testing","namespace":"default"},"statusCode":200,"method":"GET","url":"https://api.hetzner.cloud/v1/server_types?page=1&per_page=50","hcloud_token":"xu9pK...","stack":"goroutine 456 [running]:\nruntime/debug.Stack()\n\t/usr/lib/golang/src/runtime/debug/stack.go:24 +0xX\ngithub.com/syself/cluster-api-provider-hetzner/pkg/services/hcloud/client.(*LoggingTransport).RoundTrip(0xX, 0xX)\n\t/home/janiskemper/Documents/syself/cluster-api-provider-hetzner/pkg/services/hcloud/client/client.go:93 +0xX\nnet/http.send(0xX, {0xX, 0xX}, {0xX?, 0xX?, 0xX?})\n\t/usr/lib/golang/src/net/http/client.go:260 +0xX\nnet/http.(*Client).send(0xX, 0xX, {0xX?, 0xX?, 0xX?})\n\t/usr/lib/golang/src/net/http/client.go:181 +0xX\nnet/http.(*Client).do(0xX, 0xX)\n\t/usr/lib/golang/src/net/http/client.go:724 +0xX\nnet/http.(*Client).Do(...)\n\t/usr/lib/golang/src/net/http/client.go:590\ngithub.com/hetznercloud/hcloud-go/v2/hcloud.(*Client).Do(0xX, 0xX, {0xX, 0xX})\n\t/home/janiskemper/Documents/syself/cluster-api-provider-hetzner/vendor/github.com/hetznercloud/hcloud-go/v2/hcloud/client.go:266 +0xX\ngithub.com/hetznercloud/hcloud-go/v2/hcloud.(*ServerTypeClient).List(0xX, {0xX, 0xX}, {{0xX, 0xX, {0xX, 0xX}}, {0xX, 0xX}, {0xX, ...}})\n\t/home/janiskemper/Documents/syself/cluster-api-provider-hetzner/vendor/github.com/hetznercloud/hcloud-go/v2/hcloud/server_type.go:125 +0xX\ngithub.com/hetznercloud/hcloud-go/v2/hcloud.(*ServerTypeClient).AllWithOpts.func1(0xX?)\n\t/home/janiskemper/Documents/syself/cluster-api-provider-hetzner/vendor/github.com/hetznercloud/hcloud-go/v2/hcloud/server_type.go:147 +0xX\ngithub.com/hetznercloud/hcloud-go/v2/hcloud.(*Client).all(0xX?, 0xX)\n\t/home/janiskemper/Documents/syself/cluster-api-provider-hetzner/vendor/github.com/hetznercloud/hcloud-go/v2/hcloud/client.go:323 +0xX\ngithub.com/hetznercloud/hcloud-go/v2/hcloud.(*ServerTypeClient).AllWithOpts(0xX?, {0xX?, 0xX?}, {{0xX, 0xX, {0xX, 0xX}}, {0xX, 0xX}, {0xX, ...}})\n\t/home/janiskemper/Documents/syself/cluster-api-provider-hetzner/vendor/github.com/hetznercloud/hcloud-go/v2/hcloud/server_type.go:145 +0xX\ngithub.com/hetznercloud/hcloud-go/v2/hcloud.(*ServerTypeClient).All(...)\n\t/home/janiskemper/Documents/syself/cluster-api-provider-hetzner/vendor/github.com/hetznercloud/hcloud-go/v2/hcloud/server_type.go:138\ngithub.com/syself/cluster-api-provider-hetzner/pkg/services/hcloud/client.(*realClient).ListServerTypes(0xX?, {0xX?, 0xX?})\n\t/home/janiskemper/Documents/syself/cluster-api-provider-hetzner/pkg/services/hcloud/client/client.go:254 +0xX\ngithub.com/syself/cluster-api-provider-hetzner/pkg/services/hcloud/machinetemplate.(*Service).getCapacity(0xX, {0xX, 0xX})\n\t/home/janiskemper/Documents/syself/cluster-api-provider-hetzner/pkg/services/hcloud/machinetemplate/machinetemplate.go:61 +0xX\ngithub.com/syself/cluster-api-provider-hetzner/pkg/services/hcloud/machinetemplate.(*Service).Reconcile(0xX, {0xX, 0xX})\n\t/home/janiskemper/Documents/syself/cluster-api-provider-hetzner/pkg/services/hcloud/machinetemplate/machinetemplate.go:49 +0xX\ngithub.com/syself/cluster-api-provider-hetzner/controllers.(*HCloudMachineTemplateReconciler).reconcile(0xX?, {0xX?, 0xX?}, 0xX?)\n\t/home/janiskemper/Documents/syself/cluster-api-provider-hetzner/controllers/hcloudmachinetemplate_controller.go:159 +0xX\ngithub.com/syself/cluster-api-provider-hetzner/controllers.(*HCloudMachineTemplateReconciler).Reconcile(0xX, {0xX, 0xX}, {{{0xX?, 0xX?}, {0xX?, 0xX?}}})\n\t/home/janiskemper/Documents/syself/cluster-api-provider-hetzner/controllers/hcloudmachinetemplate_controller.go:152 +0xX\nsigs.k8s.io/controller-runtime/pkg/internal/controller.(*Controller).Reconcile(0xX?, {0xX?, 0xX?}, {{{0xX?, 0xX?}, {0xX?, 0xX?}}})\n\t/home/janiskemper/Documents/syself/cluster-api-provider-hetzner/vendor/sigs.k8s.io/controller-runtime/pkg/internal/controller/controller.go:119 +0xX\nsigs.k8s.io/controller-runtime/pkg/internal/controller.(*Controller).reconcileHandler(0xX, {0xX, 0xX}, {0xX?, 0xX?})\n\t/home/janiskemper/Documents/syself/cluster-api-provider-hetzner/vendor/sigs.k8s.io/controller-runtime/pkg/internal/controller/controller.go:316 +0xX\nsigs.k8s.io/controller-runtime/pkg/internal/controller.(*Controller).processNextWorkItem(0xX, {0xX, 0xX})\n\t/home/janiskemper/Documents/syself/cluster-api-provider-hetzner/vendor/sigs.k8s.io/controller-runtime/pkg/internal/controller/controller.go:266 +0xX\nsigs.k8s.io/controller-runtime/pkg/internal/controller.(*Controller).Start.func2.2()\n\t/home/janiskemper/Documents/syself/cluster-api-provider-hetzner/vendor/sigs.k8s.io/controller-runtime/pkg/internal/controller/controller.go:227 +0xX\ncreated by sigs.k8s.io/controller-runtime/pkg/internal/controller.(*Controller).Start.func2 in goroutine 47\n\t/home/janiskemper/Documents/syself/cluster-api-provider-hetzner/vendor/sigs.k8s.io/controller-runtime/pkg/internal/controller/controller.go:223 +0xX\n"}
{"level":"INFO","time":"2024-06-11T11:10:01.154Z","file":"controllers/hetznercluster_controller.go:816","message":"Cluster event - reconciling HetznerCluster"}
{"level":"INFO","time":"2024-06-11T11:10:01.154Z","file":"controllers/hetznercluster_controller.go:816","message":"Cluster event - reconciling HetznerCluster"}
{"level":"INFO","time":"2024-06-11T11:10:01.418Z","logger":"hcloud-api","file":"client/client.go:102","message":"hcloud API called","controller":"hetznercluster","controllerGroup":"infrastructure.cluster.x-k8s.io","controllerKind":"HetznerCluster","HetznerCluster":{"name":"testing","namespace":"default"},"namespace":"default","name":"testing","reconcileID":"9fbcaf63-06bf-466e-bbb9-5e97ba9311f9","HetznerCluster":{"name":"testing","namespace":"default"},"Cluster":{"name":"testing","namespace":"default"},"statusCode":200,"method":"GET","url":"https://api.hetzner.cloud/v1/load_balancers?label_selector=caph-cluster-testing%3D%3Downed&page=1","hcloud_token":"xu9pK...","stack":"goroutine 460 [running]:\nruntime/debug.Stack()\n\t/usr/lib/golang/src/runtime/debug/stack.go:24 +0xX\ngithub.com/syself/cluster-api-provider-hetzner/pkg/services/hcloud/client.(*LoggingTransport).RoundTrip(0xX, 0xX)\n\t/home/janiskemper/Documents/syself/cluster-api-provider-hetzner/pkg/services/hcloud/client/client.go:93 +0xX\nnet/http.send(0xX, {0xX, 0xX}, {0xX?, 0xX?, 0xX?})\n\t/usr/lib/golang/src/net/http/client.go:260 +0xX\nnet/http.(*Client).send(0xX, 0xX, {0xX?, 0xX?, 0xX?})\n\t/usr/lib/golang/src/net/http/client.go:181 +0xX\nnet/http.(*Client).do(0xX, 0xX)\n\t/usr/lib/golang/src/net/http/client.go:724 +0xX\nnet/http.(*Client).Do(...)\n\t/usr/lib/golang/src/net/http/client.go:590\ngithub.com/hetznercloud/hcloud-go/v2/hcloud.(*Client).Do(0xX, 0xX, {0xX, 0xX})\n\t/home/janiskemper/Documents/syself/cluster-api-provider-hetzner/vendor/github.com/hetznercloud/hcloud-go/v2/hcloud/client.go:266 +0xX\ngithub.com/hetznercloud/hcloud-go/v2/hcloud.(*LoadBalancerClient).List(0xX, {0xX, 0xX}, {{0xX, 0xX, {0xX, 0xX}}, {0xX, 0xX}, {0xX, ...}})\n\t/home/janiskemper/Documents/syself/cluster-api-provider-hetzner/vendor/github.com/hetznercloud/hcloud-go/v2/hcloud/load_balancer.go:313 +0xX\ngithub.com/hetznercloud/hcloud-go/v2/hcloud.(*LoadBalancerClient).AllWithOpts.func1(0xX?)\n\t/home/janiskemper/Documents/syself/cluster-api-provider-hetzner/vendor/github.com/hetznercloud/hcloud-go/v2/hcloud/load_balancer.go:335 +0xX\ngithub.com/hetznercloud/hcloud-go/v2/hcloud.(*Client).all(0xX?, 0xX)\n\t/home/janiskemper/Documents/syself/cluster-api-provider-hetzner/vendor/github.com/hetznercloud/hcloud-go/v2/hcloud/client.go:323 +0xX\ngithub.com/hetznercloud/hcloud-go/v2/hcloud.(*LoadBalancerClient).AllWithOpts(0xX?, {0xX?, 0xX?}, {{0xX, 0xX, {0xX, 0xX}}, {0xX, 0xX}, {0xX, ...}})\n\t/home/janiskemper/Documents/syself/cluster-api-provider-hetzner/vendor/github.com/hetznercloud/hcloud-go/v2/hcloud/load_balancer.go:333 +0xX\ngithub.com/syself/cluster-api-provider-hetzner/pkg/services/hcloud/client.(*realClient).ListLoadBalancers(0xX?, {0xX?, 0xX?}, {{0xX, 0xX, {0xX, 0xX}}, {0xX, 0xX}, {0xX, ...}})\n\t/home/janiskemper/Documents/syself/cluster-api-provider-hetzner/pkg/services/hcloud/client/client.go:157 +0xX\ngithub.com/syself/cluster-api-provider-hetzner/pkg/services/hcloud/loadbalancer.(*Service).findLoadBalancer(0xX, {0xX, 0xX})\n\t/home/janiskemper/Documents/syself/cluster-api-provider-hetzner/pkg/services/hcloud/loadbalancer/loadbalancer.go:427 +0xX\ngithub.com/syself/cluster-api-provider-hetzner/pkg/services/hcloud/loadbalancer.(*Service).Reconcile(0xX, {0xX, 0xX})\n\t/home/janiskemper/Documents/syself/cluster-api-provider-hetzner/pkg/services/hcloud/loadbalancer/loadbalancer.go:65 +0xX\ngithub.com/syself/cluster-api-provider-hetzner/controllers.(*HetznerClusterReconciler).reconcileNormal(0xX?, {0xX, 0xX}, 0xX)\n\t/home/janiskemper/Documents/syself/cluster-api-provider-hetzner/controllers/hetznercluster_controller.go:219 +0xX\ngithub.com/syself/cluster-api-provider-hetzner/controllers.(*HetznerClusterReconciler).Reconcile(0xX, {0xX, 0xX}, {{{0xX?, 0xX?}, {0xX?, 0xX?}}})\n\t/home/janiskemper/Documents/syself/cluster-api-provider-hetzner/controllers/hetznercluster_controller.go:172 +0xX\nsigs.k8s.io/controller-runtime/pkg/internal/controller.(*Controller).Reconcile(0xX?, {0xX?, 0xX?}, {{{0xX?, 0xX?}, {0xX?, 0xX?}}})\n\t/home/janiskemper/Documents/syself/cluster-api-provider-hetzner/vendor/sigs.k8s.io/controller-runtime/pkg/internal/controller/controller.go:119 +0xX\nsigs.k8s.io/controller-runtime/pkg/internal/controller.(*Controller).reconcileHandler(0xX, {0xX, 0xX}, {0xX?, 0xX?})\n\t/home/janiskemper/Documents/syself/cluster-api-provider-hetzner/vendor/sigs.k8s.io/controller-runtime/pkg/internal/controller/controller.go:316 +0xX\nsigs.k8s.io/controller-runtime/pkg/internal/controller.(*Controller).processNextWorkItem(0xX, {0xX, 0xX})\n\t/home/janiskemper/Documents/syself/cluster-api-provider-hetzner/vendor/sigs.k8s.io/controller-runtime/pkg/internal/controller/controller.go:266 +0xX\nsigs.k8s.io/controller-runtime/pkg/internal/controller.(*Controller).Start.func2.2()\n\t/home/janiskemper/Documents/syself/cluster-api-provider-hetzner/vendor/sigs.k8s.io/controller-runtime/pkg/internal/controller/controller.go:227 +0xX\ncreated by sigs.k8s.io/controller-runtime/pkg/internal/controller.(*Controller).Start.func2 in goroutine 152\n\t/home/janiskemper/Documents/syself/cluster-api-provider-hetzner/vendor/sigs.k8s.io/controller-runtime/pkg/internal/controller/controller.go:223 +0xX\n"}
{"level":"INFO","time":"2024-06-11T11:10:01.760Z","logger":"hcloud-api","file":"client/client.go:102","message":"hcloud API called","controller":"hetznercluster","controllerGroup":"infrastructure.cluster.x-k8s.io","controllerKind":"HetznerCluster","HetznerCluster":{"name":"testing","namespace":"default"},"namespace":"default","name":"testing","reconcileID":"9fbcaf63-06bf-466e-bbb9-5e97ba9311f9","HetznerCluster":{"name":"testing","namespace":"default"},"Cluster":{"name":"testing","namespace":"default"},"statusCode":200,"method":"GET","url":"https://api.hetzner.cloud/v1/placement_groups?label_selector=caph-cluster-testing%3D%3Downed&page=1","hcloud_token":"xu9pK...","stack":"goroutine 460 [running]:\nruntime/debug.Stack()\n\t/usr/lib/golang/src/runtime/debug/stack.go:24 +0xX\ngithub.com/syself/cluster-api-provider-hetzner/pkg/services/hcloud/client.(*LoggingTransport).RoundTrip(0xX, 0xX)\n\t/home/janiskemper/Documents/syself/cluster-api-provider-hetzner/pkg/services/hcloud/client/client.go:93 +0xX\nnet/http.send(0xX, {0xX, 0xX}, {0xX?, 0xX?, 0xX?})\n\t/usr/lib/golang/src/net/http/client.go:260 +0xX\nnet/http.(*Client).send(0xX, 0xX, {0xX?, 0xX?, 0xX?})\n\t/usr/lib/golang/src/net/http/client.go:181 +0xX\nnet/http.(*Client).do(0xX, 0xX)\n\t/usr/lib/golang/src/net/http/client.go:724 +0xX\nnet/http.(*Client).Do(...)\n\t/usr/lib/golang/src/net/http/client.go:590\ngithub.com/hetznercloud/hcloud-go/v2/hcloud.(*Client).Do(0xX, 0xX, {0xX, 0xX})\n\t/home/janiskemper/Documents/syself/cluster-api-provider-hetzner/vendor/github.com/hetznercloud/hcloud-go/v2/hcloud/client.go:266 +0xX\ngithub.com/hetznercloud/hcloud-go/v2/hcloud.(*PlacementGroupClient).List(0xX, {0xX, 0xX}, {{0xX, 0xX, {0xX, 0xX}}, {0xX, 0xX}, {0xX, ...}, ...})\n\t/home/janiskemper/Documents/syself/cluster-api-provider-hetzner/vendor/github.com/hetznercloud/hcloud-go/v2/hcloud/placement_group.go:112 +0xX\ngithub.com/hetznercloud/hcloud-go/v2/hcloud.(*PlacementGroupClient).AllWithOpts.func1(0xX?)\n\t/home/janiskemper/Documents/syself/cluster-api-provider-hetzner/vendor/github.com/hetznercloud/hcloud-go/v2/hcloud/placement_group.go:140 +0xX\ngithub.com/hetznercloud/hcloud-go/v2/hcloud.(*Client).all(0xX?, 0xX)\n\t/home/janiskemper/Documents/syself/cluster-api-provider-hetzner/vendor/github.com/hetznercloud/hcloud-go/v2/hcloud/client.go:323 +0xX\ngithub.com/hetznercloud/hcloud-go/v2/hcloud.(*PlacementGroupClient).AllWithOpts(0xX?, {0xX?, 0xX?}, {{0xX, 0xX, {0xX, 0xX}}, {0xX, 0xX}, {0xX, ...}, ...})\n\t/home/janiskemper/Documents/syself/cluster-api-provider-hetzner/vendor/github.com/hetznercloud/hcloud-go/v2/hcloud/placement_group.go:138 +0xX\ngithub.com/syself/cluster-api-provider-hetzner/pkg/services/hcloud/client.(*realClient).ListPlacementGroups(0xX?, {0xX?, 0xX?}, {{0xX, 0xX, {0xX, 0xX}}, {0xX, 0xX}, {0xX, ...}, ...})\n\t/home/janiskemper/Documents/syself/cluster-api-provider-hetzner/pkg/services/hcloud/client/client.go:320 +0xX\ngithub.com/syself/cluster-api-provider-hetzner/pkg/services/hcloud/placementgroup.(*Service).findPlacementGroups(0xX, {0xX, 0xX})\n\t/home/janiskemper/Documents/syself/cluster-api-provider-hetzner/pkg/services/hcloud/placementgroup/placementgroup.go:165 +0xX\ngithub.com/syself/cluster-api-provider-hetzner/pkg/services/hcloud/placementgroup.(*Service).Reconcile(0xX, {0xX, 0xX})\n\t/home/janiskemper/Documents/syself/cluster-api-provider-hetzner/pkg/services/hcloud/placementgroup/placementgroup.go:64 +0xX\ngithub.com/syself/cluster-api-provider-hetzner/controllers.(*HetznerClusterReconciler).reconcileNormal(0xX?, {0xX, 0xX}, 0xX)\n\t/home/janiskemper/Documents/syself/cluster-api-provider-hetzner/controllers/hetznercluster_controller.go:228 +0xX\ngithub.com/syself/cluster-api-provider-hetzner/controllers.(*HetznerClusterReconciler).Reconcile(0xX, {0xX, 0xX}, {{{0xX?, 0xX?}, {0xX?, 0xX?}}})\n\t/home/janiskemper/Documents/syself/cluster-api-provider-hetzner/controllers/hetznercluster_controller.go:172 +0xX\nsigs.k8s.io/controller-runtime/pkg/internal/controller.(*Controller).Reconcile(0xX?, {0xX?, 0xX?}, {{{0xX?, 0xX?}, {0xX?, 0xX?}}})\n\t/home/janiskemper/Documents/syself/cluster-api-provider-hetzner/vendor/sigs.k8s.io/controller-runtime/pkg/internal/controller/controller.go:119 +0xX\nsigs.k8s.io/controller-runtime/pkg/internal/controller.(*Controller).reconcileHandler(0xX, {0xX, 0xX}, {0xX?, 0xX?})\n\t/home/janiskemper/Documents/syself/cluster-api-provider-hetzner/vendor/sigs.k8s.io/controller-runtime/pkg/internal/controller/controller.go:316 +0xX\nsigs.k8s.io/controller-runtime/pkg/internal/controller.(*Controller).processNextWorkItem(0xX, {0xX, 0xX})\n\t/home/janiskemper/Documents/syself/cluster-api-provider-hetzner/vendor/sigs.k8s.io/controller-runtime/pkg/internal/controller/controller.go:266 +0xX\nsigs.k8s.io/controller-runtime/pkg/internal/controller.(*Controller).Start.func2.2()\n\t/home/janiskemper/Documents/syself/cluster-api-provider-hetzner/vendor/sigs.k8s.io/controller-runtime/pkg/internal/controller/controller.go:227 +0xX\ncreated by sigs.k8s.io/controller-runtime/pkg/internal/controller.(*Controller).Start.func2 in goroutine 152\n\t/home/janiskemper/Documents/syself/cluster-api-provider-hetzner/vendor/sigs.k8s.io/controller-runtime/pkg/internal/controller/controller.go:223 +0xX\n"}
{"level":"INFO","time":"2024-06-11T11:10:25.353Z","file":"controllers/hetznercluster_controller.go:816","message":"Cluster event - reconciling HetznerCluster"}
{"level":"INFO","time":"2024-06-11T11:10:25.353Z","file":"controllers/hetznercluster_controller.go:816","message":"Cluster event - reconciling HetznerCluster"}
{"level":"INFO","time":"2024-06-11T11:10:25.917Z","logger":"hcloud-api","file":"client/client.go:102","message":"hcloud API called","controller":"hetznercluster","controllerGroup":"infrastructure.cluster.x-k8s.io","controllerKind":"HetznerCluster","HetznerCluster":{"name":"testing","namespace":"default"},"namespace":"default","name":"testing","reconcileID":"8942f884-5145-4619-ba2a-b604fe07ac8d","HetznerCluster":{"name":"testing","namespace":"default"},"Cluster":{"name":"testing","namespace":"default"},"statusCode":200,"method":"GET","url":"https://api.hetzner.cloud/v1/load_balancers?label_selector=caph-cluster-testing%3D%3Downed&page=1","hcloud_token":"xu9pK...","stack":"goroutine 460 [running]:\nruntime/debug.Stack()\n\t/usr/lib/golang/src/runtime/debug/stack.go:24 +0xX\ngithub.com/syself/cluster-api-provider-hetzner/pkg/services/hcloud/client.(*LoggingTransport).RoundTrip(0xX, 0xX)\n\t/home/janiskemper/Documents/syself/cluster-api-provider-hetzner/pkg/services/hcloud/client/client.go:93 +0xX\nnet/http.send(0xX, {0xX, 0xX}, {0xX?, 0xX?, 0xX?})\n\t/usr/lib/golang/src/net/http/client.go:260 +0xX\nnet/http.(*Client).send(0xX, 0xX, {0xX?, 0xX?, 0xX?})\n\t/usr/lib/golang/src/net/http/client.go:181 +0xX\nnet/http.(*Client).do(0xX, 0xX)\n\t/usr/lib/golang/src/net/http/client.go:724 +0xX\nnet/http.(*Client).Do(...)\n\t/usr/lib/golang/src/net/http/client.go:590\ngithub.com/hetznercloud/hcloud-go/v2/hcloud.(*Client).Do(0xX, 0xX, {0xX, 0xX})\n\t/home/janiskemper/Documents/syself/cluster-api-provider-hetzner/vendor/github.com/hetznercloud/hcloud-go/v2/hcloud/client.go:266 +0xX\ngithub.com/hetznercloud/hcloud-go/v2/hcloud.(*LoadBalancerClient).List(0xX, {0xX, 0xX}, {{0xX, 0xX, {0xX, 0xX}}, {0xX, 0xX}, {0xX, ...}})\n\t/home/janiskemper/Documents/syself/cluster-api-provider-hetzner/vendor/github.com/hetznercloud/hcloud-go/v2/hcloud/load_balancer.go:313 +0xX\ngithub.com/hetznercloud/hcloud-go/v2/hcloud.(*LoadBalancerClient).AllWithOpts.func1(0xX?)\n\t/home/janiskemper/Documents/syself/cluster-api-provider-hetzner/vendor/github.com/hetznercloud/hcloud-go/v2/hcloud/load_balancer.go:335 +0xX\ngithub.com/hetznercloud/hcloud-go/v2/hcloud.(*Client).all(0xX?, 0xX)\n\t/home/janiskemper/Documents/syself/cluster-api-provider-hetzner/vendor/github.com/hetznercloud/hcloud-go/v2/hcloud/client.go:323 +0xX\ngithub.com/hetznercloud/hcloud-go/v2/hcloud.(*LoadBalancerClient).AllWithOpts(0xX?, {0xX?, 0xX?}, {{0xX, 0xX, {0xX, 0xX}}, {0xX, 0xX}, {0xX, ...}})\n\t/home/janiskemper/Documents/syself/cluster-api-provider-hetzner/vendor/github.com/hetznercloud/hcloud-go/v2/hcloud/load_balancer.go:333 +0xX\ngithub.com/syself/cluster-api-provider-hetzner/pkg/services/hcloud/client.(*realClient).ListLoadBalancers(0xX?, {0xX?, 0xX?}, {{0xX, 0xX, {0xX, 0xX}}, {0xX, 0xX}, {0xX, ...}})\n\t/home/janiskemper/Documents/syself/cluster-api-provider-hetzner/pkg/services/hcloud/client/client.go:157 +0xX\ngithub.com/syself/cluster-api-provider-hetzner/pkg/services/hcloud/loadbalancer.(*Service).findLoadBalancer(0xX, {0xX, 0xX})\n\t/home/janiskemper/Documents/syself/cluster-api-provider-hetzner/pkg/services/hcloud/loadbalancer/loadbalancer.go:427 +0xX\ngithub.com/syself/cluster-api-provider-hetzner/pkg/services/hcloud/loadbalancer.(*Service).Reconcile(0xX, {0xX, 0xX})\n\t/home/janiskemper/Documents/syself/cluster-api-provider-hetzner/pkg/services/hcloud/loadbalancer/loadbalancer.go:65 +0xX\ngithub.com/syself/cluster-api-provider-hetzner/controllers.(*HetznerClusterReconciler).reconcileNormal(0xX?, {0xX, 0xX}, 0xX)\n\t/home/janiskemper/Documents/syself/cluster-api-provider-hetzner/controllers/hetznercluster_controller.go:219 +0xX\ngithub.com/syself/cluster-api-provider-hetzner/controllers.(*HetznerClusterReconciler).Reconcile(0xX, {0xX, 0xX}, {{{0xX?, 0xX?}, {0xX?, 0xX?}}})\n\t/home/janiskemper/Documents/syself/cluster-api-provider-hetzner/controllers/hetznercluster_controller.go:172 +0xX\nsigs.k8s.io/controller-runtime/pkg/internal/controller.(*Controller).Reconcile(0xX?, {0xX?, 0xX?}, {{{0xX?, 0xX?}, {0xX?, 0xX?}}})\n\t/home/janiskemper/Documents/syself/cluster-api-provider-hetzner/vendor/sigs.k8s.io/controller-runtime/pkg/internal/controller/controller.go:119 +0xX\nsigs.k8s.io/controller-runtime/pkg/internal/controller.(*Controller).reconcileHandler(0xX, {0xX, 0xX}, {0xX?, 0xX?})\n\t/home/janiskemper/Documents/syself/cluster-api-provider-hetzner/vendor/sigs.k8s.io/controller-runtime/pkg/internal/controller/controller.go:316 +0xX\nsigs.k8s.io/controller-runtime/pkg/internal/controller.(*Controller).processNextWorkItem(0xX, {0xX, 0xX})\n\t/home/janiskemper/Documents/syself/cluster-api-provider-hetzner/vendor/sigs.k8s.io/controller-runtime/pkg/internal/controller/controller.go:266 +0xX\nsigs.k8s.io/controller-runtime/pkg/internal/controller.(*Controller).Start.func2.2()\n\t/home/janiskemper/Documents/syself/cluster-api-provider-hetzner/vendor/sigs.k8s.io/controller-runtime/pkg/internal/controller/controller.go:227 +0xX\ncreated by sigs.k8s.io/controller-runtime/pkg/internal/controller.(*Controller).Start.func2 in goroutine 152\n\t/home/janiskemper/Documents/syself/cluster-api-provider-hetzner/vendor/sigs.k8s.io/controller-runtime/pkg/internal/controller/controller.go:223 +0xX\n"}
{"level":"INFO","time":"2024-06-11T11:10:26.093Z","logger":"hcloud-api","file":"client/client.go:102","message":"hcloud API called","controller":"hetznercluster","controllerGroup":"infrastructure.cluster.x-k8s.io","controllerKind":"HetznerCluster","HetznerCluster":{"name":"testing","namespace":"default"},"namespace":"default","name":"testing","reconcileID":"8942f884-5145-4619-ba2a-b604fe07ac8d","HetznerCluster":{"name":"testing","namespace":"default"},"Cluster":{"name":"testing","namespace":"default"},"statusCode":200,"method":"GET","url":"https://api.hetzner.cloud/v1/placement_groups?label_selector=caph-cluster-testing%3D%3Downed&page=1","hcloud_token":"xu9pK...","stack":"goroutine 460 [running]:\nruntime/debug.Stack()\n\t/usr/lib/golang/src/runtime/debug/stack.go:24 +0xX\ngithub.com/syself/cluster-api-provider-hetzner/pkg/services/hcloud/client.(*LoggingTransport).RoundTrip(0xX, 0xX)\n\t/home/janiskemper/Documents/syself/cluster-api-provider-hetzner/pkg/services/hcloud/client/client.go:93 +0xX\nnet/http.send(0xX, {0xX, 0xX}, {0xX?, 0xX?, 0xX?})\n\t/usr/lib/golang/src/net/http/client.go:260 +0xX\nnet/http.(*Client).send(0xX, 0xX, {0xX?, 0xX?, 0xX?})\n\t/usr/lib/golang/src/net/http/client.go:181 +0xX\nnet/http.(*Client).do(0xX, 0xX)\n\t/usr/lib/golang/src/net/http/client.go:724 +0xX\nnet/http.(*Client).Do(...)\n\t/usr/lib/golang/src/net/http/client.go:590\ngithub.com/hetznercloud/hcloud-go/v2/hcloud.(*Client).Do(0xX, 0xX, {0xX, 0xX})\n\t/home/janiskemper/Documents/syself/cluster-api-provider-hetzner/vendor/github.com/hetznercloud/hcloud-go/v2/hcloud/client.go:266 +0xX\ngithub.com/hetznercloud/hcloud-go/v2/hcloud.(*PlacementGroupClient).List(0xX, {0xX, 0xX}, {{0xX, 0xX, {0xX, 0xX}}, {0xX, 0xX}, {0xX, ...}, ...})\n\t/home/janiskemper/Documents/syself/cluster-api-provider-hetzner/vendor/github.com/hetznercloud/hcloud-go/v2/hcloud/placement_group.go:112 +0xX\ngithub.com/hetznercloud/hcloud-go/v2/hcloud.(*PlacementGroupClient).AllWithOpts.func1(0xX?)\n\t/home/janiskemper/Documents/syself/cluster-api-provider-hetzner/vendor/github.com/hetznercloud/hcloud-go/v2/hcloud/placement_group.go:140 +0xX\ngithub.com/hetznercloud/hcloud-go/v2/hcloud.(*Client).all(0xX?, 0xX)\n\t/home/janiskemper/Documents/syself/cluster-api-provider-hetzner/vendor/github.com/hetznercloud/hcloud-go/v2/hcloud/client.go:323 +0xX\ngithub.com/hetznercloud/hcloud-go/v2/hcloud.(*PlacementGroupClient).AllWithOpts(0xX?, {0xX?, 0xX?}, {{0xX, 0xX, {0xX, 0xX}}, {0xX, 0xX}, {0xX, ...}, ...})\n\t/home/janiskemper/Documents/syself/cluster-api-provider-hetzner/vendor/github.com/hetznercloud/hcloud-go/v2/hcloud/placement_group.go:138 +0xX\ngithub.com/syself/cluster-api-provider-hetzner/pkg/services/hcloud/client.(*realClient).ListPlacementGroups(0xX?, {0xX?, 0xX?}, {{0xX, 0xX, {0xX, 0xX}}, {0xX, 0xX}, {0xX, ...}, ...})\n\t/home/janiskemper/Documents/syself/cluster-api-provider-hetzner/pkg/services/hcloud/client/client.go:320 +0xX\ngithub.com/syself/cluster-api-provider-hetzner/pkg/services/hcloud/placementgroup.(*Service).findPlacementGroups(0xX, {0xX, 0xX})\n\t/home/janiskemper/Documents/syself/cluster-api-provider-hetzner/pkg/services/hcloud/placementgroup/placementgroup.go:165 +0xX\ngithub.com/syself/cluster-api-provider-hetzner/pkg/services/hcloud/placementgroup.(*Service).Reconcile(0xX, {0xX, 0xX})\n\t/home/janiskemper/Documents/syself/cluster-api-provider-hetzner/pkg/services/hcloud/placementgroup/placementgroup.go:64 +0xX\ngithub.com/syself/cluster-api-provider-hetzner/controllers.(*HetznerClusterReconciler).reconcileNormal(0xX?, {0xX, 0xX}, 0xX)\n\t/home/janiskemper/Documents/syself/cluster-api-provider-hetzner/controllers/hetznercluster_controller.go:228 +0xX\ngithub.com/syself/cluster-api-provider-hetzner/controllers.(*HetznerClusterReconciler).Reconcile(0xX, {0xX, 0xX}, {{{0xX?, 0xX?}, {0xX?, 0xX?}}})\n\t/home/janiskemper/Documents/syself/cluster-api-provider-hetzner/controllers/hetznercluster_controller.go:172 +0xX\nsigs.k8s.io/controller-runtime/pkg/internal/controller.(*Controller).Reconcile(0xX?, {0xX?, 0xX?}, {{{0xX?, 0xX?}, {0xX?, 0xX?}}})\n\t/home/janiskemper/Documents/syself/cluster-api-provider-hetzner/vendor/sigs.k8s.io/controller-runtime/pkg/internal/controller/controller.go:119 +0xX\nsigs.k8s.io/controller-runtime/pkg/internal/controller.(*Controller).reconcileHandler(0xX, {0xX, 0xX}, {0xX?, 0xX?})\n\t/home/janiskemper/Documents/syself/cluster-api-provider-hetzner/vendor/sigs.k8s.io/controller-runtime/pkg/internal/controller/controller.go:316 +0xX\nsigs.k8s.io/controller-runtime/pkg/internal/controller.(*Controller).processNextWorkItem(0xX, {0xX, 0xX})\n\t/home/janiskemper/Documents/syself/cluster-api-provider-hetzner/vendor/sigs.k8s.io/controller-runtime/pkg/internal/controller/controller.go:266 +0xX\nsigs.k8s.io/controller-runtime/pkg/internal/controller.(*Controller).Start.func2.2()\n\t/home/janiskemper/Documents/syself/cluster-api-provider-hetzner/vendor/sigs.k8s.io/controller-runtime/pkg/internal/controller/controller.go:227 +0xX\ncreated by sigs.k8s.io/controller-runtime/pkg/internal/controller.(*Controller).Start.func2 in goroutine 152\n\t/home/janiskemper/Documents/syself/cluster-api-provider-hetzner/vendor/sigs.k8s.io/controller-runtime/pkg/internal/controller/controller.go:223 +0xX\n"}
{"level":"INFO","time":"2024-06-11T11:10:58.649Z","logger":"hcloud-api","file":"client/client.go:102","message":"hcloud API called","controller":"hcloudmachine","controllerGroup":"infrastructure.cluster.x-k8s.io","controllerKind":"HCloudMachine","HCloudMachine":{"name":"testing-md-0-gsd7r-s4p9d","namespace":"default"},"namespace":"default","name":"testing-md-0-gsd7r-s4p9d","reconcileID":"b3c3db41-e467-43bd-93bc-4d4ad6086a94","HCloudMachine":{"name":"testing-md-0-gsd7r-s4p9d","namespace":"default"},"Machine":{"name":"testing-md-0-gsd7r-s4p9d","namespace":"default"},"Cluster":{"name":"testing","namespace":"default"},"HetznerCluster":{"name":"testing","namespace":"default"},"statusCode":200,"method":"GET","url":"https://api.hetzner.cloud/v1/servers/48678624","hcloud_token":"xu9pK...","stack":"goroutine 463 [running]:\nruntime/debug.Stack()\n\t/usr/lib/golang/src/runtime/debug/stack.go:24 +0xX\ngithub.com/syself/cluster-api-provider-hetzner/pkg/services/hcloud/client.(*LoggingTransport).RoundTrip(0xX, 0xX)\n\t/home/janiskemper/Documents/syself/cluster-api-provider-hetzner/pkg/services/hcloud/client/client.go:93 +0xX\nnet/http.send(0xX, {0xX, 0xX}, {0xX?, 0xX?, 0xX?})\n\t/usr/lib/golang/src/net/http/client.go:260 +0xX\nnet/http.(*Client).send(0xX, 0xX, {0xX?, 0xX?, 0xX?})\n\t/usr/lib/golang/src/net/http/client.go:181 +0xX\nnet/http.(*Client).do(0xX, 0xX)\n\t/usr/lib/golang/src/net/http/client.go:724 +0xX\nnet/http.(*Client).Do(...)\n\t/usr/lib/golang/src/net/http/client.go:590\ngithub.com/hetznercloud/hcloud-go/v2/hcloud.(*Client).Do(0xX, 0xX, {0xX, 0xX})\n\t/home/janiskemper/Documents/syself/cluster-api-provider-hetzner/vendor/github.com/hetznercloud/hcloud-go/v2/hcloud/client.go:266 +0xX\ngithub.com/hetznercloud/hcloud-go/v2/hcloud.(*ServerClient).GetByID(0xX, {0xX, 0xX}, 0xX?)\n\t/home/janiskemper/Documents/syself/cluster-api-provider-hetzner/vendor/github.com/hetznercloud/hcloud-go/v2/hcloud/server.go:207 +0xX\ngithub.com/syself/cluster-api-provider-hetzner/pkg/services/hcloud/client.(*realClient).GetServer(0xX?, {0xX?, 0xX?}, 0xX?)\n\t/home/janiskemper/Documents/syself/cluster-api-provider-hetzner/pkg/services/hcloud/client/client.go:246 +0xX\ngithub.com/syself/cluster-api-provider-hetzner/pkg/services/hcloud/server.(*Service).findServer(0xX, {0xX, 0xX})\n\t/home/janiskemper/Documents/syself/cluster-api-provider-hetzner/pkg/services/hcloud/server/server.go:678 +0xX\ngithub.com/syself/cluster-api-provider-hetzner/pkg/services/hcloud/server.(*Service).Reconcile(0xX, {0xX, 0xX})\n\t/home/janiskemper/Documents/syself/cluster-api-provider-hetzner/pkg/services/hcloud/server/server.go:95 +0xX\ngithub.com/syself/cluster-api-provider-hetzner/controllers.(*HCloudMachineReconciler).reconcileNormal(0xX?, {0xX, 0xX}, 0xX)\n\t/home/janiskemper/Documents/syself/cluster-api-provider-hetzner/controllers/hcloudmachine_controller.go:208 +0xX\ngithub.com/syself/cluster-api-provider-hetzner/controllers.(*HCloudMachineReconciler).Reconcile(0xX, {0xX, 0xX}, {{{0xX?, 0xX?}, {0xX?, 0xX?}}})\n\t/home/janiskemper/Documents/syself/cluster-api-provider-hetzner/controllers/hcloudmachine_controller.go:175 +0xX\nsigs.k8s.io/controller-runtime/pkg/internal/controller.(*Controller).Reconcile(0xX?, {0xX?, 0xX?}, {{{0xX?, 0xX?}, {0xX?, 0xX?}}})\n\t/home/janiskemper/Documents/syself/cluster-api-provider-hetzner/vendor/sigs.k8s.io/controller-runtime/pkg/internal/controller/controller.go:119 +0xX\nsigs.k8s.io/controller-runtime/pkg/internal/controller.(*Controller).reconcileHandler(0xX, {0xX, 0xX}, {0xX?, 0xX?})\n\t/home/janiskemper/Documents/syself/cluster-api-provider-hetzner/vendor/sigs.k8s.io/controller-runtime/pkg/internal/controller/controller.go:316 +0xX\nsigs.k8s.io/controller-runtime/pkg/internal/controller.(*Controller).processNextWorkItem(0xX, {0xX, 0xX})\n\t/home/janiskemper/Documents/syself/cluster-api-provider-hetzner/vendor/sigs.k8s.io/controller-runtime/pkg/internal/controller/controller.go:266 +0xX\nsigs.k8s.io/controller-runtime/pkg/internal/controller.(*Controller).Start.func2.2()\n\t/home/janiskemper/Documents/syself/cluster-api-provider-hetzner/vendor/sigs.k8s.io/controller-runtime/pkg/internal/controller/controller.go:227 +0xX\ncreated by sigs.k8s.io/controller-runtime/pkg/internal/controller.(*Controller).Start.func2 in goroutine 46\n\t/home/janiskemper/Documents/syself/cluster-api-provider-hetzner/vendor/sigs.k8s.io/controller-runtime/pkg/internal/controller/controller.go:223 +0xX\n"}
{"level":"INFO","time":"2024-06-11T11:10:58.910Z","logger":"hcloud-api","file":"client/client.go:102","message":"hcloud API called","controller":"hcloudmachine","controllerGroup":"infrastructure.cluster.x-k8s.io","controllerKind":"HCloudMachine","HCloudMachine":{"name":"testing-control-plane-svc5p","namespace":"default"},"namespace":"default","name":"testing-control-plane-svc5p","reconcileID":"b38c4c92-fe2f-4439-912a-5c476cc2a217","HCloudMachine":{"name":"testing-control-plane-svc5p","namespace":"default"},"Machine":{"name":"testing-control-plane-svc5p","namespace":"default"},"Cluster":{"name":"testing","namespace":"default"},"HetznerCluster":{"name":"testing","namespace":"default"},"statusCode":200,"method":"GET","url":"https://api.hetzner.cloud/v1/servers/48678441","hcloud_token":"xu9pK...","stack":"goroutine 463 [running]:\nruntime/debug.Stack()\n\t/usr/lib/golang/src/runtime/debug/stack.go:24 +0xX\ngithub.com/syself/cluster-api-provider-hetzner/pkg/services/hcloud/client.(*LoggingTransport).RoundTrip(0xX, 0xX)\n\t/home/janiskemper/Documents/syself/cluster-api-provider-hetzner/pkg/services/hcloud/client/client.go:93 +0xX\nnet/http.send(0xX, {0xX, 0xX}, {0xX?, 0xX?, 0xX?})\n\t/usr/lib/golang/src/net/http/client.go:260 +0xX\nnet/http.(*Client).send(0xX, 0xX, {0xX?, 0xX?, 0xX?})\n\t/usr/lib/golang/src/net/http/client.go:181 +0xX\nnet/http.(*Client).do(0xX, 0xX)\n\t/usr/lib/golang/src/net/http/client.go:724 +0xX\nnet/http.(*Client).Do(...)\n\t/usr/lib/golang/src/net/http/client.go:590\ngithub.com/hetznercloud/hcloud-go/v2/hcloud.(*Client).Do(0xX, 0xX, {0xX, 0xX})\n\t/home/janiskemper/Documents/syself/cluster-api-provider-hetzner/vendor/github.com/hetznercloud/hcloud-go/v2/hcloud/client.go:266 +0xX\ngithub.com/hetznercloud/hcloud-go/v2/hcloud.(*ServerClient).GetByID(0xX, {0xX, 0xX}, 0xX?)\n\t/home/janiskemper/Documents/syself/cluster-api-provider-hetzner/vendor/github.com/hetznercloud/hcloud-go/v2/hcloud/server.go:207 +0xX\ngithub.com/syself/cluster-api-provider-hetzner/pkg/services/hcloud/client.(*realClient).GetServer(0xX?, {0xX?, 0xX?}, 0xX?)\n\t/home/janiskemper/Documents/syself/cluster-api-provider-hetzner/pkg/services/hcloud/client/client.go:246 +0xX\ngithub.com/syself/cluster-api-provider-hetzner/pkg/services/hcloud/server.(*Service).findServer(0xX, {0xX, 0xX})\n\t/home/janiskemper/Documents/syself/cluster-api-provider-hetzner/pkg/services/hcloud/server/server.go:678 +0xX\ngithub.com/syself/cluster-api-provider-hetzner/pkg/services/hcloud/server.(*Service).Reconcile(0xX, {0xX, 0xX})\n\t/home/janiskemper/Documents/syself/cluster-api-provider-hetzner/pkg/services/hcloud/server/server.go:95 +0xX\ngithub.com/syself/cluster-api-provider-hetzner/controllers.(*HCloudMachineReconciler).reconcileNormal(0xX?, {0xX, 0xX}, 0xX)\n\t/home/janiskemper/Documents/syself/cluster-api-provider-hetzner/controllers/hcloudmachine_controller.go:208 +0xX\ngithub.com/syself/cluster-api-provider-hetzner/controllers.(*HCloudMachineReconciler).Reconcile(0xX, {0xX, 0xX}, {{{0xX?, 0xX?}, {0xX?, 0xX?}}})\n\t/home/janiskemper/Documents/syself/cluster-api-provider-hetzner/controllers/hcloudmachine_controller.go:175 +0xX\nsigs.k8s.io/controller-runtime/pkg/internal/controller.(*Controller).Reconcile(0xX?, {0xX?, 0xX?}, {{{0xX?, 0xX?}, {0xX?, 0xX?}}})\n\t/home/janiskemper/Documents/syself/cluster-api-provider-hetzner/vendor/sigs.k8s.io/controller-runtime/pkg/internal/controller/controller.go:119 +0xX\nsigs.k8s.io/controller-runtime/pkg/internal/controller.(*Controller).reconcileHandler(0xX, {0xX, 0xX}, {0xX?, 0xX?})\n\t/home/janiskemper/Documents/syself/cluster-api-provider-hetzner/vendor/sigs.k8s.io/controller-runtime/pkg/internal/controller/controller.go:316 +0xX\nsigs.k8s.io/controller-runtime/pkg/internal/controller.(*Controller).processNextWorkItem(0xX, {0xX, 0xX})\n\t/home/janiskemper/Documents/syself/cluster-api-provider-hetzner/vendor/sigs.k8s.io/controller-runtime/pkg/internal/controller/controller.go:266 +0xX\nsigs.k8s.io/controller-runtime/pkg/internal/controller.(*Controller).Start.func2.2()\n\t/home/janiskemper/Documents/syself/cluster-api-provider-hetzner/vendor/sigs.k8s.io/controller-runtime/pkg/internal/controller/controller.go:227 +0xX\ncreated by sigs.k8s.io/controller-runtime/pkg/internal/controller.(*Controller).Start.func2 in goroutine 46\n\t/home/janiskemper/Documents/syself/cluster-api-provider-hetzner/vendor/sigs.k8s.io/controller-runtime/pkg/internal/controller/controller.go:223 +0xX\n"}
{"level":"INFO","time":"2024-06-11T11:10:59.192Z","logger":"hcloud-api","file":"client/client.go:102","message":"hcloud API called","controller":"hcloudmachine","controllerGroup":"infrastructure.cluster.x-k8s.io","controllerKind":"HCloudMachine","HCloudMachine":{"name":"testing-control-plane-cfvjj","namespace":"default"},"namespace":"default","name":"testing-control-plane-cfvjj","reconcileID":"edc82631-70dd-4233-93ae-d5032017c816","HCloudMachine":{"name":"testing-control-plane-cfvjj","namespace":"default"},"Machine":{"name":"testing-control-plane-cfvjj","namespace":"default"},"Cluster":{"name":"testing","namespace":"default"},"HetznerCluster":{"name":"testing","namespace":"default"},"statusCode":200,"method":"GET","url":"https://api.hetzner.cloud/v1/servers/48678576","hcloud_token":"xu9pK...","stack":"goroutine 463 [running]:\nruntime/debug.Stack()\n\t/usr/lib/golang/src/runtime/debug/stack.go:24 +0xX\ngithub.com/syself/cluster-api-provider-hetzner/pkg/services/hcloud/client.(*LoggingTransport).RoundTrip(0xX, 0xX)\n\t/home/janiskemper/Documents/syself/cluster-api-provider-hetzner/pkg/services/hcloud/client/client.go:93 +0xX\nnet/http.send(0xX, {0xX, 0xX}, {0xX?, 0xX?, 0xX?})\n\t/usr/lib/golang/src/net/http/client.go:260 +0xX\nnet/http.(*Client).send(0xX, 0xX, {0xX?, 0xX?, 0xX?})\n\t/usr/lib/golang/src/net/http/client.go:181 +0xX\nnet/http.(*Client).do(0xX, 0xX)\n\t/usr/lib/golang/src/net/http/client.go:724 +0xX\nnet/http.(*Client).Do(...)\n\t/usr/lib/golang/src/net/http/client.go:590\ngithub.com/hetznercloud/hcloud-go/v2/hcloud.(*Client).Do(0xX, 0xX, {0xX, 0xX})\n\t/home/janiskemper/Documents/syself/cluster-api-provider-hetzner/vendor/github.com/hetznercloud/hcloud-go/v2/hcloud/client.go:266 +0xX\ngithub.com/hetznercloud/hcloud-go/v2/hcloud.(*ServerClient).GetByID(0xX, {0xX, 0xX}, 0xX?)\n\t/home/janiskemper/Documents/syself/cluster-api-provider-hetzner/vendor/github.com/hetznercloud/hcloud-go/v2/hcloud/server.go:207 +0xX\ngithub.com/syself/cluster-api-provider-hetzner/pkg/services/hcloud/client.(*realClient).GetServer(0xX?, {0xX?, 0xX?}, 0xX?)\n\t/home/janiskemper/Documents/syself/cluster-api-provider-hetzner/pkg/services/hcloud/client/client.go:246 +0xX\ngithub.com/syself/cluster-api-provider-hetzner/pkg/services/hcloud/server.(*Service).findServer(0xX, {0xX, 0xX})\n\t/home/janiskemper/Documents/syself/cluster-api-provider-hetzner/pkg/services/hcloud/server/server.go:678 +0xX\ngithub.com/syself/cluster-api-provider-hetzner/pkg/services/hcloud/server.(*Service).Reconcile(0xX, {0xX, 0xX})\n\t/home/janiskemper/Documents/syself/cluster-api-provider-hetzner/pkg/services/hcloud/server/server.go:95 +0xX\ngithub.com/syself/cluster-api-provider-hetzner/controllers.(*HCloudMachineReconciler).reconcileNormal(0xX?, {0xX, 0xX}, 0xX)\n\t/home/janiskemper/Documents/syself/cluster-api-provider-hetzner/controllers/hcloudmachine_controller.go:208 +0xX\ngithub.com/syself/cluster-api-provider-hetzner/controllers.(*HCloudMachineReconciler).Reconcile(0xX, {0xX, 0xX}, {{{0xX?, 0xX?}, {0xX?, 0xX?}}})\n\t/home/janiskemper/Documents/syself/cluster-api-provider-hetzner/controllers/hcloudmachine_controller.go:175 +0xX\nsigs.k8s.io/controller-runtime/pkg/internal/controller.(*Controller).Reconcile(0xX?, {0xX?, 0xX?}, {{{0xX?, 0xX?}, {0xX?, 0xX?}}})\n\t/home/janiskemper/Documents/syself/cluster-api-provider-hetzner/vendor/sigs.k8s.io/controller-runtime/pkg/internal/controller/controller.go:119 +0xX\nsigs.k8s.io/controller-runtime/pkg/internal/controller.(*Controller).reconcileHandler(0xX, {0xX, 0xX}, {0xX?, 0xX?})\n\t/home/janiskemper/Documents/syself/cluster-api-provider-hetzner/vendor/sigs.k8s.io/controller-runtime/pkg/internal/controller/controller.go:316 +0xX\nsigs.k8s.io/controller-runtime/pkg/internal/controller.(*Controller).processNextWorkItem(0xX, {0xX, 0xX})\n\t/home/janiskemper/Documents/syself/cluster-api-provider-hetzner/vendor/sigs.k8s.io/controller-runtime/pkg/internal/controller/controller.go:266 +0xX\nsigs.k8s.io/controller-runtime/pkg/internal/controller.(*Controller).Start.func2.2()\n\t/home/janiskemper/Documents/syself/cluster-api-provider-hetzner/vendor/sigs.k8s.io/controller-runtime/pkg/internal/controller/controller.go:227 +0xX\ncreated by sigs.k8s.io/controller-runtime/pkg/internal/controller.(*Controller).Start.func2 in goroutine 46\n\t/home/janiskemper/Documents/syself/cluster-api-provider-hetzner/vendor/sigs.k8s.io/controller-runtime/pkg/internal/controller/controller.go:223 +0xX\n"}
{"level":"INFO","time":"2024-06-11T11:10:59.401Z","logger":"hcloud-api","file":"client/client.go:102","message":"hcloud API called","controller":"hcloudmachine","controllerGroup":"infrastructure.cluster.x-k8s.io","controllerKind":"HCloudMachine","HCloudMachine":{"name":"testing-control-plane-lqtn6","namespace":"default"},"namespace":"default","name":"testing-control-plane-lqtn6","reconcileID":"762d9fbb-7ccd-4af9-aa99-fc3bdf19ae70","HCloudMachine":{"name":"testing-control-plane-lqtn6","namespace":"default"},"Machine":{"name":"testing-control-plane-lqtn6","namespace":"default"},"Cluster":{"name":"testing","namespace":"default"},"HetznerCluster":{"name":"testing","namespace":"default"},"statusCode":200,"method":"GET","url":"https://api.hetzner.cloud/v1/servers/48678781","hcloud_token":"xu9pK...","stack":"goroutine 463 [running]:\nruntime/debug.Stack()\n\t/usr/lib/golang/src/runtime/debug/stack.go:24 +0xX\ngithub.com/syself/cluster-api-provider-hetzner/pkg/services/hcloud/client.(*LoggingTransport).RoundTrip(0xX, 0xX)\n\t/home/janiskemper/Documents/syself/cluster-api-provider-hetzner/pkg/services/hcloud/client/client.go:93 +0xX\nnet/http.send(0xX, {0xX, 0xX}, {0xX?, 0xX?, 0xX?})\n\t/usr/lib/golang/src/net/http/client.go:260 +0xX\nnet/http.(*Client).send(0xX, 0xX, {0xX?, 0xX?, 0xX?})\n\t/usr/lib/golang/src/net/http/client.go:181 +0xX\nnet/http.(*Client).do(0xX, 0xX)\n\t/usr/lib/golang/src/net/http/client.go:724 +0xX\nnet/http.(*Client).Do(...)\n\t/usr/lib/golang/src/net/http/client.go:590\ngithub.com/hetznercloud/hcloud-go/v2/hcloud.(*Client).Do(0xX, 0xX, {0xX, 0xX})\n\t/home/janiskemper/Documents/syself/cluster-api-provider-hetzner/vendor/github.com/hetznercloud/hcloud-go/v2/hcloud/client.go:266 +0xX\ngithub.com/hetznercloud/hcloud-go/v2/hcloud.(*ServerClient).GetByID(0xX, {0xX, 0xX}, 0xX?)\n\t/home/janiskemper/Documents/syself/cluster-api-provider-hetzner/vendor/github.com/hetznercloud/hcloud-go/v2/hcloud/server.go:207 +0xX\ngithub.com/syself/cluster-api-provider-hetzner/pkg/services/hcloud/client.(*realClient).GetServer(0xX?, {0xX?, 0xX?}, 0xX?)\n\t/home/janiskemper/Documents/syself/cluster-api-provider-hetzner/pkg/services/hcloud/client/client.go:246 +0xX\ngithub.com/syself/cluster-api-provider-hetzner/pkg/services/hcloud/server.(*Service).findServer(0xX, {0xX, 0xX})\n\t/home/janiskemper/Documents/syself/cluster-api-provider-hetzner/pkg/services/hcloud/server/server.go:678 +0xX\ngithub.com/syself/cluster-api-provider-hetzner/pkg/services/hcloud/server.(*Service).Reconcile(0xX, {0xX, 0xX})\n\t/home/janiskemper/Documents/syself/cluster-api-provider-hetzner/pkg/services/hcloud/server/server.go:95 +0xX\ngithub.com/syself/cluster-api-provider-hetzner/controllers.(*HCloudMachineReconciler).reconcileNormal(0xX?, {0xX, 0xX}, 0xX)\n\t/home/janiskemper/Documents/syself/cluster-api-provider-hetzner/controllers/hcloudmachine_controller.go:208 +0xX\ngithub.com/syself/cluster-api-provider-hetzner/controllers.(*HCloudMachineReconciler).Reconcile(0xX, {0xX, 0xX}, {{{0xX?, 0xX?}, {0xX?, 0xX?}}})\n\t/home/janiskemper/Documents/syself/cluster-api-provider-hetzner/controllers/hcloudmachine_controller.go:175 +0xX\nsigs.k8s.io/controller-runtime/pkg/internal/controller.(*Controller).Reconcile(0xX?, {0xX?, 0xX?}, {{{0xX?, 0xX?}, {0xX?, 0xX?}}})\n\t/home/janiskemper/Documents/syself/cluster-api-provider-hetzner/vendor/sigs.k8s.io/controller-runtime/pkg/internal/controller/controller.go:119 +0xX\nsigs.k8s.io/controller-runtime/pkg/internal/controller.(*Controller).reconcileHandler(0xX, {0xX, 0xX}, {0xX?, 0xX?})\n\t/home/janiskemper/Documents/syself/cluster-api-provider-hetzner/vendor/sigs.k8s.io/controller-runtime/pkg/internal/controller/controller.go:316 +0xX\nsigs.k8s.io/controller-runtime/pkg/internal/controller.(*Controller).processNextWorkItem(0xX, {0xX, 0xX})\n\t/home/janiskemper/Documents/syself/cluster-api-provider-hetzner/vendor/sigs.k8s.io/controller-runtime/pkg/internal/controller/controller.go:266 +0xX\nsigs.k8s.io/controller-runtime/pkg/internal/controller.(*Controller).Start.func2.2()\n\t/home/janiskemper/Documents/syself/cluster-api-provider-hetzner/vendor/sigs.k8s.io/controller-runtime/pkg/internal/controller/controller.go:227 +0xX\ncreated by sigs.k8s.io/controller-runtime/pkg/internal/controller.(*Controller).Start.func2 in goroutine 46\n\t/home/janiskemper/Documents/syself/cluster-api-provider-hetzner/vendor/sigs.k8s.io/controller-runtime/pkg/internal/controller/controller.go:223 +0xX\n"}
{"level":"INFO","time":"2024-06-11T11:10:59.686Z","logger":"hcloud-api","file":"client/client.go:102","message":"hcloud API called","controller":"hcloudmachine","controllerGroup":"infrastructure.cluster.x-k8s.io","controllerKind":"HCloudMachine","HCloudMachine":{"name":"testing-md-0-gsd7r-d5fd8","namespace":"default"},"namespace":"default","name":"testing-md-0-gsd7r-d5fd8","reconcileID":"a3ace83e-b43f-433e-ac88-9fc09db8f8f9","HCloudMachine":{"name":"testing-md-0-gsd7r-d5fd8","namespace":"default"},"Machine":{"name":"testing-md-0-gsd7r-d5fd8","namespace":"default"},"Cluster":{"name":"testing","namespace":"default"},"HetznerCluster":{"name":"testing","namespace":"default"},"statusCode":200,"method":"GET","url":"https://api.hetzner.cloud/v1/servers/48678575","hcloud_token":"xu9pK...","stack":"goroutine 463 [running]:\nruntime/debug.Stack()\n\t/usr/lib/golang/src/runtime/debug/stack.go:24 +0xX\ngithub.com/syself/cluster-api-provider-hetzner/pkg/services/hcloud/client.(*LoggingTransport).RoundTrip(0xX, 0xX)\n\t/home/janiskemper/Documents/syself/cluster-api-provider-hetzner/pkg/services/hcloud/client/client.go:93 +0xX\nnet/http.send(0xX, {0xX, 0xX}, {0xX?, 0xX?, 0xX?})\n\t/usr/lib/golang/src/net/http/client.go:260 +0xX\nnet/http.(*Client).send(0xX, 0xX, {0xX?, 0xX?, 0xX?})\n\t/usr/lib/golang/src/net/http/client.go:181 +0xX\nnet/http.(*Client).do(0xX, 0xX)\n\t/usr/lib/golang/src/net/http/client.go:724 +0xX\nnet/http.(*Client).Do(...)\n\t/usr/lib/golang/src/net/http/client.go:590\ngithub.com/hetznercloud/hcloud-go/v2/hcloud.(*Client).Do(0xX, 0xX, {0xX, 0xX})\n\t/home/janiskemper/Documents/syself/cluster-api-provider-hetzner/vendor/github.com/hetznercloud/hcloud-go/v2/hcloud/client.go:266 +0xX\ngithub.com/hetznercloud/hcloud-go/v2/hcloud.(*ServerClient).GetByID(0xX, {0xX, 0xX}, 0xX?)\n\t/home/janiskemper/Documents/syself/cluster-api-provider-hetzner/vendor/github.com/hetznercloud/hcloud-go/v2/hcloud/server.go:207 +0xX\ngithub.com/syself/cluster-api-provider-hetzner/pkg/services/hcloud/client.(*realClient).GetServer(0xX?, {0xX?, 0xX?}, 0xX?)\n\t/home/janiskemper/Documents/syself/cluster-api-provider-hetzner/pkg/services/hcloud/client/client.go:246 +0xX\ngithub.com/syself/cluster-api-provider-hetzner/pkg/services/hcloud/server.(*Service).findServer(0xX, {0xX, 0xX})\n\t/home/janiskemper/Documents/syself/cluster-api-provider-hetzner/pkg/services/hcloud/server/server.go:678 +0xX\ngithub.com/syself/cluster-api-provider-hetzner/pkg/services/hcloud/server.(*Service).Reconcile(0xX, {0xX, 0xX})\n\t/home/janiskemper/Documents/syself/cluster-api-provider-hetzner/pkg/services/hcloud/server/server.go:95 +0xX\ngithub.com/syself/cluster-api-provider-hetzner/controllers.(*HCloudMachineReconciler).reconcileNormal(0xX?, {0xX, 0xX}, 0xX)\n\t/home/janiskemper/Documents/syself/cluster-api-provider-hetzner/controllers/hcloudmachine_controller.go:208 +0xX\ngithub.com/syself/cluster-api-provider-hetzner/controllers.(*HCloudMachineReconciler).Reconcile(0xX, {0xX, 0xX}, {{{0xX?, 0xX?}, {0xX?, 0xX?}}})\n\t/home/janiskemper/Documents/syself/cluster-api-provider-hetzner/controllers/hcloudmachine_controller.go:175 +0xX\nsigs.k8s.io/controller-runtime/pkg/internal/controller.(*Controller).Reconcile(0xX?, {0xX?, 0xX?}, {{{0xX?, 0xX?}, {0xX?, 0xX?}}})\n\t/home/janiskemper/Documents/syself/cluster-api-provider-hetzner/vendor/sigs.k8s.io/controller-runtime/pkg/internal/controller/controller.go:119 +0xX\nsigs.k8s.io/controller-runtime/pkg/internal/controller.(*Controller).reconcileHandler(0xX, {0xX, 0xX}, {0xX?, 0xX?})\n\t/home/janiskemper/Documents/syself/cluster-api-provider-hetzner/vendor/sigs.k8s.io/controller-runtime/pkg/internal/controller/controller.go:316 +0xX\nsigs.k8s.io/controller-runtime/pkg/internal/controller.(*Controller).processNextWorkItem(0xX, {0xX, 0xX})\n\t/home/janiskemper/Documents/syself/cluster-api-provider-hetzner/vendor/sigs.k8s.io/controller-runtime/pkg/internal/controller/controller.go:266 +0xX\nsigs.k8s.io/controller-runtime/pkg/internal/controller.(*Controller).Start.func2.2()\n\t/home/janiskemper/Documents/syself/cluster-api-provider-hetzner/vendor/sigs.k8s.io/controller-runtime/pkg/internal/controller/controller.go:227 +0xX\ncreated by sigs.k8s.io/controller-runtime/pkg/internal/controller.(*Controller).Start.func2 in goroutine 46\n\t/home/janiskemper/Documents/syself/cluster-api-provider-hetzner/vendor/sigs.k8s.io/controller-runtime/pkg/internal/controller/controller.go:223 +0xX\n"}
{"level":"INFO","time":"2024-06-11T11:10:59.973Z","logger":"hcloud-api","file":"client/client.go:102","message":"hcloud API called","controller":"hcloudmachine","controllerGroup":"infrastructure.cluster.x-k8s.io","controllerKind":"HCloudMachine","HCloudMachine":{"name":"testing-md-0-gsd7r-rr28f","namespace":"default"},"namespace":"default","name":"testing-md-0-gsd7r-rr28f","reconcileID":"4dbfb501-7282-4781-8eb2-1ea37f03c399","HCloudMachine":{"name":"testing-md-0-gsd7r-rr28f","namespace":"default"},"Machine":{"name":"testing-md-0-gsd7r-rr28f","namespace":"default"},"Cluster":{"name":"testing","namespace":"default"},"HetznerCluster":{"name":"testing","namespace":"default"},"statusCode":200,"method":"GET","url":"https://api.hetzner.cloud/v1/servers/48678623","hcloud_token":"xu9pK...","stack":"goroutine 463 [running]:\nruntime/debug.Stack()\n\t/usr/lib/golang/src/runtime/debug/stack.go:24 +0xX\ngithub.com/syself/cluster-api-provider-hetzner/pkg/services/hcloud/client.(*LoggingTransport).RoundTrip(0xX, 0xX)\n\t/home/janiskemper/Documents/syself/cluster-api-provider-hetzner/pkg/services/hcloud/client/client.go:93 +0xX\nnet/http.send(0xX, {0xX, 0xX}, {0xX?, 0xX?, 0xX?})\n\t/usr/lib/golang/src/net/http/client.go:260 +0xX\nnet/http.(*Client).send(0xX, 0xX, {0xX?, 0xX?, 0xX?})\n\t/usr/lib/golang/src/net/http/client.go:181 +0xX\nnet/http.(*Client).do(0xX, 0xX)\n\t/usr/lib/golang/src/net/http/client.go:724 +0xX\nnet/http.(*Client).Do(...)\n\t/usr/lib/golang/src/net/http/client.go:590\ngithub.com/hetznercloud/hcloud-go/v2/hcloud.(*Client).Do(0xX, 0xX, {0xX, 0xX})\n\t/home/janiskemper/Documents/syself/cluster-api-provider-hetzner/vendor/github.com/hetznercloud/hcloud-go/v2/hcloud/client.go:266 +0xX\ngithub.com/hetznercloud/hcloud-go/v2/hcloud.(*ServerClient).GetByID(0xX, {0xX, 0xX}, 0xX?)\n\t/home/janiskemper/Documents/syself/cluster-api-provider-hetzner/vendor/github.com/hetznercloud/hcloud-go/v2/hcloud/server.go:207 +0xX\ngithub.com/syself/cluster-api-provider-hetzner/pkg/services/hcloud/client.(*realClient).GetServer(0xX?, {0xX?, 0xX?}, 0xX?)\n\t/home/janiskemper/Documents/syself/cluster-api-provider-hetzner/pkg/services/hcloud/client/client.go:246 +0xX\ngithub.com/syself/cluster-api-provider-hetzner/pkg/services/hcloud/server.(*Service).findServer(0xX, {0xX, 0xX})\n\t/home/janiskemper/Documents/syself/cluster-api-provider-hetzner/pkg/services/hcloud/server/server.go:678 +0xX\ngithub.com/syself/cluster-api-provider-hetzner/pkg/services/hcloud/server.(*Service).Reconcile(0xX, {0xX, 0xX})\n\t/home/janiskemper/Documents/syself/cluster-api-provider-hetzner/pkg/services/hcloud/server/server.go:95 +0xX\ngithub.com/syself/cluster-api-provider-hetzner/controllers.(*HCloudMachineReconciler).reconcileNormal(0xX?, {0xX, 0xX}, 0xX)\n\t/home/janiskemper/Documents/syself/cluster-api-provider-hetzner/controllers/hcloudmachine_controller.go:208 +0xX\ngithub.com/syself/cluster-api-provider-hetzner/controllers.(*HCloudMachineReconciler).Reconcile(0xX, {0xX, 0xX}, {{{0xX?, 0xX?}, {0xX?, 0xX?}}})\n\t/home/janiskemper/Documents/syself/cluster-api-provider-hetzner/controllers/hcloudmachine_controller.go:175 +0xX\nsigs.k8s.io/controller-runtime/pkg/internal/controller.(*Controller).Reconcile(0xX?, {0xX?, 0xX?}, {{{0xX?, 0xX?}, {0xX?, 0xX?}}})\n\t/home/janiskemper/Documents/syself/cluster-api-provider-hetzner/vendor/sigs.k8s.io/controller-runtime/pkg/internal/controller/controller.go:119 +0xX\nsigs.k8s.io/controller-runtime/pkg/internal/controller.(*Controller).reconcileHandler(0xX, {0xX, 0xX}, {0xX?, 0xX?})\n\t/home/janiskemper/Documents/syself/cluster-api-provider-hetzner/vendor/sigs.k8s.io/controller-runtime/pkg/internal/controller/controller.go:316 +0xX\nsigs.k8s.io/controller-runtime/pkg/internal/controller.(*Controller).processNextWorkItem(0xX, {0xX, 0xX})\n\t/home/janiskemper/Documents/syself/cluster-api-provider-hetzner/vendor/sigs.k8s.io/controller-runtime/pkg/internal/controller/controller.go:266 +0xX\nsigs.k8s.io/controller-runtime/pkg/internal/controller.(*Controller).Start.func2.2()\n\t/home/janiskemper/Documents/syself/cluster-api-provider-hetzner/vendor/sigs.k8s.io/controller-runtime/pkg/internal/controller/controller.go:227 +0xX\ncreated by sigs.k8s.io/controller-runtime/pkg/internal/controller.(*Controller).Start.func2 in goroutine 46\n\t/home/janiskemper/Documents/syself/cluster-api-provider-hetzner/vendor/sigs.k8s.io/controller-runtime/pkg/internal/controller/controller.go:223 +0xX\n"}
{"level":"INFO","time":"2024-06-11T11:11:28.930Z","logger":"hcloud-api","file":"client/client.go:102","message":"hcloud API called","controller":"hetznercluster","controllerGroup":"infrastructure.cluster.x-k8s.io","controllerKind":"HetznerCluster","HetznerCluster":{"name":"testing","namespace":"default"},"namespace":"default","name":"testing","reconcileID":"998c7fe8-618e-42d5-886a-3ce5b5520e66","HetznerCluster":{"name":"testing","namespace":"default"},"Cluster":{"name":"testing","namespace":"default"},"statusCode":200,"method":"GET","url":"https://api.hetzner.cloud/v1/load_balancers?label_selector=caph-cluster-testing%3D%3Downed&page=1","hcloud_token":"xu9pK...","stack":"goroutine 460 [running]:\nruntime/debug.Stack()\n\t/usr/lib/golang/src/runtime/debug/stack.go:24 +0xX\ngithub.com/syself/cluster-api-provider-hetzner/pkg/services/hcloud/client.(*LoggingTransport).RoundTrip(0xX, 0xX)\n\t/home/janiskemper/Documents/syself/cluster-api-provider-hetzner/pkg/services/hcloud/client/client.go:93 +0xX\nnet/http.send(0xX, {0xX, 0xX}, {0xX?, 0xX?, 0xX?})\n\t/usr/lib/golang/src/net/http/client.go:260 +0xX\nnet/http.(*Client).send(0xX, 0xX, {0xX?, 0xX?, 0xX?})\n\t/usr/lib/golang/src/net/http/client.go:181 +0xX\nnet/http.(*Client).do(0xX, 0xX)\n\t/usr/lib/golang/src/net/http/client.go:724 +0xX\nnet/http.(*Client).Do(...)\n\t/usr/lib/golang/src/net/http/client.go:590\ngithub.com/hetznercloud/hcloud-go/v2/hcloud.(*Client).Do(0xX, 0xX, {0xX, 0xX})\n\t/home/janiskemper/Documents/syself/cluster-api-provider-hetzner/vendor/github.com/hetznercloud/hcloud-go/v2/hcloud/client.go:266 +0xX\ngithub.com/hetznercloud/hcloud-go/v2/hcloud.(*LoadBalancerClient).List(0xX, {0xX, 0xX}, {{0xX, 0xX, {0xX, 0xX}}, {0xX, 0xX}, {0xX, ...}})\n\t/home/janiskemper/Documents/syself/cluster-api-provider-hetzner/vendor/github.com/hetznercloud/hcloud-go/v2/hcloud/load_balancer.go:313 +0xX\ngithub.com/hetznercloud/hcloud-go/v2/hcloud.(*LoadBalancerClient).AllWithOpts.func1(0xX?)\n\t/home/janiskemper/Documents/syself/cluster-api-provider-hetzner/vendor/github.com/hetznercloud/hcloud-go/v2/hcloud/load_balancer.go:335 +0xX\ngithub.com/hetznercloud/hcloud-go/v2/hcloud.(*Client).all(0xX?, 0xX)\n\t/home/janiskemper/Documents/syself/cluster-api-provider-hetzner/vendor/github.com/hetznercloud/hcloud-go/v2/hcloud/client.go:323 +0xX\ngithub.com/hetznercloud/hcloud-go/v2/hcloud.(*LoadBalancerClient).AllWithOpts(0xX?, {0xX?, 0xX?}, {{0xX, 0xX, {0xX, 0xX}}, {0xX, 0xX}, {0xX, ...}})\n\t/home/janiskemper/Documents/syself/cluster-api-provider-hetzner/vendor/github.com/hetznercloud/hcloud-go/v2/hcloud/load_balancer.go:333 +0xX\ngithub.com/syself/cluster-api-provider-hetzner/pkg/services/hcloud/client.(*realClient).ListLoadBalancers(0xX?, {0xX?, 0xX?}, {{0xX, 0xX, {0xX, 0xX}}, {0xX, 0xX}, {0xX, ...}})\n\t/home/janiskemper/Documents/syself/cluster-api-provider-hetzner/pkg/services/hcloud/client/client.go:157 +0xX\ngithub.com/syself/cluster-api-provider-hetzner/pkg/services/hcloud/loadbalancer.(*Service).findLoadBalancer(0xX, {0xX, 0xX})\n\t/home/janiskemper/Documents/syself/cluster-api-provider-hetzner/pkg/services/hcloud/loadbalancer/loadbalancer.go:427 +0xX\ngithub.com/syself/cluster-api-provider-hetzner/pkg/services/hcloud/loadbalancer.(*Service).Reconcile(0xX, {0xX, 0xX})\n\t/home/janiskemper/Documents/syself/cluster-api-provider-hetzner/pkg/services/hcloud/loadbalancer/loadbalancer.go:65 +0xX\ngithub.com/syself/cluster-api-provider-hetzner/controllers.(*HetznerClusterReconciler).reconcileNormal(0xX?, {0xX, 0xX}, 0xX)\n\t/home/janiskemper/Documents/syself/cluster-api-provider-hetzner/controllers/hetznercluster_controller.go:219 +0xX\ngithub.com/syself/cluster-api-provider-hetzner/controllers.(*HetznerClusterReconciler).Reconcile(0xX, {0xX, 0xX}, {{{0xX?, 0xX?}, {0xX?, 0xX?}}})\n\t/home/janiskemper/Documents/syself/cluster-api-provider-hetzner/controllers/hetznercluster_controller.go:172 +0xX\nsigs.k8s.io/controller-runtime/pkg/internal/controller.(*Controller).Reconcile(0xX?, {0xX?, 0xX?}, {{{0xX?, 0xX?}, {0xX?, 0xX?}}})\n\t/home/janiskemper/Documents/syself/cluster-api-provider-hetzner/vendor/sigs.k8s.io/controller-runtime/pkg/internal/controller/controller.go:119 +0xX\nsigs.k8s.io/controller-runtime/pkg/internal/controller.(*Controller).reconcileHandler(0xX, {0xX, 0xX}, {0xX?, 0xX?})\n\t/home/janiskemper/Documents/syself/cluster-api-provider-hetzner/vendor/sigs.k8s.io/controller-runtime/pkg/internal/controller/controller.go:316 +0xX\nsigs.k8s.io/controller-runtime/pkg/internal/controller.(*Controller).processNextWorkItem(0xX, {0xX, 0xX})\n\t/home/janiskemper/Documents/syself/cluster-api-provider-hetzner/vendor/sigs.k8s.io/controller-runtime/pkg/internal/controller/controller.go:266 +0xX\nsigs.k8s.io/controller-runtime/pkg/internal/controller.(*Controller).Start.func2.2()\n\t/home/janiskemper/Documents/syself/cluster-api-provider-hetzner/vendor/sigs.k8s.io/controller-runtime/pkg/internal/controller/controller.go:227 +0xX\ncreated by sigs.k8s.io/controller-runtime/pkg/internal/controller.(*Controller).Start.func2 in goroutine 152\n\t/home/janiskemper/Documents/syself/cluster-api-provider-hetzner/vendor/sigs.k8s.io/controller-runtime/pkg/internal/controller/controller.go:223 +0xX\n"}
{"level":"INFO","time":"2024-06-11T11:11:29.011Z","logger":"hcloud-api","file":"client/client.go:102","message":"hcloud API called","controller":"hetznercluster","controllerGroup":"infrastructure.cluster.x-k8s.io","controllerKind":"HetznerCluster","HetznerCluster":{"name":"testing","namespace":"default"},"namespace":"default","name":"testing","reconcileID":"998c7fe8-618e-42d5-886a-3ce5b5520e66","HetznerCluster":{"name":"testing","namespace":"default"},"Cluster":{"name":"testing","namespace":"default"},"statusCode":200,"method":"GET","url":"https://api.hetzner.cloud/v1/placement_groups?label_selector=caph-cluster-testing%3D%3Downed&page=1","hcloud_token":"xu9pK...","stack":"goroutine 460 [running]:\nruntime/debug.Stack()\n\t/usr/lib/golang/src/runtime/debug/stack.go:24 +0xX\ngithub.com/syself/cluster-api-provider-hetzner/pkg/services/hcloud/client.(*LoggingTransport).RoundTrip(0xX, 0xX)\n\t/home/janiskemper/Documents/syself/cluster-api-provider-hetzner/pkg/services/hcloud/client/client.go:93 +0xX\nnet/http.send(0xX, {0xX, 0xX}, {0xX?, 0xX?, 0xX?})\n\t/usr/lib/golang/src/net/http/client.go:260 +0xX\nnet/http.(*Client).send(0xX, 0xX, {0xX?, 0xX?, 0xX?})\n\t/usr/lib/golang/src/net/http/client.go:181 +0xX\nnet/http.(*Client).do(0xX, 0xX)\n\t/usr/lib/golang/src/net/http/client.go:724 +0xX\nnet/http.(*Client).Do(...)\n\t/usr/lib/golang/src/net/http/client.go:590\ngithub.com/hetznercloud/hcloud-go/v2/hcloud.(*Client).Do(0xX, 0xX, {0xX, 0xX})\n\t/home/janiskemper/Documents/syself/cluster-api-provider-hetzner/vendor/github.com/hetznercloud/hcloud-go/v2/hcloud/client.go:266 +0xX\ngithub.com/hetznercloud/hcloud-go/v2/hcloud.(*PlacementGroupClient).List(0xX, {0xX, 0xX}, {{0xX, 0xX, {0xX, 0xX}}, {0xX, 0xX}, {0xX, ...}, ...})\n\t/home/janiskemper/Documents/syself/cluster-api-provider-hetzner/vendor/github.com/hetznercloud/hcloud-go/v2/hcloud/placement_group.go:112 +0xX\ngithub.com/hetznercloud/hcloud-go/v2/hcloud.(*PlacementGroupClient).AllWithOpts.func1(0xX?)\n\t/home/janiskemper/Documents/syself/cluster-api-provider-hetzner/vendor/github.com/hetznercloud/hcloud-go/v2/hcloud/placement_group.go:140 +0xX\ngithub.com/hetznercloud/hcloud-go/v2/hcloud.(*Client).all(0xX?, 0xX)\n\t/home/janiskemper/Documents/syself/cluster-api-provider-hetzner/vendor/github.com/hetznercloud/hcloud-go/v2/hcloud/client.go:323 +0xX\ngithub.com/hetznercloud/hcloud-go/v2/hcloud.(*PlacementGroupClient).AllWithOpts(0xX?, {0xX?, 0xX?}, {{0xX, 0xX, {0xX, 0xX}}, {0xX, 0xX}, {0xX, ...}, ...})\n\t/home/janiskemper/Documents/syself/cluster-api-provider-hetzner/vendor/github.com/hetznercloud/hcloud-go/v2/hcloud/placement_group.go:138 +0xX\ngithub.com/syself/cluster-api-provider-hetzner/pkg/services/hcloud/client.(*realClient).ListPlacementGroups(0xX?, {0xX?, 0xX?}, {{0xX, 0xX, {0xX, 0xX}}, {0xX, 0xX}, {0xX, ...}, ...})\n\t/home/janiskemper/Documents/syself/cluster-api-provider-hetzner/pkg/services/hcloud/client/client.go:320 +0xX\ngithub.com/syself/cluster-api-provider-hetzner/pkg/services/hcloud/placementgroup.(*Service).findPlacementGroups(0xX, {0xX, 0xX})\n\t/home/janiskemper/Documents/syself/cluster-api-provider-hetzner/pkg/services/hcloud/placementgroup/placementgroup.go:165 +0xX\ngithub.com/syself/cluster-api-provider-hetzner/pkg/services/hcloud/placementgroup.(*Service).Reconcile(0xX, {0xX, 0xX})\n\t/home/janiskemper/Documents/syself/cluster-api-provider-hetzner/pkg/services/hcloud/placementgroup/placementgroup.go:64 +0xX\ngithub.com/syself/cluster-api-provider-hetzner/controllers.(*HetznerClusterReconciler).reconcileNormal(0xX?, {0xX, 0xX}, 0xX)\n\t/home/janiskemper/Documents/syself/cluster-api-provider-hetzner/controllers/hetznercluster_controller.go:228 +0xX\ngithub.com/syself/cluster-api-provider-hetzner/controllers.(*HetznerClusterReconciler).Reconcile(0xX, {0xX, 0xX}, {{{0xX?, 0xX?}, {0xX?, 0xX?}}})\n\t/home/janiskemper/Documents/syself/cluster-api-provider-hetzner/controllers/hetznercluster_controller.go:172 +0xX\nsigs.k8s.io/controller-runtime/pkg/internal/controller.(*Controller).Reconcile(0xX?, {0xX?, 0xX?}, {{{0xX?, 0xX?}, {0xX?, 0xX?}}})\n\t/home/janiskemper/Documents/syself/cluster-api-provider-hetzner/vendor/sigs.k8s.io/controller-runtime/pkg/internal/controller/controller.go:119 +0xX\nsigs.k8s.io/controller-runtime/pkg/internal/controller.(*Controller).reconcileHandler(0xX, {0xX, 0xX}, {0xX?, 0xX?})\n\t/home/janiskemper/Documents/syself/cluster-api-provider-hetzner/vendor/sigs.k8s.io/controller-runtime/pkg/internal/controller/controller.go:316 +0xX\nsigs.k8s.io/controller-runtime/pkg/internal/controller.(*Controller).processNextWorkItem(0xX, {0xX, 0xX})\n\t/home/janiskemper/Documents/syself/cluster-api-provider-hetzner/vendor/sigs.k8s.io/controller-runtime/pkg/internal/controller/controller.go:266 +0xX\nsigs.k8s.io/controller-runtime/pkg/internal/controller.(*Controller).Start.func2.2()\n\t/home/janiskemper/Documents/syself/cluster-api-provider-hetzner/vendor/sigs.k8s.io/controller-runtime/pkg/internal/controller/controller.go:227 +0xX\ncreated by sigs.k8s.io/controller-runtime/pkg/internal/controller.(*Controller).Start.func2 in goroutine 152\n\t/home/janiskemper/Documents/syself/cluster-api-provider-hetzner/vendor/sigs.k8s.io/controller-runtime/pkg/internal/controller/controller.go:223 +0xX\n"}
{"level":"INFO","time":"2024-06-11T11:11:34.515Z","logger":"hcloud-api","file":"client/client.go:102","message":"hcloud API called","controller":"hcloudmachine","controllerGroup":"infrastructure.cluster.x-k8s.io","controllerKind":"HCloudMachine","HCloudMachine":{"name":"testing-md-0-gsd7r-rr28f","namespace":"default"},"namespace":"default","name":"testing-md-0-gsd7r-rr28f","reconcileID":"f298037f-30ee-476f-9079-4cd63d73b4f1","HCloudMachine":{"name":"testing-md-0-gsd7r-rr28f","namespace":"default"},"Machine":{"name":"testing-md-0-gsd7r-rr28f","namespace":"default"},"Cluster":{"name":"testing","namespace":"default"},"HetznerCluster":{"name":"testing","namespace":"default"},"statusCode":200,"method":"GET","url":"https://api.hetzner.cloud/v1/servers/48678623","hcloud_token":"xu9pK...","stack":"goroutine 463 [running]:\nruntime/debug.Stack()\n\t/usr/lib/golang/src/runtime/debug/stack.go:24 +0xX\ngithub.com/syself/cluster-api-provider-hetzner/pkg/services/hcloud/client.(*LoggingTransport).RoundTrip(0xX, 0xX)\n\t/home/janiskemper/Documents/syself/cluster-api-provider-hetzner/pkg/services/hcloud/client/client.go:93 +0xX\nnet/http.send(0xX, {0xX, 0xX}, {0xX?, 0xX?, 0xX?})\n\t/usr/lib/golang/src/net/http/client.go:260 +0xX\nnet/http.(*Client).send(0xX, 0xX, {0xX?, 0xX?, 0xX?})\n\t/usr/lib/golang/src/net/http/client.go:181 +0xX\nnet/http.(*Client).do(0xX, 0xX)\n\t/usr/lib/golang/src/net/http/client.go:724 +0xX\nnet/http.(*Client).Do(...)\n\t/usr/lib/golang/src/net/http/client.go:590\ngithub.com/hetznercloud/hcloud-go/v2/hcloud.(*Client).Do(0xX, 0xX, {0xX, 0xX})\n\t/home/janiskemper/Documents/syself/cluster-api-provider-hetzner/vendor/github.com/hetznercloud/hcloud-go/v2/hcloud/client.go:266 +0xX\ngithub.com/hetznercloud/hcloud-go/v2/hcloud.(*ServerClient).GetByID(0xX, {0xX, 0xX}, 0xX?)\n\t/home/janiskemper/Documents/syself/cluster-api-provider-hetzner/vendor/github.com/hetznercloud/hcloud-go/v2/hcloud/server.go:207 +0xX\ngithub.com/syself/cluster-api-provider-hetzner/pkg/services/hcloud/client.(*realClient).GetServer(0xX?, {0xX?, 0xX?}, 0xX?)\n\t/home/janiskemper/Documents/syself/cluster-api-provider-hetzner/pkg/services/hcloud/client/client.go:246 +0xX\ngithub.com/syself/cluster-api-provider-hetzner/pkg/services/hcloud/server.(*Service).findServer(0xX, {0xX, 0xX})\n\t/home/janiskemper/Documents/syself/cluster-api-provider-hetzner/pkg/services/hcloud/server/server.go:678 +0xX\ngithub.com/syself/cluster-api-provider-hetzner/pkg/services/hcloud/server.(*Service).Reconcile(0xX, {0xX, 0xX})\n\t/home/janiskemper/Documents/syself/cluster-api-provider-hetzner/pkg/services/hcloud/server/server.go:95 +0xX\ngithub.com/syself/cluster-api-provider-hetzner/controllers.(*HCloudMachineReconciler).reconcileNormal(0xX?, {0xX, 0xX}, 0xX)\n\t/home/janiskemper/Documents/syself/cluster-api-provider-hetzner/controllers/hcloudmachine_controller.go:208 +0xX\ngithub.com/syself/cluster-api-provider-hetzner/controllers.(*HCloudMachineReconciler).Reconcile(0xX, {0xX, 0xX}, {{{0xX?, 0xX?}, {0xX?, 0xX?}}})\n\t/home/janiskemper/Documents/syself/cluster-api-provider-hetzner/controllers/hcloudmachine_controller.go:175 +0xX\nsigs.k8s.io/controller-runtime/pkg/internal/controller.(*Controller).Reconcile(0xX?, {0xX?, 0xX?}, {{{0xX?, 0xX?}, {0xX?, 0xX?}}})\n\t/home/janiskemper/Documents/syself/cluster-api-provider-hetzner/vendor/sigs.k8s.io/controller-runtime/pkg/internal/controller/controller.go:119 +0xX\nsigs.k8s.io/controller-runtime/pkg/internal/controller.(*Controller).reconcileHandler(0xX, {0xX, 0xX}, {0xX?, 0xX?})\n\t/home/janiskemper/Documents/syself/cluster-api-provider-hetzner/vendor/sigs.k8s.io/controller-runtime/pkg/internal/controller/controller.go:316 +0xX\nsigs.k8s.io/controller-runtime/pkg/internal/controller.(*Controller).processNextWorkItem(0xX, {0xX, 0xX})\n\t/home/janiskemper/Documents/syself/cluster-api-provider-hetzner/vendor/sigs.k8s.io/controller-runtime/pkg/internal/controller/controller.go:266 +0xX\nsigs.k8s.io/controller-runtime/pkg/internal/controller.(*Controller).Start.func2.2()\n\t/home/janiskemper/Documents/syself/cluster-api-provider-hetzner/vendor/sigs.k8s.io/controller-runtime/pkg/internal/controller/controller.go:227 +0xX\ncreated by sigs.k8s.io/controller-runtime/pkg/internal/controller.(*Controller).Start.func2 in goroutine 46\n\t/home/janiskemper/Documents/syself/cluster-api-provider-hetzner/vendor/sigs.k8s.io/controller-runtime/pkg/internal/controller/controller.go:223 +0xX\n"}
{"level":"INFO","time":"2024-06-11T11:11:34.713Z","logger":"hcloud-api","file":"client/client.go:102","message":"hcloud API called","controller":"hcloudmachine","controllerGroup":"infrastructure.cluster.x-k8s.io","controllerKind":"HCloudMachine","HCloudMachine":{"name":"testing-md-0-gsd7r-s4p9d","namespace":"default"},"namespace":"default","name":"testing-md-0-gsd7r-s4p9d","reconcileID":"08a3317f-a130-4734-a3a1-e1fe3ec31f64","HCloudMachine":{"name":"testing-md-0-gsd7r-s4p9d","namespace":"default"},"Machine":{"name":"testing-md-0-gsd7r-s4p9d","namespace":"default"},"Cluster":{"name":"testing","namespace":"default"},"HetznerCluster":{"name":"testing","namespace":"default"},"statusCode":200,"method":"GET","url":"https://api.hetzner.cloud/v1/servers/48678624","hcloud_token":"xu9pK...","stack":"goroutine 463 [running]:\nruntime/debug.Stack()\n\t/usr/lib/golang/src/runtime/debug/stack.go:24 +0xX\ngithub.com/syself/cluster-api-provider-hetzner/pkg/services/hcloud/client.(*LoggingTransport).RoundTrip(0xX, 0xX)\n\t/home/janiskemper/Documents/syself/cluster-api-provider-hetzner/pkg/services/hcloud/client/client.go:93 +0xX\nnet/http.send(0xX, {0xX, 0xX}, {0xX?, 0xX?, 0xX?})\n\t/usr/lib/golang/src/net/http/client.go:260 +0xX\nnet/http.(*Client).send(0xX, 0xX, {0xX?, 0xX?, 0xX?})\n\t/usr/lib/golang/src/net/http/client.go:181 +0xX\nnet/http.(*Client).do(0xX, 0xX)\n\t/usr/lib/golang/src/net/http/client.go:724 +0xX\nnet/http.(*Client).Do(...)\n\t/usr/lib/golang/src/net/http/client.go:590\ngithub.com/hetznercloud/hcloud-go/v2/hcloud.(*Client).Do(0xX, 0xX, {0xX, 0xX})\n\t/home/janiskemper/Documents/syself/cluster-api-provider-hetzner/vendor/github.com/hetznercloud/hcloud-go/v2/hcloud/client.go:266 +0xX\ngithub.com/hetznercloud/hcloud-go/v2/hcloud.(*ServerClient).GetByID(0xX, {0xX, 0xX}, 0xX?)\n\t/home/janiskemper/Documents/syself/cluster-api-provider-hetzner/vendor/github.com/hetznercloud/hcloud-go/v2/hcloud/server.go:207 +0xX\ngithub.com/syself/cluster-api-provider-hetzner/pkg/services/hcloud/client.(*realClient).GetServer(0xX?, {0xX?, 0xX?}, 0xX?)\n\t/home/janiskemper/Documents/syself/cluster-api-provider-hetzner/pkg/services/hcloud/client/client.go:246 +0xX\ngithub.com/syself/cluster-api-provider-hetzner/pkg/services/hcloud/server.(*Service).findServer(0xX, {0xX, 0xX})\n\t/home/janiskemper/Documents/syself/cluster-api-provider-hetzner/pkg/services/hcloud/server/server.go:678 +0xX\ngithub.com/syself/cluster-api-provider-hetzner/pkg/services/hcloud/server.(*Service).Reconcile(0xX, {0xX, 0xX})\n\t/home/janiskemper/Documents/syself/cluster-api-provider-hetzner/pkg/services/hcloud/server/server.go:95 +0xX\ngithub.com/syself/cluster-api-provider-hetzner/controllers.(*HCloudMachineReconciler).reconcileNormal(0xX?, {0xX, 0xX}, 0xX)\n\t/home/janiskemper/Documents/syself/cluster-api-provider-hetzner/controllers/hcloudmachine_controller.go:208 +0xX\ngithub.com/syself/cluster-api-provider-hetzner/controllers.(*HCloudMachineReconciler).Reconcile(0xX, {0xX, 0xX}, {{{0xX?, 0xX?}, {0xX?, 0xX?}}})\n\t/home/janiskemper/Documents/syself/cluster-api-provider-hetzner/controllers/hcloudmachine_controller.go:175 +0xX\nsigs.k8s.io/controller-runtime/pkg/internal/controller.(*Controller).Reconcile(0xX?, {0xX?, 0xX?}, {{{0xX?, 0xX?}, {0xX?, 0xX?}}})\n\t/home/janiskemper/Documents/syself/cluster-api-provider-hetzner/vendor/sigs.k8s.io/controller-runtime/pkg/internal/controller/controller.go:119 +0xX\nsigs.k8s.io/controller-runtime/pkg/internal/controller.(*Controller).reconcileHandler(0xX, {0xX, 0xX}, {0xX?, 0xX?})\n\t/home/janiskemper/Documents/syself/cluster-api-provider-hetzner/vendor/sigs.k8s.io/controller-runtime/pkg/internal/controller/controller.go:316 +0xX\nsigs.k8s.io/controller-runtime/pkg/internal/controller.(*Controller).processNextWorkItem(0xX, {0xX, 0xX})\n\t/home/janiskemper/Documents/syself/cluster-api-provider-hetzner/vendor/sigs.k8s.io/controller-runtime/pkg/internal/controller/controller.go:266 +0xX\nsigs.k8s.io/controller-runtime/pkg/internal/controller.(*Controller).Start.func2.2()\n\t/home/janiskemper/Documents/syself/cluster-api-provider-hetzner/vendor/sigs.k8s.io/controller-runtime/pkg/internal/controller/controller.go:227 +0xX\ncreated by sigs.k8s.io/controller-runtime/pkg/internal/controller.(*Controller).Start.func2 in goroutine 46\n\t/home/janiskemper/Documents/syself/cluster-api-provider-hetzner/vendor/sigs.k8s.io/controller-runtime/pkg/internal/controller/controller.go:223 +0xX\n"}
{"level":"INFO","time":"2024-06-11T11:11:34.909Z","logger":"hcloud-api","file":"client/client.go:102","message":"hcloud API called","controller":"hcloudmachine","controllerGroup":"infrastructure.cluster.x-k8s.io","controllerKind":"HCloudMachine","HCloudMachine":{"name":"testing-control-plane-svc5p","namespace":"default"},"namespace":"default","name":"testing-control-plane-svc5p","reconcileID":"fc56f3d7-d5a2-4ade-aee1-1b3b7ed45eed","HCloudMachine":{"name":"testing-control-plane-svc5p","namespace":"default"},"Machine":{"name":"testing-control-plane-svc5p","namespace":"default"},"Cluster":{"name":"testing","namespace":"default"},"HetznerCluster":{"name":"testing","namespace":"default"},"statusCode":200,"method":"GET","url":"https://api.hetzner.cloud/v1/servers/48678441","hcloud_token":"xu9pK...","stack":"goroutine 463 [running]:\nruntime/debug.Stack()\n\t/usr/lib/golang/src/runtime/debug/stack.go:24 +0xX\ngithub.com/syself/cluster-api-provider-hetzner/pkg/services/hcloud/client.(*LoggingTransport).RoundTrip(0xX, 0xX)\n\t/home/janiskemper/Documents/syself/cluster-api-provider-hetzner/pkg/services/hcloud/client/client.go:93 +0xX\nnet/http.send(0xX, {0xX, 0xX}, {0xX?, 0xX?, 0xX?})\n\t/usr/lib/golang/src/net/http/client.go:260 +0xX\nnet/http.(*Client).send(0xX, 0xX, {0xX?, 0xX?, 0xX?})\n\t/usr/lib/golang/src/net/http/client.go:181 +0xX\nnet/http.(*Client).do(0xX, 0xX)\n\t/usr/lib/golang/src/net/http/client.go:724 +0xX\nnet/http.(*Client).Do(...)\n\t/usr/lib/golang/src/net/http/client.go:590\ngithub.com/hetznercloud/hcloud-go/v2/hcloud.(*Client).Do(0xX, 0xX, {0xX, 0xX})\n\t/home/janiskemper/Documents/syself/cluster-api-provider-hetzner/vendor/github.com/hetznercloud/hcloud-go/v2/hcloud/client.go:266 +0xX\ngithub.com/hetznercloud/hcloud-go/v2/hcloud.(*ServerClient).GetByID(0xX, {0xX, 0xX}, 0xX?)\n\t/home/janiskemper/Documents/syself/cluster-api-provider-hetzner/vendor/github.com/hetznercloud/hcloud-go/v2/hcloud/server.go:207 +0xX\ngithub.com/syself/cluster-api-provider-hetzner/pkg/services/hcloud/client.(*realClient).GetServer(0xX?, {0xX?, 0xX?}, 0xX?)\n\t/home/janiskemper/Documents/syself/cluster-api-provider-hetzner/pkg/services/hcloud/client/client.go:246 +0xX\ngithub.com/syself/cluster-api-provider-hetzner/pkg/services/hcloud/server.(*Service).findServer(0xX, {0xX, 0xX})\n\t/home/janiskemper/Documents/syself/cluster-api-provider-hetzner/pkg/services/hcloud/server/server.go:678 +0xX\ngithub.com/syself/cluster-api-provider-hetzner/pkg/services/hcloud/server.(*Service).Reconcile(0xX, {0xX, 0xX})\n\t/home/janiskemper/Documents/syself/cluster-api-provider-hetzner/pkg/services/hcloud/server/server.go:95 +0xX\ngithub.com/syself/cluster-api-provider-hetzner/controllers.(*HCloudMachineReconciler).reconcileNormal(0xX?, {0xX, 0xX}, 0xX)\n\t/home/janiskemper/Documents/syself/cluster-api-provider-hetzner/controllers/hcloudmachine_controller.go:208 +0xX\ngithub.com/syself/cluster-api-provider-hetzner/controllers.(*HCloudMachineReconciler).Reconcile(0xX, {0xX, 0xX}, {{{0xX?, 0xX?}, {0xX?, 0xX?}}})\n\t/home/janiskemper/Documents/syself/cluster-api-provider-hetzner/controllers/hcloudmachine_controller.go:175 +0xX\nsigs.k8s.io/controller-runtime/pkg/internal/controller.(*Controller).Reconcile(0xX?, {0xX?, 0xX?}, {{{0xX?, 0xX?}, {0xX?, 0xX?}}})\n\t/home/janiskemper/Documents/syself/cluster-api-provider-hetzner/vendor/sigs.k8s.io/controller-runtime/pkg/internal/controller/controller.go:119 +0xX\nsigs.k8s.io/controller-runtime/pkg/internal/controller.(*Controller).reconcileHandler(0xX, {0xX, 0xX}, {0xX?, 0xX?})\n\t/home/janiskemper/Documents/syself/cluster-api-provider-hetzner/vendor/sigs.k8s.io/controller-runtime/pkg/internal/controller/controller.go:316 +0xX\nsigs.k8s.io/controller-runtime/pkg/internal/controller.(*Controller).processNextWorkItem(0xX, {0xX, 0xX})\n\t/home/janiskemper/Documents/syself/cluster-api-provider-hetzner/vendor/sigs.k8s.io/controller-runtime/pkg/internal/controller/controller.go:266 +0xX\nsigs.k8s.io/controller-runtime/pkg/internal/controller.(*Controller).Start.func2.2()\n\t/home/janiskemper/Documents/syself/cluster-api-provider-hetzner/vendor/sigs.k8s.io/controller-runtime/pkg/internal/controller/controller.go:227 +0xX\ncreated by sigs.k8s.io/controller-runtime/pkg/internal/controller.(*Controller).Start.func2 in goroutine 46\n\t/home/janiskemper/Documents/syself/cluster-api-provider-hetzner/vendor/sigs.k8s.io/controller-runtime/pkg/internal/controller/controller.go:223 +0xX\n"}
{"level":"INFO","time":"2024-06-11T11:11:36.141Z","logger":"hcloud-api","file":"client/client.go:102","message":"hcloud API called","controller":"hcloudmachine","controllerGroup":"infrastructure.cluster.x-k8s.io","controllerKind":"HCloudMachine","HCloudMachine":{"name":"testing-control-plane-cfvjj","namespace":"default"},"namespace":"default","name":"testing-control-plane-cfvjj","reconcileID":"132c167d-3c60-48d8-84bc-1e31750dfe91","HCloudMachine":{"name":"testing-control-plane-cfvjj","namespace":"default"},"Machine":{"name":"testing-control-plane-cfvjj","namespace":"default"},"Cluster":{"name":"testing","namespace":"default"},"HetznerCluster":{"name":"testing","namespace":"default"},"statusCode":200,"method":"GET","url":"https://api.hetzner.cloud/v1/servers/48678576","hcloud_token":"xu9pK...","stack":"goroutine 463 [running]:\nruntime/debug.Stack()\n\t/usr/lib/golang/src/runtime/debug/stack.go:24 +0xX\ngithub.com/syself/cluster-api-provider-hetzner/pkg/services/hcloud/client.(*LoggingTransport).RoundTrip(0xX, 0xX)\n\t/home/janiskemper/Documents/syself/cluster-api-provider-hetzner/pkg/services/hcloud/client/client.go:93 +0xX\nnet/http.send(0xX, {0xX, 0xX}, {0xX?, 0xX?, 0xX?})\n\t/usr/lib/golang/src/net/http/client.go:260 +0xX\nnet/http.(*Client).send(0xX, 0xX, {0xX?, 0xX?, 0xX?})\n\t/usr/lib/golang/src/net/http/client.go:181 +0xX\nnet/http.(*Client).do(0xX, 0xX)\n\t/usr/lib/golang/src/net/http/client.go:724 +0xX\nnet/http.(*Client).Do(...)\n\t/usr/lib/golang/src/net/http/client.go:590\ngithub.com/hetznercloud/hcloud-go/v2/hcloud.(*Client).Do(0xX, 0xX, {0xX, 0xX})\n\t/home/janiskemper/Documents/syself/cluster-api-provider-hetzner/vendor/github.com/hetznercloud/hcloud-go/v2/hcloud/client.go:266 +0xX\ngithub.com/hetznercloud/hcloud-go/v2/hcloud.(*ServerClient).GetByID(0xX, {0xX, 0xX}, 0xX?)\n\t/home/janiskemper/Documents/syself/cluster-api-provider-hetzner/vendor/github.com/hetznercloud/hcloud-go/v2/hcloud/server.go:207 +0xX\ngithub.com/syself/cluster-api-provider-hetzner/pkg/services/hcloud/client.(*realClient).GetServer(0xX?, {0xX?, 0xX?}, 0xX?)\n\t/home/janiskemper/Documents/syself/cluster-api-provider-hetzner/pkg/services/hcloud/client/client.go:246 +0xX\ngithub.com/syself/cluster-api-provider-hetzner/pkg/services/hcloud/server.(*Service).findServer(0xX, {0xX, 0xX})\n\t/home/janiskemper/Documents/syself/cluster-api-provider-hetzner/pkg/services/hcloud/server/server.go:678 +0xX\ngithub.com/syself/cluster-api-provider-hetzner/pkg/services/hcloud/server.(*Service).Reconcile(0xX, {0xX, 0xX})\n\t/home/janiskemper/Documents/syself/cluster-api-provider-hetzner/pkg/services/hcloud/server/server.go:95 +0xX\ngithub.com/syself/cluster-api-provider-hetzner/controllers.(*HCloudMachineReconciler).reconcileNormal(0xX?, {0xX, 0xX}, 0xX)\n\t/home/janiskemper/Documents/syself/cluster-api-provider-hetzner/controllers/hcloudmachine_controller.go:208 +0xX\ngithub.com/syself/cluster-api-provider-hetzner/controllers.(*HCloudMachineReconciler).Reconcile(0xX, {0xX, 0xX}, {{{0xX?, 0xX?}, {0xX?, 0xX?}}})\n\t/home/janiskemper/Documents/syself/cluster-api-provider-hetzner/controllers/hcloudmachine_controller.go:175 +0xX\nsigs.k8s.io/controller-runtime/pkg/internal/controller.(*Controller).Reconcile(0xX?, {0xX?, 0xX?}, {{{0xX?, 0xX?}, {0xX?, 0xX?}}})\n\t/home/janiskemper/Documents/syself/cluster-api-provider-hetzner/vendor/sigs.k8s.io/controller-runtime/pkg/internal/controller/controller.go:119 +0xX\nsigs.k8s.io/controller-runtime/pkg/internal/controller.(*Controller).reconcileHandler(0xX, {0xX, 0xX}, {0xX?, 0xX?})\n\t/home/janiskemper/Documents/syself/cluster-api-provider-hetzner/vendor/sigs.k8s.io/controller-runtime/pkg/internal/controller/controller.go:316 +0xX\nsigs.k8s.io/controller-runtime/pkg/internal/controller.(*Controller).processNextWorkItem(0xX, {0xX, 0xX})\n\t/home/janiskemper/Documents/syself/cluster-api-provider-hetzner/vendor/sigs.k8s.io/controller-runtime/pkg/internal/controller/controller.go:266 +0xX\nsigs.k8s.io/controller-runtime/pkg/internal/controller.(*Controller).Start.func2.2()\n\t/home/janiskemper/Documents/syself/cluster-api-provider-hetzner/vendor/sigs.k8s.io/controller-runtime/pkg/internal/controller/controller.go:227 +0xX\ncreated by sigs.k8s.io/controller-runtime/pkg/internal/controller.(*Controller).Start.func2 in goroutine 46\n\t/home/janiskemper/Documents/syself/cluster-api-provider-hetzner/vendor/sigs.k8s.io/controller-runtime/pkg/internal/controller/controller.go:223 +0xX\n"}
{"level":"INFO","time":"2024-06-11T11:11:36.360Z","logger":"hcloud-api","file":"client/client.go:102","message":"hcloud API called","controller":"hcloudmachine","controllerGroup":"infrastructure.cluster.x-k8s.io","controllerKind":"HCloudMachine","HCloudMachine":{"name":"testing-control-plane-lqtn6","namespace":"default"},"namespace":"default","name":"testing-control-plane-lqtn6","reconcileID":"9fa8f4d3-eba9-4918-86e5-768000695691","HCloudMachine":{"name":"testing-control-plane-lqtn6","namespace":"default"},"Machine":{"name":"testing-control-plane-lqtn6","namespace":"default"},"Cluster":{"name":"testing","namespace":"default"},"HetznerCluster":{"name":"testing","namespace":"default"},"statusCode":200,"method":"GET","url":"https://api.hetzner.cloud/v1/servers/48678781","hcloud_token":"xu9pK...","stack":"goroutine 463 [running]:\nruntime/debug.Stack()\n\t/usr/lib/golang/src/runtime/debug/stack.go:24 +0xX\ngithub.com/syself/cluster-api-provider-hetzner/pkg/services/hcloud/client.(*LoggingTransport).RoundTrip(0xX, 0xX)\n\t/home/janiskemper/Documents/syself/cluster-api-provider-hetzner/pkg/services/hcloud/client/client.go:93 +0xX\nnet/http.send(0xX, {0xX, 0xX}, {0xX?, 0xX?, 0xX?})\n\t/usr/lib/golang/src/net/http/client.go:260 +0xX\nnet/http.(*Client).send(0xX, 0xX, {0xX?, 0xX?, 0xX?})\n\t/usr/lib/golang/src/net/http/client.go:181 +0xX\nnet/http.(*Client).do(0xX, 0xX)\n\t/usr/lib/golang/src/net/http/client.go:724 +0xX\nnet/http.(*Client).Do(...)\n\t/usr/lib/golang/src/net/http/client.go:590\ngithub.com/hetznercloud/hcloud-go/v2/hcloud.(*Client).Do(0xX, 0xX, {0xX, 0xX})\n\t/home/janiskemper/Documents/syself/cluster-api-provider-hetzner/vendor/github.com/hetznercloud/hcloud-go/v2/hcloud/client.go:266 +0xX\ngithub.com/hetznercloud/hcloud-go/v2/hcloud.(*ServerClient).GetByID(0xX, {0xX, 0xX}, 0xX?)\n\t/home/janiskemper/Documents/syself/cluster-api-provider-hetzner/vendor/github.com/hetznercloud/hcloud-go/v2/hcloud/server.go:207 +0xX\ngithub.com/syself/cluster-api-provider-hetzner/pkg/services/hcloud/client.(*realClient).GetServer(0xX?, {0xX?, 0xX?}, 0xX?)\n\t/home/janiskemper/Documents/syself/cluster-api-provider-hetzner/pkg/services/hcloud/client/client.go:246 +0xX\ngithub.com/syself/cluster-api-provider-hetzner/pkg/services/hcloud/server.(*Service).findServer(0xX, {0xX, 0xX})\n\t/home/janiskemper/Documents/syself/cluster-api-provider-hetzner/pkg/services/hcloud/server/server.go:678 +0xX\ngithub.com/syself/cluster-api-provider-hetzner/pkg/services/hcloud/server.(*Service).Reconcile(0xX, {0xX, 0xX})\n\t/home/janiskemper/Documents/syself/cluster-api-provider-hetzner/pkg/services/hcloud/server/server.go:95 +0xX\ngithub.com/syself/cluster-api-provider-hetzner/controllers.(*HCloudMachineReconciler).reconcileNormal(0xX?, {0xX, 0xX}, 0xX)\n\t/home/janiskemper/Documents/syself/cluster-api-provider-hetzner/controllers/hcloudmachine_controller.go:208 +0xX\ngithub.com/syself/cluster-api-provider-hetzner/controllers.(*HCloudMachineReconciler).Reconcile(0xX, {0xX, 0xX}, {{{0xX?, 0xX?}, {0xX?, 0xX?}}})\n\t/home/janiskemper/Documents/syself/cluster-api-provider-hetzner/controllers/hcloudmachine_controller.go:175 +0xX\nsigs.k8s.io/controller-runtime/pkg/internal/controller.(*Controller).Reconcile(0xX?, {0xX?, 0xX?}, {{{0xX?, 0xX?}, {0xX?, 0xX?}}})\n\t/home/janiskemper/Documents/syself/cluster-api-provider-hetzner/vendor/sigs.k8s.io/controller-runtime/pkg/internal/controller/controller.go:119 +0xX\nsigs.k8s.io/controller-runtime/pkg/internal/controller.(*Controller).reconcileHandler(0xX, {0xX, 0xX}, {0xX?, 0xX?})\n\t/home/janiskemper/Documents/syself/cluster-api-provider-hetzner/vendor/sigs.k8s.io/controller-runtime/pkg/internal/controller/controller.go:316 +0xX\nsigs.k8s.io/controller-runtime/pkg/internal/controller.(*Controller).processNextWorkItem(0xX, {0xX, 0xX})\n\t/home/janiskemper/Documents/syself/cluster-api-provider-hetzner/vendor/sigs.k8s.io/controller-runtime/pkg/internal/controller/controller.go:266 +0xX\nsigs.k8s.io/controller-runtime/pkg/internal/controller.(*Controller).Start.func2.2()\n\t/home/janiskemper/Documents/syself/cluster-api-provider-hetzner/vendor/sigs.k8s.io/controller-runtime/pkg/internal/controller/controller.go:227 +0xX\ncreated by sigs.k8s.io/controller-runtime/pkg/internal/controller.(*Controller).Start.func2 in goroutine 46\n\t/home/janiskemper/Documents/syself/cluster-api-provider-hetzner/vendor/sigs.k8s.io/controller-runtime/pkg/internal/controller/controller.go:223 +0xX\n"}
{"level":"INFO","time":"2024-06-11T11:11:36.617Z","logger":"hcloud-api","file":"client/client.go:102","message":"hcloud API called","controller":"hcloudmachine","controllerGroup":"infrastructure.cluster.x-k8s.io","controllerKind":"HCloudMachine","HCloudMachine":{"name":"testing-md-0-gsd7r-d5fd8","namespace":"default"},"namespace":"default","name":"testing-md-0-gsd7r-d5fd8","reconcileID":"b8c38434-0488-4a7d-92f0-368f73678cfa","HCloudMachine":{"name":"testing-md-0-gsd7r-d5fd8","namespace":"default"},"Machine":{"name":"testing-md-0-gsd7r-d5fd8","namespace":"default"},"Cluster":{"name":"testing","namespace":"default"},"HetznerCluster":{"name":"testing","namespace":"default"},"statusCode":200,"method":"GET","url":"https://api.hetzner.cloud/v1/servers/48678575","hcloud_token":"xu9pK...","stack":"goroutine 463 [running]:\nruntime/debug.Stack()\n\t/usr/lib/golang/src/runtime/debug/stack.go:24 +0xX\ngithub.com/syself/cluster-api-provider-hetzner/pkg/services/hcloud/client.(*LoggingTransport).RoundTrip(0xX, 0xX)\n\t/home/janiskemper/Documents/syself/cluster-api-provider-hetzner/pkg/services/hcloud/client/client.go:93 +0xX\nnet/http.send(0xX, {0xX, 0xX}, {0xX?, 0xX?, 0xX?})\n\t/usr/lib/golang/src/net/http/client.go:260 +0xX\nnet/http.(*Client).send(0xX, 0xX, {0xX?, 0xX?, 0xX?})\n\t/usr/lib/golang/src/net/http/client.go:181 +0xX\nnet/http.(*Client).do(0xX, 0xX)\n\t/usr/lib/golang/src/net/http/client.go:724 +0xX\nnet/http.(*Client).Do(...)\n\t/usr/lib/golang/src/net/http/client.go:590\ngithub.com/hetznercloud/hcloud-go/v2/hcloud.(*Client).Do(0xX, 0xX, {0xX, 0xX})\n\t/home/janiskemper/Documents/syself/cluster-api-provider-hetzner/vendor/github.com/hetznercloud/hcloud-go/v2/hcloud/client.go:266 +0xX\ngithub.com/hetznercloud/hcloud-go/v2/hcloud.(*ServerClient).GetByID(0xX, {0xX, 0xX}, 0xX?)\n\t/home/janiskemper/Documents/syself/cluster-api-provider-hetzner/vendor/github.com/hetznercloud/hcloud-go/v2/hcloud/server.go:207 +0xX\ngithub.com/syself/cluster-api-provider-hetzner/pkg/services/hcloud/client.(*realClient).GetServer(0xX?, {0xX?, 0xX?}, 0xX?)\n\t/home/janiskemper/Documents/syself/cluster-api-provider-hetzner/pkg/services/hcloud/client/client.go:246 +0xX\ngithub.com/syself/cluster-api-provider-hetzner/pkg/services/hcloud/server.(*Service).findServer(0xX, {0xX, 0xX})\n\t/home/janiskemper/Documents/syself/cluster-api-provider-hetzner/pkg/services/hcloud/server/server.go:678 +0xX\ngithub.com/syself/cluster-api-provider-hetzner/pkg/services/hcloud/server.(*Service).Reconcile(0xX, {0xX, 0xX})\n\t/home/janiskemper/Documents/syself/cluster-api-provider-hetzner/pkg/services/hcloud/server/server.go:95 +0xX\ngithub.com/syself/cluster-api-provider-hetzner/controllers.(*HCloudMachineReconciler).reconcileNormal(0xX?, {0xX, 0xX}, 0xX)\n\t/home/janiskemper/Documents/syself/cluster-api-provider-hetzner/controllers/hcloudmachine_controller.go:208 +0xX\ngithub.com/syself/cluster-api-provider-hetzner/controllers.(*HCloudMachineReconciler).Reconcile(0xX, {0xX, 0xX}, {{{0xX?, 0xX?}, {0xX?, 0xX?}}})\n\t/home/janiskemper/Documents/syself/cluster-api-provider-hetzner/controllers/hcloudmachine_controller.go:175 +0xX\nsigs.k8s.io/controller-runtime/pkg/internal/controller.(*Controller).Reconcile(0xX?, {0xX?, 0xX?}, {{{0xX?, 0xX?}, {0xX?, 0xX?}}})\n\t/home/janiskemper/Documents/syself/cluster-api-provider-hetzner/vendor/sigs.k8s.io/controller-runtime/pkg/internal/controller/controller.go:119 +0xX\nsigs.k8s.io/controller-runtime/pkg/internal/controller.(*Controller).reconcileHandler(0xX, {0xX, 0xX}, {0xX?, 0xX?})\n\t/home/janiskemper/Documents/syself/cluster-api-provider-hetzner/vendor/sigs.k8s.io/controller-runtime/pkg/internal/controller/controller.go:316 +0xX\nsigs.k8s.io/controller-runtime/pkg/internal/controller.(*Controller).processNextWorkItem(0xX, {0xX, 0xX})\n\t/home/janiskemper/Documents/syself/cluster-api-provider-hetzner/vendor/sigs.k8s.io/controller-runtime/pkg/internal/controller/controller.go:266 +0xX\nsigs.k8s.io/controller-runtime/pkg/internal/controller.(*Controller).Start.func2.2()\n\t/home/janiskemper/Documents/syself/cluster-api-provider-hetzner/vendor/sigs.k8s.io/controller-runtime/pkg/internal/controller/controller.go:227 +0xX\ncreated by sigs.k8s.io/controller-runtime/pkg/internal/controller.(*Controller).Start.func2 in goroutine 46\n\t/home/janiskemper/Documents/syself/cluster-api-provider-hetzner/vendor/sigs.k8s.io/controller-runtime/pkg/internal/controller/controller.go:223 +0xX\n"}
{"level":"INFO","time":"2024-06-11T11:12:11.117Z","logger":"hcloud-api","file":"client/client.go:102","message":"hcloud API called","controller":"hcloudmachinetemplate","controllerGroup":"infrastructure.cluster.x-k8s.io","controllerKind":"HCloudMachineTemplate","HCloudMachineTemplate":{"name":"testing-control-plane","namespace":"default"},"namespace":"default","name":"testing-control-plane","reconcileID":"d2f77040-1d15-4616-9ccc-7afe88218e37","HCloudMachineTemplate":{"name":"testing-control-plane","namespace":"default"},"Cluster":{"name":"testing","namespace":"default"},"HetznerCluster":{"name":"testing","namespace":"default"},"statusCode":200,"method":"GET","url":"https://api.hetzner.cloud/v1/server_types?page=1&per_page=50","hcloud_token":"xu9pK...","stack":"goroutine 456 [running]:\nruntime/debug.Stack()\n\t/usr/lib/golang/src/runtime/debug/stack.go:24 +0xX\ngithub.com/syself/cluster-api-provider-hetzner/pkg/services/hcloud/client.(*LoggingTransport).RoundTrip(0xX, 0xX)\n\t/home/janiskemper/Documents/syself/cluster-api-provider-hetzner/pkg/services/hcloud/client/client.go:93 +0xX\nnet/http.send(0xX, {0xX, 0xX}, {0xX?, 0xX?, 0xX?})\n\t/usr/lib/golang/src/net/http/client.go:260 +0xX\nnet/http.(*Client).send(0xX, 0xX, {0xX?, 0xX?, 0xX?})\n\t/usr/lib/golang/src/net/http/client.go:181 +0xX\nnet/http.(*Client).do(0xX, 0xX)\n\t/usr/lib/golang/src/net/http/client.go:724 +0xX\nnet/http.(*Client).Do(...)\n\t/usr/lib/golang/src/net/http/client.go:590\ngithub.com/hetznercloud/hcloud-go/v2/hcloud.(*Client).Do(0xX, 0xX, {0xX, 0xX})\n\t/home/janiskemper/Documents/syself/cluster-api-provider-hetzner/vendor/github.com/hetznercloud/hcloud-go/v2/hcloud/client.go:266 +0xX\ngithub.com/hetznercloud/hcloud-go/v2/hcloud.(*ServerTypeClient).List(0xX, {0xX, 0xX}, {{0xX, 0xX, {0xX, 0xX}}, {0xX, 0xX}, {0xX, ...}})\n\t/home/janiskemper/Documents/syself/cluster-api-provider-hetzner/vendor/github.com/hetznercloud/hcloud-go/v2/hcloud/server_type.go:125 +0xX\ngithub.com/hetznercloud/hcloud-go/v2/hcloud.(*ServerTypeClient).AllWithOpts.func1(0xX?)\n\t/home/janiskemper/Documents/syself/cluster-api-provider-hetzner/vendor/github.com/hetznercloud/hcloud-go/v2/hcloud/server_type.go:147 +0xX\ngithub.com/hetznercloud/hcloud-go/v2/hcloud.(*Client).all(0xX?, 0xX)\n\t/home/janiskemper/Documents/syself/cluster-api-provider-hetzner/vendor/github.com/hetznercloud/hcloud-go/v2/hcloud/client.go:323 +0xX\ngithub.com/hetznercloud/hcloud-go/v2/hcloud.(*ServerTypeClient).AllWithOpts(0xX?, {0xX?, 0xX?}, {{0xX, 0xX, {0xX, 0xX}}, {0xX, 0xX}, {0xX, ...}})\n\t/home/janiskemper/Documents/syself/cluster-api-provider-hetzner/vendor/github.com/hetznercloud/hcloud-go/v2/hcloud/server_type.go:145 +0xX\ngithub.com/hetznercloud/hcloud-go/v2/hcloud.(*ServerTypeClient).All(...)\n\t/home/janiskemper/Documents/syself/cluster-api-provider-hetzner/vendor/github.com/hetznercloud/hcloud-go/v2/hcloud/server_type.go:138\ngithub.com/syself/cluster-api-provider-hetzner/pkg/services/hcloud/client.(*realClient).ListServerTypes(0xX?, {0xX?, 0xX?})\n\t/home/janiskemper/Documents/syself/cluster-api-provider-hetzner/pkg/services/hcloud/client/client.go:254 +0xX\ngithub.com/syself/cluster-api-provider-hetzner/pkg/services/hcloud/machinetemplate.(*Service).getCapacity(0xX, {0xX, 0xX})\n\t/home/janiskemper/Documents/syself/cluster-api-provider-hetzner/pkg/services/hcloud/machinetemplate/machinetemplate.go:61 +0xX\ngithub.com/syself/cluster-api-provider-hetzner/pkg/services/hcloud/machinetemplate.(*Service).Reconcile(0xX, {0xX, 0xX})\n\t/home/janiskemper/Documents/syself/cluster-api-provider-hetzner/pkg/services/hcloud/machinetemplate/machinetemplate.go:49 +0xX\ngithub.com/syself/cluster-api-provider-hetzner/controllers.(*HCloudMachineTemplateReconciler).reconcile(0xX?, {0xX?, 0xX?}, 0xX?)\n\t/home/janiskemper/Documents/syself/cluster-api-provider-hetzner/controllers/hcloudmachinetemplate_controller.go:159 +0xX\ngithub.com/syself/cluster-api-provider-hetzner/controllers.(*HCloudMachineTemplateReconciler).Reconcile(0xX, {0xX, 0xX}, {{{0xX?, 0xX?}, {0xX?, 0xX?}}})\n\t/home/janiskemper/Documents/syself/cluster-api-provider-hetzner/controllers/hcloudmachinetemplate_controller.go:152 +0xX\nsigs.k8s.io/controller-runtime/pkg/internal/controller.(*Controller).Reconcile(0xX?, {0xX?, 0xX?}, {{{0xX?, 0xX?}, {0xX?, 0xX?}}})\n\t/home/janiskemper/Documents/syself/cluster-api-provider-hetzner/vendor/sigs.k8s.io/controller-runtime/pkg/internal/controller/controller.go:119 +0xX\nsigs.k8s.io/controller-runtime/pkg/internal/controller.(*Controller).reconcileHandler(0xX, {0xX, 0xX}, {0xX?, 0xX?})\n\t/home/janiskemper/Documents/syself/cluster-api-provider-hetzner/vendor/sigs.k8s.io/controller-runtime/pkg/internal/controller/controller.go:316 +0xX\nsigs.k8s.io/controller-runtime/pkg/internal/controller.(*Controller).processNextWorkItem(0xX, {0xX, 0xX})\n\t/home/janiskemper/Documents/syself/cluster-api-provider-hetzner/vendor/sigs.k8s.io/controller-runtime/pkg/internal/controller/controller.go:266 +0xX\nsigs.k8s.io/controller-runtime/pkg/internal/controller.(*Controller).Start.func2.2()\n\t/home/janiskemper/Documents/syself/cluster-api-provider-hetzner/vendor/sigs.k8s.io/controller-runtime/pkg/internal/controller/controller.go:227 +0xX\ncreated by sigs.k8s.io/controller-runtime/pkg/internal/controller.(*Controller).Start.func2 in goroutine 47\n\t/home/janiskemper/Documents/syself/cluster-api-provider-hetzner/vendor/sigs.k8s.io/controller-runtime/pkg/internal/controller/controller.go:223 +0xX\n"}
{"level":"INFO","time":"2024-06-11T11:12:11.452Z","logger":"hcloud-api","file":"client/client.go:102","message":"hcloud API called","controller":"hcloudmachinetemplate","controllerGroup":"infrastructure.cluster.x-k8s.io","controllerKind":"HCloudMachineTemplate","HCloudMachineTemplate":{"name":"testing-md-0","namespace":"default"},"namespace":"default","name":"testing-md-0","reconcileID":"e2ec250b-5795-4765-abec-907022f4d00c","HCloudMachineTemplate":{"name":"testing-md-0","namespace":"default"},"Cluster":{"name":"testing","namespace":"default"},"HetznerCluster":{"name":"testing","namespace":"default"},"statusCode":200,"method":"GET","url":"https://api.hetzner.cloud/v1/server_types?page=1&per_page=50","hcloud_token":"xu9pK...","stack":"goroutine 456 [running]:\nruntime/debug.Stack()\n\t/usr/lib/golang/src/runtime/debug/stack.go:24 +0xX\ngithub.com/syself/cluster-api-provider-hetzner/pkg/services/hcloud/client.(*LoggingTransport).RoundTrip(0xX, 0xX)\n\t/home/janiskemper/Documents/syself/cluster-api-provider-hetzner/pkg/services/hcloud/client/client.go:93 +0xX\nnet/http.send(0xX, {0xX, 0xX}, {0xX?, 0xX?, 0xX?})\n\t/usr/lib/golang/src/net/http/client.go:260 +0xX\nnet/http.(*Client).send(0xX, 0xX, {0xX?, 0xX?, 0xX?})\n\t/usr/lib/golang/src/net/http/client.go:181 +0xX\nnet/http.(*Client).do(0xX, 0xX)\n\t/usr/lib/golang/src/net/http/client.go:724 +0xX\nnet/http.(*Client).Do(...)\n\t/usr/lib/golang/src/net/http/client.go:590\ngithub.com/hetznercloud/hcloud-go/v2/hcloud.(*Client).Do(0xX, 0xX, {0xX, 0xX})\n\t/home/janiskemper/Documents/syself/cluster-api-provider-hetzner/vendor/github.com/hetznercloud/hcloud-go/v2/hcloud/client.go:266 +0xX\ngithub.com/hetznercloud/hcloud-go/v2/hcloud.(*ServerTypeClient).List(0xX, {0xX, 0xX}, {{0xX, 0xX, {0xX, 0xX}}, {0xX, 0xX}, {0xX, ...}})\n\t/home/janiskemper/Documents/syself/cluster-api-provider-hetzner/vendor/github.com/hetznercloud/hcloud-go/v2/hcloud/server_type.go:125 +0xX\ngithub.com/hetznercloud/hcloud-go/v2/hcloud.(*ServerTypeClient).AllWithOpts.func1(0xX?)\n\t/home/janiskemper/Documents/syself/cluster-api-provider-hetzner/vendor/github.com/hetznercloud/hcloud-go/v2/hcloud/server_type.go:147 +0xX\ngithub.com/hetznercloud/hcloud-go/v2/hcloud.(*Client).all(0xX?, 0xX)\n\t/home/janiskemper/Documents/syself/cluster-api-provider-hetzner/vendor/github.com/hetznercloud/hcloud-go/v2/hcloud/client.go:323 +0xX\ngithub.com/hetznercloud/hcloud-go/v2/hcloud.(*ServerTypeClient).AllWithOpts(0xX?, {0xX?, 0xX?}, {{0xX, 0xX, {0xX, 0xX}}, {0xX, 0xX}, {0xX, ...}})\n\t/home/janiskemper/Documents/syself/cluster-api-provider-hetzner/vendor/github.com/hetznercloud/hcloud-go/v2/hcloud/server_type.go:145 +0xX\ngithub.com/hetznercloud/hcloud-go/v2/hcloud.(*ServerTypeClient).All(...)\n\t/home/janiskemper/Documents/syself/cluster-api-provider-hetzner/vendor/github.com/hetznercloud/hcloud-go/v2/hcloud/server_type.go:138\ngithub.com/syself/cluster-api-provider-hetzner/pkg/services/hcloud/client.(*realClient).ListServerTypes(0xX?, {0xX?, 0xX?})\n\t/home/janiskemper/Documents/syself/cluster-api-provider-hetzner/pkg/services/hcloud/client/client.go:254 +0xX\ngithub.com/syself/cluster-api-provider-hetzner/pkg/services/hcloud/machinetemplate.(*Service).getCapacity(0xX, {0xX, 0xX})\n\t/home/janiskemper/Documents/syself/cluster-api-provider-hetzner/pkg/services/hcloud/machinetemplate/machinetemplate.go:61 +0xX\ngithub.com/syself/cluster-api-provider-hetzner/pkg/services/hcloud/machinetemplate.(*Service).Reconcile(0xX, {0xX, 0xX})\n\t/home/janiskemper/Documents/syself/cluster-api-provider-hetzner/pkg/services/hcloud/machinetemplate/machinetemplate.go:49 +0xX\ngithub.com/syself/cluster-api-provider-hetzner/controllers.(*HCloudMachineTemplateReconciler).reconcile(0xX?, {0xX?, 0xX?}, 0xX?)\n\t/home/janiskemper/Documents/syself/cluster-api-provider-hetzner/controllers/hcloudmachinetemplate_controller.go:159 +0xX\ngithub.com/syself/cluster-api-provider-hetzner/controllers.(*HCloudMachineTemplateReconciler).Reconcile(0xX, {0xX, 0xX}, {{{0xX?, 0xX?}, {0xX?, 0xX?}}})\n\t/home/janiskemper/Documents/syself/cluster-api-provider-hetzner/controllers/hcloudmachinetemplate_controller.go:152 +0xX\nsigs.k8s.io/controller-runtime/pkg/internal/controller.(*Controller).Reconcile(0xX?, {0xX?, 0xX?}, {{{0xX?, 0xX?}, {0xX?, 0xX?}}})\n\t/home/janiskemper/Documents/syself/cluster-api-provider-hetzner/vendor/sigs.k8s.io/controller-runtime/pkg/internal/controller/controller.go:119 +0xX\nsigs.k8s.io/controller-runtime/pkg/internal/controller.(*Controller).reconcileHandler(0xX, {0xX, 0xX}, {0xX?, 0xX?})\n\t/home/janiskemper/Documents/syself/cluster-api-provider-hetzner/vendor/sigs.k8s.io/controller-runtime/pkg/internal/controller/controller.go:316 +0xX\nsigs.k8s.io/controller-runtime/pkg/internal/controller.(*Controller).processNextWorkItem(0xX, {0xX, 0xX})\n\t/home/janiskemper/Documents/syself/cluster-api-provider-hetzner/vendor/sigs.k8s.io/controller-runtime/pkg/internal/controller/controller.go:266 +0xX\nsigs.k8s.io/controller-runtime/pkg/internal/controller.(*Controller).Start.func2.2()\n\t/home/janiskemper/Documents/syself/cluster-api-provider-hetzner/vendor/sigs.k8s.io/controller-runtime/pkg/internal/controller/controller.go:227 +0xX\ncreated by sigs.k8s.io/controller-runtime/pkg/internal/controller.(*Controller).Start.func2 in goroutine 47\n\t/home/janiskemper/Documents/syself/cluster-api-provider-hetzner/vendor/sigs.k8s.io/controller-runtime/pkg/internal/controller/controller.go:223 +0xX\n"}
{"level":"INFO","time":"2024-06-11T11:13:07.539Z","file":"controllers/hetznercluster_controller.go:816","message":"Cluster event - reconciling HetznerCluster"}
{"level":"INFO","time":"2024-06-11T11:13:07.539Z","file":"controllers/hetznercluster_controller.go:816","message":"Cluster event - reconciling HetznerCluster"}
{"level":"INFO","time":"2024-06-11T11:13:07.794Z","logger":"hcloud-api","file":"client/client.go:102","message":"hcloud API called","controller":"hetznercluster","controllerGroup":"infrastructure.cluster.x-k8s.io","controllerKind":"HetznerCluster","HetznerCluster":{"name":"testing","namespace":"default"},"namespace":"default","name":"testing","reconcileID":"8abf6565-996e-44b3-9839-36b1375338db","HetznerCluster":{"name":"testing","namespace":"default"},"Cluster":{"name":"testing","namespace":"default"},"statusCode":200,"method":"GET","url":"https://api.hetzner.cloud/v1/load_balancers?label_selector=caph-cluster-testing%3D%3Downed&page=1","hcloud_token":"xu9pK...","stack":"goroutine 460 [running]:\nruntime/debug.Stack()\n\t/usr/lib/golang/src/runtime/debug/stack.go:24 +0xX\ngithub.com/syself/cluster-api-provider-hetzner/pkg/services/hcloud/client.(*LoggingTransport).RoundTrip(0xX, 0xX)\n\t/home/janiskemper/Documents/syself/cluster-api-provider-hetzner/pkg/services/hcloud/client/client.go:93 +0xX\nnet/http.send(0xX, {0xX, 0xX}, {0xX?, 0xX?, 0xX?})\n\t/usr/lib/golang/src/net/http/client.go:260 +0xX\nnet/http.(*Client).send(0xX, 0xX, {0xX?, 0xX?, 0xX?})\n\t/usr/lib/golang/src/net/http/client.go:181 +0xX\nnet/http.(*Client).do(0xX, 0xX)\n\t/usr/lib/golang/src/net/http/client.go:724 +0xX\nnet/http.(*Client).Do(...)\n\t/usr/lib/golang/src/net/http/client.go:590\ngithub.com/hetznercloud/hcloud-go/v2/hcloud.(*Client).Do(0xX, 0xX, {0xX, 0xX})\n\t/home/janiskemper/Documents/syself/cluster-api-provider-hetzner/vendor/github.com/hetznercloud/hcloud-go/v2/hcloud/client.go:266 +0xX\ngithub.com/hetznercloud/hcloud-go/v2/hcloud.(*LoadBalancerClient).List(0xX, {0xX, 0xX}, {{0xX, 0xX, {0xX, 0xX}}, {0xX, 0xX}, {0xX, ...}})\n\t/home/janiskemper/Documents/syself/cluster-api-provider-hetzner/vendor/github.com/hetznercloud/hcloud-go/v2/hcloud/load_balancer.go:313 +0xX\ngithub.com/hetznercloud/hcloud-go/v2/hcloud.(*LoadBalancerClient).AllWithOpts.func1(0xX?)\n\t/home/janiskemper/Documents/syself/cluster-api-provider-hetzner/vendor/github.com/hetznercloud/hcloud-go/v2/hcloud/load_balancer.go:335 +0xX\ngithub.com/hetznercloud/hcloud-go/v2/hcloud.(*Client).all(0xX?, 0xX)\n\t/home/janiskemper/Documents/syself/cluster-api-provider-hetzner/vendor/github.com/hetznercloud/hcloud-go/v2/hcloud/client.go:323 +0xX\ngithub.com/hetznercloud/hcloud-go/v2/hcloud.(*LoadBalancerClient).AllWithOpts(0xX?, {0xX?, 0xX?}, {{0xX, 0xX, {0xX, 0xX}}, {0xX, 0xX}, {0xX, ...}})\n\t/home/janiskemper/Documents/syself/cluster-api-provider-hetzner/vendor/github.com/hetznercloud/hcloud-go/v2/hcloud/load_balancer.go:333 +0xX\ngithub.com/syself/cluster-api-provider-hetzner/pkg/services/hcloud/client.(*realClient).ListLoadBalancers(0xX?, {0xX?, 0xX?}, {{0xX, 0xX, {0xX, 0xX}}, {0xX, 0xX}, {0xX, ...}})\n\t/home/janiskemper/Documents/syself/cluster-api-provider-hetzner/pkg/services/hcloud/client/client.go:157 +0xX\ngithub.com/syself/cluster-api-provider-hetzner/pkg/services/hcloud/loadbalancer.(*Service).findLoadBalancer(0xX, {0xX, 0xX})\n\t/home/janiskemper/Documents/syself/cluster-api-provider-hetzner/pkg/services/hcloud/loadbalancer/loadbalancer.go:427 +0xX\ngithub.com/syself/cluster-api-provider-hetzner/pkg/services/hcloud/loadbalancer.(*Service).Reconcile(0xX, {0xX, 0xX})\n\t/home/janiskemper/Documents/syself/cluster-api-provider-hetzner/pkg/services/hcloud/loadbalancer/loadbalancer.go:65 +0xX\ngithub.com/syself/cluster-api-provider-hetzner/controllers.(*HetznerClusterReconciler).reconcileNormal(0xX?, {0xX, 0xX}, 0xX)\n\t/home/janiskemper/Documents/syself/cluster-api-provider-hetzner/controllers/hetznercluster_controller.go:219 +0xX\ngithub.com/syself/cluster-api-provider-hetzner/controllers.(*HetznerClusterReconciler).Reconcile(0xX, {0xX, 0xX}, {{{0xX?, 0xX?}, {0xX?, 0xX?}}})\n\t/home/janiskemper/Documents/syself/cluster-api-provider-hetzner/controllers/hetznercluster_controller.go:172 +0xX\nsigs.k8s.io/controller-runtime/pkg/internal/controller.(*Controller).Reconcile(0xX?, {0xX?, 0xX?}, {{{0xX?, 0xX?}, {0xX?, 0xX?}}})\n\t/home/janiskemper/Documents/syself/cluster-api-provider-hetzner/vendor/sigs.k8s.io/controller-runtime/pkg/internal/controller/controller.go:119 +0xX\nsigs.k8s.io/controller-runtime/pkg/internal/controller.(*Controller).reconcileHandler(0xX, {0xX, 0xX}, {0xX?, 0xX?})\n\t/home/janiskemper/Documents/syself/cluster-api-provider-hetzner/vendor/sigs.k8s.io/controller-runtime/pkg/internal/controller/controller.go:316 +0xX\nsigs.k8s.io/controller-runtime/pkg/internal/controller.(*Controller).processNextWorkItem(0xX, {0xX, 0xX})\n\t/home/janiskemper/Documents/syself/cluster-api-provider-hetzner/vendor/sigs.k8s.io/controller-runtime/pkg/internal/controller/controller.go:266 +0xX\nsigs.k8s.io/controller-runtime/pkg/internal/controller.(*Controller).Start.func2.2()\n\t/home/janiskemper/Documents/syself/cluster-api-provider-hetzner/vendor/sigs.k8s.io/controller-runtime/pkg/internal/controller/controller.go:227 +0xX\ncreated by sigs.k8s.io/controller-runtime/pkg/internal/controller.(*Controller).Start.func2 in goroutine 152\n\t/home/janiskemper/Documents/syself/cluster-api-provider-hetzner/vendor/sigs.k8s.io/controller-runtime/pkg/internal/controller/controller.go:223 +0xX\n"}
{"level":"INFO","time":"2024-06-11T11:13:07.916Z","logger":"hcloud-api","file":"client/client.go:102","message":"hcloud API called","controller":"hetznercluster","controllerGroup":"infrastructure.cluster.x-k8s.io","controllerKind":"HetznerCluster","HetznerCluster":{"name":"testing","namespace":"default"},"namespace":"default","name":"testing","reconcileID":"8abf6565-996e-44b3-9839-36b1375338db","HetznerCluster":{"name":"testing","namespace":"default"},"Cluster":{"name":"testing","namespace":"default"},"statusCode":200,"method":"GET","url":"https://api.hetzner.cloud/v1/placement_groups?label_selector=caph-cluster-testing%3D%3Downed&page=1","hcloud_token":"xu9pK...","stack":"goroutine 460 [running]:\nruntime/debug.Stack()\n\t/usr/lib/golang/src/runtime/debug/stack.go:24 +0xX\ngithub.com/syself/cluster-api-provider-hetzner/pkg/services/hcloud/client.(*LoggingTransport).RoundTrip(0xX, 0xX)\n\t/home/janiskemper/Documents/syself/cluster-api-provider-hetzner/pkg/services/hcloud/client/client.go:93 +0xX\nnet/http.send(0xX, {0xX, 0xX}, {0xX?, 0xX?, 0xX?})\n\t/usr/lib/golang/src/net/http/client.go:260 +0xX\nnet/http.(*Client).send(0xX, 0xX, {0xX?, 0xX?, 0xX?})\n\t/usr/lib/golang/src/net/http/client.go:181 +0xX\nnet/http.(*Client).do(0xX, 0xX)\n\t/usr/lib/golang/src/net/http/client.go:724 +0xX\nnet/http.(*Client).Do(...)\n\t/usr/lib/golang/src/net/http/client.go:590\ngithub.com/hetznercloud/hcloud-go/v2/hcloud.(*Client).Do(0xX, 0xX, {0xX, 0xX})\n\t/home/janiskemper/Documents/syself/cluster-api-provider-hetzner/vendor/github.com/hetznercloud/hcloud-go/v2/hcloud/client.go:266 +0xX\ngithub.com/hetznercloud/hcloud-go/v2/hcloud.(*PlacementGroupClient).List(0xX, {0xX, 0xX}, {{0xX, 0xX, {0xX, 0xX}}, {0xX, 0xX}, {0xX, ...}, ...})\n\t/home/janiskemper/Documents/syself/cluster-api-provider-hetzner/vendor/github.com/hetznercloud/hcloud-go/v2/hcloud/placement_group.go:112 +0xX\ngithub.com/hetznercloud/hcloud-go/v2/hcloud.(*PlacementGroupClient).AllWithOpts.func1(0xX?)\n\t/home/janiskemper/Documents/syself/cluster-api-provider-hetzner/vendor/github.com/hetznercloud/hcloud-go/v2/hcloud/placement_group.go:140 +0xX\ngithub.com/hetznercloud/hcloud-go/v2/hcloud.(*Client).all(0xX?, 0xX)\n\t/home/janiskemper/Documents/syself/cluster-api-provider-hetzner/vendor/github.com/hetznercloud/hcloud-go/v2/hcloud/client.go:323 +0xX\ngithub.com/hetznercloud/hcloud-go/v2/hcloud.(*PlacementGroupClient).AllWithOpts(0xX?, {0xX?, 0xX?}, {{0xX, 0xX, {0xX, 0xX}}, {0xX, 0xX}, {0xX, ...}, ...})\n\t/home/janiskemper/Documents/syself/cluster-api-provider-hetzner/vendor/github.com/hetznercloud/hcloud-go/v2/hcloud/placement_group.go:138 +0xX\ngithub.com/syself/cluster-api-provider-hetzner/pkg/services/hcloud/client.(*realClient).ListPlacementGroups(0xX?, {0xX?, 0xX?}, {{0xX, 0xX, {0xX, 0xX}}, {0xX, 0xX}, {0xX, ...}, ...})\n\t/home/janiskemper/Documents/syself/cluster-api-provider-hetzner/pkg/services/hcloud/client/client.go:320 +0xX\ngithub.com/syself/cluster-api-provider-hetzner/pkg/services/hcloud/placementgroup.(*Service).findPlacementGroups(0xX, {0xX, 0xX})\n\t/home/janiskemper/Documents/syself/cluster-api-provider-hetzner/pkg/services/hcloud/placementgroup/placementgroup.go:165 +0xX\ngithub.com/syself/cluster-api-provider-hetzner/pkg/services/hcloud/placementgroup.(*Service).Reconcile(0xX, {0xX, 0xX})\n\t/home/janiskemper/Documents/syself/cluster-api-provider-hetzner/pkg/services/hcloud/placementgroup/placementgroup.go:64 +0xX\ngithub.com/syself/cluster-api-provider-hetzner/controllers.(*HetznerClusterReconciler).reconcileNormal(0xX?, {0xX, 0xX}, 0xX)\n\t/home/janiskemper/Documents/syself/cluster-api-provider-hetzner/controllers/hetznercluster_controller.go:228 +0xX\ngithub.com/syself/cluster-api-provider-hetzner/controllers.(*HetznerClusterReconciler).Reconcile(0xX, {0xX, 0xX}, {{{0xX?, 0xX?}, {0xX?, 0xX?}}})\n\t/home/janiskemper/Documents/syself/cluster-api-provider-hetzner/controllers/hetznercluster_controller.go:172 +0xX\nsigs.k8s.io/controller-runtime/pkg/internal/controller.(*Controller).Reconcile(0xX?, {0xX?, 0xX?}, {{{0xX?, 0xX?}, {0xX?, 0xX?}}})\n\t/home/janiskemper/Documents/syself/cluster-api-provider-hetzner/vendor/sigs.k8s.io/controller-runtime/pkg/internal/controller/controller.go:119 +0xX\nsigs.k8s.io/controller-runtime/pkg/internal/controller.(*Controller).reconcileHandler(0xX, {0xX, 0xX}, {0xX?, 0xX?})\n\t/home/janiskemper/Documents/syself/cluster-api-provider-hetzner/vendor/sigs.k8s.io/controller-runtime/pkg/internal/controller/controller.go:316 +0xX\nsigs.k8s.io/controller-runtime/pkg/internal/controller.(*Controller).processNextWorkItem(0xX, {0xX, 0xX})\n\t/home/janiskemper/Documents/syself/cluster-api-provider-hetzner/vendor/sigs.k8s.io/controller-runtime/pkg/internal/controller/controller.go:266 +0xX\nsigs.k8s.io/controller-runtime/pkg/internal/controller.(*Controller).Start.func2.2()\n\t/home/janiskemper/Documents/syself/cluster-api-provider-hetzner/vendor/sigs.k8s.io/controller-runtime/pkg/internal/controller/controller.go:227 +0xX\ncreated by sigs.k8s.io/controller-runtime/pkg/internal/controller.(*Controller).Start.func2 in goroutine 152\n\t/home/janiskemper/Documents/syself/cluster-api-provider-hetzner/vendor/sigs.k8s.io/controller-runtime/pkg/internal/controller/controller.go:223 +0xX\n"}
{"level":"INFO","time":"2024-06-11T11:13:45.820Z","logger":"hcloud-api","file":"client/client.go:102","message":"hcloud API called","controller":"hcloudmachine","controllerGroup":"infrastructure.cluster.x-k8s.io","controllerKind":"HCloudMachine","HCloudMachine":{"name":"testing-md-0-gsd7r-d5fd8","namespace":"default"},"namespace":"default","name":"testing-md-0-gsd7r-d5fd8","reconcileID":"d3ff7b02-1de6-48af-974c-772679ec5e23","HCloudMachine":{"name":"testing-md-0-gsd7r-d5fd8","namespace":"default"},"Machine":{"name":"testing-md-0-gsd7r-d5fd8","namespace":"default"},"Cluster":{"name":"testing","namespace":"default"},"HetznerCluster":{"name":"testing","namespace":"default"},"statusCode":200,"method":"GET","url":"https://api.hetzner.cloud/v1/servers/48678575","hcloud_token":"xu9pK...","stack":"goroutine 463 [running]:\nruntime/debug.Stack()\n\t/usr/lib/golang/src/runtime/debug/stack.go:24 +0xX\ngithub.com/syself/cluster-api-provider-hetzner/pkg/services/hcloud/client.(*LoggingTransport).RoundTrip(0xX, 0xX)\n\t/home/janiskemper/Documents/syself/cluster-api-provider-hetzner/pkg/services/hcloud/client/client.go:93 +0xX\nnet/http.send(0xX, {0xX, 0xX}, {0xX?, 0xX?, 0xX?})\n\t/usr/lib/golang/src/net/http/client.go:260 +0xX\nnet/http.(*Client).send(0xX, 0xX, {0xX?, 0xX?, 0xX?})\n\t/usr/lib/golang/src/net/http/client.go:181 +0xX\nnet/http.(*Client).do(0xX, 0xX)\n\t/usr/lib/golang/src/net/http/client.go:724 +0xX\nnet/http.(*Client).Do(...)\n\t/usr/lib/golang/src/net/http/client.go:590\ngithub.com/hetznercloud/hcloud-go/v2/hcloud.(*Client).Do(0xX, 0xX, {0xX, 0xX})\n\t/home/janiskemper/Documents/syself/cluster-api-provider-hetzner/vendor/github.com/hetznercloud/hcloud-go/v2/hcloud/client.go:266 +0xX\ngithub.com/hetznercloud/hcloud-go/v2/hcloud.(*ServerClient).GetByID(0xX, {0xX, 0xX}, 0xX?)\n\t/home/janiskemper/Documents/syself/cluster-api-provider-hetzner/vendor/github.com/hetznercloud/hcloud-go/v2/hcloud/server.go:207 +0xX\ngithub.com/syself/cluster-api-provider-hetzner/pkg/services/hcloud/client.(*realClient).GetServer(0xX?, {0xX?, 0xX?}, 0xX?)\n\t/home/janiskemper/Documents/syself/cluster-api-provider-hetzner/pkg/services/hcloud/client/client.go:246 +0xX\ngithub.com/syself/cluster-api-provider-hetzner/pkg/services/hcloud/server.(*Service).findServer(0xX, {0xX, 0xX})\n\t/home/janiskemper/Documents/syself/cluster-api-provider-hetzner/pkg/services/hcloud/server/server.go:678 +0xX\ngithub.com/syself/cluster-api-provider-hetzner/pkg/services/hcloud/server.(*Service).Reconcile(0xX, {0xX, 0xX})\n\t/home/janiskemper/Documents/syself/cluster-api-provider-hetzner/pkg/services/hcloud/server/server.go:95 +0xX\ngithub.com/syself/cluster-api-provider-hetzner/controllers.(*HCloudMachineReconciler).reconcileNormal(0xX?, {0xX, 0xX}, 0xX)\n\t/home/janiskemper/Documents/syself/cluster-api-provider-hetzner/controllers/hcloudmachine_controller.go:208 +0xX\ngithub.com/syself/cluster-api-provider-hetzner/controllers.(*HCloudMachineReconciler).Reconcile(0xX, {0xX, 0xX}, {{{0xX?, 0xX?}, {0xX?, 0xX?}}})\n\t/home/janiskemper/Documents/syself/cluster-api-provider-hetzner/controllers/hcloudmachine_controller.go:175 +0xX\nsigs.k8s.io/controller-runtime/pkg/internal/controller.(*Controller).Reconcile(0xX?, {0xX?, 0xX?}, {{{0xX?, 0xX?}, {0xX?, 0xX?}}})\n\t/home/janiskemper/Documents/syself/cluster-api-provider-hetzner/vendor/sigs.k8s.io/controller-runtime/pkg/internal/controller/controller.go:119 +0xX\nsigs.k8s.io/controller-runtime/pkg/internal/controller.(*Controller).reconcileHandler(0xX, {0xX, 0xX}, {0xX?, 0xX?})\n\t/home/janiskemper/Documents/syself/cluster-api-provider-hetzner/vendor/sigs.k8s.io/controller-runtime/pkg/internal/controller/controller.go:316 +0xX\nsigs.k8s.io/controller-runtime/pkg/internal/controller.(*Controller).processNextWorkItem(0xX, {0xX, 0xX})\n\t/home/janiskemper/Documents/syself/cluster-api-provider-hetzner/vendor/sigs.k8s.io/controller-runtime/pkg/internal/controller/controller.go:266 +0xX\nsigs.k8s.io/controller-runtime/pkg/internal/controller.(*Controller).Start.func2.2()\n\t/home/janiskemper/Documents/syself/cluster-api-provider-hetzner/vendor/sigs.k8s.io/controller-runtime/pkg/internal/controller/controller.go:227 +0xX\ncreated by sigs.k8s.io/controller-runtime/pkg/internal/controller.(*Controller).Start.func2 in goroutine 46\n\t/home/janiskemper/Documents/syself/cluster-api-provider-hetzner/vendor/sigs.k8s.io/controller-runtime/pkg/internal/controller/controller.go:223 +0xX\n"}
{"level":"INFO","time":"2024-06-11T11:13:46.046Z","logger":"hcloud-api","file":"client/client.go:102","message":"hcloud API called","controller":"hcloudmachine","controllerGroup":"infrastructure.cluster.x-k8s.io","controllerKind":"HCloudMachine","HCloudMachine":{"name":"testing-md-0-gsd7r-rr28f","namespace":"default"},"namespace":"default","name":"testing-md-0-gsd7r-rr28f","reconcileID":"8ee6a2a1-1d0f-494f-91ed-4628231a89ef","HCloudMachine":{"name":"testing-md-0-gsd7r-rr28f","namespace":"default"},"Machine":{"name":"testing-md-0-gsd7r-rr28f","namespace":"default"},"Cluster":{"name":"testing","namespace":"default"},"HetznerCluster":{"name":"testing","namespace":"default"},"statusCode":200,"method":"GET","url":"https://api.hetzner.cloud/v1/servers/48678623","hcloud_token":"xu9pK...","stack":"goroutine 463 [running]:\nruntime/debug.Stack()\n\t/usr/lib/golang/src/runtime/debug/stack.go:24 +0xX\ngithub.com/syself/cluster-api-provider-hetzner/pkg/services/hcloud/client.(*LoggingTransport).RoundTrip(0xX, 0xX)\n\t/home/janiskemper/Documents/syself/cluster-api-provider-hetzner/pkg/services/hcloud/client/client.go:93 +0xX\nnet/http.send(0xX, {0xX, 0xX}, {0xX?, 0xX?, 0xX?})\n\t/usr/lib/golang/src/net/http/client.go:260 +0xX\nnet/http.(*Client).send(0xX, 0xX, {0xX?, 0xX?, 0xX?})\n\t/usr/lib/golang/src/net/http/client.go:181 +0xX\nnet/http.(*Client).do(0xX, 0xX)\n\t/usr/lib/golang/src/net/http/client.go:724 +0xX\nnet/http.(*Client).Do(...)\n\t/usr/lib/golang/src/net/http/client.go:590\ngithub.com/hetznercloud/hcloud-go/v2/hcloud.(*Client).Do(0xX, 0xX, {0xX, 0xX})\n\t/home/janiskemper/Documents/syself/cluster-api-provider-hetzner/vendor/github.com/hetznercloud/hcloud-go/v2/hcloud/client.go:266 +0xX\ngithub.com/hetznercloud/hcloud-go/v2/hcloud.(*ServerClient).GetByID(0xX, {0xX, 0xX}, 0xX?)\n\t/home/janiskemper/Documents/syself/cluster-api-provider-hetzner/vendor/github.com/hetznercloud/hcloud-go/v2/hcloud/server.go:207 +0xX\ngithub.com/syself/cluster-api-provider-hetzner/pkg/services/hcloud/client.(*realClient).GetServer(0xX?, {0xX?, 0xX?}, 0xX?)\n\t/home/janiskemper/Documents/syself/cluster-api-provider-hetzner/pkg/services/hcloud/client/client.go:246 +0xX\ngithub.com/syself/cluster-api-provider-hetzner/pkg/services/hcloud/server.(*Service).findServer(0xX, {0xX, 0xX})\n\t/home/janiskemper/Documents/syself/cluster-api-provider-hetzner/pkg/services/hcloud/server/server.go:678 +0xX\ngithub.com/syself/cluster-api-provider-hetzner/pkg/services/hcloud/server.(*Service).Reconcile(0xX, {0xX, 0xX})\n\t/home/janiskemper/Documents/syself/cluster-api-provider-hetzner/pkg/services/hcloud/server/server.go:95 +0xX\ngithub.com/syself/cluster-api-provider-hetzner/controllers.(*HCloudMachineReconciler).reconcileNormal(0xX?, {0xX, 0xX}, 0xX)\n\t/home/janiskemper/Documents/syself/cluster-api-provider-hetzner/controllers/hcloudmachine_controller.go:208 +0xX\ngithub.com/syself/cluster-api-provider-hetzner/controllers.(*HCloudMachineReconciler).Reconcile(0xX, {0xX, 0xX}, {{{0xX?, 0xX?}, {0xX?, 0xX?}}})\n\t/home/janiskemper/Documents/syself/cluster-api-provider-hetzner/controllers/hcloudmachine_controller.go:175 +0xX\nsigs.k8s.io/controller-runtime/pkg/internal/controller.(*Controller).Reconcile(0xX?, {0xX?, 0xX?}, {{{0xX?, 0xX?}, {0xX?, 0xX?}}})\n\t/home/janiskemper/Documents/syself/cluster-api-provider-hetzner/vendor/sigs.k8s.io/controller-runtime/pkg/internal/controller/controller.go:119 +0xX\nsigs.k8s.io/controller-runtime/pkg/internal/controller.(*Controller).reconcileHandler(0xX, {0xX, 0xX}, {0xX?, 0xX?})\n\t/home/janiskemper/Documents/syself/cluster-api-provider-hetzner/vendor/sigs.k8s.io/controller-runtime/pkg/internal/controller/controller.go:316 +0xX\nsigs.k8s.io/controller-runtime/pkg/internal/controller.(*Controller).processNextWorkItem(0xX, {0xX, 0xX})\n\t/home/janiskemper/Documents/syself/cluster-api-provider-hetzner/vendor/sigs.k8s.io/controller-runtime/pkg/internal/controller/controller.go:266 +0xX\nsigs.k8s.io/controller-runtime/pkg/internal/controller.(*Controller).Start.func2.2()\n\t/home/janiskemper/Documents/syself/cluster-api-provider-hetzner/vendor/sigs.k8s.io/controller-runtime/pkg/internal/controller/controller.go:227 +0xX\ncreated by sigs.k8s.io/controller-runtime/pkg/internal/controller.(*Controller).Start.func2 in goroutine 46\n\t/home/janiskemper/Documents/syself/cluster-api-provider-hetzner/vendor/sigs.k8s.io/controller-runtime/pkg/internal/controller/controller.go:223 +0xX\n"}
{"level":"INFO","time":"2024-06-11T11:13:46.299Z","logger":"hcloud-api","file":"client/client.go:102","message":"hcloud API called","controller":"hcloudmachine","controllerGroup":"infrastructure.cluster.x-k8s.io","controllerKind":"HCloudMachine","HCloudMachine":{"name":"testing-md-0-gsd7r-s4p9d","namespace":"default"},"namespace":"default","name":"testing-md-0-gsd7r-s4p9d","reconcileID":"5b6ea358-9746-4a29-ae53-86bc865fd2ea","HCloudMachine":{"name":"testing-md-0-gsd7r-s4p9d","namespace":"default"},"Machine":{"name":"testing-md-0-gsd7r-s4p9d","namespace":"default"},"Cluster":{"name":"testing","namespace":"default"},"HetznerCluster":{"name":"testing","namespace":"default"},"statusCode":200,"method":"GET","url":"https://api.hetzner.cloud/v1/servers/48678624","hcloud_token":"xu9pK...","stack":"goroutine 463 [running]:\nruntime/debug.Stack()\n\t/usr/lib/golang/src/runtime/debug/stack.go:24 +0xX\ngithub.com/syself/cluster-api-provider-hetzner/pkg/services/hcloud/client.(*LoggingTransport).RoundTrip(0xX, 0xX)\n\t/home/janiskemper/Documents/syself/cluster-api-provider-hetzner/pkg/services/hcloud/client/client.go:93 +0xX\nnet/http.send(0xX, {0xX, 0xX}, {0xX?, 0xX?, 0xX?})\n\t/usr/lib/golang/src/net/http/client.go:260 +0xX\nnet/http.(*Client).send(0xX, 0xX, {0xX?, 0xX?, 0xX?})\n\t/usr/lib/golang/src/net/http/client.go:181 +0xX\nnet/http.(*Client).do(0xX, 0xX)\n\t/usr/lib/golang/src/net/http/client.go:724 +0xX\nnet/http.(*Client).Do(...)\n\t/usr/lib/golang/src/net/http/client.go:590\ngithub.com/hetznercloud/hcloud-go/v2/hcloud.(*Client).Do(0xX, 0xX, {0xX, 0xX})\n\t/home/janiskemper/Documents/syself/cluster-api-provider-hetzner/vendor/github.com/hetznercloud/hcloud-go/v2/hcloud/client.go:266 +0xX\ngithub.com/hetznercloud/hcloud-go/v2/hcloud.(*ServerClient).GetByID(0xX, {0xX, 0xX}, 0xX?)\n\t/home/janiskemper/Documents/syself/cluster-api-provider-hetzner/vendor/github.com/hetznercloud/hcloud-go/v2/hcloud/server.go:207 +0xX\ngithub.com/syself/cluster-api-provider-hetzner/pkg/services/hcloud/client.(*realClient).GetServer(0xX?, {0xX?, 0xX?}, 0xX?)\n\t/home/janiskemper/Documents/syself/cluster-api-provider-hetzner/pkg/services/hcloud/client/client.go:246 +0xX\ngithub.com/syself/cluster-api-provider-hetzner/pkg/services/hcloud/server.(*Service).findServer(0xX, {0xX, 0xX})\n\t/home/janiskemper/Documents/syself/cluster-api-provider-hetzner/pkg/services/hcloud/server/server.go:678 +0xX\ngithub.com/syself/cluster-api-provider-hetzner/pkg/services/hcloud/server.(*Service).Reconcile(0xX, {0xX, 0xX})\n\t/home/janiskemper/Documents/syself/cluster-api-provider-hetzner/pkg/services/hcloud/server/server.go:95 +0xX\ngithub.com/syself/cluster-api-provider-hetzner/controllers.(*HCloudMachineReconciler).reconcileNormal(0xX?, {0xX, 0xX}, 0xX)\n\t/home/janiskemper/Documents/syself/cluster-api-provider-hetzner/controllers/hcloudmachine_controller.go:208 +0xX\ngithub.com/syself/cluster-api-provider-hetzner/controllers.(*HCloudMachineReconciler).Reconcile(0xX, {0xX, 0xX}, {{{0xX?, 0xX?}, {0xX?, 0xX?}}})\n\t/home/janiskemper/Documents/syself/cluster-api-provider-hetzner/controllers/hcloudmachine_controller.go:175 +0xX\nsigs.k8s.io/controller-runtime/pkg/internal/controller.(*Controller).Reconcile(0xX?, {0xX?, 0xX?}, {{{0xX?, 0xX?}, {0xX?, 0xX?}}})\n\t/home/janiskemper/Documents/syself/cluster-api-provider-hetzner/vendor/sigs.k8s.io/controller-runtime/pkg/internal/controller/controller.go:119 +0xX\nsigs.k8s.io/controller-runtime/pkg/internal/controller.(*Controller).reconcileHandler(0xX, {0xX, 0xX}, {0xX?, 0xX?})\n\t/home/janiskemper/Documents/syself/cluster-api-provider-hetzner/vendor/sigs.k8s.io/controller-runtime/pkg/internal/controller/controller.go:316 +0xX\nsigs.k8s.io/controller-runtime/pkg/internal/controller.(*Controller).processNextWorkItem(0xX, {0xX, 0xX})\n\t/home/janiskemper/Documents/syself/cluster-api-provider-hetzner/vendor/sigs.k8s.io/controller-runtime/pkg/internal/controller/controller.go:266 +0xX\nsigs.k8s.io/controller-runtime/pkg/internal/controller.(*Controller).Start.func2.2()\n\t/home/janiskemper/Documents/syself/cluster-api-provider-hetzner/vendor/sigs.k8s.io/controller-runtime/pkg/internal/controller/controller.go:227 +0xX\ncreated by sigs.k8s.io/controller-runtime/pkg/internal/controller.(*Controller).Start.func2 in goroutine 46\n\t/home/janiskemper/Documents/syself/cluster-api-provider-hetzner/vendor/sigs.k8s.io/controller-runtime/pkg/internal/controller/controller.go:223 +0xX\n"}
{"level":"INFO","time":"2024-06-11T11:13:46.548Z","logger":"hcloud-api","file":"client/client.go:102","message":"hcloud API called","controller":"hcloudmachine","controllerGroup":"infrastructure.cluster.x-k8s.io","controllerKind":"HCloudMachine","HCloudMachine":{"name":"testing-control-plane-svc5p","namespace":"default"},"namespace":"default","name":"testing-control-plane-svc5p","reconcileID":"4060e144-68f1-466d-a2a1-2cc5d2db21ad","HCloudMachine":{"name":"testing-control-plane-svc5p","namespace":"default"},"Machine":{"name":"testing-control-plane-svc5p","namespace":"default"},"Cluster":{"name":"testing","namespace":"default"},"HetznerCluster":{"name":"testing","namespace":"default"},"statusCode":200,"method":"GET","url":"https://api.hetzner.cloud/v1/servers/48678441","hcloud_token":"xu9pK...","stack":"goroutine 463 [running]:\nruntime/debug.Stack()\n\t/usr/lib/golang/src/runtime/debug/stack.go:24 +0xX\ngithub.com/syself/cluster-api-provider-hetzner/pkg/services/hcloud/client.(*LoggingTransport).RoundTrip(0xX, 0xX)\n\t/home/janiskemper/Documents/syself/cluster-api-provider-hetzner/pkg/services/hcloud/client/client.go:93 +0xX\nnet/http.send(0xX, {0xX, 0xX}, {0xX?, 0xX?, 0xX?})\n\t/usr/lib/golang/src/net/http/client.go:260 +0xX\nnet/http.(*Client).send(0xX, 0xX, {0xX?, 0xX?, 0xX?})\n\t/usr/lib/golang/src/net/http/client.go:181 +0xX\nnet/http.(*Client).do(0xX, 0xX)\n\t/usr/lib/golang/src/net/http/client.go:724 +0xX\nnet/http.(*Client).Do(...)\n\t/usr/lib/golang/src/net/http/client.go:590\ngithub.com/hetznercloud/hcloud-go/v2/hcloud.(*Client).Do(0xX, 0xX, {0xX, 0xX})\n\t/home/janiskemper/Documents/syself/cluster-api-provider-hetzner/vendor/github.com/hetznercloud/hcloud-go/v2/hcloud/client.go:266 +0xX\ngithub.com/hetznercloud/hcloud-go/v2/hcloud.(*ServerClient).GetByID(0xX, {0xX, 0xX}, 0xX?)\n\t/home/janiskemper/Documents/syself/cluster-api-provider-hetzner/vendor/github.com/hetznercloud/hcloud-go/v2/hcloud/server.go:207 +0xX\ngithub.com/syself/cluster-api-provider-hetzner/pkg/services/hcloud/client.(*realClient).GetServer(0xX?, {0xX?, 0xX?}, 0xX?)\n\t/home/janiskemper/Documents/syself/cluster-api-provider-hetzner/pkg/services/hcloud/client/client.go:246 +0xX\ngithub.com/syself/cluster-api-provider-hetzner/pkg/services/hcloud/server.(*Service).findServer(0xX, {0xX, 0xX})\n\t/home/janiskemper/Documents/syself/cluster-api-provider-hetzner/pkg/services/hcloud/server/server.go:678 +0xX\ngithub.com/syself/cluster-api-provider-hetzner/pkg/services/hcloud/server.(*Service).Reconcile(0xX, {0xX, 0xX})\n\t/home/janiskemper/Documents/syself/cluster-api-provider-hetzner/pkg/services/hcloud/server/server.go:95 +0xX\ngithub.com/syself/cluster-api-provider-hetzner/controllers.(*HCloudMachineReconciler).reconcileNormal(0xX?, {0xX, 0xX}, 0xX)\n\t/home/janiskemper/Documents/syself/cluster-api-provider-hetzner/controllers/hcloudmachine_controller.go:208 +0xX\ngithub.com/syself/cluster-api-provider-hetzner/controllers.(*HCloudMachineReconciler).Reconcile(0xX, {0xX, 0xX}, {{{0xX?, 0xX?}, {0xX?, 0xX?}}})\n\t/home/janiskemper/Documents/syself/cluster-api-provider-hetzner/controllers/hcloudmachine_controller.go:175 +0xX\nsigs.k8s.io/controller-runtime/pkg/internal/controller.(*Controller).Reconcile(0xX?, {0xX?, 0xX?}, {{{0xX?, 0xX?}, {0xX?, 0xX?}}})\n\t/home/janiskemper/Documents/syself/cluster-api-provider-hetzner/vendor/sigs.k8s.io/controller-runtime/pkg/internal/controller/controller.go:119 +0xX\nsigs.k8s.io/controller-runtime/pkg/internal/controller.(*Controller).reconcileHandler(0xX, {0xX, 0xX}, {0xX?, 0xX?})\n\t/home/janiskemper/Documents/syself/cluster-api-provider-hetzner/vendor/sigs.k8s.io/controller-runtime/pkg/internal/controller/controller.go:316 +0xX\nsigs.k8s.io/controller-runtime/pkg/internal/controller.(*Controller).processNextWorkItem(0xX, {0xX, 0xX})\n\t/home/janiskemper/Documents/syself/cluster-api-provider-hetzner/vendor/sigs.k8s.io/controller-runtime/pkg/internal/controller/controller.go:266 +0xX\nsigs.k8s.io/controller-runtime/pkg/internal/controller.(*Controller).Start.func2.2()\n\t/home/janiskemper/Documents/syself/cluster-api-provider-hetzner/vendor/sigs.k8s.io/controller-runtime/pkg/internal/controller/controller.go:227 +0xX\ncreated by sigs.k8s.io/controller-runtime/pkg/internal/controller.(*Controller).Start.func2 in goroutine 46\n\t/home/janiskemper/Documents/syself/cluster-api-provider-hetzner/vendor/sigs.k8s.io/controller-runtime/pkg/internal/controller/controller.go:223 +0xX\n"}
{"level":"INFO","time":"2024-06-11T11:13:46.817Z","logger":"hcloud-api","file":"client/client.go:102","message":"hcloud API called","controller":"hcloudmachine","controllerGroup":"infrastructure.cluster.x-k8s.io","controllerKind":"HCloudMachine","HCloudMachine":{"name":"testing-control-plane-cfvjj","namespace":"default"},"namespace":"default","name":"testing-control-plane-cfvjj","reconcileID":"6c4268b1-65c3-49cb-9b59-6b5e2c04d562","HCloudMachine":{"name":"testing-control-plane-cfvjj","namespace":"default"},"Machine":{"name":"testing-control-plane-cfvjj","namespace":"default"},"Cluster":{"name":"testing","namespace":"default"},"HetznerCluster":{"name":"testing","namespace":"default"},"statusCode":200,"method":"GET","url":"https://api.hetzner.cloud/v1/servers/48678576","hcloud_token":"xu9pK...","stack":"goroutine 463 [running]:\nruntime/debug.Stack()\n\t/usr/lib/golang/src/runtime/debug/stack.go:24 +0xX\ngithub.com/syself/cluster-api-provider-hetzner/pkg/services/hcloud/client.(*LoggingTransport).RoundTrip(0xX, 0xX)\n\t/home/janiskemper/Documents/syself/cluster-api-provider-hetzner/pkg/services/hcloud/client/client.go:93 +0xX\nnet/http.send(0xX, {0xX, 0xX}, {0xX?, 0xX?, 0xX?})\n\t/usr/lib/golang/src/net/http/client.go:260 +0xX\nnet/http.(*Client).send(0xX, 0xX, {0xX?, 0xX?, 0xX?})\n\t/usr/lib/golang/src/net/http/client.go:181 +0xX\nnet/http.(*Client).do(0xX, 0xX)\n\t/usr/lib/golang/src/net/http/client.go:724 +0xX\nnet/http.(*Client).Do(...)\n\t/usr/lib/golang/src/net/http/client.go:590\ngithub.com/hetznercloud/hcloud-go/v2/hcloud.(*Client).Do(0xX, 0xX, {0xX, 0xX})\n\t/home/janiskemper/Documents/syself/cluster-api-provider-hetzner/vendor/github.com/hetznercloud/hcloud-go/v2/hcloud/client.go:266 +0xX\ngithub.com/hetznercloud/hcloud-go/v2/hcloud.(*ServerClient).GetByID(0xX, {0xX, 0xX}, 0xX?)\n\t/home/janiskemper/Documents/syself/cluster-api-provider-hetzner/vendor/github.com/hetznercloud/hcloud-go/v2/hcloud/server.go:207 +0xX\ngithub.com/syself/cluster-api-provider-hetzner/pkg/services/hcloud/client.(*realClient).GetServer(0xX?, {0xX?, 0xX?}, 0xX?)\n\t/home/janiskemper/Documents/syself/cluster-api-provider-hetzner/pkg/services/hcloud/client/client.go:246 +0xX\ngithub.com/syself/cluster-api-provider-hetzner/pkg/services/hcloud/server.(*Service).findServer(0xX, {0xX, 0xX})\n\t/home/janiskemper/Documents/syself/cluster-api-provider-hetzner/pkg/services/hcloud/server/server.go:678 +0xX\ngithub.com/syself/cluster-api-provider-hetzner/pkg/services/hcloud/server.(*Service).Reconcile(0xX, {0xX, 0xX})\n\t/home/janiskemper/Documents/syself/cluster-api-provider-hetzner/pkg/services/hcloud/server/server.go:95 +0xX\ngithub.com/syself/cluster-api-provider-hetzner/controllers.(*HCloudMachineReconciler).reconcileNormal(0xX?, {0xX, 0xX}, 0xX)\n\t/home/janiskemper/Documents/syself/cluster-api-provider-hetzner/controllers/hcloudmachine_controller.go:208 +0xX\ngithub.com/syself/cluster-api-provider-hetzner/controllers.(*HCloudMachineReconciler).Reconcile(0xX, {0xX, 0xX}, {{{0xX?, 0xX?}, {0xX?, 0xX?}}})\n\t/home/janiskemper/Documents/syself/cluster-api-provider-hetzner/controllers/hcloudmachine_controller.go:175 +0xX\nsigs.k8s.io/controller-runtime/pkg/internal/controller.(*Controller).Reconcile(0xX?, {0xX?, 0xX?}, {{{0xX?, 0xX?}, {0xX?, 0xX?}}})\n\t/home/janiskemper/Documents/syself/cluster-api-provider-hetzner/vendor/sigs.k8s.io/controller-runtime/pkg/internal/controller/controller.go:119 +0xX\nsigs.k8s.io/controller-runtime/pkg/internal/controller.(*Controller).reconcileHandler(0xX, {0xX, 0xX}, {0xX?, 0xX?})\n\t/home/janiskemper/Documents/syself/cluster-api-provider-hetzner/vendor/sigs.k8s.io/controller-runtime/pkg/internal/controller/controller.go:316 +0xX\nsigs.k8s.io/controller-runtime/pkg/internal/controller.(*Controller).processNextWorkItem(0xX, {0xX, 0xX})\n\t/home/janiskemper/Documents/syself/cluster-api-provider-hetzner/vendor/sigs.k8s.io/controller-runtime/pkg/internal/controller/controller.go:266 +0xX\nsigs.k8s.io/controller-runtime/pkg/internal/controller.(*Controller).Start.func2.2()\n\t/home/janiskemper/Documents/syself/cluster-api-provider-hetzner/vendor/sigs.k8s.io/controller-runtime/pkg/internal/controller/controller.go:227 +0xX\ncreated by sigs.k8s.io/controller-runtime/pkg/internal/controller.(*Controller).Start.func2 in goroutine 46\n\t/home/janiskemper/Documents/syself/cluster-api-provider-hetzner/vendor/sigs.k8s.io/controller-runtime/pkg/internal/controller/controller.go:223 +0xX\n"}
{"level":"INFO","time":"2024-06-11T11:13:47.025Z","logger":"hcloud-api","file":"client/client.go:102","message":"hcloud API called","controller":"hcloudmachine","controllerGroup":"infrastructure.cluster.x-k8s.io","controllerKind":"HCloudMachine","HCloudMachine":{"name":"testing-control-plane-lqtn6","namespace":"default"},"namespace":"default","name":"testing-control-plane-lqtn6","reconcileID":"e7c5bc2b-0546-4d5e-9d79-dcdc135ab932","HCloudMachine":{"name":"testing-control-plane-lqtn6","namespace":"default"},"Machine":{"name":"testing-control-plane-lqtn6","namespace":"default"},"Cluster":{"name":"testing","namespace":"default"},"HetznerCluster":{"name":"testing","namespace":"default"},"statusCode":200,"method":"GET","url":"https://api.hetzner.cloud/v1/servers/48678781","hcloud_token":"xu9pK...","stack":"goroutine 463 [running]:\nruntime/debug.Stack()\n\t/usr/lib/golang/src/runtime/debug/stack.go:24 +0xX\ngithub.com/syself/cluster-api-provider-hetzner/pkg/services/hcloud/client.(*LoggingTransport).RoundTrip(0xX, 0xX)\n\t/home/janiskemper/Documents/syself/cluster-api-provider-hetzner/pkg/services/hcloud/client/client.go:93 +0xX\nnet/http.send(0xX, {0xX, 0xX}, {0xX?, 0xX?, 0xX?})\n\t/usr/lib/golang/src/net/http/client.go:260 +0xX\nnet/http.(*Client).send(0xX, 0xX, {0xX?, 0xX?, 0xX?})\n\t/usr/lib/golang/src/net/http/client.go:181 +0xX\nnet/http.(*Client).do(0xX, 0xX)\n\t/usr/lib/golang/src/net/http/client.go:724 +0xX\nnet/http.(*Client).Do(...)\n\t/usr/lib/golang/src/net/http/client.go:590\ngithub.com/hetznercloud/hcloud-go/v2/hcloud.(*Client).Do(0xX, 0xX, {0xX, 0xX})\n\t/home/janiskemper/Documents/syself/cluster-api-provider-hetzner/vendor/github.com/hetznercloud/hcloud-go/v2/hcloud/client.go:266 +0xX\ngithub.com/hetznercloud/hcloud-go/v2/hcloud.(*ServerClient).GetByID(0xX, {0xX, 0xX}, 0xX?)\n\t/home/janiskemper/Documents/syself/cluster-api-provider-hetzner/vendor/github.com/hetznercloud/hcloud-go/v2/hcloud/server.go:207 +0xX\ngithub.com/syself/cluster-api-provider-hetzner/pkg/services/hcloud/client.(*realClient).GetServer(0xX?, {0xX?, 0xX?}, 0xX?)\n\t/home/janiskemper/Documents/syself/cluster-api-provider-hetzner/pkg/services/hcloud/client/client.go:246 +0xX\ngithub.com/syself/cluster-api-provider-hetzner/pkg/services/hcloud/server.(*Service).findServer(0xX, {0xX, 0xX})\n\t/home/janiskemper/Documents/syself/cluster-api-provider-hetzner/pkg/services/hcloud/server/server.go:678 +0xX\ngithub.com/syself/cluster-api-provider-hetzner/pkg/services/hcloud/server.(*Service).Reconcile(0xX, {0xX, 0xX})\n\t/home/janiskemper/Documents/syself/cluster-api-provider-hetzner/pkg/services/hcloud/server/server.go:95 +0xX\ngithub.com/syself/cluster-api-provider-hetzner/controllers.(*HCloudMachineReconciler).reconcileNormal(0xX?, {0xX, 0xX}, 0xX)\n\t/home/janiskemper/Documents/syself/cluster-api-provider-hetzner/controllers/hcloudmachine_controller.go:208 +0xX\ngithub.com/syself/cluster-api-provider-hetzner/controllers.(*HCloudMachineReconciler).Reconcile(0xX, {0xX, 0xX}, {{{0xX?, 0xX?}, {0xX?, 0xX?}}})\n\t/home/janiskemper/Documents/syself/cluster-api-provider-hetzner/controllers/hcloudmachine_controller.go:175 +0xX\nsigs.k8s.io/controller-runtime/pkg/internal/controller.(*Controller).Reconcile(0xX?, {0xX?, 0xX?}, {{{0xX?, 0xX?}, {0xX?, 0xX?}}})\n\t/home/janiskemper/Documents/syself/cluster-api-provider-hetzner/vendor/sigs.k8s.io/controller-runtime/pkg/internal/controller/controller.go:119 +0xX\nsigs.k8s.io/controller-runtime/pkg/internal/controller.(*Controller).reconcileHandler(0xX, {0xX, 0xX}, {0xX?, 0xX?})\n\t/home/janiskemper/Documents/syself/cluster-api-provider-hetzner/vendor/sigs.k8s.io/controller-runtime/pkg/internal/controller/controller.go:316 +0xX\nsigs.k8s.io/controller-runtime/pkg/internal/controller.(*Controller).processNextWorkItem(0xX, {0xX, 0xX})\n\t/home/janiskemper/Documents/syself/cluster-api-provider-hetzner/vendor/sigs.k8s.io/controller-runtime/pkg/internal/controller/controller.go:266 +0xX\nsigs.k8s.io/controller-runtime/pkg/internal/controller.(*Controller).Start.func2.2()\n\t/home/janiskemper/Documents/syself/cluster-api-provider-hetzner/vendor/sigs.k8s.io/controller-runtime/pkg/internal/controller/controller.go:227 +0xX\ncreated by sigs.k8s.io/controller-runtime/pkg/internal/controller.(*Controller).Start.func2 in goroutine 46\n\t/home/janiskemper/Documents/syself/cluster-api-provider-hetzner/vendor/sigs.k8s.io/controller-runtime/pkg/internal/controller/controller.go:223 +0xX\n"}
{"level":"INFO","time":"2024-06-11T11:14:41.600Z","logger":"hcloud-api","file":"client/client.go:102","message":"hcloud API called","controller":"hetznercluster","controllerGroup":"infrastructure.cluster.x-k8s.io","controllerKind":"HetznerCluster","HetznerCluster":{"name":"testing","namespace":"default"},"namespace":"default","name":"testing","reconcileID":"0043e052-3c18-48ab-b445-b55f59728568","HetznerCluster":{"name":"testing","namespace":"default"},"Cluster":{"name":"testing","namespace":"default"},"statusCode":200,"method":"GET","url":"https://api.hetzner.cloud/v1/load_balancers?label_selector=caph-cluster-testing%3D%3Downed&page=1","hcloud_token":"xu9pK...","stack":"goroutine 460 [running]:\nruntime/debug.Stack()\n\t/usr/lib/golang/src/runtime/debug/stack.go:24 +0xX\ngithub.com/syself/cluster-api-provider-hetzner/pkg/services/hcloud/client.(*LoggingTransport).RoundTrip(0xX, 0xX)\n\t/home/janiskemper/Documents/syself/cluster-api-provider-hetzner/pkg/services/hcloud/client/client.go:93 +0xX\nnet/http.send(0xX, {0xX, 0xX}, {0xX?, 0xX?, 0xX?})\n\t/usr/lib/golang/src/net/http/client.go:260 +0xX\nnet/http.(*Client).send(0xX, 0xX, {0xX?, 0xX?, 0xX?})\n\t/usr/lib/golang/src/net/http/client.go:181 +0xX\nnet/http.(*Client).do(0xX, 0xX)\n\t/usr/lib/golang/src/net/http/client.go:724 +0xX\nnet/http.(*Client).Do(...)\n\t/usr/lib/golang/src/net/http/client.go:590\ngithub.com/hetznercloud/hcloud-go/v2/hcloud.(*Client).Do(0xX, 0xX, {0xX, 0xX})\n\t/home/janiskemper/Documents/syself/cluster-api-provider-hetzner/vendor/github.com/hetznercloud/hcloud-go/v2/hcloud/client.go:266 +0xX\ngithub.com/hetznercloud/hcloud-go/v2/hcloud.(*LoadBalancerClient).List(0xX, {0xX, 0xX}, {{0xX, 0xX, {0xX, 0xX}}, {0xX, 0xX}, {0xX, ...}})\n\t/home/janiskemper/Documents/syself/cluster-api-provider-hetzner/vendor/github.com/hetznercloud/hcloud-go/v2/hcloud/load_balancer.go:313 +0xX\ngithub.com/hetznercloud/hcloud-go/v2/hcloud.(*LoadBalancerClient).AllWithOpts.func1(0xX?)\n\t/home/janiskemper/Documents/syself/cluster-api-provider-hetzner/vendor/github.com/hetznercloud/hcloud-go/v2/hcloud/load_balancer.go:335 +0xX\ngithub.com/hetznercloud/hcloud-go/v2/hcloud.(*Client).all(0xX?, 0xX)\n\t/home/janiskemper/Documents/syself/cluster-api-provider-hetzner/vendor/github.com/hetznercloud/hcloud-go/v2/hcloud/client.go:323 +0xX\ngithub.com/hetznercloud/hcloud-go/v2/hcloud.(*LoadBalancerClient).AllWithOpts(0xX?, {0xX?, 0xX?}, {{0xX, 0xX, {0xX, 0xX}}, {0xX, 0xX}, {0xX, ...}})\n\t/home/janiskemper/Documents/syself/cluster-api-provider-hetzner/vendor/github.com/hetznercloud/hcloud-go/v2/hcloud/load_balancer.go:333 +0xX\ngithub.com/syself/cluster-api-provider-hetzner/pkg/services/hcloud/client.(*realClient).ListLoadBalancers(0xX?, {0xX?, 0xX?}, {{0xX, 0xX, {0xX, 0xX}}, {0xX, 0xX}, {0xX, ...}})\n\t/home/janiskemper/Documents/syself/cluster-api-provider-hetzner/pkg/services/hcloud/client/client.go:157 +0xX\ngithub.com/syself/cluster-api-provider-hetzner/pkg/services/hcloud/loadbalancer.(*Service).findLoadBalancer(0xX, {0xX, 0xX})\n\t/home/janiskemper/Documents/syself/cluster-api-provider-hetzner/pkg/services/hcloud/loadbalancer/loadbalancer.go:427 +0xX\ngithub.com/syself/cluster-api-provider-hetzner/pkg/services/hcloud/loadbalancer.(*Service).Reconcile(0xX, {0xX, 0xX})\n\t/home/janiskemper/Documents/syself/cluster-api-provider-hetzner/pkg/services/hcloud/loadbalancer/loadbalancer.go:65 +0xX\ngithub.com/syself/cluster-api-provider-hetzner/controllers.(*HetznerClusterReconciler).reconcileNormal(0xX?, {0xX, 0xX}, 0xX)\n\t/home/janiskemper/Documents/syself/cluster-api-provider-hetzner/controllers/hetznercluster_controller.go:219 +0xX\ngithub.com/syself/cluster-api-provider-hetzner/controllers.(*HetznerClusterReconciler).Reconcile(0xX, {0xX, 0xX}, {{{0xX?, 0xX?}, {0xX?, 0xX?}}})\n\t/home/janiskemper/Documents/syself/cluster-api-provider-hetzner/controllers/hetznercluster_controller.go:172 +0xX\nsigs.k8s.io/controller-runtime/pkg/internal/controller.(*Controller).Reconcile(0xX?, {0xX?, 0xX?}, {{{0xX?, 0xX?}, {0xX?, 0xX?}}})\n\t/home/janiskemper/Documents/syself/cluster-api-provider-hetzner/vendor/sigs.k8s.io/controller-runtime/pkg/internal/controller/controller.go:119 +0xX\nsigs.k8s.io/controller-runtime/pkg/internal/controller.(*Controller).reconcileHandler(0xX, {0xX, 0xX}, {0xX?, 0xX?})\n\t/home/janiskemper/Documents/syself/cluster-api-provider-hetzner/vendor/sigs.k8s.io/controller-runtime/pkg/internal/controller/controller.go:316 +0xX\nsigs.k8s.io/controller-runtime/pkg/internal/controller.(*Controller).processNextWorkItem(0xX, {0xX, 0xX})\n\t/home/janiskemper/Documents/syself/cluster-api-provider-hetzner/vendor/sigs.k8s.io/controller-runtime/pkg/internal/controller/controller.go:266 +0xX\nsigs.k8s.io/controller-runtime/pkg/internal/controller.(*Controller).Start.func2.2()\n\t/home/janiskemper/Documents/syself/cluster-api-provider-hetzner/vendor/sigs.k8s.io/controller-runtime/pkg/internal/controller/controller.go:227 +0xX\ncreated by sigs.k8s.io/controller-runtime/pkg/internal/controller.(*Controller).Start.func2 in goroutine 152\n\t/home/janiskemper/Documents/syself/cluster-api-provider-hetzner/vendor/sigs.k8s.io/controller-runtime/pkg/internal/controller/controller.go:223 +0xX\n"}
{"level":"INFO","time":"2024-06-11T11:14:41.674Z","logger":"hcloud-api","file":"client/client.go:102","message":"hcloud API called","controller":"hetznercluster","controllerGroup":"infrastructure.cluster.x-k8s.io","controllerKind":"HetznerCluster","HetznerCluster":{"name":"testing","namespace":"default"},"namespace":"default","name":"testing","reconcileID":"0043e052-3c18-48ab-b445-b55f59728568","HetznerCluster":{"name":"testing","namespace":"default"},"Cluster":{"name":"testing","namespace":"default"},"statusCode":200,"method":"GET","url":"https://api.hetzner.cloud/v1/placement_groups?label_selector=caph-cluster-testing%3D%3Downed&page=1","hcloud_token":"xu9pK...","stack":"goroutine 460 [running]:\nruntime/debug.Stack()\n\t/usr/lib/golang/src/runtime/debug/stack.go:24 +0xX\ngithub.com/syself/cluster-api-provider-hetzner/pkg/services/hcloud/client.(*LoggingTransport).RoundTrip(0xX, 0xX)\n\t/home/janiskemper/Documents/syself/cluster-api-provider-hetzner/pkg/services/hcloud/client/client.go:93 +0xX\nnet/http.send(0xX, {0xX, 0xX}, {0xX?, 0xX?, 0xX?})\n\t/usr/lib/golang/src/net/http/client.go:260 +0xX\nnet/http.(*Client).send(0xX, 0xX, {0xX?, 0xX?, 0xX?})\n\t/usr/lib/golang/src/net/http/client.go:181 +0xX\nnet/http.(*Client).do(0xX, 0xX)\n\t/usr/lib/golang/src/net/http/client.go:724 +0xX\nnet/http.(*Client).Do(...)\n\t/usr/lib/golang/src/net/http/client.go:590\ngithub.com/hetznercloud/hcloud-go/v2/hcloud.(*Client).Do(0xX, 0xX, {0xX, 0xX})\n\t/home/janiskemper/Documents/syself/cluster-api-provider-hetzner/vendor/github.com/hetznercloud/hcloud-go/v2/hcloud/client.go:266 +0xX\ngithub.com/hetznercloud/hcloud-go/v2/hcloud.(*PlacementGroupClient).List(0xX, {0xX, 0xX}, {{0xX, 0xX, {0xX, 0xX}}, {0xX, 0xX}, {0xX, ...}, ...})\n\t/home/janiskemper/Documents/syself/cluster-api-provider-hetzner/vendor/github.com/hetznercloud/hcloud-go/v2/hcloud/placement_group.go:112 +0xX\ngithub.com/hetznercloud/hcloud-go/v2/hcloud.(*PlacementGroupClient).AllWithOpts.func1(0xX?)\n\t/home/janiskemper/Documents/syself/cluster-api-provider-hetzner/vendor/github.com/hetznercloud/hcloud-go/v2/hcloud/placement_group.go:140 +0xX\ngithub.com/hetznercloud/hcloud-go/v2/hcloud.(*Client).all(0xX?, 0xX)\n\t/home/janiskemper/Documents/syself/cluster-api-provider-hetzner/vendor/github.com/hetznercloud/hcloud-go/v2/hcloud/client.go:323 +0xX\ngithub.com/hetznercloud/hcloud-go/v2/hcloud.(*PlacementGroupClient).AllWithOpts(0xX?, {0xX?, 0xX?}, {{0xX, 0xX, {0xX, 0xX}}, {0xX, 0xX}, {0xX, ...}, ...})\n\t/home/janiskemper/Documents/syself/cluster-api-provider-hetzner/vendor/github.com/hetznercloud/hcloud-go/v2/hcloud/placement_group.go:138 +0xX\ngithub.com/syself/cluster-api-provider-hetzner/pkg/services/hcloud/client.(*realClient).ListPlacementGroups(0xX?, {0xX?, 0xX?}, {{0xX, 0xX, {0xX, 0xX}}, {0xX, 0xX}, {0xX, ...}, ...})\n\t/home/janiskemper/Documents/syself/cluster-api-provider-hetzner/pkg/services/hcloud/client/client.go:320 +0xX\ngithub.com/syself/cluster-api-provider-hetzner/pkg/services/hcloud/placementgroup.(*Service).findPlacementGroups(0xX, {0xX, 0xX})\n\t/home/janiskemper/Documents/syself/cluster-api-provider-hetzner/pkg/services/hcloud/placementgroup/placementgroup.go:165 +0xX\ngithub.com/syself/cluster-api-provider-hetzner/pkg/services/hcloud/placementgroup.(*Service).Reconcile(0xX, {0xX, 0xX})\n\t/home/janiskemper/Documents/syself/cluster-api-provider-hetzner/pkg/services/hcloud/placementgroup/placementgroup.go:64 +0xX\ngithub.com/syself/cluster-api-provider-hetzner/controllers.(*HetznerClusterReconciler).reconcileNormal(0xX?, {0xX, 0xX}, 0xX)\n\t/home/janiskemper/Documents/syself/cluster-api-provider-hetzner/controllers/hetznercluster_controller.go:228 +0xX\ngithub.com/syself/cluster-api-provider-hetzner/controllers.(*HetznerClusterReconciler).Reconcile(0xX, {0xX, 0xX}, {{{0xX?, 0xX?}, {0xX?, 0xX?}}})\n\t/home/janiskemper/Documents/syself/cluster-api-provider-hetzner/controllers/hetznercluster_controller.go:172 +0xX\nsigs.k8s.io/controller-runtime/pkg/internal/controller.(*Controller).Reconcile(0xX?, {0xX?, 0xX?}, {{{0xX?, 0xX?}, {0xX?, 0xX?}}})\n\t/home/janiskemper/Documents/syself/cluster-api-provider-hetzner/vendor/sigs.k8s.io/controller-runtime/pkg/internal/controller/controller.go:119 +0xX\nsigs.k8s.io/controller-runtime/pkg/internal/controller.(*Controller).reconcileHandler(0xX, {0xX, 0xX}, {0xX?, 0xX?})\n\t/home/janiskemper/Documents/syself/cluster-api-provider-hetzner/vendor/sigs.k8s.io/controller-runtime/pkg/internal/controller/controller.go:316 +0xX\nsigs.k8s.io/controller-runtime/pkg/internal/controller.(*Controller).processNextWorkItem(0xX, {0xX, 0xX})\n\t/home/janiskemper/Documents/syself/cluster-api-provider-hetzner/vendor/sigs.k8s.io/controller-runtime/pkg/internal/controller/controller.go:266 +0xX\nsigs.k8s.io/controller-runtime/pkg/internal/controller.(*Controller).Start.func2.2()\n\t/home/janiskemper/Documents/syself/cluster-api-provider-hetzner/vendor/sigs.k8s.io/controller-runtime/pkg/internal/controller/controller.go:227 +0xX\ncreated by sigs.k8s.io/controller-runtime/pkg/internal/controller.(*Controller).Start.func2 in goroutine 152\n\t/home/janiskemper/Documents/syself/cluster-api-provider-hetzner/vendor/sigs.k8s.io/controller-runtime/pkg/internal/controller/controller.go:223 +0xX\n"}
{"level":"INFO","time":"2024-06-11T11:14:47.391Z","logger":"hcloud-api","file":"client/client.go:102","message":"hcloud API called","controller":"hcloudmachine","controllerGroup":"infrastructure.cluster.x-k8s.io","controllerKind":"HCloudMachine","HCloudMachine":{"name":"testing-md-0-gsd7r-d5fd8","namespace":"default"},"namespace":"default","name":"testing-md-0-gsd7r-d5fd8","reconcileID":"e0859eb1-b9b9-40a5-b747-6efcb92b6501","HCloudMachine":{"name":"testing-md-0-gsd7r-d5fd8","namespace":"default"},"Machine":{"name":"testing-md-0-gsd7r-d5fd8","namespace":"default"},"Cluster":{"name":"testing","namespace":"default"},"HetznerCluster":{"name":"testing","namespace":"default"},"statusCode":200,"method":"GET","url":"https://api.hetzner.cloud/v1/servers/48678575","hcloud_token":"xu9pK...","stack":"goroutine 463 [running]:\nruntime/debug.Stack()\n\t/usr/lib/golang/src/runtime/debug/stack.go:24 +0xX\ngithub.com/syself/cluster-api-provider-hetzner/pkg/services/hcloud/client.(*LoggingTransport).RoundTrip(0xX, 0xX)\n\t/home/janiskemper/Documents/syself/cluster-api-provider-hetzner/pkg/services/hcloud/client/client.go:93 +0xX\nnet/http.send(0xX, {0xX, 0xX}, {0xX?, 0xX?, 0xX?})\n\t/usr/lib/golang/src/net/http/client.go:260 +0xX\nnet/http.(*Client).send(0xX, 0xX, {0xX?, 0xX?, 0xX?})\n\t/usr/lib/golang/src/net/http/client.go:181 +0xX\nnet/http.(*Client).do(0xX, 0xX)\n\t/usr/lib/golang/src/net/http/client.go:724 +0xX\nnet/http.(*Client).Do(...)\n\t/usr/lib/golang/src/net/http/client.go:590\ngithub.com/hetznercloud/hcloud-go/v2/hcloud.(*Client).Do(0xX, 0xX, {0xX, 0xX})\n\t/home/janiskemper/Documents/syself/cluster-api-provider-hetzner/vendor/github.com/hetznercloud/hcloud-go/v2/hcloud/client.go:266 +0xX\ngithub.com/hetznercloud/hcloud-go/v2/hcloud.(*ServerClient).GetByID(0xX, {0xX, 0xX}, 0xX?)\n\t/home/janiskemper/Documents/syself/cluster-api-provider-hetzner/vendor/github.com/hetznercloud/hcloud-go/v2/hcloud/server.go:207 +0xX\ngithub.com/syself/cluster-api-provider-hetzner/pkg/services/hcloud/client.(*realClient).GetServer(0xX?, {0xX?, 0xX?}, 0xX?)\n\t/home/janiskemper/Documents/syself/cluster-api-provider-hetzner/pkg/services/hcloud/client/client.go:246 +0xX\ngithub.com/syself/cluster-api-provider-hetzner/pkg/services/hcloud/server.(*Service).findServer(0xX, {0xX, 0xX})\n\t/home/janiskemper/Documents/syself/cluster-api-provider-hetzner/pkg/services/hcloud/server/server.go:678 +0xX\ngithub.com/syself/cluster-api-provider-hetzner/pkg/services/hcloud/server.(*Service).Reconcile(0xX, {0xX, 0xX})\n\t/home/janiskemper/Documents/syself/cluster-api-provider-hetzner/pkg/services/hcloud/server/server.go:95 +0xX\ngithub.com/syself/cluster-api-provider-hetzner/controllers.(*HCloudMachineReconciler).reconcileNormal(0xX?, {0xX, 0xX}, 0xX)\n\t/home/janiskemper/Documents/syself/cluster-api-provider-hetzner/controllers/hcloudmachine_controller.go:208 +0xX\ngithub.com/syself/cluster-api-provider-hetzner/controllers.(*HCloudMachineReconciler).Reconcile(0xX, {0xX, 0xX}, {{{0xX?, 0xX?}, {0xX?, 0xX?}}})\n\t/home/janiskemper/Documents/syself/cluster-api-provider-hetzner/controllers/hcloudmachine_controller.go:175 +0xX\nsigs.k8s.io/controller-runtime/pkg/internal/controller.(*Controller).Reconcile(0xX?, {0xX?, 0xX?}, {{{0xX?, 0xX?}, {0xX?, 0xX?}}})\n\t/home/janiskemper/Documents/syself/cluster-api-provider-hetzner/vendor/sigs.k8s.io/controller-runtime/pkg/internal/controller/controller.go:119 +0xX\nsigs.k8s.io/controller-runtime/pkg/internal/controller.(*Controller).reconcileHandler(0xX, {0xX, 0xX}, {0xX?, 0xX?})\n\t/home/janiskemper/Documents/syself/cluster-api-provider-hetzner/vendor/sigs.k8s.io/controller-runtime/pkg/internal/controller/controller.go:316 +0xX\nsigs.k8s.io/controller-runtime/pkg/internal/controller.(*Controller).processNextWorkItem(0xX, {0xX, 0xX})\n\t/home/janiskemper/Documents/syself/cluster-api-provider-hetzner/vendor/sigs.k8s.io/controller-runtime/pkg/internal/controller/controller.go:266 +0xX\nsigs.k8s.io/controller-runtime/pkg/internal/controller.(*Controller).Start.func2.2()\n\t/home/janiskemper/Documents/syself/cluster-api-provider-hetzner/vendor/sigs.k8s.io/controller-runtime/pkg/internal/controller/controller.go:227 +0xX\ncreated by sigs.k8s.io/controller-runtime/pkg/internal/controller.(*Controller).Start.func2 in goroutine 46\n\t/home/janiskemper/Documents/syself/cluster-api-provider-hetzner/vendor/sigs.k8s.io/controller-runtime/pkg/internal/controller/controller.go:223 +0xX\n"}
{"level":"INFO","time":"2024-06-11T11:14:47.631Z","logger":"hcloud-api","file":"client/client.go:102","message":"hcloud API called","controller":"hcloudmachine","controllerGroup":"infrastructure.cluster.x-k8s.io","controllerKind":"HCloudMachine","HCloudMachine":{"name":"testing-md-0-gsd7r-rr28f","namespace":"default"},"namespace":"default","name":"testing-md-0-gsd7r-rr28f","reconcileID":"6ccef7fa-7ecc-4576-b108-e28cdaf645e3","HCloudMachine":{"name":"testing-md-0-gsd7r-rr28f","namespace":"default"},"Machine":{"name":"testing-md-0-gsd7r-rr28f","namespace":"default"},"Cluster":{"name":"testing","namespace":"default"},"HetznerCluster":{"name":"testing","namespace":"default"},"statusCode":200,"method":"GET","url":"https://api.hetzner.cloud/v1/servers/48678623","hcloud_token":"xu9pK...","stack":"goroutine 463 [running]:\nruntime/debug.Stack()\n\t/usr/lib/golang/src/runtime/debug/stack.go:24 +0xX\ngithub.com/syself/cluster-api-provider-hetzner/pkg/services/hcloud/client.(*LoggingTransport).RoundTrip(0xX, 0xX)\n\t/home/janiskemper/Documents/syself/cluster-api-provider-hetzner/pkg/services/hcloud/client/client.go:93 +0xX\nnet/http.send(0xX, {0xX, 0xX}, {0xX?, 0xX?, 0xX?})\n\t/usr/lib/golang/src/net/http/client.go:260 +0xX\nnet/http.(*Client).send(0xX, 0xX, {0xX?, 0xX?, 0xX?})\n\t/usr/lib/golang/src/net/http/client.go:181 +0xX\nnet/http.(*Client).do(0xX, 0xX)\n\t/usr/lib/golang/src/net/http/client.go:724 +0xX\nnet/http.(*Client).Do(...)\n\t/usr/lib/golang/src/net/http/client.go:590\ngithub.com/hetznercloud/hcloud-go/v2/hcloud.(*Client).Do(0xX, 0xX, {0xX, 0xX})\n\t/home/janiskemper/Documents/syself/cluster-api-provider-hetzner/vendor/github.com/hetznercloud/hcloud-go/v2/hcloud/client.go:266 +0xX\ngithub.com/hetznercloud/hcloud-go/v2/hcloud.(*ServerClient).GetByID(0xX, {0xX, 0xX}, 0xX?)\n\t/home/janiskemper/Documents/syself/cluster-api-provider-hetzner/vendor/github.com/hetznercloud/hcloud-go/v2/hcloud/server.go:207 +0xX\ngithub.com/syself/cluster-api-provider-hetzner/pkg/services/hcloud/client.(*realClient).GetServer(0xX?, {0xX?, 0xX?}, 0xX?)\n\t/home/janiskemper/Documents/syself/cluster-api-provider-hetzner/pkg/services/hcloud/client/client.go:246 +0xX\ngithub.com/syself/cluster-api-provider-hetzner/pkg/services/hcloud/server.(*Service).findServer(0xX, {0xX, 0xX})\n\t/home/janiskemper/Documents/syself/cluster-api-provider-hetzner/pkg/services/hcloud/server/server.go:678 +0xX\ngithub.com/syself/cluster-api-provider-hetzner/pkg/services/hcloud/server.(*Service).Reconcile(0xX, {0xX, 0xX})\n\t/home/janiskemper/Documents/syself/cluster-api-provider-hetzner/pkg/services/hcloud/server/server.go:95 +0xX\ngithub.com/syself/cluster-api-provider-hetzner/controllers.(*HCloudMachineReconciler).reconcileNormal(0xX?, {0xX, 0xX}, 0xX)\n\t/home/janiskemper/Documents/syself/cluster-api-provider-hetzner/controllers/hcloudmachine_controller.go:208 +0xX\ngithub.com/syself/cluster-api-provider-hetzner/controllers.(*HCloudMachineReconciler).Reconcile(0xX, {0xX, 0xX}, {{{0xX?, 0xX?}, {0xX?, 0xX?}}})\n\t/home/janiskemper/Documents/syself/cluster-api-provider-hetzner/controllers/hcloudmachine_controller.go:175 +0xX\nsigs.k8s.io/controller-runtime/pkg/internal/controller.(*Controller).Reconcile(0xX?, {0xX?, 0xX?}, {{{0xX?, 0xX?}, {0xX?, 0xX?}}})\n\t/home/janiskemper/Documents/syself/cluster-api-provider-hetzner/vendor/sigs.k8s.io/controller-runtime/pkg/internal/controller/controller.go:119 +0xX\nsigs.k8s.io/controller-runtime/pkg/internal/controller.(*Controller).reconcileHandler(0xX, {0xX, 0xX}, {0xX?, 0xX?})\n\t/home/janiskemper/Documents/syself/cluster-api-provider-hetzner/vendor/sigs.k8s.io/controller-runtime/pkg/internal/controller/controller.go:316 +0xX\nsigs.k8s.io/controller-runtime/pkg/internal/controller.(*Controller).processNextWorkItem(0xX, {0xX, 0xX})\n\t/home/janiskemper/Documents/syself/cluster-api-provider-hetzner/vendor/sigs.k8s.io/controller-runtime/pkg/internal/controller/controller.go:266 +0xX\nsigs.k8s.io/controller-runtime/pkg/internal/controller.(*Controller).Start.func2.2()\n\t/home/janiskemper/Documents/syself/cluster-api-provider-hetzner/vendor/sigs.k8s.io/controller-runtime/pkg/internal/controller/controller.go:227 +0xX\ncreated by sigs.k8s.io/controller-runtime/pkg/internal/controller.(*Controller).Start.func2 in goroutine 46\n\t/home/janiskemper/Documents/syself/cluster-api-provider-hetzner/vendor/sigs.k8s.io/controller-runtime/pkg/internal/controller/controller.go:223 +0xX\n"}
{"level":"INFO","time":"2024-06-11T11:14:47.814Z","logger":"hcloud-api","file":"client/client.go:102","message":"hcloud API called","controller":"hcloudmachine","controllerGroup":"infrastructure.cluster.x-k8s.io","controllerKind":"HCloudMachine","HCloudMachine":{"name":"testing-md-0-gsd7r-s4p9d","namespace":"default"},"namespace":"default","name":"testing-md-0-gsd7r-s4p9d","reconcileID":"a036a71e-b7bb-4d21-b084-364d8a3b4843","HCloudMachine":{"name":"testing-md-0-gsd7r-s4p9d","namespace":"default"},"Machine":{"name":"testing-md-0-gsd7r-s4p9d","namespace":"default"},"Cluster":{"name":"testing","namespace":"default"},"HetznerCluster":{"name":"testing","namespace":"default"},"statusCode":200,"method":"GET","url":"https://api.hetzner.cloud/v1/servers/48678624","hcloud_token":"xu9pK...","stack":"goroutine 463 [running]:\nruntime/debug.Stack()\n\t/usr/lib/golang/src/runtime/debug/stack.go:24 +0xX\ngithub.com/syself/cluster-api-provider-hetzner/pkg/services/hcloud/client.(*LoggingTransport).RoundTrip(0xX, 0xX)\n\t/home/janiskemper/Documents/syself/cluster-api-provider-hetzner/pkg/services/hcloud/client/client.go:93 +0xX\nnet/http.send(0xX, {0xX, 0xX}, {0xX?, 0xX?, 0xX?})\n\t/usr/lib/golang/src/net/http/client.go:260 +0xX\nnet/http.(*Client).send(0xX, 0xX, {0xX?, 0xX?, 0xX?})\n\t/usr/lib/golang/src/net/http/client.go:181 +0xX\nnet/http.(*Client).do(0xX, 0xX)\n\t/usr/lib/golang/src/net/http/client.go:724 +0xX\nnet/http.(*Client).Do(...)\n\t/usr/lib/golang/src/net/http/client.go:590\ngithub.com/hetznercloud/hcloud-go/v2/hcloud.(*Client).Do(0xX, 0xX, {0xX, 0xX})\n\t/home/janiskemper/Documents/syself/cluster-api-provider-hetzner/vendor/github.com/hetznercloud/hcloud-go/v2/hcloud/client.go:266 +0xX\ngithub.com/hetznercloud/hcloud-go/v2/hcloud.(*ServerClient).GetByID(0xX, {0xX, 0xX}, 0xX?)\n\t/home/janiskemper/Documents/syself/cluster-api-provider-hetzner/vendor/github.com/hetznercloud/hcloud-go/v2/hcloud/server.go:207 +0xX\ngithub.com/syself/cluster-api-provider-hetzner/pkg/services/hcloud/client.(*realClient).GetServer(0xX?, {0xX?, 0xX?}, 0xX?)\n\t/home/janiskemper/Documents/syself/cluster-api-provider-hetzner/pkg/services/hcloud/client/client.go:246 +0xX\ngithub.com/syself/cluster-api-provider-hetzner/pkg/services/hcloud/server.(*Service).findServer(0xX, {0xX, 0xX})\n\t/home/janiskemper/Documents/syself/cluster-api-provider-hetzner/pkg/services/hcloud/server/server.go:678 +0xX\ngithub.com/syself/cluster-api-provider-hetzner/pkg/services/hcloud/server.(*Service).Reconcile(0xX, {0xX, 0xX})\n\t/home/janiskemper/Documents/syself/cluster-api-provider-hetzner/pkg/services/hcloud/server/server.go:95 +0xX\ngithub.com/syself/cluster-api-provider-hetzner/controllers.(*HCloudMachineReconciler).reconcileNormal(0xX?, {0xX, 0xX}, 0xX)\n\t/home/janiskemper/Documents/syself/cluster-api-provider-hetzner/controllers/hcloudmachine_controller.go:208 +0xX\ngithub.com/syself/cluster-api-provider-hetzner/controllers.(*HCloudMachineReconciler).Reconcile(0xX, {0xX, 0xX}, {{{0xX?, 0xX?}, {0xX?, 0xX?}}})\n\t/home/janiskemper/Documents/syself/cluster-api-provider-hetzner/controllers/hcloudmachine_controller.go:175 +0xX\nsigs.k8s.io/controller-runtime/pkg/internal/controller.(*Controller).Reconcile(0xX?, {0xX?, 0xX?}, {{{0xX?, 0xX?}, {0xX?, 0xX?}}})\n\t/home/janiskemper/Documents/syself/cluster-api-provider-hetzner/vendor/sigs.k8s.io/controller-runtime/pkg/internal/controller/controller.go:119 +0xX\nsigs.k8s.io/controller-runtime/pkg/internal/controller.(*Controller).reconcileHandler(0xX, {0xX, 0xX}, {0xX?, 0xX?})\n\t/home/janiskemper/Documents/syself/cluster-api-provider-hetzner/vendor/sigs.k8s.io/controller-runtime/pkg/internal/controller/controller.go:316 +0xX\nsigs.k8s.io/controller-runtime/pkg/internal/controller.(*Controller).processNextWorkItem(0xX, {0xX, 0xX})\n\t/home/janiskemper/Documents/syself/cluster-api-provider-hetzner/vendor/sigs.k8s.io/controller-runtime/pkg/internal/controller/controller.go:266 +0xX\nsigs.k8s.io/controller-runtime/pkg/internal/controller.(*Controller).Start.func2.2()\n\t/home/janiskemper/Documents/syself/cluster-api-provider-hetzner/vendor/sigs.k8s.io/controller-runtime/pkg/internal/controller/controller.go:227 +0xX\ncreated by sigs.k8s.io/controller-runtime/pkg/internal/controller.(*Controller).Start.func2 in goroutine 46\n\t/home/janiskemper/Documents/syself/cluster-api-provider-hetzner/vendor/sigs.k8s.io/controller-runtime/pkg/internal/controller/controller.go:223 +0xX\n"}
{"level":"INFO","time":"2024-06-11T11:14:48.153Z","logger":"hcloud-api","file":"client/client.go:102","message":"hcloud API called","controller":"hcloudmachine","controllerGroup":"infrastructure.cluster.x-k8s.io","controllerKind":"HCloudMachine","HCloudMachine":{"name":"testing-control-plane-svc5p","namespace":"default"},"namespace":"default","name":"testing-control-plane-svc5p","reconcileID":"e2f9e306-e661-4661-89c5-e1773f11586e","HCloudMachine":{"name":"testing-control-plane-svc5p","namespace":"default"},"Machine":{"name":"testing-control-plane-svc5p","namespace":"default"},"Cluster":{"name":"testing","namespace":"default"},"HetznerCluster":{"name":"testing","namespace":"default"},"statusCode":200,"method":"GET","url":"https://api.hetzner.cloud/v1/servers/48678441","hcloud_token":"xu9pK...","stack":"goroutine 463 [running]:\nruntime/debug.Stack()\n\t/usr/lib/golang/src/runtime/debug/stack.go:24 +0xX\ngithub.com/syself/cluster-api-provider-hetzner/pkg/services/hcloud/client.(*LoggingTransport).RoundTrip(0xX, 0xX)\n\t/home/janiskemper/Documents/syself/cluster-api-provider-hetzner/pkg/services/hcloud/client/client.go:93 +0xX\nnet/http.send(0xX, {0xX, 0xX}, {0xX?, 0xX?, 0xX?})\n\t/usr/lib/golang/src/net/http/client.go:260 +0xX\nnet/http.(*Client).send(0xX, 0xX, {0xX?, 0xX?, 0xX?})\n\t/usr/lib/golang/src/net/http/client.go:181 +0xX\nnet/http.(*Client).do(0xX, 0xX)\n\t/usr/lib/golang/src/net/http/client.go:724 +0xX\nnet/http.(*Client).Do(...)\n\t/usr/lib/golang/src/net/http/client.go:590\ngithub.com/hetznercloud/hcloud-go/v2/hcloud.(*Client).Do(0xX, 0xX, {0xX, 0xX})\n\t/home/janiskemper/Documents/syself/cluster-api-provider-hetzner/vendor/github.com/hetznercloud/hcloud-go/v2/hcloud/client.go:266 +0xX\ngithub.com/hetznercloud/hcloud-go/v2/hcloud.(*ServerClient).GetByID(0xX, {0xX, 0xX}, 0xX?)\n\t/home/janiskemper/Documents/syself/cluster-api-provider-hetzner/vendor/github.com/hetznercloud/hcloud-go/v2/hcloud/server.go:207 +0xX\ngithub.com/syself/cluster-api-provider-hetzner/pkg/services/hcloud/client.(*realClient).GetServer(0xX?, {0xX?, 0xX?}, 0xX?)\n\t/home/janiskemper/Documents/syself/cluster-api-provider-hetzner/pkg/services/hcloud/client/client.go:246 +0xX\ngithub.com/syself/cluster-api-provider-hetzner/pkg/services/hcloud/server.(*Service).findServer(0xX, {0xX, 0xX})\n\t/home/janiskemper/Documents/syself/cluster-api-provider-hetzner/pkg/services/hcloud/server/server.go:678 +0xX\ngithub.com/syself/cluster-api-provider-hetzner/pkg/services/hcloud/server.(*Service).Reconcile(0xX, {0xX, 0xX})\n\t/home/janiskemper/Documents/syself/cluster-api-provider-hetzner/pkg/services/hcloud/server/server.go:95 +0xX\ngithub.com/syself/cluster-api-provider-hetzner/controllers.(*HCloudMachineReconciler).reconcileNormal(0xX?, {0xX, 0xX}, 0xX)\n\t/home/janiskemper/Documents/syself/cluster-api-provider-hetzner/controllers/hcloudmachine_controller.go:208 +0xX\ngithub.com/syself/cluster-api-provider-hetzner/controllers.(*HCloudMachineReconciler).Reconcile(0xX, {0xX, 0xX}, {{{0xX?, 0xX?}, {0xX?, 0xX?}}})\n\t/home/janiskemper/Documents/syself/cluster-api-provider-hetzner/controllers/hcloudmachine_controller.go:175 +0xX\nsigs.k8s.io/controller-runtime/pkg/internal/controller.(*Controller).Reconcile(0xX?, {0xX?, 0xX?}, {{{0xX?, 0xX?}, {0xX?, 0xX?}}})\n\t/home/janiskemper/Documents/syself/cluster-api-provider-hetzner/vendor/sigs.k8s.io/controller-runtime/pkg/internal/controller/controller.go:119 +0xX\nsigs.k8s.io/controller-runtime/pkg/internal/controller.(*Controller).reconcileHandler(0xX, {0xX, 0xX}, {0xX?, 0xX?})\n\t/home/janiskemper/Documents/syself/cluster-api-provider-hetzner/vendor/sigs.k8s.io/controller-runtime/pkg/internal/controller/controller.go:316 +0xX\nsigs.k8s.io/controller-runtime/pkg/internal/controller.(*Controller).processNextWorkItem(0xX, {0xX, 0xX})\n\t/home/janiskemper/Documents/syself/cluster-api-provider-hetzner/vendor/sigs.k8s.io/controller-runtime/pkg/internal/controller/controller.go:266 +0xX\nsigs.k8s.io/controller-runtime/pkg/internal/controller.(*Controller).Start.func2.2()\n\t/home/janiskemper/Documents/syself/cluster-api-provider-hetzner/vendor/sigs.k8s.io/controller-runtime/pkg/internal/controller/controller.go:227 +0xX\ncreated by sigs.k8s.io/controller-runtime/pkg/internal/controller.(*Controller).Start.func2 in goroutine 46\n\t/home/janiskemper/Documents/syself/cluster-api-provider-hetzner/vendor/sigs.k8s.io/controller-runtime/pkg/internal/controller/controller.go:223 +0xX\n"}
{"level":"INFO","time":"2024-06-11T11:14:48.693Z","logger":"hcloud-api","file":"client/client.go:102","message":"hcloud API called","controller":"hcloudmachine","controllerGroup":"infrastructure.cluster.x-k8s.io","controllerKind":"HCloudMachine","HCloudMachine":{"name":"testing-control-plane-cfvjj","namespace":"default"},"namespace":"default","name":"testing-control-plane-cfvjj","reconcileID":"09a08c1d-be9c-43e0-a2e4-27fb3a0a44f8","HCloudMachine":{"name":"testing-control-plane-cfvjj","namespace":"default"},"Machine":{"name":"testing-control-plane-cfvjj","namespace":"default"},"Cluster":{"name":"testing","namespace":"default"},"HetznerCluster":{"name":"testing","namespace":"default"},"statusCode":200,"method":"GET","url":"https://api.hetzner.cloud/v1/servers/48678576","hcloud_token":"xu9pK...","stack":"goroutine 463 [running]:\nruntime/debug.Stack()\n\t/usr/lib/golang/src/runtime/debug/stack.go:24 +0xX\ngithub.com/syself/cluster-api-provider-hetzner/pkg/services/hcloud/client.(*LoggingTransport).RoundTrip(0xX, 0xX)\n\t/home/janiskemper/Documents/syself/cluster-api-provider-hetzner/pkg/services/hcloud/client/client.go:93 +0xX\nnet/http.send(0xX, {0xX, 0xX}, {0xX?, 0xX?, 0xX?})\n\t/usr/lib/golang/src/net/http/client.go:260 +0xX\nnet/http.(*Client).send(0xX, 0xX, {0xX?, 0xX?, 0xX?})\n\t/usr/lib/golang/src/net/http/client.go:181 +0xX\nnet/http.(*Client).do(0xX, 0xX)\n\t/usr/lib/golang/src/net/http/client.go:724 +0xX\nnet/http.(*Client).Do(...)\n\t/usr/lib/golang/src/net/http/client.go:590\ngithub.com/hetznercloud/hcloud-go/v2/hcloud.(*Client).Do(0xX, 0xX, {0xX, 0xX})\n\t/home/janiskemper/Documents/syself/cluster-api-provider-hetzner/vendor/github.com/hetznercloud/hcloud-go/v2/hcloud/client.go:266 +0xX\ngithub.com/hetznercloud/hcloud-go/v2/hcloud.(*ServerClient).GetByID(0xX, {0xX, 0xX}, 0xX?)\n\t/home/janiskemper/Documents/syself/cluster-api-provider-hetzner/vendor/github.com/hetznercloud/hcloud-go/v2/hcloud/server.go:207 +0xX\ngithub.com/syself/cluster-api-provider-hetzner/pkg/services/hcloud/client.(*realClient).GetServer(0xX?, {0xX?, 0xX?}, 0xX?)\n\t/home/janiskemper/Documents/syself/cluster-api-provider-hetzner/pkg/services/hcloud/client/client.go:246 +0xX\ngithub.com/syself/cluster-api-provider-hetzner/pkg/services/hcloud/server.(*Service).findServer(0xX, {0xX, 0xX})\n\t/home/janiskemper/Documents/syself/cluster-api-provider-hetzner/pkg/services/hcloud/server/server.go:678 +0xX\ngithub.com/syself/cluster-api-provider-hetzner/pkg/services/hcloud/server.(*Service).Reconcile(0xX, {0xX, 0xX})\n\t/home/janiskemper/Documents/syself/cluster-api-provider-hetzner/pkg/services/hcloud/server/server.go:95 +0xX\ngithub.com/syself/cluster-api-provider-hetzner/controllers.(*HCloudMachineReconciler).reconcileNormal(0xX?, {0xX, 0xX}, 0xX)\n\t/home/janiskemper/Documents/syself/cluster-api-provider-hetzner/controllers/hcloudmachine_controller.go:208 +0xX\ngithub.com/syself/cluster-api-provider-hetzner/controllers.(*HCloudMachineReconciler).Reconcile(0xX, {0xX, 0xX}, {{{0xX?, 0xX?}, {0xX?, 0xX?}}})\n\t/home/janiskemper/Documents/syself/cluster-api-provider-hetzner/controllers/hcloudmachine_controller.go:175 +0xX\nsigs.k8s.io/controller-runtime/pkg/internal/controller.(*Controller).Reconcile(0xX?, {0xX?, 0xX?}, {{{0xX?, 0xX?}, {0xX?, 0xX?}}})\n\t/home/janiskemper/Documents/syself/cluster-api-provider-hetzner/vendor/sigs.k8s.io/controller-runtime/pkg/internal/controller/controller.go:119 +0xX\nsigs.k8s.io/controller-runtime/pkg/internal/controller.(*Controller).reconcileHandler(0xX, {0xX, 0xX}, {0xX?, 0xX?})\n\t/home/janiskemper/Documents/syself/cluster-api-provider-hetzner/vendor/sigs.k8s.io/controller-runtime/pkg/internal/controller/controller.go:316 +0xX\nsigs.k8s.io/controller-runtime/pkg/internal/controller.(*Controller).processNextWorkItem(0xX, {0xX, 0xX})\n\t/home/janiskemper/Documents/syself/cluster-api-provider-hetzner/vendor/sigs.k8s.io/controller-runtime/pkg/internal/controller/controller.go:266 +0xX\nsigs.k8s.io/controller-runtime/pkg/internal/controller.(*Controller).Start.func2.2()\n\t/home/janiskemper/Documents/syself/cluster-api-provider-hetzner/vendor/sigs.k8s.io/controller-runtime/pkg/internal/controller/controller.go:227 +0xX\ncreated by sigs.k8s.io/controller-runtime/pkg/internal/controller.(*Controller).Start.func2 in goroutine 46\n\t/home/janiskemper/Documents/syself/cluster-api-provider-hetzner/vendor/sigs.k8s.io/controller-runtime/pkg/internal/controller/controller.go:223 +0xX\n"}
{"level":"INFO","time":"2024-06-11T11:14:48.906Z","logger":"hcloud-api","file":"client/client.go:102","message":"hcloud API called","controller":"hcloudmachine","controllerGroup":"infrastructure.cluster.x-k8s.io","controllerKind":"HCloudMachine","HCloudMachine":{"name":"testing-control-plane-lqtn6","namespace":"default"},"namespace":"default","name":"testing-control-plane-lqtn6","reconcileID":"c1d40059-6c2f-485f-a00c-c0b766a6846e","HCloudMachine":{"name":"testing-control-plane-lqtn6","namespace":"default"},"Machine":{"name":"testing-control-plane-lqtn6","namespace":"default"},"Cluster":{"name":"testing","namespace":"default"},"HetznerCluster":{"name":"testing","namespace":"default"},"statusCode":200,"method":"GET","url":"https://api.hetzner.cloud/v1/servers/48678781","hcloud_token":"xu9pK...","stack":"goroutine 463 [running]:\nruntime/debug.Stack()\n\t/usr/lib/golang/src/runtime/debug/stack.go:24 +0xX\ngithub.com/syself/cluster-api-provider-hetzner/pkg/services/hcloud/client.(*LoggingTransport).RoundTrip(0xX, 0xX)\n\t/home/janiskemper/Documents/syself/cluster-api-provider-hetzner/pkg/services/hcloud/client/client.go:93 +0xX\nnet/http.send(0xX, {0xX, 0xX}, {0xX?, 0xX?, 0xX?})\n\t/usr/lib/golang/src/net/http/client.go:260 +0xX\nnet/http.(*Client).send(0xX, 0xX, {0xX?, 0xX?, 0xX?})\n\t/usr/lib/golang/src/net/http/client.go:181 +0xX\nnet/http.(*Client).do(0xX, 0xX)\n\t/usr/lib/golang/src/net/http/client.go:724 +0xX\nnet/http.(*Client).Do(...)\n\t/usr/lib/golang/src/net/http/client.go:590\ngithub.com/hetznercloud/hcloud-go/v2/hcloud.(*Client).Do(0xX, 0xX, {0xX, 0xX})\n\t/home/janiskemper/Documents/syself/cluster-api-provider-hetzner/vendor/github.com/hetznercloud/hcloud-go/v2/hcloud/client.go:266 +0xX\ngithub.com/hetznercloud/hcloud-go/v2/hcloud.(*ServerClient).GetByID(0xX, {0xX, 0xX}, 0xX?)\n\t/home/janiskemper/Documents/syself/cluster-api-provider-hetzner/vendor/github.com/hetznercloud/hcloud-go/v2/hcloud/server.go:207 +0xX\ngithub.com/syself/cluster-api-provider-hetzner/pkg/services/hcloud/client.(*realClient).GetServer(0xX?, {0xX?, 0xX?}, 0xX?)\n\t/home/janiskemper/Documents/syself/cluster-api-provider-hetzner/pkg/services/hcloud/client/client.go:246 +0xX\ngithub.com/syself/cluster-api-provider-hetzner/pkg/services/hcloud/server.(*Service).findServer(0xX, {0xX, 0xX})\n\t/home/janiskemper/Documents/syself/cluster-api-provider-hetzner/pkg/services/hcloud/server/server.go:678 +0xX\ngithub.com/syself/cluster-api-provider-hetzner/pkg/services/hcloud/server.(*Service).Reconcile(0xX, {0xX, 0xX})\n\t/home/janiskemper/Documents/syself/cluster-api-provider-hetzner/pkg/services/hcloud/server/server.go:95 +0xX\ngithub.com/syself/cluster-api-provider-hetzner/controllers.(*HCloudMachineReconciler).reconcileNormal(0xX?, {0xX, 0xX}, 0xX)\n\t/home/janiskemper/Documents/syself/cluster-api-provider-hetzner/controllers/hcloudmachine_controller.go:208 +0xX\ngithub.com/syself/cluster-api-provider-hetzner/controllers.(*HCloudMachineReconciler).Reconcile(0xX, {0xX, 0xX}, {{{0xX?, 0xX?}, {0xX?, 0xX?}}})\n\t/home/janiskemper/Documents/syself/cluster-api-provider-hetzner/controllers/hcloudmachine_controller.go:175 +0xX\nsigs.k8s.io/controller-runtime/pkg/internal/controller.(*Controller).Reconcile(0xX?, {0xX?, 0xX?}, {{{0xX?, 0xX?}, {0xX?, 0xX?}}})\n\t/home/janiskemper/Documents/syself/cluster-api-provider-hetzner/vendor/sigs.k8s.io/controller-runtime/pkg/internal/controller/controller.go:119 +0xX\nsigs.k8s.io/controller-runtime/pkg/internal/controller.(*Controller).reconcileHandler(0xX, {0xX, 0xX}, {0xX?, 0xX?})\n\t/home/janiskemper/Documents/syself/cluster-api-provider-hetzner/vendor/sigs.k8s.io/controller-runtime/pkg/internal/controller/controller.go:316 +0xX\nsigs.k8s.io/controller-runtime/pkg/internal/controller.(*Controller).processNextWorkItem(0xX, {0xX, 0xX})\n\t/home/janiskemper/Documents/syself/cluster-api-provider-hetzner/vendor/sigs.k8s.io/controller-runtime/pkg/internal/controller/controller.go:266 +0xX\nsigs.k8s.io/controller-runtime/pkg/internal/controller.(*Controller).Start.func2.2()\n\t/home/janiskemper/Documents/syself/cluster-api-provider-hetzner/vendor/sigs.k8s.io/controller-runtime/pkg/internal/controller/controller.go:227 +0xX\ncreated by sigs.k8s.io/controller-runtime/pkg/internal/controller.(*Controller).Start.func2 in goroutine 46\n\t/home/janiskemper/Documents/syself/cluster-api-provider-hetzner/vendor/sigs.k8s.io/controller-runtime/pkg/internal/controller/controller.go:223 +0xX\n"}
{"level":"INFO","time":"2024-06-11T11:15:02.219Z","logger":"hcloud-api","file":"client/client.go:102","message":"hcloud API called","controller":"hcloudmachinetemplate","controllerGroup":"infrastructure.cluster.x-k8s.io","controllerKind":"HCloudMachineTemplate","HCloudMachineTemplate":{"name":"testing-control-plane","namespace":"default"},"namespace":"default","name":"testing-control-plane","reconcileID":"d558f2b0-cb83-400b-865a-26ed91cd56df","HCloudMachineTemplate":{"name":"testing-control-plane","namespace":"default"},"Cluster":{"name":"testing","namespace":"default"},"HetznerCluster":{"name":"testing","namespace":"default"},"statusCode":200,"method":"GET","url":"https://api.hetzner.cloud/v1/server_types?page=1&per_page=50","hcloud_token":"xu9pK...","stack":"goroutine 456 [running]:\nruntime/debug.Stack()\n\t/usr/lib/golang/src/runtime/debug/stack.go:24 +0xX\ngithub.com/syself/cluster-api-provider-hetzner/pkg/services/hcloud/client.(*LoggingTransport).RoundTrip(0xX, 0xX)\n\t/home/janiskemper/Documents/syself/cluster-api-provider-hetzner/pkg/services/hcloud/client/client.go:93 +0xX\nnet/http.send(0xX, {0xX, 0xX}, {0xX?, 0xX?, 0xX?})\n\t/usr/lib/golang/src/net/http/client.go:260 +0xX\nnet/http.(*Client).send(0xX, 0xX, {0xX?, 0xX?, 0xX?})\n\t/usr/lib/golang/src/net/http/client.go:181 +0xX\nnet/http.(*Client).do(0xX, 0xX)\n\t/usr/lib/golang/src/net/http/client.go:724 +0xX\nnet/http.(*Client).Do(...)\n\t/usr/lib/golang/src/net/http/client.go:590\ngithub.com/hetznercloud/hcloud-go/v2/hcloud.(*Client).Do(0xX, 0xX, {0xX, 0xX})\n\t/home/janiskemper/Documents/syself/cluster-api-provider-hetzner/vendor/github.com/hetznercloud/hcloud-go/v2/hcloud/client.go:266 +0xX\ngithub.com/hetznercloud/hcloud-go/v2/hcloud.(*ServerTypeClient).List(0xX, {0xX, 0xX}, {{0xX, 0xX, {0xX, 0xX}}, {0xX, 0xX}, {0xX, ...}})\n\t/home/janiskemper/Documents/syself/cluster-api-provider-hetzner/vendor/github.com/hetznercloud/hcloud-go/v2/hcloud/server_type.go:125 +0xX\ngithub.com/hetznercloud/hcloud-go/v2/hcloud.(*ServerTypeClient).AllWithOpts.func1(0xX?)\n\t/home/janiskemper/Documents/syself/cluster-api-provider-hetzner/vendor/github.com/hetznercloud/hcloud-go/v2/hcloud/server_type.go:147 +0xX\ngithub.com/hetznercloud/hcloud-go/v2/hcloud.(*Client).all(0xX?, 0xX)\n\t/home/janiskemper/Documents/syself/cluster-api-provider-hetzner/vendor/github.com/hetznercloud/hcloud-go/v2/hcloud/client.go:323 +0xX\ngithub.com/hetznercloud/hcloud-go/v2/hcloud.(*ServerTypeClient).AllWithOpts(0xX?, {0xX?, 0xX?}, {{0xX, 0xX, {0xX, 0xX}}, {0xX, 0xX}, {0xX, ...}})\n\t/home/janiskemper/Documents/syself/cluster-api-provider-hetzner/vendor/github.com/hetznercloud/hcloud-go/v2/hcloud/server_type.go:145 +0xX\ngithub.com/hetznercloud/hcloud-go/v2/hcloud.(*ServerTypeClient).All(...)\n\t/home/janiskemper/Documents/syself/cluster-api-provider-hetzner/vendor/github.com/hetznercloud/hcloud-go/v2/hcloud/server_type.go:138\ngithub.com/syself/cluster-api-provider-hetzner/pkg/services/hcloud/client.(*realClient).ListServerTypes(0xX?, {0xX?, 0xX?})\n\t/home/janiskemper/Documents/syself/cluster-api-provider-hetzner/pkg/services/hcloud/client/client.go:254 +0xX\ngithub.com/syself/cluster-api-provider-hetzner/pkg/services/hcloud/machinetemplate.(*Service).getCapacity(0xX, {0xX, 0xX})\n\t/home/janiskemper/Documents/syself/cluster-api-provider-hetzner/pkg/services/hcloud/machinetemplate/machinetemplate.go:61 +0xX\ngithub.com/syself/cluster-api-provider-hetzner/pkg/services/hcloud/machinetemplate.(*Service).Reconcile(0xX, {0xX, 0xX})\n\t/home/janiskemper/Documents/syself/cluster-api-provider-hetzner/pkg/services/hcloud/machinetemplate/machinetemplate.go:49 +0xX\ngithub.com/syself/cluster-api-provider-hetzner/controllers.(*HCloudMachineTemplateReconciler).reconcile(0xX?, {0xX?, 0xX?}, 0xX?)\n\t/home/janiskemper/Documents/syself/cluster-api-provider-hetzner/controllers/hcloudmachinetemplate_controller.go:159 +0xX\ngithub.com/syself/cluster-api-provider-hetzner/controllers.(*HCloudMachineTemplateReconciler).Reconcile(0xX, {0xX, 0xX}, {{{0xX?, 0xX?}, {0xX?, 0xX?}}})\n\t/home/janiskemper/Documents/syself/cluster-api-provider-hetzner/controllers/hcloudmachinetemplate_controller.go:152 +0xX\nsigs.k8s.io/controller-runtime/pkg/internal/controller.(*Controller).Reconcile(0xX?, {0xX?, 0xX?}, {{{0xX?, 0xX?}, {0xX?, 0xX?}}})\n\t/home/janiskemper/Documents/syself/cluster-api-provider-hetzner/vendor/sigs.k8s.io/controller-runtime/pkg/internal/controller/controller.go:119 +0xX\nsigs.k8s.io/controller-runtime/pkg/internal/controller.(*Controller).reconcileHandler(0xX, {0xX, 0xX}, {0xX?, 0xX?})\n\t/home/janiskemper/Documents/syself/cluster-api-provider-hetzner/vendor/sigs.k8s.io/controller-runtime/pkg/internal/controller/controller.go:316 +0xX\nsigs.k8s.io/controller-runtime/pkg/internal/controller.(*Controller).processNextWorkItem(0xX, {0xX, 0xX})\n\t/home/janiskemper/Documents/syself/cluster-api-provider-hetzner/vendor/sigs.k8s.io/controller-runtime/pkg/internal/controller/controller.go:266 +0xX\nsigs.k8s.io/controller-runtime/pkg/internal/controller.(*Controller).Start.func2.2()\n\t/home/janiskemper/Documents/syself/cluster-api-provider-hetzner/vendor/sigs.k8s.io/controller-runtime/pkg/internal/controller/controller.go:227 +0xX\ncreated by sigs.k8s.io/controller-runtime/pkg/internal/controller.(*Controller).Start.func2 in goroutine 47\n\t/home/janiskemper/Documents/syself/cluster-api-provider-hetzner/vendor/sigs.k8s.io/controller-runtime/pkg/internal/controller/controller.go:223 +0xX\n"}
{"level":"INFO","time":"2024-06-11T11:15:03.030Z","logger":"hcloud-api","file":"client/client.go:102","message":"hcloud API called","controller":"hcloudmachinetemplate","controllerGroup":"infrastructure.cluster.x-k8s.io","controllerKind":"HCloudMachineTemplate","HCloudMachineTemplate":{"name":"testing-md-0","namespace":"default"},"namespace":"default","name":"testing-md-0","reconcileID":"88081ba6-b512-43cf-b816-873373771439","HCloudMachineTemplate":{"name":"testing-md-0","namespace":"default"},"Cluster":{"name":"testing","namespace":"default"},"HetznerCluster":{"name":"testing","namespace":"default"},"statusCode":200,"method":"GET","url":"https://api.hetzner.cloud/v1/server_types?page=1&per_page=50","hcloud_token":"xu9pK...","stack":"goroutine 456 [running]:\nruntime/debug.Stack()\n\t/usr/lib/golang/src/runtime/debug/stack.go:24 +0xX\ngithub.com/syself/cluster-api-provider-hetzner/pkg/services/hcloud/client.(*LoggingTransport).RoundTrip(0xX, 0xX)\n\t/home/janiskemper/Documents/syself/cluster-api-provider-hetzner/pkg/services/hcloud/client/client.go:93 +0xX\nnet/http.send(0xX, {0xX, 0xX}, {0xX?, 0xX?, 0xX?})\n\t/usr/lib/golang/src/net/http/client.go:260 +0xX\nnet/http.(*Client).send(0xX, 0xX, {0xX?, 0xX?, 0xX?})\n\t/usr/lib/golang/src/net/http/client.go:181 +0xX\nnet/http.(*Client).do(0xX, 0xX)\n\t/usr/lib/golang/src/net/http/client.go:724 +0xX\nnet/http.(*Client).Do(...)\n\t/usr/lib/golang/src/net/http/client.go:590\ngithub.com/hetznercloud/hcloud-go/v2/hcloud.(*Client).Do(0xX, 0xX, {0xX, 0xX})\n\t/home/janiskemper/Documents/syself/cluster-api-provider-hetzner/vendor/github.com/hetznercloud/hcloud-go/v2/hcloud/client.go:266 +0xX\ngithub.com/hetznercloud/hcloud-go/v2/hcloud.(*ServerTypeClient).List(0xX, {0xX, 0xX}, {{0xX, 0xX, {0xX, 0xX}}, {0xX, 0xX}, {0xX, ...}})\n\t/home/janiskemper/Documents/syself/cluster-api-provider-hetzner/vendor/github.com/hetznercloud/hcloud-go/v2/hcloud/server_type.go:125 +0xX\ngithub.com/hetznercloud/hcloud-go/v2/hcloud.(*ServerTypeClient).AllWithOpts.func1(0xX?)\n\t/home/janiskemper/Documents/syself/cluster-api-provider-hetzner/vendor/github.com/hetznercloud/hcloud-go/v2/hcloud/server_type.go:147 +0xX\ngithub.com/hetznercloud/hcloud-go/v2/hcloud.(*Client).all(0xX?, 0xX)\n\t/home/janiskemper/Documents/syself/cluster-api-provider-hetzner/vendor/github.com/hetznercloud/hcloud-go/v2/hcloud/client.go:323 +0xX\ngithub.com/hetznercloud/hcloud-go/v2/hcloud.(*ServerTypeClient).AllWithOpts(0xX?, {0xX?, 0xX?}, {{0xX, 0xX, {0xX, 0xX}}, {0xX, 0xX}, {0xX, ...}})\n\t/home/janiskemper/Documents/syself/cluster-api-provider-hetzner/vendor/github.com/hetznercloud/hcloud-go/v2/hcloud/server_type.go:145 +0xX\ngithub.com/hetznercloud/hcloud-go/v2/hcloud.(*ServerTypeClient).All(...)\n\t/home/janiskemper/Documents/syself/cluster-api-provider-hetzner/vendor/github.com/hetznercloud/hcloud-go/v2/hcloud/server_type.go:138\ngithub.com/syself/cluster-api-provider-hetzner/pkg/services/hcloud/client.(*realClient).ListServerTypes(0xX?, {0xX?, 0xX?})\n\t/home/janiskemper/Documents/syself/cluster-api-provider-hetzner/pkg/services/hcloud/client/client.go:254 +0xX\ngithub.com/syself/cluster-api-provider-hetzner/pkg/services/hcloud/machinetemplate.(*Service).getCapacity(0xX, {0xX, 0xX})\n\t/home/janiskemper/Documents/syself/cluster-api-provider-hetzner/pkg/services/hcloud/machinetemplate/machinetemplate.go:61 +0xX\ngithub.com/syself/cluster-api-provider-hetzner/pkg/services/hcloud/machinetemplate.(*Service).Reconcile(0xX, {0xX, 0xX})\n\t/home/janiskemper/Documents/syself/cluster-api-provider-hetzner/pkg/services/hcloud/machinetemplate/machinetemplate.go:49 +0xX\ngithub.com/syself/cluster-api-provider-hetzner/controllers.(*HCloudMachineTemplateReconciler).reconcile(0xX?, {0xX?, 0xX?}, 0xX?)\n\t/home/janiskemper/Documents/syself/cluster-api-provider-hetzner/controllers/hcloudmachinetemplate_controller.go:159 +0xX\ngithub.com/syself/cluster-api-provider-hetzner/controllers.(*HCloudMachineTemplateReconciler).Reconcile(0xX, {0xX, 0xX}, {{{0xX?, 0xX?}, {0xX?, 0xX?}}})\n\t/home/janiskemper/Documents/syself/cluster-api-provider-hetzner/controllers/hcloudmachinetemplate_controller.go:152 +0xX\nsigs.k8s.io/controller-runtime/pkg/internal/controller.(*Controller).Reconcile(0xX?, {0xX?, 0xX?}, {{{0xX?, 0xX?}, {0xX?, 0xX?}}})\n\t/home/janiskemper/Documents/syself/cluster-api-provider-hetzner/vendor/sigs.k8s.io/controller-runtime/pkg/internal/controller/controller.go:119 +0xX\nsigs.k8s.io/controller-runtime/pkg/internal/controller.(*Controller).reconcileHandler(0xX, {0xX, 0xX}, {0xX?, 0xX?})\n\t/home/janiskemper/Documents/syself/cluster-api-provider-hetzner/vendor/sigs.k8s.io/controller-runtime/pkg/internal/controller/controller.go:316 +0xX\nsigs.k8s.io/controller-runtime/pkg/internal/controller.(*Controller).processNextWorkItem(0xX, {0xX, 0xX})\n\t/home/janiskemper/Documents/syself/cluster-api-provider-hetzner/vendor/sigs.k8s.io/controller-runtime/pkg/internal/controller/controller.go:266 +0xX\nsigs.k8s.io/controller-runtime/pkg/internal/controller.(*Controller).Start.func2.2()\n\t/home/janiskemper/Documents/syself/cluster-api-provider-hetzner/vendor/sigs.k8s.io/controller-runtime/pkg/internal/controller/controller.go:227 +0xX\ncreated by sigs.k8s.io/controller-runtime/pkg/internal/controller.(*Controller).Start.func2 in goroutine 47\n\t/home/janiskemper/Documents/syself/cluster-api-provider-hetzner/vendor/sigs.k8s.io/controller-runtime/pkg/internal/controller/controller.go:223 +0xX\n"}
